Starting calculations for AP-WSe2/WSe2
      Step     Time          Energy         fmax
BFGS:    0 16:08:58   -13462.592593        0.0163
BFGS:    1 16:08:58   -13462.592613        0.0113
BFGS:    2 16:09:04   -13462.592634        0.0122
BFGS:    3 16:09:04   -13462.592651        0.0172
BFGS:    4 16:09:05   -13462.592721        0.0298
BFGS:    5 16:09:05   -13462.592838        0.0392
BFGS:    6 16:09:05   -13462.593053        0.0411
BFGS:    7 16:09:05   -13462.593301        0.0384
BFGS:    8 16:09:05   -13462.593490        0.0247
BFGS:    9 16:09:05   -13462.593579        0.0182
BFGS:   10 16:09:05   -13462.593616        0.0106
BFGS:   11 16:09:05   -13462.593627        0.0050
BFGS:   12 16:09:05   -13462.593629        0.0010
BFGS:   13 16:09:05   -13462.593629        0.0001
      Step     Time          Energy         fmax
BFGS:    0 16:09:05   -13462.627331        0.0373
BFGS:    1 16:09:05   -13462.627430        0.0168
BFGS:    2 16:09:05   -13462.627468        0.0094
BFGS:    3 16:09:05   -13462.627474        0.0074
BFGS:    4 16:09:05   -13462.627480        0.0033
BFGS:    5 16:09:05   -13462.627481        0.0030
BFGS:    6 16:09:05   -13462.627484        0.0052
BFGS:    7 16:09:05   -13462.627490        0.0087
BFGS:    8 16:09:05   -13462.627505        0.0134
BFGS:    9 16:09:05   -13462.627528        0.0158
BFGS:   10 16:09:05   -13462.627553        0.0119
BFGS:   11 16:09:05   -13462.627564        0.0043
BFGS:   12 16:09:05   -13462.627566        0.0005
MM' and 2H energies : -13462.593629004643 , -13462.627565902576
      Step     Time          Energy         fmax
BFGS:    0 16:09:11 -2504043.030013        0.4560
BFGS:    1 16:09:42 -2504043.462429        0.3020
BFGS:    2 16:10:13 -2504043.890971        0.1486
BFGS:    3 16:10:44 -2504043.929374        0.1238
BFGS:    4 16:11:15 -2504043.989198        0.0625
BFGS:    5 16:11:45 -2504043.995750        0.0585
BFGS:    6 16:12:17 -2504044.009543        0.0709
BFGS:    7 16:12:49 -2504044.022710        0.0671
BFGS:    8 16:13:20 -2504044.040683        0.0620
BFGS:    9 16:13:50 -2504044.055345        0.0584
BFGS:   10 16:14:20 -2504044.070196        0.0812
BFGS:   11 16:14:52 -2504044.090122        0.1014
BFGS:   12 16:15:24 -2504044.124288        0.1228
BFGS:   13 16:15:55 -2504044.174770        0.1436
BFGS:   14 16:16:28 -2504044.227121        0.1274
BFGS:   15 16:17:00 -2504044.258100        0.1012
BFGS:   16 16:17:31 -2504044.270457        0.0787
BFGS:   17 16:18:02 -2504044.277708        0.0719
BFGS:   18 16:18:34 -2504044.285287        0.0629
BFGS:   19 16:19:05 -2504044.293667        0.0596
BFGS:   20 16:19:37 -2504044.302064        0.0548
BFGS:   21 16:20:09 -2504044.309221        0.0520
BFGS:   22 16:20:40 -2504044.314844        0.0432
BFGS:   23 16:21:11 -2504044.319325        0.0369
BFGS:   24 16:21:43 -2504044.323067        0.0379
BFGS:   25 16:22:14 -2504044.326118        0.0322
BFGS:   26 16:22:45 -2504044.328549        0.0272
BFGS:   27 16:23:16 -2504044.330781        0.0314
BFGS:   28 16:23:47 -2504044.333341        0.0357
BFGS:   29 16:24:19 -2504044.336319        0.0298
BFGS:   30 16:24:50 -2504044.339137        0.0279
BFGS:   31 16:25:21 -2504044.341315        0.0280
BFGS:   32 16:25:53 -2504044.343134        0.0291
BFGS:   33 16:26:24 -2504044.345138        0.0315
BFGS:   34 16:26:55 -2504044.347490        0.0335
BFGS:   35 16:27:28 -2504044.349985        0.0312
BFGS:   36 16:28:00 -2504044.352589        0.0369
BFGS:   37 16:28:32 -2504044.355634        0.0395
BFGS:   38 16:29:04 -2504044.359221        0.0351
BFGS:   39 16:29:35 -2504044.362656        0.0339
BFGS:   40 16:30:06 -2504044.365372        0.0410
BFGS:   41 16:30:38 -2504044.367944        0.0433
BFGS:   42 16:31:10 -2504044.371639        0.0419
BFGS:   43 16:31:42 -2504044.377290        0.0485
BFGS:   44 16:32:14 -2504044.383940        0.0527
BFGS:   45 16:32:45 -2504044.389354        0.0541
BFGS:   46 16:33:16 -2504044.393350        0.0490
BFGS:   47 16:33:49 -2504044.397727        0.0481
BFGS:   48 16:34:21 -2504044.404035        0.0599
BFGS:   49 16:34:52 -2504044.411626        0.0709
BFGS:   50 16:35:24 -2504044.418218        0.0709
BFGS:   51 16:35:54 -2504044.423154        0.0758
BFGS:   52 16:36:27 -2504044.428079        0.0637
BFGS:   53 16:36:58 -2504044.434566        0.0671
BFGS:   54 16:37:31 -2504044.442024        0.0795
BFGS:   55 16:38:01 -2504044.448388        0.0560
BFGS:   56 16:38:33 -2504044.453010        0.0550
BFGS:   57 16:39:05 -2504044.457101        0.0508
BFGS:   58 16:39:36 -2504044.461684        0.0560
BFGS:   59 16:40:08 -2504044.466543        0.0579
BFGS:   60 16:40:40 -2504044.470851        0.0413
BFGS:   61 16:41:11 -2504044.474352        0.0380
BFGS:   62 16:41:42 -2504044.477536        0.0383
BFGS:   63 16:42:13 -2504044.480908        0.0519
BFGS:   64 16:42:45 -2504044.484444        0.0411
BFGS:   65 16:43:17 -2504044.487635        0.0488
BFGS:   66 16:43:47 -2504044.490144        0.0479
BFGS:   67 16:44:20 -2504044.492264        0.0408
BFGS:   68 16:44:50 -2504044.494545        0.0421
BFGS:   69 16:45:21 -2504044.497204        0.0293
BFGS:   70 16:45:54 -2504044.499817        0.0432
BFGS:   71 16:46:24 -2504044.501920        0.0532
BFGS:   72 16:46:56 -2504044.503739        0.0486
BFGS:   73 16:47:27 -2504044.505894        0.0325
BFGS:   74 16:48:00 -2504044.508631        0.0320
BFGS:   75 16:48:31 -2504044.511365        0.0258
BFGS:   76 16:49:03 -2504044.513453        0.0388
BFGS:   77 16:49:34 -2504044.515172        0.0391
BFGS:   78 16:50:07 -2504044.517275        0.0308
BFGS:   79 16:50:37 -2504044.520149        0.0304
BFGS:   80 16:51:08 -2504044.523376        0.0267
BFGS:   81 16:51:40 -2504044.526260        0.0328
BFGS:   82 16:52:11 -2504044.528843        0.0341
BFGS:   83 16:52:42 -2504044.531745        0.0317
BFGS:   84 16:53:14 -2504044.535249        0.0317
BFGS:   85 16:53:45 -2504044.538903        0.0294
BFGS:   86 16:54:18 -2504044.542258        0.0368
BFGS:   87 16:54:50 -2504044.545608        0.0406
BFGS:   88 16:55:21 -2504044.549604        0.0349
BFGS:   89 16:55:51 -2504044.554351        0.0384
BFGS:   90 16:56:22 -2504044.559194        0.0369
BFGS:   91 16:56:54 -2504044.563623        0.0367
BFGS:   92 16:57:25 -2504044.567970        0.0399
BFGS:   93 16:57:57 -2504044.572858        0.0410
BFGS:   94 16:58:29 -2504044.578304        0.0415
BFGS:   95 16:59:00 -2504044.583542        0.0405
BFGS:   96 16:59:31 -2504044.587992        0.0440
BFGS:   97 17:00:03 -2504044.592025        0.0395
BFGS:   98 17:00:34 -2504044.596447        0.0384
BFGS:   99 17:01:06 -2504044.601580        0.0446
BFGS:  100 17:01:38 -2504044.606781        0.0366
BFGS:  101 17:02:09 -2504044.611101        0.0394
BFGS:  102 17:02:40 -2504044.614533        0.0367
BFGS:  103 17:03:12 -2504044.617855        0.0366
BFGS:  104 17:03:43 -2504044.621591        0.0362
BFGS:  105 17:04:14 -2504044.625377        0.0298
BFGS:  106 17:04:46 -2504044.628672        0.0336
BFGS:  107 17:05:18 -2504044.631740        0.0300
BFGS:  108 17:05:50 -2504044.635433        0.0349
BFGS:  109 17:06:22 -2504044.640108        0.0357
BFGS:  110 17:06:53 -2504044.644843        0.0475
BFGS:  111 17:07:24 -2504044.648526        0.0514
BFGS:  112 17:07:56 -2504044.651494        0.0426
BFGS:  113 17:08:27 -2504044.654871        0.0303
BFGS:  114 17:08:59 -2504044.659125        0.0347
BFGS:  115 17:09:31 -2504044.663407        0.0429
BFGS:  116 17:10:01 -2504044.666814        0.0592
BFGS:  117 17:10:32 -2504044.669680        0.0585
BFGS:  118 17:11:04 -2504044.672793        0.0441
BFGS:  119 17:11:35 -2504044.676093        0.0306
BFGS:  120 17:12:06 -2504044.678807        0.0262
BFGS:  121 17:12:38 -2504044.680801        0.0268
BFGS:  122 17:13:10 -2504044.682758        0.0310
BFGS:  123 17:13:41 -2504044.685376        0.0345
BFGS:  124 17:14:13 -2504044.688690        0.0376
BFGS:  125 17:14:44 -2504044.692050        0.0407
BFGS:  126 17:15:16 -2504044.694844        0.0394
BFGS:  127 17:15:48 -2504044.697199        0.0317
BFGS:  128 17:16:19 -2504044.699530        0.0306
BFGS:  129 17:16:50 -2504044.701963        0.0358
BFGS:  130 17:17:23 -2504044.704288        0.0317
BFGS:  131 17:17:54 -2504044.706324        0.0410
BFGS:  132 17:18:25 -2504044.708156        0.0411
BFGS:  133 17:18:58 -2504044.710015        0.0330
BFGS:  134 17:19:28 -2504044.712000        0.0313
BFGS:  135 17:19:59 -2504044.713925        0.0241
BFGS:  136 17:20:32 -2504044.715512        0.0213
BFGS:  137 17:21:05 -2504044.716813        0.0255
BFGS:  138 17:21:37 -2504044.718159        0.0273
BFGS:  139 17:22:09 -2504044.719829        0.0283
BFGS:  140 17:22:41 -2504044.721675        0.0226
BFGS:  141 17:23:13 -2504044.723084        0.0242
BFGS:  142 17:23:44 -2504044.724031        0.0203
BFGS:  143 17:24:16 -2504044.724935        0.0172
BFGS:  144 17:24:48 -2504044.726008        0.0163
BFGS:  145 17:25:19 -2504044.727063        0.0200
BFGS:  146 17:25:52 -2504044.727897        0.0237
BFGS:  147 17:26:24 -2504044.728611        0.0213
BFGS:  148 17:26:57 -2504044.729432        0.0173
BFGS:  149 17:27:29 -2504044.730374        0.0164
BFGS:  150 17:28:00 -2504044.731189        0.0153
BFGS:  151 17:28:33 -2504044.731764        0.0173
BFGS:  152 17:29:05 -2504044.732262        0.0159
BFGS:  153 17:29:36 -2504044.732858        0.0136
BFGS:  154 17:30:07 -2504044.733530        0.0150
BFGS:  155 17:30:39 -2504044.734122        0.0166
BFGS:  156 17:31:11 -2504044.734588        0.0164
BFGS:  157 17:31:43 -2504044.735030        0.0126
BFGS:  158 17:32:16 -2504044.735529        0.0156
BFGS:  159 17:32:47 -2504044.736036        0.0176
BFGS:  160 17:33:21 -2504044.736471        0.0142
BFGS:  161 17:33:54 -2504044.736851        0.0149
BFGS:  162 17:34:25 -2504044.737261        0.0149
BFGS:  163 17:34:55 -2504044.737750        0.0210
BFGS:  164 17:35:27 -2504044.738265        0.0250
BFGS:  165 17:35:59 -2504044.738702        0.0177
BFGS:  166 17:36:31 -2504044.739041        0.0088
BFGS:  167 17:37:04 -2504044.739355        0.0125
BFGS:  168 17:37:37 -2504044.739730        0.0203
BFGS:  169 17:38:09 -2504044.740188        0.0234
BFGS:  170 17:38:39 -2504044.740663        0.0156
BFGS:  171 17:39:11 -2504044.741072        0.0160
BFGS:  172 17:39:42 -2504044.741430        0.0138
BFGS:  173 17:40:13 -2504044.741815        0.0214
BFGS:  174 17:40:46 -2504044.742251        0.0217
BFGS:  175 17:41:17 -2504044.742666        0.0130
BFGS:  176 17:41:49 -2504044.743002        0.0115
BFGS:  177 17:42:21 -2504044.743315        0.0124
BFGS:  178 17:42:53 -2504044.743703        0.0166
BFGS:  179 17:43:24 -2504044.744176        0.0149
BFGS:  180 17:43:56 -2504044.744623        0.0100
BFGS:  181 17:44:28 -2504044.744966        0.0114
BFGS:  182 17:45:01 -2504044.745270        0.0136
BFGS:  183 17:45:32 -2504044.745633        0.0164
BFGS:  184 17:46:04 -2504044.746055        0.0127
BFGS:  185 17:46:36 -2504044.746448        0.0107
BFGS:  186 17:47:08 -2504044.746779        0.0109
BFGS:  187 17:47:39 -2504044.747117        0.0131
BFGS:  188 17:48:10 -2504044.747532        0.0158
BFGS:  189 17:48:42 -2504044.747993        0.0141
BFGS:  190 17:49:15 -2504044.748417        0.0131
BFGS:  191 17:49:47 -2504044.748801        0.0106
BFGS:  192 17:50:20 -2504044.749234        0.0104
BFGS:  193 17:50:52 -2504044.749784        0.0133
BFGS:  194 17:51:24 -2504044.750403        0.0143
BFGS:  195 17:51:58 -2504044.750985        0.0150
BFGS:  196 17:52:29 -2504044.751514        0.0129
BFGS:  197 17:53:01 -2504044.752087        0.0169
BFGS:  198 17:53:31 -2504044.752799        0.0197
BFGS:  199 17:54:03 -2504044.753639        0.0201
BFGS:  200 17:54:35 -2504044.754491        0.0184
BFGS:  201 17:55:06 -2504044.755262        0.0209
BFGS:  202 17:55:39 -2504044.755987        0.0188
BFGS:  203 17:56:11 -2504044.756758        0.0186
BFGS:  204 17:56:45 -2504044.757586        0.0193
BFGS:  205 17:57:17 -2504044.758366        0.0147
BFGS:  206 17:57:49 -2504044.759010        0.0122
BFGS:  207 17:58:21 -2504044.759584        0.0135
BFGS:  208 17:58:52 -2504044.760226        0.0167
BFGS:  209 17:59:24 -2504044.760987        0.0152
BFGS:  210 17:59:55 -2504044.761733        0.0162
BFGS:  211 18:00:28 -2504044.762324        0.0140
BFGS:  212 18:01:00 -2504044.762824        0.0135
BFGS:  213 18:01:32 -2504044.763407        0.0184
BFGS:  214 18:02:05 -2504044.764162        0.0176
BFGS:  215 18:02:36 -2504044.764987        0.0160
BFGS:  216 18:03:07 -2504044.765738        0.0172
BFGS:  217 18:03:39 -2504044.766456        0.0168
BFGS:  218 18:04:11 -2504044.767309        0.0238
BFGS:  219 18:04:43 -2504044.768332        0.0321
BFGS:  220 18:05:14 -2504044.769324        0.0290
BFGS:  221 18:05:45 -2504044.770132        0.0192
BFGS:  222 18:06:17 -2504044.770883        0.0151
BFGS:  223 18:06:49 -2504044.771786        0.0175
BFGS:  224 18:07:21 -2504044.772830        0.0270
BFGS:  225 18:07:54 -2504044.773774        0.0234
BFGS:  226 18:08:26 -2504044.774505        0.0145
BFGS:  227 18:08:58 -2504044.775178        0.0144
BFGS:  228 18:09:29 -2504044.775981        0.0201
BFGS:  229 18:10:00 -2504044.776908        0.0242
BFGS:  230 18:10:31 -2504044.777801        0.0190
BFGS:  231 18:11:03 -2504044.778583        0.0165
BFGS:  232 18:11:34 -2504044.779364        0.0208
BFGS:  233 18:12:05 -2504044.780281        0.0346
BFGS:  234 18:12:36 -2504044.781324        0.0372
BFGS:  235 18:13:06 -2504044.782331        0.0303
BFGS:  236 18:13:38 -2504044.783186        0.0145
BFGS:  237 18:14:09 -2504044.783960        0.0136
BFGS:  238 18:14:41 -2504044.784806        0.0248
BFGS:  239 18:15:12 -2504044.785774        0.0315
BFGS:  240 18:15:43 -2504044.786732        0.0246
BFGS:  241 18:16:14 -2504044.787521        0.0133
BFGS:  242 18:16:45 -2504044.788181        0.0142
BFGS:  243 18:17:17 -2504044.788887        0.0218
BFGS:  244 18:17:50 -2504044.789747        0.0250
BFGS:  245 18:18:21 -2504044.790664        0.0221
BFGS:  246 18:18:53 -2504044.791471        0.0152
BFGS:  247 18:19:24 -2504044.792188        0.0208
BFGS:  248 18:19:56 -2504044.792992        0.0230
BFGS:  249 18:20:28 -2504044.793960        0.0232
BFGS:  250 18:20:58 -2504044.794901        0.0199
BFGS:  251 18:21:29 -2504044.795620        0.0134
BFGS:  252 18:22:03 -2504044.796207        0.0149
BFGS:  253 18:22:35 -2504044.796877        0.0212
BFGS:  254 18:23:07 -2504044.797701        0.0214
BFGS:  255 18:23:38 -2504044.798518        0.0150
BFGS:  256 18:24:09 -2504044.799194        0.0144
BFGS:  257 18:24:41 -2504044.799819        0.0132
BFGS:  258 18:25:12 -2504044.800562        0.0170
BFGS:  259 18:25:44 -2504044.801422        0.0200
BFGS:  260 18:26:15 -2504044.802219        0.0149
BFGS:  261 18:26:47 -2504044.802865        0.0131
BFGS:  262 18:27:17 -2504044.803483        0.0125
BFGS:  263 18:27:48 -2504044.804231        0.0215
BFGS:  264 18:28:20 -2504044.805097        0.0250
BFGS:  265 18:28:52 -2504044.805918        0.0177
BFGS:  266 18:29:24 -2504044.806595        0.0131
BFGS:  267 18:29:58 -2504044.807214        0.0117
BFGS:  268 18:30:30 -2504044.807905        0.0203
BFGS:  269 18:31:02 -2504044.808692        0.0236
BFGS:  270 18:31:34 -2504044.809482        0.0192
BFGS:  271 18:32:06 -2504044.810194        0.0130
BFGS:  272 18:32:38 -2504044.810875        0.0140
BFGS:  273 18:33:10 -2504044.811644        0.0207
BFGS:  274 18:33:42 -2504044.812549        0.0227
BFGS:  275 18:34:13 -2504044.813458        0.0184
BFGS:  276 18:34:45 -2504044.814187        0.0117
BFGS:  277 18:35:16 -2504044.814759        0.0124
BFGS:  278 18:35:47 -2504044.815352        0.0168
BFGS:  279 18:36:19 -2504044.816103        0.0210
BFGS:  280 18:36:50 -2504044.816957        0.0182
BFGS:  281 18:37:22 -2504044.817745        0.0142
BFGS:  282 18:37:54 -2504044.818435        0.0149
BFGS:  283 18:38:26 -2504044.819170        0.0173
BFGS:  284 18:38:58 -2504044.820048        0.0197
BFGS:  285 18:39:30 -2504044.820949        0.0154
BFGS:  286 18:40:02 -2504044.821707        0.0158
BFGS:  287 18:40:35 -2504044.822383        0.0141
BFGS:  288 18:41:06 -2504044.823199        0.0190
BFGS:  289 18:41:39 -2504044.824270        0.0242
BFGS:  290 18:42:12 -2504044.825442        0.0204
BFGS:  291 18:42:44 -2504044.826485        0.0154
BFGS:  292 18:43:16 -2504044.827435        0.0135
BFGS:  293 18:43:48 -2504044.828530        0.0175
BFGS:  294 18:44:19 -2504044.829879        0.0248
BFGS:  295 18:44:51 -2504044.831296        0.0229
BFGS:  296 18:45:23 -2504044.832555        0.0174
BFGS:  297 18:45:55 -2504044.833718        0.0172
BFGS:  298 18:46:27 -2504044.835012        0.0221
BFGS:  299 18:46:58 -2504044.836484        0.0292
BFGS:  300 18:47:31 -2504044.837889        0.0279
BFGS:  301 18:48:04 -2504044.839015        0.0178
BFGS:  302 18:48:36 -2504044.839957        0.0144
BFGS:  303 18:49:07 -2504044.840940        0.0236
BFGS:  304 18:49:39 -2504044.842058        0.0295
BFGS:  305 18:50:10 -2504044.843185        0.0243
BFGS:  306 18:50:42 -2504044.844121        0.0135
BFGS:  307 18:51:13 -2504044.844846        0.0122
BFGS:  308 18:51:44 -2504044.845510        0.0159
BFGS:  309 18:52:15 -2504044.846233        0.0219
BFGS:  310 18:52:48 -2504044.846984        0.0200
BFGS:  311 18:53:19 -2504044.847650        0.0110
BFGS:  312 18:53:51 -2504044.848227        0.0101
BFGS:  313 18:54:22 -2504044.848840        0.0183
BFGS:  314 18:54:53 -2504044.849583        0.0212
BFGS:  315 18:55:25 -2504044.850371        0.0157
BFGS:  316 18:55:56 -2504044.851028        0.0092
BFGS:  317 18:56:29 -2504044.851558        0.0106
BFGS:  318 18:57:00 -2504044.852133        0.0177
BFGS:  319 18:57:33 -2504044.852869        0.0205
BFGS:  320 18:58:04 -2504044.853659        0.0158
BFGS:  321 18:58:35 -2504044.854313        0.0120
BFGS:  322 18:59:06 -2504044.854838        0.0114
BFGS:  323 18:59:38 -2504044.855397        0.0140
BFGS:  324 19:00:08 -2504044.856074        0.0164
BFGS:  325 19:00:38 -2504044.856761        0.0132
BFGS:  326 19:01:09 -2504044.857340        0.0102
BFGS:  327 19:01:41 -2504044.857868        0.0101
BFGS:  328 19:02:13 -2504044.858486        0.0142
BFGS:  329 19:02:46 -2504044.859222        0.0171
BFGS:  330 19:03:17 -2504044.859933        0.0153
BFGS:  331 19:03:47 -2504044.860514        0.0105
BFGS:  332 19:04:18 -2504044.861041        0.0107
BFGS:  333 19:04:50 -2504044.861650        0.0164
BFGS:  334 19:05:20 -2504044.862360        0.0213
BFGS:  335 19:05:52 -2504044.863059        0.0204
BFGS:  336 19:06:25 -2504044.863647        0.0115
BFGS:  337 19:06:57 -2504044.864157        0.0091
BFGS:  338 19:07:30 -2504044.864675        0.0159
BFGS:  339 19:08:01 -2504044.865215        0.0220
BFGS:  340 19:08:34 -2504044.865718        0.0189
BFGS:  341 19:09:06 -2504044.866147        0.0098
BFGS:  342 19:09:39 -2504044.866545        0.0098
BFGS:  343 19:10:11 -2504044.866992        0.0155
BFGS:  344 19:10:43 -2504044.867521        0.0203
BFGS:  345 19:11:14 -2504044.868064        0.0159
BFGS:  346 19:11:46 -2504044.868524        0.0106
BFGS:  347 19:12:18 -2504044.868907        0.0090
BFGS:  348 19:12:50 -2504044.869310        0.0164
BFGS:  349 19:13:22 -2504044.869802        0.0190
BFGS:  350 19:13:52 -2504044.870333        0.0132
BFGS:  351 19:14:25 -2504044.870801        0.0110
BFGS:  352 19:14:55 -2504044.871204        0.0100
BFGS:  353 19:15:26 -2504044.871634        0.0172
BFGS:  354 19:15:58 -2504044.872141        0.0185
BFGS:  355 19:16:30 -2504044.872652        0.0121
BFGS:  356 19:17:03 -2504044.873084        0.0092
BFGS:  357 19:17:35 -2504044.873482        0.0102
BFGS:  358 19:18:06 -2504044.873970        0.0169
BFGS:  359 19:18:39 -2504044.874602        0.0194
BFGS:  360 19:19:11 -2504044.875273        0.0143
BFGS:  361 19:19:44 -2504044.875845        0.0112
BFGS:  362 19:20:16 -2504044.876341        0.0117
BFGS:  363 19:20:47 -2504044.876892        0.0131
BFGS:  364 19:21:18 -2504044.877551        0.0189
BFGS:  365 19:21:49 -2504044.878215        0.0177
BFGS:  366 19:22:21 -2504044.878780        0.0101
BFGS:  367 19:22:51 -2504044.879298        0.0101
BFGS:  368 19:23:23 -2504044.879898        0.0148
BFGS:  369 19:23:55 -2504044.880629        0.0228
BFGS:  370 19:24:26 -2504044.881386        0.0217
BFGS:  371 19:24:58 -2504044.882044        0.0121
BFGS:  372 19:25:30 -2504044.882630        0.0113
BFGS:  373 19:26:01 -2504044.883280        0.0163
BFGS:  374 19:26:33 -2504044.884068        0.0256
BFGS:  375 19:27:04 -2504044.884918        0.0260
BFGS:  376 19:27:36 -2504044.885687        0.0153
BFGS:  377 19:28:09 -2504044.886361        0.0114
BFGS:  378 19:28:41 -2504044.887058        0.0185
BFGS:  379 19:29:14 -2504044.887858        0.0253
BFGS:  380 19:29:46 -2504044.888684        0.0223
BFGS:  381 19:30:18 -2504044.889409        0.0123
BFGS:  382 19:30:49 -2504044.890049        0.0132
BFGS:  383 19:31:22 -2504044.890752        0.0235
BFGS:  384 19:31:53 -2504044.891617        0.0300
BFGS:  385 19:32:25 -2504044.892551        0.0249
BFGS:  386 19:32:57 -2504044.893371        0.0117
BFGS:  387 19:33:28 -2504044.894061        0.0114
BFGS:  388 19:33:59 -2504044.894775        0.0210
BFGS:  389 19:34:30 -2504044.895621        0.0259
BFGS:  390 19:35:04 -2504044.896511        0.0190
BFGS:  391 19:35:35 -2504044.897287        0.0140
BFGS:  392 19:36:08 -2504044.897968        0.0129
BFGS:  393 19:36:38 -2504044.898726        0.0244
BFGS:  394 19:37:10 -2504044.899692        0.0287
BFGS:  395 19:37:43 -2504044.900792        0.0217
BFGS:  396 19:38:13 -2504044.901839        0.0145
BFGS:  397 19:38:45 -2504044.902803        0.0144
BFGS:  398 19:39:17 -2504044.903875        0.0243
BFGS:  399 19:39:48 -2504044.905247        0.0297
BFGS:  400 19:40:21 -2504044.906854        0.0323
BFGS:  401 19:40:52 -2504044.908403        0.0215
BFGS:  402 19:41:23 -2504044.909769        0.0167
BFGS:  403 19:41:55 -2504044.911184        0.0214
BFGS:  404 19:42:27 -2504044.912951        0.0380
BFGS:  405 19:43:00 -2504044.915050        0.0428
BFGS:  406 19:43:31 -2504044.917090        0.0290
BFGS:  407 19:44:04 -2504044.918829        0.0206
BFGS:  408 19:44:34 -2504044.920503        0.0210
BFGS:  409 19:45:05 -2504044.922450        0.0387
BFGS:  410 19:45:37 -2504044.924582        0.0404
BFGS:  411 19:46:09 -2504044.926425        0.0237
BFGS:  412 19:46:40 -2504044.927814        0.0148
BFGS:  413 19:47:13 -2504044.929087        0.0228
BFGS:  414 19:47:44 -2504044.930600        0.0347
BFGS:  415 19:48:15 -2504044.932290        0.0338
BFGS:  416 19:48:47 -2504044.933793        0.0256
BFGS:  417 19:49:18 -2504044.934980        0.0183
BFGS:  418 19:49:49 -2504044.936114        0.0199
BFGS:  419 19:50:20 -2504044.937464        0.0274
BFGS:  420 19:50:50 -2504044.938975        0.0300
BFGS:  421 19:51:21 -2504044.940365        0.0208
BFGS:  422 19:51:53 -2504044.941544        0.0162
BFGS:  423 19:52:24 -2504044.942726        0.0262
BFGS:  424 19:52:55 -2504044.944115        0.0319
BFGS:  425 19:53:27 -2504044.945610        0.0328
BFGS:  426 19:53:58 -2504044.946907        0.0195
BFGS:  427 19:54:31 -2504044.947926        0.0137
BFGS:  428 19:55:03 -2504044.948891        0.0225
BFGS:  429 19:55:34 -2504044.950031        0.0287
BFGS:  430 19:56:07 -2504044.951339        0.0276
BFGS:  431 19:56:40 -2504044.952584        0.0176
BFGS:  432 19:57:12 -2504044.953618        0.0129
BFGS:  433 19:57:42 -2504044.954564        0.0197
BFGS:  434 19:58:15 -2504044.955621        0.0271
BFGS:  435 19:58:45 -2504044.956802        0.0240
BFGS:  436 19:59:17 -2504044.957911        0.0161
BFGS:  437 19:59:48 -2504044.958834        0.0113
BFGS:  438 20:00:19 -2504044.959710        0.0158
BFGS:  439 20:00:50 -2504044.960742        0.0265
BFGS:  440 20:01:24 -2504044.961920        0.0301
BFGS:  441 20:01:56 -2504044.962988        0.0214
BFGS:  442 20:02:29 -2504044.963799        0.0120
BFGS:  443 20:03:01 -2504044.964499        0.0138
BFGS:  444 20:03:33 -2504044.965286        0.0188
BFGS:  445 20:04:05 -2504044.966147        0.0203
BFGS:  446 20:04:36 -2504044.966903        0.0135
BFGS:  447 20:05:06 -2504044.967491        0.0102
BFGS:  448 20:05:39 -2504044.968038        0.0132
BFGS:  449 20:06:10 -2504044.968663        0.0200
BFGS:  450 20:06:42 -2504044.969319        0.0182
BFGS:  451 20:07:13 -2504044.969879        0.0109
BFGS:  452 20:07:44 -2504044.970337        0.0079
BFGS:  453 20:08:17 -2504044.970808        0.0143
BFGS:  454 20:08:50 -2504044.971379        0.0193
BFGS:  455 20:09:21 -2504044.971995        0.0174
BFGS:  456 20:09:52 -2504044.972533        0.0134
BFGS:  457 20:10:23 -2504044.972968        0.0106
BFGS:  458 20:10:55 -2504044.973392        0.0149
BFGS:  459 20:11:28 -2504044.973889        0.0180
BFGS:  460 20:11:59 -2504044.974440        0.0162
BFGS:  461 20:12:30 -2504044.974957        0.0112
BFGS:  462 20:13:02 -2504044.975406        0.0082
BFGS:  463 20:13:34 -2504044.975851        0.0130
BFGS:  464 20:14:05 -2504044.976364        0.0174
BFGS:  465 20:14:38 -2504044.976932        0.0176
BFGS:  466 20:15:09 -2504044.977454        0.0131
BFGS:  467 20:15:41 -2504044.977888        0.0083
BFGS:  468 20:16:12 -2504044.978304        0.0123
BFGS:  469 20:16:45 -2504044.978790        0.0164
BFGS:  470 20:17:16 -2504044.979326        0.0163
BFGS:  471 20:17:47 -2504044.979795        0.0108
BFGS:  472 20:18:19 -2504044.980149        0.0073
BFGS:  473 20:18:51 -2504044.980464        0.0085
BFGS:  474 20:19:23 -2504044.980817        0.0116
BFGS:  475 20:19:54 -2504044.981192        0.0117
BFGS:  476 20:20:26 -2504044.981515        0.0080
BFGS:  477 20:20:58 -2504044.981774        0.0058
BFGS:  478 20:21:29 -2504044.982032        0.0101
BFGS:  479 20:22:01 -2504044.982331        0.0132
BFGS:  480 20:22:32 -2504044.982635        0.0110
BFGS:  481 20:23:03 -2504044.982885        0.0084
BFGS:  482 20:23:33 -2504044.983089        0.0065
BFGS:  483 20:24:05 -2504044.983307        0.0095
BFGS:  484 20:24:35 -2504044.983578        0.0119
BFGS:  485 20:25:07 -2504044.983876        0.0094
BFGS:  486 20:25:39 -2504044.984149        0.0075
BFGS:  487 20:26:09 -2504044.984391        0.0056
BFGS:  488 20:26:43 -2504044.984644        0.0095
BFGS:  489 20:27:15 -2504044.984943        0.0111
BFGS:  490 20:27:47 -2504044.985264        0.0119
BFGS:  491 20:28:21 -2504044.985555        0.0080
BFGS:  492 20:28:54 -2504044.985810        0.0061
BFGS:  493 20:29:27 -2504044.986074        0.0089
BFGS:  494 20:30:00 -2504044.986381        0.0122
BFGS:  495 20:30:31 -2504044.986702        0.0130
BFGS:  496 20:31:02 -2504044.986978        0.0086
BFGS:  497 20:31:35 -2504044.987197        0.0059
BFGS:  498 20:32:06 -2504044.987405        0.0076
BFGS:  499 20:32:38 -2504044.987642        0.0095
BFGS:  500 20:33:10 -2504044.987892        0.0090
BFGS:  501 20:33:42 -2504044.988108        0.0058
BFGS:  502 20:34:15 -2504044.988283        0.0055
BFGS:  503 20:34:47 -2504044.988453        0.0076
BFGS:  504 20:35:19 -2504044.988645        0.0090
BFGS:  505 20:35:52 -2504044.988840        0.0072
BFGS:  506 20:36:25 -2504044.989002        0.0052
BFGS:  507 20:36:57 -2504044.989136        0.0054
BFGS:  508 20:37:28 -2504044.989279        0.0086
BFGS:  509 20:37:59 -2504044.989457        0.0097
BFGS:  510 20:38:31 -2504044.989651        0.0093
BFGS:  511 20:39:04 -2504044.989817        0.0059
BFGS:  512 20:39:36 -2504044.989950        0.0045
BFGS:  513 20:40:08 -2504044.990082        0.0069
BFGS:  514 20:40:38 -2504044.990236        0.0079
BFGS:  515 20:41:08 -2504044.990401        0.0073
BFGS:  516 20:41:40 -2504044.990547        0.0051
BFGS:  517 20:42:12 -2504044.990674        0.0044
BFGS:  518 20:42:42 -2504044.990805        0.0062
BFGS:  519 20:43:14 -2504044.990956        0.0086
BFGS:  520 20:43:45 -2504044.991111        0.0081
BFGS:  521 20:44:18 -2504044.991241        0.0048
BFGS:  522 20:44:49 -2504044.991346        0.0037
BFGS:  523 20:45:22 -2504044.991454        0.0071
BFGS:  524 20:45:52 -2504044.991581        0.0090
BFGS:  525 20:46:23 -2504044.991718        0.0084
BFGS:  526 20:46:55 -2504044.991837        0.0046
BFGS:  527 20:47:25 -2504044.991932        0.0033
BFGS:  528 20:47:57 -2504044.992021        0.0057
BFGS:  529 20:48:28 -2504044.992117        0.0072
BFGS:  530 20:49:00 -2504044.992207        0.0061
BFGS:  531 20:49:31 -2504044.992277        0.0034
BFGS:  532 20:50:04 -2504044.992334        0.0028
BFGS:  533 20:50:35 -2504044.992396        0.0051
BFGS:  534 20:51:06 -2504044.992471        0.0066
BFGS:  535 20:51:37 -2504044.992546        0.0056
BFGS:  536 20:52:09 -2504044.992605        0.0030
BFGS:  537 20:52:40 -2504044.992650        0.0028
BFGS:  538 20:53:12 -2504044.992695        0.0041
BFGS:  539 20:53:44 -2504044.992748        0.0048
BFGS:  540 20:54:17 -2504044.992802        0.0041
BFGS:  541 20:54:49 -2504044.992848        0.0027
BFGS:  542 20:55:21 -2504044.992886        0.0027
BFGS:  543 20:55:53 -2504044.992924        0.0038
BFGS:  544 20:56:25 -2504044.992966        0.0051
BFGS:  545 20:56:58 -2504044.993006        0.0045
BFGS:  546 20:57:29 -2504044.993038        0.0025
BFGS:  547 20:58:02 -2504044.993065        0.0020
BFGS:  548 20:58:34 -2504044.993093        0.0030
BFGS:  549 20:59:05 -2504044.993126        0.0039
BFGS:  550 20:59:37 -2504044.993160        0.0034
BFGS:  551 21:00:09 -2504044.993188        0.0022
BFGS:  552 21:00:41 -2504044.993212        0.0023
BFGS:  553 21:01:13 -2504044.993236        0.0031
BFGS:  554 21:01:45 -2504044.993264        0.0038
BFGS:  555 21:02:17 -2504044.993292        0.0029
BFGS:  556 21:02:48 -2504044.993316        0.0019
BFGS:  557 21:03:19 -2504044.993338        0.0018
BFGS:  558 21:03:51 -2504044.993360        0.0029
BFGS:  559 21:04:21 -2504044.993386        0.0034
BFGS:  560 21:04:54 -2504044.993410        0.0026
BFGS:  561 21:05:26 -2504044.993428        0.0015
BFGS:  562 21:05:58 -2504044.993443        0.0023
BFGS:  563 21:06:29 -2504044.993459        0.0032
BFGS:  564 21:07:01 -2504044.993479        0.0033
BFGS:  565 21:07:32 -2504044.993499        0.0026
BFGS:  566 21:08:04 -2504044.993515        0.0015
BFGS:  567 21:08:36 -2504044.993528        0.0016
BFGS:  568 21:09:08 -2504044.993542        0.0024
BFGS:  569 21:09:41 -2504044.993558        0.0028
BFGS:  570 21:10:12 -2504044.993574        0.0024
BFGS:  571 21:10:43 -2504044.993587        0.0014
BFGS:  572 21:11:14 -2504044.993599        0.0014
BFGS:  573 21:11:46 -2504044.993611        0.0024
BFGS:  574 21:12:18 -2504044.993624        0.0031
BFGS:  575 21:12:49 -2504044.993636        0.0025
BFGS:  576 21:13:21 -2504044.993646        0.0013
BFGS:  577 21:13:52 -2504044.993654        0.0012
BFGS:  578 21:14:24 -2504044.993663        0.0023
BFGS:  579 21:14:55 -2504044.993674        0.0029
BFGS:  580 21:15:27 -2504044.993686        0.0024
BFGS:  581 21:15:59 -2504044.993696        0.0014
BFGS:  582 21:16:30 -2504044.993704        0.0015
BFGS:  583 21:17:02 -2504044.993714        0.0022
BFGS:  584 21:17:34 -2504044.993724        0.0025
BFGS:  585 21:18:06 -2504044.993734        0.0020
BFGS:  586 21:18:38 -2504044.993742        0.0011
BFGS:  587 21:19:09 -2504044.993749        0.0012
BFGS:  588 21:19:40 -2504044.993757        0.0021
BFGS:  589 21:20:12 -2504044.993766        0.0022
BFGS:  590 21:20:43 -2504044.993774        0.0015
BFGS:  591 21:21:15 -2504044.993780        0.0010
39 39 186 80 106
Combined bilayer energy = -2504044.993780054
Energy cost per unit length : 0.08848457704831646
Prev_energy - Current_energy = 0.0
      Step     Time          Energy         fmax
BFGS:    0 21:21:16 -2504044.993780        0.3239
BFGS:    1 21:21:46 -2504044.999258        0.2310
BFGS:    2 21:22:17 -2504045.006774        0.0942
BFGS:    3 21:22:48 -2504045.008770        0.0975
BFGS:    4 21:23:19 -2504045.018043        0.1294
BFGS:    5 21:23:51 -2504045.021914        0.0994
BFGS:    6 21:24:22 -2504045.023742        0.0418
BFGS:    7 21:24:54 -2504045.024565        0.0377
BFGS:    8 21:25:25 -2504045.025869        0.0521
BFGS:    9 21:25:57 -2504045.027336        0.0658
BFGS:   10 21:26:28 -2504045.028642        0.0444
BFGS:   11 21:27:01 -2504045.029507        0.0332
BFGS:   12 21:27:33 -2504045.030229        0.0302
BFGS:   13 21:28:05 -2504045.030980        0.0414
BFGS:   14 21:28:37 -2504045.031672        0.0404
BFGS:   15 21:29:08 -2504045.032178        0.0333
BFGS:   16 21:29:38 -2504045.032562        0.0224
BFGS:   17 21:30:08 -2504045.032967        0.0300
BFGS:   18 21:30:39 -2504045.033451        0.0317
BFGS:   19 21:31:11 -2504045.033944        0.0378
BFGS:   20 21:31:42 -2504045.034335        0.0309
BFGS:   21 21:32:13 -2504045.034596        0.0187
BFGS:   22 21:32:43 -2504045.034794        0.0144
BFGS:   23 21:33:16 -2504045.035008        0.0180
BFGS:   24 21:33:48 -2504045.035273        0.0243
BFGS:   25 21:34:20 -2504045.035558        0.0233
BFGS:   26 21:34:51 -2504045.035789        0.0169
BFGS:   27 21:35:21 -2504045.035952        0.0120
BFGS:   28 21:35:52 -2504045.036095        0.0145
BFGS:   29 21:36:23 -2504045.036255        0.0199
BFGS:   30 21:36:55 -2504045.036411        0.0181
BFGS:   31 21:37:26 -2504045.036532        0.0102
BFGS:   32 21:37:58 -2504045.036632        0.0131
BFGS:   33 21:38:29 -2504045.036748        0.0170
BFGS:   34 21:39:01 -2504045.036892        0.0225
BFGS:   35 21:39:33 -2504045.037023        0.0169
BFGS:   36 21:40:04 -2504045.037108        0.0061
BFGS:   37 21:40:35 -2504045.037168        0.0084
BFGS:   38 21:41:07 -2504045.037237        0.0140
BFGS:   39 21:41:39 -2504045.037321        0.0163
BFGS:   40 21:42:12 -2504045.037403        0.0105
BFGS:   41 21:42:43 -2504045.037467        0.0075
BFGS:   42 21:43:15 -2504045.037523        0.0080
BFGS:   43 21:43:47 -2504045.037584        0.0122
BFGS:   44 21:44:19 -2504045.037645        0.0101
BFGS:   45 21:44:49 -2504045.037694        0.0084
BFGS:   46 21:45:21 -2504045.037732        0.0048
BFGS:   47 21:45:53 -2504045.037768        0.0084
BFGS:   48 21:46:24 -2504045.037811        0.0092
BFGS:   49 21:46:55 -2504045.037857        0.0088
BFGS:   50 21:47:25 -2504045.037898        0.0071
BFGS:   51 21:47:56 -2504045.037929        0.0056
BFGS:   52 21:48:28 -2504045.037957        0.0066
BFGS:   53 21:48:59 -2504045.037985        0.0073
BFGS:   54 21:49:31 -2504045.038013        0.0075
BFGS:   55 21:50:02 -2504045.038040        0.0053
BFGS:   56 21:50:34 -2504045.038063        0.0051
BFGS:   57 21:51:06 -2504045.038085        0.0057
BFGS:   58 21:51:37 -2504045.038108        0.0079
BFGS:   59 21:52:08 -2504045.038130        0.0067
BFGS:   60 21:52:39 -2504045.038149        0.0050
BFGS:   61 21:53:10 -2504045.038163        0.0030
BFGS:   62 21:53:42 -2504045.038177        0.0049
BFGS:   63 21:54:15 -2504045.038194        0.0063
BFGS:   64 21:54:47 -2504045.038213        0.0066
BFGS:   65 21:55:18 -2504045.038229        0.0044
BFGS:   66 21:55:49 -2504045.038239        0.0023
BFGS:   67 21:56:20 -2504045.038249        0.0031
BFGS:   68 21:56:52 -2504045.038260        0.0055
BFGS:   69 21:57:24 -2504045.038272        0.0054
BFGS:   70 21:57:55 -2504045.038283        0.0026
BFGS:   71 21:58:27 -2504045.038291        0.0021
BFGS:   72 21:59:00 -2504045.038299        0.0043
BFGS:   73 21:59:31 -2504045.038309        0.0055
BFGS:   74 22:00:01 -2504045.038318        0.0040
BFGS:   75 22:00:33 -2504045.038325        0.0016
BFGS:   76 22:01:03 -2504045.038330        0.0021
BFGS:   77 22:01:35 -2504045.038336        0.0040
BFGS:   78 22:02:06 -2504045.038343        0.0043
BFGS:   79 22:02:37 -2504045.038349        0.0027
BFGS:   80 22:03:08 -2504045.038355        0.0019
BFGS:   81 22:03:42 -2504045.038359        0.0024
BFGS:   82 22:04:14 -2504045.038364        0.0030
BFGS:   83 22:04:45 -2504045.038369        0.0024
BFGS:   84 22:05:15 -2504045.038373        0.0023
BFGS:   85 22:05:47 -2504045.038376        0.0015
BFGS:   86 22:06:19 -2504045.038380        0.0022
BFGS:   87 22:06:51 -2504045.038383        0.0019
BFGS:   88 22:07:23 -2504045.038387        0.0023
BFGS:   89 22:07:54 -2504045.038390        0.0017
BFGS:   90 22:08:27 -2504045.038393        0.0016
BFGS:   91 22:09:01 -2504045.038395        0.0013
BFGS:   92 22:09:32 -2504045.038398        0.0018
BFGS:   93 22:10:03 -2504045.038400        0.0018
BFGS:   94 22:10:35 -2504045.038403        0.0017
BFGS:   95 22:11:06 -2504045.038405        0.0014
BFGS:   96 22:11:38 -2504045.038407        0.0012
BFGS:   97 22:12:10 -2504045.038409        0.0016
BFGS:   98 22:12:40 -2504045.038411        0.0017
BFGS:   99 22:13:12 -2504045.038412        0.0015
BFGS:  100 22:13:44 -2504045.038414        0.0008
39 39 186 80 106
Combined bilayer energy = -2504045.038413778
Energy cost per unit length : 0.08460701652530823
Prev_energy - Current_energy = 0.003877560523008222
      Step     Time          Energy         fmax
BFGS:    0 22:13:44 -2504045.038414        0.2535
BFGS:    1 22:14:14 -2504045.042123        0.1806
BFGS:    2 22:14:45 -2504045.047115        0.0758
BFGS:    3 22:15:17 -2504045.048453        0.0787
BFGS:    4 22:15:48 -2504045.055102        0.1078
BFGS:    5 22:16:18 -2504045.058012        0.0865
BFGS:    6 22:16:51 -2504045.059386        0.0386
BFGS:    7 22:17:24 -2504045.059967        0.0339
BFGS:    8 22:17:57 -2504045.060906        0.0434
BFGS:    9 22:18:29 -2504045.062093        0.0621
BFGS:   10 22:19:00 -2504045.063240        0.0471
BFGS:   11 22:19:30 -2504045.063965        0.0272
BFGS:   12 22:20:03 -2504045.064473        0.0238
BFGS:   13 22:20:35 -2504045.064995        0.0343
BFGS:   14 22:21:07 -2504045.065552        0.0340
BFGS:   15 22:21:39 -2504045.066016        0.0321
BFGS:   16 22:22:10 -2504045.066371        0.0226
BFGS:   17 22:22:42 -2504045.066715        0.0255
BFGS:   18 22:23:15 -2504045.067134        0.0317
BFGS:   19 22:23:46 -2504045.067591        0.0321
BFGS:   20 22:24:18 -2504045.067970        0.0328
BFGS:   21 22:24:50 -2504045.068223        0.0199
BFGS:   22 22:25:21 -2504045.068411        0.0156
BFGS:   23 22:25:52 -2504045.068617        0.0187
BFGS:   24 22:26:23 -2504045.068887        0.0283
BFGS:   25 22:26:53 -2504045.069202        0.0303
BFGS:   26 22:27:24 -2504045.069480        0.0177
BFGS:   27 22:27:56 -2504045.069679        0.0129
BFGS:   28 22:28:27 -2504045.069841        0.0151
BFGS:   29 22:28:59 -2504045.070024        0.0223
BFGS:   30 22:29:30 -2504045.070228        0.0190
BFGS:   31 22:30:01 -2504045.070407        0.0141
BFGS:   32 22:30:33 -2504045.070551        0.0125
BFGS:   33 22:31:06 -2504045.070700        0.0206
BFGS:   34 22:31:37 -2504045.070892        0.0256
BFGS:   35 22:32:09 -2504045.071103        0.0213
BFGS:   36 22:32:41 -2504045.071268        0.0128
BFGS:   37 22:33:12 -2504045.071380        0.0074
BFGS:   38 22:33:44 -2504045.071489        0.0160
BFGS:   39 22:34:15 -2504045.071635        0.0199
BFGS:   40 22:34:47 -2504045.071802        0.0185
BFGS:   41 22:35:19 -2504045.071950        0.0108
BFGS:   42 22:35:51 -2504045.072067        0.0091
BFGS:   43 22:36:23 -2504045.072184        0.0131
BFGS:   44 22:36:54 -2504045.072319        0.0168
BFGS:   45 22:37:25 -2504045.072456        0.0118
BFGS:   46 22:37:57 -2504045.072571        0.0092
BFGS:   47 22:38:30 -2504045.072671        0.0082
BFGS:   48 22:39:02 -2504045.072780        0.0140
BFGS:   49 22:39:34 -2504045.072909        0.0135
BFGS:   50 22:40:06 -2504045.073040        0.0122
BFGS:   51 22:40:39 -2504045.073151        0.0079
BFGS:   52 22:41:10 -2504045.073244        0.0095
BFGS:   53 22:41:43 -2504045.073339        0.0106
BFGS:   54 22:42:15 -2504045.073447        0.0153
BFGS:   55 22:42:45 -2504045.073565        0.0152
BFGS:   56 22:43:17 -2504045.073679        0.0090
BFGS:   57 22:43:48 -2504045.073779        0.0095
BFGS:   58 22:44:20 -2504045.073871        0.0111
BFGS:   59 22:44:52 -2504045.073968        0.0158
BFGS:   60 22:45:23 -2504045.074070        0.0141
BFGS:   61 22:45:55 -2504045.074164        0.0099
BFGS:   62 22:46:26 -2504045.074247        0.0065
BFGS:   63 22:46:58 -2504045.074335        0.0097
BFGS:   64 22:47:30 -2504045.074444        0.0135
BFGS:   65 22:48:01 -2504045.074563        0.0128
BFGS:   66 22:48:33 -2504045.074660        0.0092
BFGS:   67 22:49:04 -2504045.074729        0.0055
BFGS:   68 22:49:36 -2504045.074797        0.0075
BFGS:   69 22:50:07 -2504045.074886        0.0134
BFGS:   70 22:50:38 -2504045.074991        0.0149
BFGS:   71 22:51:10 -2504045.075086        0.0087
BFGS:   72 22:51:41 -2504045.075164        0.0069
BFGS:   73 22:52:12 -2504045.075241        0.0099
BFGS:   74 22:52:44 -2504045.075330        0.0153
BFGS:   75 22:53:15 -2504045.075418        0.0137
BFGS:   76 22:53:47 -2504045.075490        0.0067
BFGS:   77 22:54:18 -2504045.075550        0.0058
BFGS:   78 22:54:49 -2504045.075620        0.0120
BFGS:   79 22:55:21 -2504045.075708        0.0161
BFGS:   80 22:55:52 -2504045.075798        0.0137
BFGS:   81 22:56:24 -2504045.075872        0.0081
BFGS:   82 22:56:55 -2504045.075932        0.0065
BFGS:   83 22:57:26 -2504045.075992        0.0101
BFGS:   84 22:57:57 -2504045.076058        0.0114
BFGS:   85 22:58:28 -2504045.076126        0.0091
BFGS:   86 22:59:00 -2504045.076188        0.0069
BFGS:   87 22:59:31 -2504045.076245        0.0076
BFGS:   88 23:00:04 -2504045.076303        0.0096
BFGS:   89 23:00:36 -2504045.076362        0.0095
BFGS:   90 23:01:08 -2504045.076419        0.0082
BFGS:   91 23:01:39 -2504045.076467        0.0065
BFGS:   92 23:02:11 -2504045.076507        0.0070
BFGS:   93 23:02:43 -2504045.076549        0.0089
BFGS:   94 23:03:16 -2504045.076597        0.0106
BFGS:   95 23:03:47 -2504045.076647        0.0097
BFGS:   96 23:04:18 -2504045.076689        0.0061
BFGS:   97 23:04:49 -2504045.076720        0.0045
BFGS:   98 23:05:21 -2504045.076749        0.0071
BFGS:   99 23:05:53 -2504045.076783        0.0094
BFGS:  100 23:06:25 -2504045.076818        0.0082
BFGS:  101 23:06:56 -2504045.076848        0.0042
BFGS:  102 23:07:27 -2504045.076871        0.0042
BFGS:  103 23:07:57 -2504045.076896        0.0066
BFGS:  104 23:08:28 -2504045.076925        0.0082
BFGS:  105 23:08:58 -2504045.076951        0.0057
BFGS:  106 23:09:28 -2504045.076969        0.0026
BFGS:  107 23:10:01 -2504045.076984        0.0034
BFGS:  108 23:10:33 -2504045.077001        0.0064
BFGS:  109 23:11:05 -2504045.077022        0.0068
BFGS:  110 23:11:37 -2504045.077042        0.0038
BFGS:  111 23:12:08 -2504045.077056        0.0022
BFGS:  112 23:12:40 -2504045.077067        0.0037
BFGS:  113 23:13:10 -2504045.077079        0.0050
BFGS:  114 23:13:42 -2504045.077092        0.0038
BFGS:  115 23:14:13 -2504045.077103        0.0028
BFGS:  116 23:14:44 -2504045.077112        0.0022
BFGS:  117 23:15:15 -2504045.077121        0.0036
BFGS:  118 23:15:46 -2504045.077131        0.0034
BFGS:  119 23:16:18 -2504045.077141        0.0033
BFGS:  120 23:16:50 -2504045.077148        0.0022
BFGS:  121 23:17:21 -2504045.077154        0.0022
BFGS:  122 23:17:52 -2504045.077160        0.0021
BFGS:  123 23:18:24 -2504045.077166        0.0028
BFGS:  124 23:18:56 -2504045.077173        0.0028
BFGS:  125 23:19:26 -2504045.077179        0.0023
BFGS:  126 23:19:58 -2504045.077184        0.0020
BFGS:  127 23:20:30 -2504045.077188        0.0020
BFGS:  128 23:21:01 -2504045.077192        0.0025
BFGS:  129 23:21:34 -2504045.077197        0.0025
BFGS:  130 23:22:05 -2504045.077201        0.0023
BFGS:  131 23:22:35 -2504045.077204        0.0011
BFGS:  132 23:23:05 -2504045.077207        0.0016
BFGS:  133 23:23:36 -2504045.077210        0.0022
BFGS:  134 23:24:06 -2504045.077214        0.0027
BFGS:  135 23:24:37 -2504045.077217        0.0018
BFGS:  136 23:25:09 -2504045.077219        0.0008
39 38 186 79 107
Combined bilayer energy = -2504045.0772192995
Energy cost per unit length : 0.084184054203432
Prev_energy - Current_energy = 0.00042296232187623295
      Step     Time          Energy         fmax
BFGS:    0 23:25:09 -2504045.077219        0.2696
BFGS:    1 23:25:38 -2504045.081248        0.1915
BFGS:    2 23:26:09 -2504045.086647        0.0792
BFGS:    3 23:26:40 -2504045.088091        0.0822
BFGS:    4 23:27:12 -2504045.095066        0.1107
BFGS:    5 23:27:43 -2504045.098053        0.0871
BFGS:    6 23:28:15 -2504045.099474        0.0391
BFGS:    7 23:28:47 -2504045.100102        0.0341
BFGS:    8 23:29:18 -2504045.101106        0.0449
BFGS:    9 23:29:49 -2504045.102303        0.0609
BFGS:   10 23:30:20 -2504045.103408        0.0447
BFGS:   11 23:30:52 -2504045.104111        0.0273
BFGS:   12 23:31:24 -2504045.104639        0.0238
BFGS:   13 23:31:56 -2504045.105180        0.0347
BFGS:   14 23:32:27 -2504045.105718        0.0350
BFGS:   15 23:32:59 -2504045.106148        0.0306
BFGS:   16 23:33:32 -2504045.106482        0.0203
BFGS:   17 23:34:04 -2504045.106818        0.0254
BFGS:   18 23:34:35 -2504045.107211        0.0281
BFGS:   19 23:35:06 -2504045.107613        0.0304
BFGS:   20 23:35:38 -2504045.107935        0.0270
BFGS:   21 23:36:10 -2504045.108151        0.0168
BFGS:   22 23:36:43 -2504045.108314        0.0128
BFGS:   23 23:37:14 -2504045.108489        0.0144
BFGS:   24 23:37:47 -2504045.108711        0.0208
BFGS:   25 23:38:17 -2504045.108960        0.0225
BFGS:   26 23:38:50 -2504045.109167        0.0167
BFGS:   27 23:39:22 -2504045.109309        0.0117
BFGS:   28 23:39:53 -2504045.109427        0.0117
BFGS:   29 23:40:25 -2504045.109560        0.0185
BFGS:   30 23:40:55 -2504045.109699        0.0186
BFGS:   31 23:41:27 -2504045.109810        0.0105
BFGS:   32 23:41:59 -2504045.109898        0.0106
BFGS:   33 23:42:31 -2504045.109993        0.0143
BFGS:   34 23:43:02 -2504045.110116        0.0213
BFGS:   35 23:43:34 -2504045.110239        0.0183
BFGS:   36 23:44:06 -2504045.110322        0.0074
BFGS:   37 23:44:38 -2504045.110376        0.0065
BFGS:   38 23:45:08 -2504045.110433        0.0118
BFGS:   39 23:45:38 -2504045.110508        0.0161
BFGS:   40 23:46:10 -2504045.110587        0.0128
BFGS:   41 23:46:40 -2504045.110650        0.0072
BFGS:   42 23:47:12 -2504045.110699        0.0065
BFGS:   43 23:47:44 -2504045.110750        0.0104
BFGS:   44 23:48:15 -2504045.110805        0.0107
BFGS:   45 23:48:47 -2504045.110855        0.0085
BFGS:   46 23:49:20 -2504045.110893        0.0060
BFGS:   47 23:49:53 -2504045.110927        0.0069
BFGS:   48 23:50:26 -2504045.110964        0.0087
BFGS:   49 23:50:58 -2504045.111007        0.0084
BFGS:   50 23:51:31 -2504045.111048        0.0082
BFGS:   51 23:52:03 -2504045.111081        0.0046
BFGS:   52 23:52:38 -2504045.111107        0.0059
BFGS:   53 23:53:10 -2504045.111133        0.0065
BFGS:   54 23:53:44 -2504045.111162        0.0085
BFGS:   55 23:54:17 -2504045.111191        0.0066
BFGS:   56 23:54:50 -2504045.111218        0.0055
BFGS:   57 23:55:23 -2504045.111240        0.0039
BFGS:   58 23:55:57 -2504045.111261        0.0069
BFGS:   59 23:56:32 -2504045.111283        0.0074
BFGS:   60 23:57:04 -2504045.111303        0.0056
BFGS:   61 23:57:37 -2504045.111320        0.0036
BFGS:   62 23:58:13 -2504045.111335        0.0036
BFGS:   63 23:58:47 -2504045.111352        0.0059
BFGS:   64 23:59:21 -2504045.111372        0.0065
BFGS:   65 23:59:55 -2504045.111390        0.0054
BFGS:   66 00:00:28 -2504045.111402        0.0021
BFGS:   67 00:01:01 -2504045.111412        0.0023
BFGS:   68 00:01:34 -2504045.111423        0.0051
BFGS:   69 00:02:06 -2504045.111436        0.0061
BFGS:   70 00:02:38 -2504045.111449        0.0041
BFGS:   71 00:03:12 -2504045.111458        0.0025
BFGS:   72 00:03:46 -2504045.111467        0.0032
BFGS:   73 00:04:19 -2504045.111477        0.0053
BFGS:   74 00:04:54 -2504045.111487        0.0049
BFGS:   75 00:05:25 -2504045.111495        0.0021
BFGS:   76 00:05:58 -2504045.111501        0.0016
BFGS:   77 00:06:30 -2504045.111507        0.0035
BFGS:   78 00:07:04 -2504045.111514        0.0046
BFGS:   79 00:07:38 -2504045.111522        0.0036
BFGS:   80 00:08:11 -2504045.111529        0.0027
BFGS:   81 00:08:44 -2504045.111534        0.0017
BFGS:   82 00:09:18 -2504045.111539        0.0029
BFGS:   83 00:09:49 -2504045.111544        0.0026
BFGS:   84 00:10:21 -2504045.111548        0.0029
BFGS:   85 00:10:54 -2504045.111553        0.0020
BFGS:   86 00:11:27 -2504045.111557        0.0021
BFGS:   87 00:12:00 -2504045.111561        0.0022
BFGS:   88 00:12:33 -2504045.111565        0.0025
BFGS:   89 00:13:06 -2504045.111569        0.0023
BFGS:   90 00:13:39 -2504045.111572        0.0016
BFGS:   91 00:14:12 -2504045.111574        0.0016
BFGS:   92 00:14:47 -2504045.111577        0.0018
BFGS:   93 00:15:21 -2504045.111580        0.0022
BFGS:   94 00:15:55 -2504045.111583        0.0020
BFGS:   95 00:16:28 -2504045.111586        0.0016
BFGS:   96 00:17:01 -2504045.111588        0.0010
39 38 186 79 107
Combined bilayer energy = -2504045.1115876148
Energy cost per unit length : 0.08119830237481773
Prev_energy - Current_energy = 0.0029857518286142692
      Step     Time          Energy         fmax
BFGS:    0 00:17:02 -2504045.111588        0.2308
BFGS:    1 00:17:32 -2504045.114610        0.1644
BFGS:    2 00:18:03 -2504045.118668        0.0682
BFGS:    3 00:18:35 -2504045.119748        0.0708
BFGS:    4 00:19:06 -2504045.125095        0.0968
BFGS:    5 00:19:40 -2504045.127397        0.0770
BFGS:    6 00:20:14 -2504045.128484        0.0344
BFGS:    7 00:20:48 -2504045.128957        0.0303
BFGS:    8 00:21:22 -2504045.129728        0.0399
BFGS:    9 00:21:52 -2504045.130685        0.0559
BFGS:   10 00:22:26 -2504045.131593        0.0413
BFGS:   11 00:22:57 -2504045.132164        0.0248
BFGS:   12 00:23:31 -2504045.132577        0.0220
BFGS:   13 00:24:03 -2504045.133010        0.0320
BFGS:   14 00:24:37 -2504045.133468        0.0308
BFGS:   15 00:25:10 -2504045.133842        0.0287
BFGS:   16 00:25:42 -2504045.134124        0.0201
BFGS:   17 00:26:11 -2504045.134400        0.0236
BFGS:   18 00:26:44 -2504045.134741        0.0294
BFGS:   19 00:27:17 -2504045.135116        0.0295
BFGS:   20 00:27:52 -2504045.135430        0.0300
BFGS:   21 00:28:26 -2504045.135638        0.0180
BFGS:   22 00:29:01 -2504045.135792        0.0141
BFGS:   23 00:29:36 -2504045.135959        0.0166
BFGS:   24 00:30:10 -2504045.136180        0.0261
BFGS:   25 00:30:44 -2504045.136438        0.0278
BFGS:   26 00:31:19 -2504045.136666        0.0161
BFGS:   27 00:31:53 -2504045.136828        0.0123
BFGS:   28 00:32:28 -2504045.136962        0.0139
BFGS:   29 00:33:04 -2504045.137113        0.0206
BFGS:   30 00:33:38 -2504045.137282        0.0177
BFGS:   31 00:34:12 -2504045.137431        0.0125
BFGS:   32 00:34:47 -2504045.137549        0.0116
BFGS:   33 00:35:21 -2504045.137670        0.0184
BFGS:   34 00:35:57 -2504045.137827        0.0232
BFGS:   35 00:36:33 -2504045.138002        0.0193
BFGS:   36 00:37:09 -2504045.138141        0.0115
BFGS:   37 00:37:45 -2504045.138234        0.0062
BFGS:   38 00:38:19 -2504045.138323        0.0140
BFGS:   39 00:38:55 -2504045.138441        0.0177
BFGS:   40 00:39:30 -2504045.138578        0.0166
BFGS:   41 00:40:05 -2504045.138701        0.0099
BFGS:   42 00:40:41 -2504045.138800        0.0083
BFGS:   43 00:41:17 -2504045.138896        0.0119
BFGS:   44 00:41:53 -2504045.139005        0.0149
BFGS:   45 00:42:28 -2504045.139115        0.0102
BFGS:   46 00:43:05 -2504045.139208        0.0084
BFGS:   47 00:43:42 -2504045.139291        0.0076
BFGS:   48 00:44:19 -2504045.139382        0.0127
BFGS:   49 00:44:55 -2504045.139487        0.0118
BFGS:   50 00:45:32 -2504045.139591        0.0107
BFGS:   51 00:46:08 -2504045.139679        0.0068
BFGS:   52 00:46:44 -2504045.139755        0.0088
BFGS:   53 00:47:21 -2504045.139831        0.0094
BFGS:   54 00:47:58 -2504045.139917        0.0137
BFGS:   55 00:48:34 -2504045.140009        0.0130
BFGS:   56 00:49:11 -2504045.140096        0.0083
BFGS:   57 00:49:48 -2504045.140175        0.0087
BFGS:   58 00:50:26 -2504045.140250        0.0106
BFGS:   59 00:51:03 -2504045.140327        0.0141
BFGS:   60 00:51:42 -2504045.140403        0.0117
BFGS:   61 00:52:21 -2504045.140472        0.0084
BFGS:   62 00:52:59 -2504045.140534        0.0062
BFGS:   63 00:53:37 -2504045.140603        0.0095
BFGS:   64 00:54:14 -2504045.140687        0.0121
BFGS:   65 00:54:52 -2504045.140775        0.0108
BFGS:   66 00:55:29 -2504045.140844        0.0072
BFGS:   67 00:56:05 -2504045.140895        0.0053
BFGS:   68 00:56:44 -2504045.140949        0.0069
BFGS:   69 00:57:22 -2504045.141018        0.0120
BFGS:   70 00:58:00 -2504045.141096        0.0121
BFGS:   71 00:58:39 -2504045.141164        0.0061
BFGS:   72 00:59:16 -2504045.141221        0.0061
BFGS:   73 00:59:53 -2504045.141281        0.0098
BFGS:   74 01:00:31 -2504045.141349        0.0136
BFGS:   75 01:01:08 -2504045.141413        0.0109
BFGS:   76 01:01:46 -2504045.141463        0.0046
BFGS:   77 01:02:24 -2504045.141506        0.0055
BFGS:   78 01:03:03 -2504045.141558        0.0112
BFGS:   79 01:03:42 -2504045.141621        0.0137
BFGS:   80 01:04:20 -2504045.141683        0.0105
BFGS:   81 01:04:59 -2504045.141731        0.0058
BFGS:   82 01:05:38 -2504045.141770        0.0059
BFGS:   83 01:06:16 -2504045.141811        0.0090
BFGS:   84 01:06:53 -2504045.141855        0.0092
BFGS:   85 01:07:32 -2504045.141898        0.0066
BFGS:   86 01:08:10 -2504045.141936        0.0053
BFGS:   87 01:08:48 -2504045.141972        0.0067
BFGS:   88 01:09:25 -2504045.142008        0.0080
BFGS:   89 01:10:02 -2504045.142045        0.0073
BFGS:   90 01:10:39 -2504045.142078        0.0058
BFGS:   91 01:11:17 -2504045.142105        0.0049
BFGS:   92 01:11:54 -2504045.142128        0.0058
BFGS:   93 01:12:33 -2504045.142154        0.0072
BFGS:   94 01:13:12 -2504045.142183        0.0082
BFGS:   95 01:13:50 -2504045.142211        0.0069
BFGS:   96 01:14:27 -2504045.142233        0.0041
BFGS:   97 01:15:06 -2504045.142250        0.0036
BFGS:   98 01:15:43 -2504045.142266        0.0057
BFGS:   99 01:16:20 -2504045.142286        0.0070
BFGS:  100 01:16:58 -2504045.142304        0.0055
BFGS:  101 01:17:37 -2504045.142319        0.0030
BFGS:  102 01:18:15 -2504045.142332        0.0028
BFGS:  103 01:18:53 -2504045.142346        0.0054
BFGS:  104 01:19:31 -2504045.142361        0.0060
BFGS:  105 01:20:08 -2504045.142374        0.0035
BFGS:  106 01:20:47 -2504045.142382        0.0019
BFGS:  107 01:21:26 -2504045.142390        0.0030
BFGS:  108 01:22:04 -2504045.142399        0.0049
BFGS:  109 01:22:43 -2504045.142410        0.0048
BFGS:  110 01:23:21 -2504045.142420        0.0024
BFGS:  111 01:23:58 -2504045.142427        0.0017
BFGS:  112 01:24:38 -2504045.142432        0.0028
BFGS:  113 01:25:16 -2504045.142438        0.0035
BFGS:  114 01:25:54 -2504045.142445        0.0024
BFGS:  115 01:26:32 -2504045.142450        0.0019
BFGS:  116 01:27:11 -2504045.142454        0.0017
BFGS:  117 01:27:50 -2504045.142459        0.0026
BFGS:  118 01:28:29 -2504045.142464        0.0022
BFGS:  119 01:29:08 -2504045.142469        0.0024
BFGS:  120 01:29:48 -2504045.142473        0.0015
BFGS:  121 01:30:26 -2504045.142476        0.0015
BFGS:  122 01:31:05 -2504045.142478        0.0014
BFGS:  123 01:31:48 -2504045.142481        0.0020
BFGS:  124 01:32:25 -2504045.142485        0.0019
BFGS:  125 01:33:05 -2504045.142488        0.0017
BFGS:  126 01:33:43 -2504045.142490        0.0013
BFGS:  127 01:34:22 -2504045.142492        0.0015
BFGS:  128 01:34:59 -2504045.142494        0.0016
BFGS:  129 01:35:39 -2504045.142496        0.0018
BFGS:  130 01:36:17 -2504045.142498        0.0016
BFGS:  131 01:36:56 -2504045.142500        0.0009
38 38 186 78 108
Combined bilayer energy = -2504045.142500003
Energy cost per unit length : 0.08146105706109279
Prev_energy - Current_energy = 0.0002627546862750546
