Starting calculations for AP-MoS2/MoS2
      Step     Time          Energy         fmax
BFGS:    0 16:10:29   -10245.137635        0.0190
BFGS:    1 16:10:30   -10245.137656        0.0074
BFGS:    2 16:10:36   -10245.137660        0.0023
BFGS:    3 16:10:36   -10245.137660        0.0019
BFGS:    4 16:10:36   -10245.137661        0.0011
BFGS:    5 16:10:36   -10245.137661        0.0011
BFGS:    6 16:10:36   -10245.137662        0.0017
BFGS:    7 16:10:36   -10245.137663        0.0026
BFGS:    8 16:10:36   -10245.137665        0.0036
BFGS:    9 16:10:36   -10245.137667        0.0032
BFGS:   10 16:10:36   -10245.137669        0.0013
BFGS:   11 16:10:36   -10245.137669        0.0002
      Step     Time          Energy         fmax
BFGS:    0 16:10:36   -10245.157705        0.0367
BFGS:    1 16:10:36   -10245.157808        0.0208
BFGS:    2 16:10:36   -10245.157844        0.0059
BFGS:    3 16:10:36   -10245.157850        0.0062
BFGS:    4 16:10:36   -10245.157855        0.0030
BFGS:    5 16:10:36   -10245.157856        0.0030
BFGS:    6 16:10:36   -10245.157859        0.0051
BFGS:    7 16:10:36   -10245.157864        0.0074
BFGS:    8 16:10:36   -10245.157877        0.0103
BFGS:    9 16:10:36   -10245.157896        0.0134
BFGS:   10 16:10:36   -10245.157915        0.0103
BFGS:   11 16:10:36   -10245.157923        0.0037
BFGS:   12 16:10:36   -10245.157924        0.0004
MM' and 2H energies : -10245.137668853778 , -10245.157923630046
      Step     Time          Energy         fmax
BFGS:    0 16:10:43 -1905594.857293        0.5610
BFGS:    1 16:11:12 -1905595.405587        0.3407
BFGS:    2 16:11:43 -1905595.807083        0.1574
BFGS:    3 16:12:15 -1905595.849997        0.1272
BFGS:    4 16:12:47 -1905595.906629        0.0643
BFGS:    5 16:13:19 -1905595.910403        0.0590
BFGS:    6 16:13:50 -1905595.915989        0.0610
BFGS:    7 16:14:22 -1905595.922539        0.0647
BFGS:    8 16:14:53 -1905595.932804        0.0580
BFGS:    9 16:15:25 -1905595.943677        0.0683
BFGS:   10 16:15:57 -1905595.955708        0.0664
BFGS:   11 16:16:29 -1905595.969760        0.0838
BFGS:   12 16:17:01 -1905595.987997        0.1135
BFGS:   13 16:17:32 -1905596.008244        0.1187
BFGS:   14 16:18:04 -1905596.024647        0.0910
BFGS:   15 16:18:35 -1905596.034525        0.0736
BFGS:   16 16:19:08 -1905596.041364        0.0678
BFGS:   17 16:19:39 -1905596.049001        0.0826
BFGS:   18 16:20:11 -1905596.058644        0.0902
BFGS:   19 16:20:43 -1905596.068477        0.0667
BFGS:   20 16:21:15 -1905596.075568        0.0443
BFGS:   21 16:21:49 -1905596.079823        0.0387
BFGS:   22 16:22:21 -1905596.083198        0.0390
BFGS:   23 16:22:53 -1905596.087077        0.0394
BFGS:   24 16:23:25 -1905596.091509        0.0354
BFGS:   25 16:23:56 -1905596.095797        0.0352
BFGS:   26 16:24:28 -1905596.099418        0.0359
BFGS:   27 16:24:59 -1905596.102545        0.0359
BFGS:   28 16:25:30 -1905596.105454        0.0313
BFGS:   29 16:26:01 -1905596.108154        0.0291
BFGS:   30 16:26:33 -1905596.110766        0.0299
BFGS:   31 16:27:05 -1905596.113703        0.0320
BFGS:   32 16:27:36 -1905596.117226        0.0365
BFGS:   33 16:28:07 -1905596.120918        0.0404
BFGS:   34 16:28:39 -1905596.124148        0.0389
BFGS:   35 16:29:10 -1905596.127071        0.0346
BFGS:   36 16:29:42 -1905596.130472        0.0382
BFGS:   37 16:30:13 -1905596.134721        0.0439
BFGS:   38 16:30:44 -1905596.139047        0.0456
BFGS:   39 16:31:17 -1905596.142637        0.0447
BFGS:   40 16:31:49 -1905596.145991        0.0468
BFGS:   41 16:32:21 -1905596.150316        0.0471
BFGS:   42 16:32:52 -1905596.155927        0.0583
BFGS:   43 16:33:24 -1905596.161395        0.0530
BFGS:   44 16:33:58 -1905596.165476        0.0479
BFGS:   45 16:34:30 -1905596.168962        0.0492
BFGS:   46 16:35:01 -1905596.173349        0.0497
BFGS:   47 16:35:34 -1905596.178810        0.0643
BFGS:   48 16:36:06 -1905596.183689        0.0508
BFGS:   49 16:36:40 -1905596.186989        0.0351
BFGS:   50 16:37:12 -1905596.189727        0.0354
BFGS:   51 16:37:44 -1905596.193237        0.0625
BFGS:   52 16:38:16 -1905596.197483        0.0767
BFGS:   53 16:38:48 -1905596.201081        0.0558
BFGS:   54 16:39:19 -1905596.203384        0.0295
BFGS:   55 16:39:50 -1905596.205207        0.0272
BFGS:   56 16:40:23 -1905596.207391        0.0564
BFGS:   57 16:40:55 -1905596.209848        0.0655
BFGS:   58 16:41:26 -1905596.211903        0.0444
BFGS:   59 16:41:57 -1905596.213357        0.0280
BFGS:   60 16:42:29 -1905596.214634        0.0282
BFGS:   61 16:43:02 -1905596.216081        0.0484
BFGS:   62 16:43:34 -1905596.217585        0.0467
BFGS:   63 16:44:07 -1905596.218861        0.0251
BFGS:   64 16:44:38 -1905596.219890        0.0250
BFGS:   65 16:45:09 -1905596.220900        0.0353
BFGS:   66 16:45:41 -1905596.222019        0.0444
BFGS:   67 16:46:12 -1905596.223138        0.0320
BFGS:   68 16:46:44 -1905596.224098        0.0181
BFGS:   69 16:47:16 -1905596.224943        0.0230
BFGS:   70 16:47:47 -1905596.225873        0.0404
BFGS:   71 16:48:18 -1905596.227023        0.0427
BFGS:   72 16:48:51 -1905596.228285        0.0254
BFGS:   73 16:49:23 -1905596.229397        0.0171
BFGS:   74 16:49:55 -1905596.230317        0.0270
BFGS:   75 16:50:26 -1905596.231275        0.0370
BFGS:   76 16:50:56 -1905596.232506        0.0334
BFGS:   77 16:51:27 -1905596.233976        0.0246
BFGS:   78 16:51:59 -1905596.235412        0.0210
BFGS:   79 16:52:30 -1905596.236705        0.0269
BFGS:   80 16:53:01 -1905596.238094        0.0296
BFGS:   81 16:53:32 -1905596.239866        0.0315
BFGS:   82 16:54:05 -1905596.241951        0.0265
BFGS:   83 16:54:36 -1905596.243967        0.0231
BFGS:   84 16:55:08 -1905596.245803        0.0274
BFGS:   85 16:55:39 -1905596.247797        0.0306
BFGS:   86 16:56:11 -1905596.250249        0.0366
BFGS:   87 16:56:42 -1905596.252961        0.0276
BFGS:   88 16:57:12 -1905596.255541        0.0322
BFGS:   89 16:57:45 -1905596.258062        0.0324
BFGS:   90 16:58:16 -1905596.260995        0.0348
BFGS:   91 16:58:48 -1905596.264437        0.0389
BFGS:   92 16:59:19 -1905596.267736        0.0401
BFGS:   93 16:59:50 -1905596.270418        0.0337
BFGS:   94 17:00:23 -1905596.272910        0.0304
BFGS:   95 17:00:56 -1905596.275880        0.0338
BFGS:   96 17:01:30 -1905596.279253        0.0489
BFGS:   97 17:02:03 -1905596.282242        0.0468
BFGS:   98 17:02:34 -1905596.284529        0.0257
BFGS:   99 17:03:05 -1905596.286642        0.0238
BFGS:  100 17:03:35 -1905596.289142        0.0469
BFGS:  101 17:04:07 -1905596.291939        0.0603
BFGS:  102 17:04:39 -1905596.294596        0.0449
BFGS:  103 17:05:10 -1905596.297101        0.0283
BFGS:  104 17:05:41 -1905596.299954        0.0392
BFGS:  105 17:06:12 -1905596.303466        0.0750
BFGS:  106 17:06:43 -1905596.307230        0.0794
BFGS:  107 17:07:14 -1905596.310669        0.0456
BFGS:  108 17:07:46 -1905596.313985        0.0322
BFGS:  109 17:08:19 -1905596.318005        0.0700
BFGS:  110 17:08:51 -1905596.323096        0.1105
BFGS:  111 17:09:23 -1905596.328223        0.1004
BFGS:  112 17:09:54 -1905596.332039        0.0444
BFGS:  113 17:10:25 -1905596.334779        0.0270
BFGS:  114 17:10:58 -1905596.337574        0.0713
BFGS:  115 17:11:29 -1905596.341107        0.0991
BFGS:  116 17:12:00 -1905596.344992        0.0833
BFGS:  117 17:12:31 -1905596.348458        0.0349
BFGS:  118 17:13:04 -1905596.351513        0.0349
BFGS:  119 17:13:37 -1905596.354933        0.0833
BFGS:  120 17:14:09 -1905596.359216        0.1033
BFGS:  121 17:14:42 -1905596.363821        0.0772
BFGS:  122 17:15:14 -1905596.367792        0.0318
BFGS:  123 17:15:45 -1905596.371110        0.0420
BFGS:  124 17:16:17 -1905596.374515        0.0768
BFGS:  125 17:16:49 -1905596.378261        0.0778
BFGS:  126 17:17:22 -1905596.381650        0.0416
BFGS:  127 17:17:54 -1905596.384246        0.0247
BFGS:  128 17:18:26 -1905596.386585        0.0462
BFGS:  129 17:18:58 -1905596.389466        0.0663
BFGS:  130 17:19:29 -1905596.392997        0.0592
BFGS:  131 17:20:01 -1905596.396379        0.0424
BFGS:  132 17:20:32 -1905596.398995        0.0312
BFGS:  133 17:21:03 -1905596.401240        0.0436
BFGS:  134 17:21:35 -1905596.403761        0.0508
BFGS:  135 17:22:06 -1905596.406520        0.0479
BFGS:  136 17:22:37 -1905596.408914        0.0296
BFGS:  137 17:23:08 -1905596.410756        0.0271
BFGS:  138 17:23:39 -1905596.412475        0.0374
BFGS:  139 17:24:10 -1905596.414442        0.0365
BFGS:  140 17:24:42 -1905596.416515        0.0310
BFGS:  141 17:25:12 -1905596.418359        0.0247
BFGS:  142 17:25:44 -1905596.419994        0.0236
BFGS:  143 17:26:16 -1905596.421732        0.0359
BFGS:  144 17:26:49 -1905596.423646        0.0393
BFGS:  145 17:27:20 -1905596.425367        0.0240
BFGS:  146 17:27:52 -1905596.426648        0.0183
BFGS:  147 17:28:24 -1905596.427720        0.0229
BFGS:  148 17:28:55 -1905596.428954        0.0348
BFGS:  149 17:29:27 -1905596.430443        0.0337
BFGS:  150 17:29:58 -1905596.431913        0.0300
BFGS:  151 17:30:30 -1905596.433096        0.0181
BFGS:  152 17:31:02 -1905596.434071        0.0240
BFGS:  153 17:31:34 -1905596.435096        0.0291
BFGS:  154 17:32:05 -1905596.436212        0.0333
BFGS:  155 17:32:36 -1905596.437230        0.0218
BFGS:  156 17:33:08 -1905596.438095        0.0146
BFGS:  157 17:33:39 -1905596.438929        0.0193
BFGS:  158 17:34:11 -1905596.439864        0.0282
BFGS:  159 17:34:42 -1905596.440823        0.0256
BFGS:  160 17:35:13 -1905596.441630        0.0189
BFGS:  161 17:35:45 -1905596.442274        0.0156
BFGS:  162 17:36:15 -1905596.442922        0.0186
BFGS:  163 17:36:48 -1905596.443693        0.0262
BFGS:  164 17:37:19 -1905596.444501        0.0225
BFGS:  165 17:37:50 -1905596.445171        0.0148
BFGS:  166 17:38:22 -1905596.445700        0.0141
BFGS:  167 17:38:53 -1905596.446229        0.0198
BFGS:  168 17:39:25 -1905596.446843        0.0231
BFGS:  169 17:39:57 -1905596.447464        0.0195
BFGS:  170 17:40:29 -1905596.447987        0.0148
BFGS:  171 17:41:01 -1905596.448439        0.0133
BFGS:  172 17:41:32 -1905596.448919        0.0182
BFGS:  173 17:42:03 -1905596.449446        0.0201
BFGS:  174 17:42:35 -1905596.449929        0.0201
BFGS:  175 17:43:06 -1905596.450318        0.0110
BFGS:  176 17:43:37 -1905596.450681        0.0130
BFGS:  177 17:44:09 -1905596.451101        0.0179
BFGS:  178 17:44:40 -1905596.451570        0.0210
BFGS:  179 17:45:12 -1905596.451998        0.0161
BFGS:  180 17:45:44 -1905596.452348        0.0104
BFGS:  181 17:46:15 -1905596.452683        0.0117
BFGS:  182 17:46:47 -1905596.453070        0.0189
BFGS:  183 17:47:18 -1905596.453498        0.0204
BFGS:  184 17:47:49 -1905596.453900        0.0144
BFGS:  185 17:48:22 -1905596.454261        0.0107
BFGS:  186 17:48:54 -1905596.454643        0.0196
BFGS:  187 17:49:26 -1905596.455105        0.0261
BFGS:  188 17:49:57 -1905596.455619        0.0216
BFGS:  189 17:50:29 -1905596.456098        0.0136
BFGS:  190 17:51:01 -1905596.456522        0.0128
BFGS:  191 17:51:32 -1905596.456970        0.0231
BFGS:  192 17:52:04 -1905596.457509        0.0282
BFGS:  193 17:52:35 -1905596.458093        0.0214
BFGS:  194 17:53:06 -1905596.458611        0.0107
BFGS:  195 17:53:38 -1905596.459050        0.0111
BFGS:  196 17:54:11 -1905596.459492        0.0193
BFGS:  197 17:54:42 -1905596.459978        0.0207
BFGS:  198 17:55:13 -1905596.460434        0.0134
BFGS:  199 17:55:45 -1905596.460792        0.0119
BFGS:  200 17:56:17 -1905596.461104        0.0098
BFGS:  201 17:56:49 -1905596.461466        0.0138
BFGS:  202 17:57:21 -1905596.461893        0.0145
BFGS:  203 17:57:52 -1905596.462303        0.0117
BFGS:  204 17:58:24 -1905596.462643        0.0126
BFGS:  205 17:58:54 -1905596.462973        0.0148
BFGS:  206 17:59:25 -1905596.463382        0.0154
BFGS:  207 17:59:57 -1905596.463872        0.0175
BFGS:  208 18:00:30 -1905596.464343        0.0135
BFGS:  209 18:01:02 -1905596.464750        0.0142
BFGS:  210 18:01:35 -1905596.465177        0.0131
BFGS:  211 18:02:07 -1905596.465726        0.0212
BFGS:  212 18:02:39 -1905596.466371        0.0226
BFGS:  213 18:03:11 -1905596.466952        0.0152
BFGS:  214 18:03:42 -1905596.467401        0.0105
BFGS:  215 18:04:14 -1905596.467818        0.0175
BFGS:  216 18:04:45 -1905596.468316        0.0267
BFGS:  217 18:05:18 -1905596.468873        0.0265
BFGS:  218 18:05:49 -1905596.469390        0.0163
BFGS:  219 18:06:22 -1905596.469847        0.0115
BFGS:  220 18:06:53 -1905596.470333        0.0163
BFGS:  221 18:07:23 -1905596.470910        0.0216
BFGS:  222 18:07:56 -1905596.471515        0.0179
BFGS:  223 18:08:27 -1905596.472046        0.0128
BFGS:  224 18:08:59 -1905596.472522        0.0106
BFGS:  225 18:09:30 -1905596.473050        0.0216
BFGS:  226 18:10:02 -1905596.473676        0.0269
BFGS:  227 18:10:34 -1905596.474304        0.0205
BFGS:  228 18:11:08 -1905596.474820        0.0112
BFGS:  229 18:11:40 -1905596.475258        0.0170
BFGS:  230 18:12:12 -1905596.475740        0.0231
BFGS:  231 18:12:44 -1905596.476319        0.0281
BFGS:  232 18:13:16 -1905596.476909        0.0221
BFGS:  233 18:13:49 -1905596.477412        0.0109
BFGS:  234 18:14:21 -1905596.477861        0.0150
BFGS:  235 18:14:53 -1905596.478367        0.0242
BFGS:  236 18:15:25 -1905596.478966        0.0244
BFGS:  237 18:15:57 -1905596.479558        0.0145
BFGS:  238 18:16:29 -1905596.480050        0.0140
BFGS:  239 18:17:01 -1905596.480493        0.0128
BFGS:  240 18:17:32 -1905596.480994        0.0201
BFGS:  241 18:18:04 -1905596.481564        0.0203
BFGS:  242 18:18:35 -1905596.482098        0.0141
BFGS:  243 18:19:08 -1905596.482544        0.0125
BFGS:  244 18:19:40 -1905596.482981        0.0145
BFGS:  245 18:20:12 -1905596.483516        0.0169
BFGS:  246 18:20:44 -1905596.484127        0.0205
BFGS:  247 18:21:17 -1905596.484678        0.0182
BFGS:  248 18:21:48 -1905596.485125        0.0114
BFGS:  249 18:22:20 -1905596.485574        0.0160
BFGS:  250 18:22:53 -1905596.486136        0.0220
BFGS:  251 18:23:25 -1905596.486771        0.0280
BFGS:  252 18:23:56 -1905596.487336        0.0201
BFGS:  253 18:24:27 -1905596.487797        0.0120
BFGS:  254 18:24:58 -1905596.488269        0.0170
BFGS:  255 18:25:30 -1905596.488855        0.0303
BFGS:  256 18:26:01 -1905596.489510        0.0333
BFGS:  257 18:26:32 -1905596.490114        0.0205
BFGS:  258 18:27:03 -1905596.490658        0.0116
BFGS:  259 18:27:34 -1905596.491255        0.0220
BFGS:  260 18:28:05 -1905596.491978        0.0358
BFGS:  261 18:28:36 -1905596.492730        0.0323
BFGS:  262 18:29:08 -1905596.493373        0.0131
BFGS:  263 18:29:40 -1905596.493935        0.0115
BFGS:  264 18:30:12 -1905596.494564        0.0314
BFGS:  265 18:30:43 -1905596.495327        0.0397
BFGS:  266 18:31:15 -1905596.496109        0.0287
BFGS:  267 18:31:47 -1905596.496774        0.0131
BFGS:  268 18:32:18 -1905596.497365        0.0211
BFGS:  269 18:32:49 -1905596.498028        0.0380
BFGS:  270 18:33:21 -1905596.498815        0.0401
BFGS:  271 18:33:52 -1905596.499598        0.0244
BFGS:  272 18:34:24 -1905596.500258        0.0143
BFGS:  273 18:34:56 -1905596.500866        0.0252
BFGS:  274 18:35:28 -1905596.501585        0.0375
BFGS:  275 18:36:00 -1905596.502463        0.0350
BFGS:  276 18:36:33 -1905596.503368        0.0222
BFGS:  277 18:37:05 -1905596.504174        0.0140
BFGS:  278 18:37:37 -1905596.504962        0.0268
BFGS:  279 18:38:08 -1905596.505921        0.0346
BFGS:  280 18:38:40 -1905596.507111        0.0284
BFGS:  281 18:39:11 -1905596.508363        0.0247
BFGS:  282 18:39:43 -1905596.509521        0.0193
BFGS:  283 18:40:15 -1905596.510697        0.0278
BFGS:  284 18:40:47 -1905596.512122        0.0320
BFGS:  285 18:41:19 -1905596.513802        0.0376
BFGS:  286 18:41:52 -1905596.515445        0.0300
BFGS:  287 18:42:23 -1905596.516882        0.0233
BFGS:  288 18:42:54 -1905596.518330        0.0310
BFGS:  289 18:43:25 -1905596.520073        0.0400
BFGS:  290 18:43:57 -1905596.521986        0.0424
BFGS:  291 18:44:29 -1905596.523621        0.0264
BFGS:  292 18:45:01 -1905596.524869        0.0215
BFGS:  293 18:45:33 -1905596.526065        0.0274
BFGS:  294 18:46:04 -1905596.527491        0.0378
BFGS:  295 18:46:35 -1905596.529011        0.0318
BFGS:  296 18:47:07 -1905596.530308        0.0206
BFGS:  297 18:47:39 -1905596.531380        0.0162
BFGS:  298 18:48:10 -1905596.532510        0.0300
BFGS:  299 18:48:42 -1905596.533861        0.0341
BFGS:  300 18:49:14 -1905596.535251        0.0294
BFGS:  301 18:49:45 -1905596.536440        0.0191
BFGS:  302 18:50:17 -1905596.537506        0.0219
BFGS:  303 18:50:49 -1905596.538733        0.0356
BFGS:  304 18:51:20 -1905596.540236        0.0411
BFGS:  305 18:51:51 -1905596.541786        0.0354
BFGS:  306 18:52:23 -1905596.543115        0.0183
BFGS:  307 18:52:56 -1905596.544297        0.0236
BFGS:  308 18:53:27 -1905596.545590        0.0334
BFGS:  309 18:53:59 -1905596.547056        0.0411
BFGS:  310 18:54:31 -1905596.548464        0.0295
BFGS:  311 18:55:04 -1905596.549656        0.0174
BFGS:  312 18:55:36 -1905596.550783        0.0229
BFGS:  313 18:56:08 -1905596.552068        0.0370
BFGS:  314 18:56:40 -1905596.553499        0.0389
BFGS:  315 18:57:12 -1905596.554841        0.0226
BFGS:  316 18:57:44 -1905596.556000        0.0190
BFGS:  317 18:58:16 -1905596.557169        0.0266
BFGS:  318 18:58:48 -1905596.558555        0.0395
BFGS:  319 18:59:20 -1905596.560077        0.0349
BFGS:  320 18:59:51 -1905596.561442        0.0185
BFGS:  321 19:00:24 -1905596.562566        0.0163
BFGS:  322 19:00:56 -1905596.563650        0.0290
BFGS:  323 19:01:27 -1905596.564848        0.0343
BFGS:  324 19:02:00 -1905596.566036        0.0244
BFGS:  325 19:02:31 -1905596.567016        0.0159
BFGS:  326 19:03:03 -1905596.567834        0.0158
BFGS:  327 19:03:35 -1905596.568705        0.0260
BFGS:  328 19:04:07 -1905596.569723        0.0269
BFGS:  329 19:04:37 -1905596.570739        0.0236
BFGS:  330 19:05:10 -1905596.571589        0.0157
BFGS:  331 19:05:42 -1905596.572340        0.0170
BFGS:  332 19:06:14 -1905596.573177        0.0258
BFGS:  333 19:06:49 -1905596.574148        0.0331
BFGS:  334 19:07:20 -1905596.575083        0.0265
BFGS:  335 19:07:53 -1905596.575843        0.0139
BFGS:  336 19:08:25 -1905596.576516        0.0153
BFGS:  337 19:08:55 -1905596.577269        0.0230
BFGS:  338 19:09:27 -1905596.578118        0.0268
BFGS:  339 19:09:58 -1905596.578916        0.0220
BFGS:  340 19:10:30 -1905596.579585        0.0128
BFGS:  341 19:11:02 -1905596.580235        0.0157
BFGS:  342 19:11:32 -1905596.581006        0.0245
BFGS:  343 19:12:04 -1905596.581874        0.0274
BFGS:  344 19:12:34 -1905596.582674        0.0184
BFGS:  345 19:13:07 -1905596.583337        0.0126
BFGS:  346 19:13:38 -1905596.583980        0.0178
BFGS:  347 19:14:09 -1905596.584718        0.0271
BFGS:  348 19:14:40 -1905596.585489        0.0246
BFGS:  349 19:15:11 -1905596.586147        0.0152
BFGS:  350 19:15:42 -1905596.586686        0.0132
BFGS:  351 19:16:16 -1905596.587243        0.0208
BFGS:  352 19:16:48 -1905596.587907        0.0257
BFGS:  353 19:17:20 -1905596.588598        0.0233
BFGS:  354 19:17:52 -1905596.589187        0.0118
BFGS:  355 19:18:24 -1905596.589688        0.0127
BFGS:  356 19:18:56 -1905596.590228        0.0202
BFGS:  357 19:19:27 -1905596.590870        0.0258
BFGS:  358 19:19:59 -1905596.591518        0.0211
BFGS:  359 19:20:30 -1905596.592057        0.0097
BFGS:  360 19:21:02 -1905596.592521        0.0130
BFGS:  361 19:21:35 -1905596.593028        0.0186
BFGS:  362 19:22:08 -1905596.593611        0.0225
BFGS:  363 19:22:41 -1905596.594177        0.0184
BFGS:  364 19:23:14 -1905596.594659        0.0098
BFGS:  365 19:23:45 -1905596.595117        0.0147
BFGS:  366 19:24:18 -1905596.595657        0.0224
BFGS:  367 19:24:50 -1905596.596283        0.0261
BFGS:  368 19:25:22 -1905596.596877        0.0180
BFGS:  369 19:25:53 -1905596.597374        0.0114
BFGS:  370 19:26:26 -1905596.597848        0.0178
BFGS:  371 19:26:58 -1905596.598398        0.0253
BFGS:  372 19:27:29 -1905596.599005        0.0266
BFGS:  373 19:28:03 -1905596.599560        0.0155
BFGS:  374 19:28:35 -1905596.600033        0.0101
BFGS:  375 19:29:08 -1905596.600521        0.0175
BFGS:  376 19:29:39 -1905596.601119        0.0281
BFGS:  377 19:30:11 -1905596.601788        0.0272
BFGS:  378 19:30:44 -1905596.602403        0.0144
BFGS:  379 19:31:16 -1905596.602938        0.0109
BFGS:  380 19:31:48 -1905596.603505        0.0207
BFGS:  381 19:32:20 -1905596.604205        0.0289
BFGS:  382 19:32:52 -1905596.604986        0.0244
BFGS:  383 19:33:23 -1905596.605710        0.0157
BFGS:  384 19:33:57 -1905596.606369        0.0137
BFGS:  385 19:34:29 -1905596.607114        0.0262
BFGS:  386 19:35:00 -1905596.608066        0.0334
BFGS:  387 19:35:32 -1905596.609131        0.0272
BFGS:  388 19:36:03 -1905596.610086        0.0153
BFGS:  389 19:36:36 -1905596.610899        0.0162
BFGS:  390 19:37:08 -1905596.611761        0.0273
BFGS:  391 19:37:40 -1905596.612805        0.0294
BFGS:  392 19:38:13 -1905596.613893        0.0255
BFGS:  393 19:38:45 -1905596.614795        0.0134
BFGS:  394 19:39:16 -1905596.615532        0.0175
BFGS:  395 19:39:47 -1905596.616308        0.0250
BFGS:  396 19:40:19 -1905596.617217        0.0266
BFGS:  397 19:40:52 -1905596.618122        0.0222
BFGS:  398 19:41:24 -1905596.618881        0.0128
BFGS:  399 19:41:56 -1905596.619566        0.0164
BFGS:  400 19:42:27 -1905596.620348        0.0232
BFGS:  401 19:42:58 -1905596.621254        0.0271
BFGS:  402 19:43:30 -1905596.622129        0.0195
BFGS:  403 19:44:02 -1905596.622878        0.0122
BFGS:  404 19:44:33 -1905596.623620        0.0188
BFGS:  405 19:45:07 -1905596.624532        0.0301
BFGS:  406 19:45:39 -1905596.625611        0.0321
BFGS:  407 19:46:09 -1905596.626656        0.0211
BFGS:  408 19:46:43 -1905596.627549        0.0138
BFGS:  409 19:47:15 -1905596.628422        0.0184
BFGS:  410 19:47:47 -1905596.629449        0.0275
BFGS:  411 19:48:20 -1905596.630603        0.0317
BFGS:  412 19:48:52 -1905596.631681        0.0218
BFGS:  413 19:49:22 -1905596.632626        0.0152
BFGS:  414 19:49:55 -1905596.633614        0.0258
BFGS:  415 19:50:27 -1905596.634822        0.0331
BFGS:  416 19:50:59 -1905596.636167        0.0337
BFGS:  417 19:51:31 -1905596.637387        0.0198
BFGS:  418 19:52:04 -1905596.638421        0.0156
BFGS:  419 19:52:37 -1905596.639479        0.0238
BFGS:  420 19:53:09 -1905596.640738        0.0335
BFGS:  421 19:53:42 -1905596.642072        0.0286
BFGS:  422 19:54:14 -1905596.643213        0.0152
BFGS:  423 19:54:46 -1905596.644148        0.0170
BFGS:  424 19:55:19 -1905596.645097        0.0257
BFGS:  425 19:55:51 -1905596.646185        0.0295
BFGS:  426 19:56:22 -1905596.647256        0.0216
BFGS:  427 19:56:56 -1905596.648123        0.0133
BFGS:  428 19:57:27 -1905596.648855        0.0140
BFGS:  429 19:57:59 -1905596.649649        0.0224
BFGS:  430 19:58:32 -1905596.650551        0.0240
BFGS:  431 19:59:05 -1905596.651384        0.0184
BFGS:  432 19:59:36 -1905596.652033        0.0120
BFGS:  433 20:00:09 -1905596.652608        0.0143
BFGS:  434 20:00:42 -1905596.653275        0.0225
BFGS:  435 20:01:13 -1905596.654025        0.0211
BFGS:  436 20:01:45 -1905596.654702        0.0162
BFGS:  437 20:02:18 -1905596.655243        0.0119
BFGS:  438 20:02:50 -1905596.655765        0.0173
BFGS:  439 20:03:21 -1905596.656384        0.0193
BFGS:  440 20:03:54 -1905596.657050        0.0213
BFGS:  441 20:04:25 -1905596.657625        0.0136
BFGS:  442 20:04:55 -1905596.658098        0.0088
BFGS:  443 20:05:27 -1905596.658593        0.0160
BFGS:  444 20:05:58 -1905596.659192        0.0239
BFGS:  445 20:06:31 -1905596.659817        0.0213
BFGS:  446 20:07:03 -1905596.660346        0.0088
BFGS:  447 20:07:36 -1905596.660789        0.0101
BFGS:  448 20:08:08 -1905596.661252        0.0197
BFGS:  449 20:08:39 -1905596.661773        0.0241
BFGS:  450 20:09:12 -1905596.662264        0.0173
BFGS:  451 20:09:43 -1905596.662653        0.0086
BFGS:  452 20:10:15 -1905596.662984        0.0116
BFGS:  453 20:10:47 -1905596.663336        0.0193
BFGS:  454 20:11:19 -1905596.663710        0.0189
BFGS:  455 20:11:52 -1905596.664037        0.0117
BFGS:  456 20:12:23 -1905596.664293        0.0067
BFGS:  457 20:12:56 -1905596.664525        0.0114
BFGS:  458 20:13:27 -1905596.664778        0.0145
BFGS:  459 20:13:59 -1905596.665033        0.0115
BFGS:  460 20:14:32 -1905596.665246        0.0077
BFGS:  461 20:15:04 -1905596.665414        0.0064
BFGS:  462 20:15:35 -1905596.665573        0.0105
BFGS:  463 20:16:08 -1905596.665750        0.0102
BFGS:  464 20:16:41 -1905596.665927        0.0093
BFGS:  465 20:17:12 -1905596.666082        0.0055
BFGS:  466 20:17:44 -1905596.666221        0.0080
BFGS:  467 20:18:17 -1905596.666377        0.0102
BFGS:  468 20:18:48 -1905596.666561        0.0125
BFGS:  469 20:19:20 -1905596.666747        0.0097
BFGS:  470 20:19:52 -1905596.666905        0.0059
BFGS:  471 20:20:25 -1905596.667045        0.0063
BFGS:  472 20:20:58 -1905596.667205        0.0106
BFGS:  473 20:21:31 -1905596.667399        0.0116
BFGS:  474 20:22:01 -1905596.667595        0.0079
BFGS:  475 20:22:33 -1905596.667761        0.0071
BFGS:  476 20:23:04 -1905596.667910        0.0069
BFGS:  477 20:23:37 -1905596.668081        0.0107
BFGS:  478 20:24:08 -1905596.668278        0.0101
BFGS:  479 20:24:40 -1905596.668466        0.0081
BFGS:  480 20:25:11 -1905596.668619        0.0064
BFGS:  481 20:25:42 -1905596.668763        0.0078
BFGS:  482 20:26:12 -1905596.668929        0.0098
BFGS:  483 20:26:45 -1905596.669110        0.0090
BFGS:  484 20:27:17 -1905596.669270        0.0066
BFGS:  485 20:27:49 -1905596.669399        0.0048
BFGS:  486 20:28:22 -1905596.669529        0.0070
BFGS:  487 20:28:53 -1905596.669687        0.0110
BFGS:  488 20:29:26 -1905596.669861        0.0118
BFGS:  489 20:29:57 -1905596.670016        0.0071
BFGS:  490 20:30:29 -1905596.670147        0.0049
BFGS:  491 20:31:01 -1905596.670284        0.0089
BFGS:  492 20:31:34 -1905596.670447        0.0138
BFGS:  493 20:32:07 -1905596.670619        0.0130
BFGS:  494 20:32:39 -1905596.670772        0.0069
BFGS:  495 20:33:10 -1905596.670908        0.0055
BFGS:  496 20:33:42 -1905596.671059        0.0107
BFGS:  497 20:34:13 -1905596.671241        0.0144
BFGS:  498 20:34:46 -1905596.671429        0.0117
BFGS:  499 20:35:17 -1905596.671592        0.0057
BFGS:  500 20:35:49 -1905596.671735        0.0058
BFGS:  501 20:36:22 -1905596.671892        0.0106
BFGS:  502 20:36:53 -1905596.672072        0.0121
BFGS:  503 20:37:23 -1905596.672244        0.0075
BFGS:  504 20:37:54 -1905596.672379        0.0055
BFGS:  505 20:38:26 -1905596.672491        0.0067
BFGS:  506 20:38:57 -1905596.672610        0.0096
BFGS:  507 20:39:28 -1905596.672742        0.0080
BFGS:  508 20:40:01 -1905596.672861        0.0060
BFGS:  509 20:40:33 -1905596.672954        0.0044
BFGS:  510 20:41:04 -1905596.673039        0.0070
BFGS:  511 20:41:36 -1905596.673135        0.0077
BFGS:  512 20:42:08 -1905596.673235        0.0077
BFGS:  513 20:42:41 -1905596.673318        0.0051
BFGS:  514 20:43:13 -1905596.673381        0.0041
BFGS:  515 20:43:46 -1905596.673442        0.0055
BFGS:  516 20:44:18 -1905596.673517        0.0067
BFGS:  517 20:44:51 -1905596.673596        0.0063
BFGS:  518 20:45:24 -1905596.673664        0.0041
BFGS:  519 20:45:54 -1905596.673720        0.0040
BFGS:  520 20:46:26 -1905596.673777        0.0052
BFGS:  521 20:46:57 -1905596.673843        0.0069
BFGS:  522 20:47:30 -1905596.673907        0.0053
BFGS:  523 20:48:01 -1905596.673958        0.0034
BFGS:  524 20:48:33 -1905596.674002        0.0030
BFGS:  525 20:49:05 -1905596.674053        0.0052
BFGS:  526 20:49:37 -1905596.674113        0.0063
BFGS:  527 20:50:11 -1905596.674173        0.0055
BFGS:  528 20:50:43 -1905596.674225        0.0030
BFGS:  529 20:51:14 -1905596.674273        0.0041
BFGS:  530 20:51:47 -1905596.674332        0.0061
BFGS:  531 20:52:19 -1905596.674399        0.0077
BFGS:  532 20:52:52 -1905596.674462        0.0060
BFGS:  533 20:53:24 -1905596.674512        0.0031
BFGS:  534 20:53:55 -1905596.674558        0.0046
BFGS:  535 20:54:28 -1905596.674612        0.0070
BFGS:  536 20:55:02 -1905596.674672        0.0079
BFGS:  537 20:55:35 -1905596.674726        0.0051
BFGS:  538 20:56:07 -1905596.674769        0.0027
BFGS:  539 20:56:40 -1905596.674810        0.0044
BFGS:  540 20:57:13 -1905596.674858        0.0071
BFGS:  541 20:57:44 -1905596.674909        0.0066
BFGS:  542 20:58:15 -1905596.674953        0.0030
BFGS:  543 20:58:47 -1905596.674989        0.0027
BFGS:  544 20:59:19 -1905596.675026        0.0056
BFGS:  545 20:59:51 -1905596.675068        0.0070
BFGS:  546 21:00:22 -1905596.675109        0.0050
BFGS:  547 21:00:53 -1905596.675143        0.0026
BFGS:  548 21:01:25 -1905596.675172        0.0032
BFGS:  549 21:01:57 -1905596.675203        0.0057
BFGS:  550 21:02:28 -1905596.675238        0.0057
BFGS:  551 21:03:00 -1905596.675270        0.0037
BFGS:  552 21:03:32 -1905596.675296        0.0024
BFGS:  553 21:04:03 -1905596.675320        0.0042
BFGS:  554 21:04:34 -1905596.675348        0.0057
BFGS:  555 21:05:05 -1905596.675382        0.0051
BFGS:  556 21:05:36 -1905596.675415        0.0040
BFGS:  557 21:06:10 -1905596.675442        0.0022
BFGS:  558 21:06:43 -1905596.675469        0.0038
BFGS:  559 21:07:14 -1905596.675501        0.0049
BFGS:  560 21:07:47 -1905596.675535        0.0054
BFGS:  561 21:08:18 -1905596.675566        0.0034
BFGS:  562 21:08:52 -1905596.675590        0.0023
BFGS:  563 21:09:23 -1905596.675615        0.0034
BFGS:  564 21:09:55 -1905596.675643        0.0054
BFGS:  565 21:10:27 -1905596.675675        0.0051
BFGS:  566 21:10:59 -1905596.675702        0.0025
BFGS:  567 21:11:29 -1905596.675724        0.0022
BFGS:  568 21:12:02 -1905596.675746        0.0039
BFGS:  569 21:12:33 -1905596.675772        0.0050
BFGS:  570 21:13:06 -1905596.675798        0.0036
BFGS:  571 21:13:38 -1905596.675818        0.0022
BFGS:  572 21:14:10 -1905596.675834        0.0023
BFGS:  573 21:14:41 -1905596.675850        0.0039
BFGS:  574 21:15:12 -1905596.675866        0.0038
BFGS:  575 21:15:43 -1905596.675881        0.0023
BFGS:  576 21:16:13 -1905596.675892        0.0015
BFGS:  577 21:16:45 -1905596.675903        0.0022
BFGS:  578 21:17:16 -1905596.675915        0.0031
BFGS:  579 21:17:49 -1905596.675928        0.0026
BFGS:  580 21:18:21 -1905596.675939        0.0020
BFGS:  581 21:18:53 -1905596.675948        0.0012
BFGS:  582 21:19:25 -1905596.675956        0.0019
BFGS:  583 21:19:57 -1905596.675965        0.0023
BFGS:  584 21:20:28 -1905596.675974        0.0024
BFGS:  585 21:20:59 -1905596.675981        0.0014
BFGS:  586 21:21:30 -1905596.675987        0.0012
BFGS:  587 21:22:02 -1905596.675993        0.0015
BFGS:  588 21:22:33 -1905596.676001        0.0021
BFGS:  589 21:23:06 -1905596.676008        0.0018
BFGS:  590 21:23:37 -1905596.676014        0.0010
40 40 186 82 104
Combined bilayer energy = -1905596.6760139063
Energy cost per unit length : 0.09394085087198299
Prev_energy - Current_energy = 0.0
      Step     Time          Energy         fmax
BFGS:    0 21:23:38 -1905596.676014        0.2869
BFGS:    1 21:24:09 -1905596.679905        0.1883
BFGS:    2 21:24:40 -1905596.683966        0.0704
BFGS:    3 21:25:11 -1905596.685114        0.0716
BFGS:    4 21:25:43 -1905596.689599        0.0960
BFGS:    5 21:26:14 -1905596.691300        0.0664
BFGS:    6 21:26:45 -1905596.692145        0.0297
BFGS:    7 21:27:17 -1905596.692621        0.0275
BFGS:    8 21:27:49 -1905596.693362        0.0459
BFGS:    9 21:28:20 -1905596.694096        0.0470
BFGS:   10 21:28:53 -1905596.694671        0.0255
BFGS:   11 21:29:25 -1905596.695033        0.0238
BFGS:   12 21:29:57 -1905596.695353        0.0230
BFGS:   13 21:30:28 -1905596.695695        0.0285
BFGS:   14 21:31:01 -1905596.696008        0.0300
BFGS:   15 21:31:33 -1905596.696241        0.0198
BFGS:   16 21:32:04 -1905596.696422        0.0167
BFGS:   17 21:32:36 -1905596.696611        0.0187
BFGS:   18 21:33:08 -1905596.696820        0.0274
BFGS:   19 21:33:38 -1905596.697008        0.0267
BFGS:   20 21:34:10 -1905596.697140        0.0143
BFGS:   21 21:34:41 -1905596.697237        0.0103
BFGS:   22 21:35:13 -1905596.697336        0.0141
BFGS:   23 21:35:45 -1905596.697455        0.0218
BFGS:   24 21:36:16 -1905596.697574        0.0189
BFGS:   25 21:36:47 -1905596.697664        0.0098
BFGS:   26 21:37:19 -1905596.697726        0.0079
BFGS:   27 21:37:51 -1905596.697785        0.0115
BFGS:   28 21:38:23 -1905596.697855        0.0137
BFGS:   29 21:38:55 -1905596.697923        0.0104
BFGS:   30 21:39:27 -1905596.697977        0.0067
BFGS:   31 21:39:58 -1905596.698019        0.0072
BFGS:   32 21:40:29 -1905596.698063        0.0103
BFGS:   33 21:41:01 -1905596.698110        0.0103
BFGS:   34 21:41:33 -1905596.698151        0.0073
BFGS:   35 21:42:05 -1905596.698180        0.0044
BFGS:   36 21:42:36 -1905596.698207        0.0076
BFGS:   37 21:43:08 -1905596.698238        0.0094
BFGS:   38 21:43:39 -1905596.698271        0.0092
BFGS:   39 21:44:11 -1905596.698298        0.0044
BFGS:   40 21:44:42 -1905596.698317        0.0042
BFGS:   41 21:45:14 -1905596.698335        0.0059
BFGS:   42 21:45:47 -1905596.698355        0.0078
BFGS:   43 21:46:19 -1905596.698376        0.0058
BFGS:   44 21:46:51 -1905596.698392        0.0035
BFGS:   45 21:47:23 -1905596.698405        0.0033
BFGS:   46 21:47:57 -1905596.698419        0.0056
BFGS:   47 21:48:29 -1905596.698433        0.0054
BFGS:   48 21:49:01 -1905596.698446        0.0042
BFGS:   49 21:49:33 -1905596.698456        0.0026
BFGS:   50 21:50:05 -1905596.698464        0.0035
BFGS:   51 21:50:35 -1905596.698474        0.0043
BFGS:   52 21:51:08 -1905596.698484        0.0041
BFGS:   53 21:51:40 -1905596.698492        0.0030
BFGS:   54 21:52:12 -1905596.698499        0.0020
BFGS:   55 21:52:44 -1905596.698505        0.0029
BFGS:   56 21:53:15 -1905596.698512        0.0031
BFGS:   57 21:53:47 -1905596.698518        0.0029
BFGS:   58 21:54:18 -1905596.698524        0.0018
BFGS:   59 21:54:49 -1905596.698528        0.0018
BFGS:   60 21:55:22 -1905596.698533        0.0025
BFGS:   61 21:55:53 -1905596.698537        0.0029
BFGS:   62 21:56:26 -1905596.698542        0.0023
BFGS:   63 21:56:57 -1905596.698546        0.0014
BFGS:   64 21:57:28 -1905596.698548        0.0016
BFGS:   65 21:58:00 -1905596.698551        0.0024
BFGS:   66 21:58:32 -1905596.698555        0.0023
BFGS:   67 21:59:05 -1905596.698558        0.0018
BFGS:   68 21:59:36 -1905596.698560        0.0012
BFGS:   69 22:00:08 -1905596.698562        0.0016
BFGS:   70 22:00:40 -1905596.698565        0.0020
BFGS:   71 22:01:12 -1905596.698567        0.0019
BFGS:   72 22:01:44 -1905596.698569        0.0011
BFGS:   73 22:02:16 -1905596.698570        0.0010
40 40 186 82 104
Combined bilayer energy = -1905596.698570455
Energy cost per unit length : 0.09189725691527614
Prev_energy - Current_energy = 0.002043593956706849
      Step     Time          Energy         fmax
BFGS:    0 22:02:16 -1905596.698570        0.2288
BFGS:    1 22:02:48 -1905596.701141        0.1500
BFGS:    2 22:03:19 -1905596.703789        0.0572
BFGS:    3 22:03:50 -1905596.704549        0.0584
BFGS:    4 22:04:21 -1905596.707658        0.0818
BFGS:    5 22:04:52 -1905596.708885        0.0594
BFGS:    6 22:05:24 -1905596.709496        0.0265
BFGS:    7 22:05:55 -1905596.709830        0.0232
BFGS:    8 22:06:26 -1905596.710366        0.0394
BFGS:    9 22:06:59 -1905596.710926        0.0442
BFGS:   10 22:07:30 -1905596.711374        0.0244
BFGS:   11 22:08:01 -1905596.711644        0.0186
BFGS:   12 22:08:32 -1905596.711874        0.0185
BFGS:   13 22:09:03 -1905596.712134        0.0267
BFGS:   14 22:09:34 -1905596.712393        0.0254
BFGS:   15 22:10:07 -1905596.712592        0.0190
BFGS:   16 22:10:38 -1905596.712744        0.0142
BFGS:   17 22:11:09 -1905596.712898        0.0180
BFGS:   18 22:11:42 -1905596.713075        0.0222
BFGS:   19 22:12:15 -1905596.713241        0.0250
BFGS:   20 22:12:46 -1905596.713363        0.0163
BFGS:   21 22:13:18 -1905596.713454        0.0104
BFGS:   22 22:13:50 -1905596.713548        0.0107
BFGS:   23 22:14:22 -1905596.713667        0.0212
BFGS:   24 22:14:54 -1905596.713792        0.0222
BFGS:   25 22:15:25 -1905596.713891        0.0124
BFGS:   26 22:15:56 -1905596.713961        0.0083
BFGS:   27 22:16:30 -1905596.714027        0.0111
BFGS:   28 22:17:01 -1905596.714107        0.0171
BFGS:   29 22:17:34 -1905596.714195        0.0150
BFGS:   30 22:18:06 -1905596.714272        0.0079
BFGS:   31 22:18:37 -1905596.714334        0.0078
BFGS:   32 22:19:09 -1905596.714395        0.0132
BFGS:   33 22:19:42 -1905596.714465        0.0149
BFGS:   34 22:20:14 -1905596.714534        0.0090
BFGS:   35 22:20:47 -1905596.714590        0.0067
BFGS:   36 22:21:19 -1905596.714640        0.0096
BFGS:   37 22:21:51 -1905596.714697        0.0147
BFGS:   38 22:22:23 -1905596.714765        0.0138
BFGS:   39 22:22:55 -1905596.714830        0.0088
BFGS:   40 22:23:26 -1905596.714881        0.0066
BFGS:   41 22:23:57 -1905596.714926        0.0099
BFGS:   42 22:24:31 -1905596.714978        0.0125
BFGS:   43 22:25:04 -1905596.715039        0.0104
BFGS:   44 22:25:37 -1905596.715096        0.0066
BFGS:   45 22:26:09 -1905596.715145        0.0061
BFGS:   46 22:26:42 -1905596.715193        0.0091
BFGS:   47 22:27:15 -1905596.715248        0.0099
BFGS:   48 22:27:47 -1905596.715306        0.0094
BFGS:   49 22:28:19 -1905596.715358        0.0076
BFGS:   50 22:28:52 -1905596.715403        0.0053
BFGS:   51 22:29:24 -1905596.715451        0.0079
BFGS:   52 22:29:56 -1905596.715507        0.0106
BFGS:   53 22:30:29 -1905596.715565        0.0100
BFGS:   54 22:31:01 -1905596.715617        0.0068
BFGS:   55 22:31:33 -1905596.715662        0.0055
BFGS:   56 22:32:06 -1905596.715712        0.0080
BFGS:   57 22:32:39 -1905596.715768        0.0096
BFGS:   58 22:33:11 -1905596.715825        0.0086
BFGS:   59 22:33:43 -1905596.715873        0.0054
BFGS:   60 22:34:14 -1905596.715917        0.0053
BFGS:   61 22:34:46 -1905596.715968        0.0090
BFGS:   62 22:35:18 -1905596.716029        0.0110
BFGS:   63 22:35:49 -1905596.716087        0.0075
BFGS:   64 22:36:22 -1905596.716135        0.0060
BFGS:   65 22:36:54 -1905596.716179        0.0063
BFGS:   66 22:37:26 -1905596.716230        0.0109
BFGS:   67 22:37:57 -1905596.716290        0.0110
BFGS:   68 22:38:28 -1905596.716349        0.0080
BFGS:   69 22:39:01 -1905596.716398        0.0069
BFGS:   70 22:39:33 -1905596.716444        0.0081
BFGS:   71 22:40:05 -1905596.716497        0.0114
BFGS:   72 22:40:37 -1905596.716558        0.0102
BFGS:   73 22:41:10 -1905596.716614        0.0067
BFGS:   74 22:41:43 -1905596.716660        0.0067
BFGS:   75 22:42:16 -1905596.716706        0.0080
BFGS:   76 22:42:49 -1905596.716761        0.0103
BFGS:   77 22:43:20 -1905596.716821        0.0097
BFGS:   78 22:43:51 -1905596.716874        0.0048
BFGS:   79 22:44:24 -1905596.716917        0.0056
BFGS:   80 22:44:55 -1905596.716963        0.0084
BFGS:   81 22:45:27 -1905596.717016        0.0107
BFGS:   82 22:45:59 -1905596.717071        0.0080
BFGS:   83 22:46:31 -1905596.717117        0.0045
BFGS:   84 22:47:02 -1905596.717155        0.0049
BFGS:   85 22:47:33 -1905596.717198        0.0091
BFGS:   86 22:48:05 -1905596.717250        0.0097
BFGS:   87 22:48:37 -1905596.717300        0.0063
BFGS:   88 22:49:07 -1905596.717340        0.0047
BFGS:   89 22:49:39 -1905596.717374        0.0054
BFGS:   90 22:50:10 -1905596.717412        0.0076
BFGS:   91 22:50:43 -1905596.717456        0.0082
BFGS:   92 22:51:14 -1905596.717497        0.0065
BFGS:   93 22:51:46 -1905596.717531        0.0045
BFGS:   94 22:52:17 -1905596.717562        0.0051
BFGS:   95 22:52:49 -1905596.717595        0.0077
BFGS:   96 22:53:22 -1905596.717631        0.0078
BFGS:   97 22:53:54 -1905596.717662        0.0053
BFGS:   98 22:54:26 -1905596.717687        0.0036
BFGS:   99 22:54:58 -1905596.717711        0.0047
BFGS:  100 22:55:31 -1905596.717737        0.0070
BFGS:  101 22:56:05 -1905596.717765        0.0066
BFGS:  102 22:56:37 -1905596.717788        0.0034
BFGS:  103 22:57:09 -1905596.717806        0.0031
BFGS:  104 22:57:41 -1905596.717823        0.0044
BFGS:  105 22:58:14 -1905596.717843        0.0055
BFGS:  106 22:58:46 -1905596.717862        0.0039
BFGS:  107 22:59:19 -1905596.717877        0.0031
BFGS:  108 22:59:52 -1905596.717890        0.0026
BFGS:  109 23:00:24 -1905596.717903        0.0044
BFGS:  110 23:00:55 -1905596.717918        0.0045
BFGS:  111 23:01:27 -1905596.717931        0.0034
BFGS:  112 23:02:00 -1905596.717941        0.0022
BFGS:  113 23:02:32 -1905596.717949        0.0030
BFGS:  114 23:03:04 -1905596.717959        0.0038
BFGS:  115 23:03:37 -1905596.717969        0.0038
BFGS:  116 23:04:09 -1905596.717978        0.0026
BFGS:  117 23:04:41 -1905596.717985        0.0020
BFGS:  118 23:05:11 -1905596.717991        0.0025
BFGS:  119 23:05:43 -1905596.717998        0.0034
BFGS:  120 23:06:17 -1905596.718005        0.0033
BFGS:  121 23:06:48 -1905596.718011        0.0017
BFGS:  122 23:07:23 -1905596.718015        0.0016
BFGS:  123 23:07:54 -1905596.718020        0.0024
BFGS:  124 23:08:28 -1905596.718025        0.0031
BFGS:  125 23:09:01 -1905596.718030        0.0025
BFGS:  126 23:09:33 -1905596.718034        0.0012
BFGS:  127 23:10:05 -1905596.718037        0.0012
BFGS:  128 23:10:37 -1905596.718041        0.0020
BFGS:  129 23:11:10 -1905596.718044        0.0024
BFGS:  130 23:11:42 -1905596.718048        0.0018
BFGS:  131 23:12:13 -1905596.718050        0.0010
BFGS:  132 23:12:46 -1905596.718053        0.0013
BFGS:  133 23:13:17 -1905596.718055        0.0018
BFGS:  134 23:13:48 -1905596.718058        0.0018
BFGS:  135 23:14:21 -1905596.718060        0.0015
BFGS:  136 23:14:52 -1905596.718062        0.0010
40 40 186 82 104
Combined bilayer energy = -1905596.7180619002
Energy cost per unit length : 0.09013135734047499
Prev_energy - Current_energy = 0.0017658995748011524
      Step     Time          Energy         fmax
BFGS:    0 23:14:53 -1905596.718062        0.2411
BFGS:    1 23:15:22 -1905596.720859        0.1578
BFGS:    2 23:15:54 -1905596.723730        0.0587
BFGS:    3 23:16:25 -1905596.724549        0.0599
BFGS:    4 23:16:57 -1905596.727828        0.0830
BFGS:    5 23:17:27 -1905596.729089        0.0587
BFGS:    6 23:18:00 -1905596.729719        0.0273
BFGS:    7 23:18:33 -1905596.730075        0.0240
BFGS:    8 23:19:07 -1905596.730641        0.0405
BFGS:    9 23:19:40 -1905596.731216        0.0435
BFGS:   10 23:20:12 -1905596.731666        0.0227
BFGS:   11 23:20:44 -1905596.731937        0.0187
BFGS:   12 23:21:17 -1905596.732169        0.0192
BFGS:   13 23:21:49 -1905596.732426        0.0263
BFGS:   14 23:22:22 -1905596.732675        0.0265
BFGS:   15 23:22:55 -1905596.732865        0.0188
BFGS:   16 23:23:26 -1905596.733009        0.0144
BFGS:   17 23:23:57 -1905596.733153        0.0167
BFGS:   18 23:24:29 -1905596.733312        0.0225
BFGS:   19 23:25:01 -1905596.733458        0.0236
BFGS:   20 23:25:33 -1905596.733563        0.0141
BFGS:   21 23:26:04 -1905596.733641        0.0096
BFGS:   22 23:26:37 -1905596.733720        0.0109
BFGS:   23 23:27:07 -1905596.733815        0.0190
BFGS:   24 23:27:40 -1905596.733911        0.0179
BFGS:   25 23:28:11 -1905596.733983        0.0085
BFGS:   26 23:28:42 -1905596.734032        0.0065
BFGS:   27 23:29:16 -1905596.734079        0.0096
BFGS:   28 23:29:48 -1905596.734134        0.0129
BFGS:   29 23:30:20 -1905596.734191        0.0095
BFGS:   30 23:30:51 -1905596.734236        0.0064
BFGS:   31 23:31:24 -1905596.734270        0.0054
BFGS:   32 23:31:54 -1905596.734304        0.0092
BFGS:   33 23:32:24 -1905596.734342        0.0089
BFGS:   34 23:32:56 -1905596.734376        0.0071
BFGS:   35 23:33:28 -1905596.734402        0.0043
BFGS:   36 23:34:00 -1905596.734424        0.0066
BFGS:   37 23:34:31 -1905596.734450        0.0080
BFGS:   38 23:35:05 -1905596.734479        0.0086
BFGS:   39 23:35:36 -1905596.734503        0.0050
BFGS:   40 23:36:07 -1905596.734521        0.0032
BFGS:   41 23:36:36 -1905596.734537        0.0051
BFGS:   42 23:37:07 -1905596.734555        0.0070
BFGS:   43 23:37:38 -1905596.734574        0.0060
BFGS:   44 23:38:09 -1905596.734590        0.0033
BFGS:   45 23:38:41 -1905596.734602        0.0030
BFGS:   46 23:39:17 -1905596.734615        0.0048
BFGS:   47 23:39:51 -1905596.734628        0.0053
BFGS:   48 23:40:23 -1905596.734641        0.0047
BFGS:   49 23:40:57 -1905596.734651        0.0028
BFGS:   50 23:41:32 -1905596.734659        0.0029
BFGS:   51 23:42:05 -1905596.734668        0.0040
BFGS:   52 23:42:38 -1905596.734678        0.0044
BFGS:   53 23:43:11 -1905596.734687        0.0038
BFGS:   54 23:43:44 -1905596.734694        0.0018
BFGS:   55 23:44:16 -1905596.734700        0.0027
BFGS:   56 23:44:47 -1905596.734706        0.0030
BFGS:   57 23:45:21 -1905596.734713        0.0035
BFGS:   58 23:45:54 -1905596.734719        0.0021
BFGS:   59 23:46:28 -1905596.734723        0.0017
BFGS:   60 23:47:02 -1905596.734727        0.0022
BFGS:   61 23:47:34 -1905596.734732        0.0032
BFGS:   62 23:48:08 -1905596.734737        0.0026
BFGS:   63 23:48:41 -1905596.734741        0.0016
BFGS:   64 23:49:16 -1905596.734744        0.0012
BFGS:   65 23:49:50 -1905596.734747        0.0025
BFGS:   66 23:50:21 -1905596.734750        0.0028
BFGS:   67 23:50:53 -1905596.734754        0.0021
BFGS:   68 23:51:25 -1905596.734757        0.0012
BFGS:   69 23:51:59 -1905596.734759        0.0015
BFGS:   70 23:52:32 -1905596.734761        0.0022
BFGS:   71 23:53:05 -1905596.734763        0.0021
BFGS:   72 23:53:39 -1905596.734766        0.0016
BFGS:   73 23:54:12 -1905596.734768        0.0011
BFGS:   74 23:54:47 -1905596.734769        0.0013
BFGS:   75 23:55:21 -1905596.734771        0.0017
BFGS:   76 23:55:54 -1905596.734773        0.0017
BFGS:   77 23:56:26 -1905596.734774        0.0009
40 40 186 82 104
Combined bilayer energy = -1905596.7347743155
Energy cost per unit length : 0.0886172342676796
Prev_energy - Current_energy = 0.001514123072795387
      Step     Time          Energy         fmax
BFGS:    0 23:56:27 -1905596.734774        0.2014
BFGS:    1 23:56:57 -1905596.736782        0.1318
BFGS:    2 23:57:29 -1905596.738815        0.0501
BFGS:    3 23:58:02 -1905596.739390        0.0512
BFGS:    4 23:58:35 -1905596.741758        0.0702
BFGS:    5 23:59:07 -1905596.742680        0.0506
BFGS:    6 23:59:41 -1905596.743142        0.0234
BFGS:    7 00:00:13 -1905596.743399        0.0204
BFGS:    8 00:00:48 -1905596.743814        0.0351
BFGS:    9 00:01:22 -1905596.744244        0.0386
BFGS:   10 00:01:55 -1905596.744586        0.0208
BFGS:   11 00:02:27 -1905596.744792        0.0159
BFGS:   12 00:02:59 -1905596.744970        0.0169
BFGS:   13 00:03:32 -1905596.745172        0.0241
BFGS:   14 00:04:05 -1905596.745372        0.0220
BFGS:   15 00:04:37 -1905596.745527        0.0167
BFGS:   16 00:05:11 -1905596.745645        0.0120
BFGS:   17 00:05:45 -1905596.745766        0.0165
BFGS:   18 00:06:19 -1905596.745905        0.0194
BFGS:   19 00:06:52 -1905596.746036        0.0219
BFGS:   20 00:07:26 -1905596.746133        0.0145
BFGS:   21 00:07:59 -1905596.746205        0.0094
BFGS:   22 00:08:31 -1905596.746281        0.0098
BFGS:   23 00:09:04 -1905596.746377        0.0190
BFGS:   24 00:09:38 -1905596.746478        0.0199
BFGS:   25 00:10:10 -1905596.746558        0.0111
BFGS:   26 00:10:42 -1905596.746614        0.0072
BFGS:   27 00:11:16 -1905596.746668        0.0103
BFGS:   28 00:11:49 -1905596.746734        0.0161
BFGS:   29 00:12:21 -1905596.746808        0.0142
BFGS:   30 00:12:54 -1905596.746871        0.0070
BFGS:   31 00:13:27 -1905596.746922        0.0069
BFGS:   32 00:13:59 -1905596.746972        0.0125
BFGS:   33 00:14:31 -1905596.747030        0.0145
BFGS:   34 00:15:04 -1905596.747088        0.0092
BFGS:   35 00:15:37 -1905596.747135        0.0061
BFGS:   36 00:16:11 -1905596.747176        0.0087
BFGS:   37 00:16:43 -1905596.747223        0.0139
BFGS:   38 00:17:15 -1905596.747280        0.0136
BFGS:   39 00:17:47 -1905596.747334        0.0078
BFGS:   40 00:18:20 -1905596.747376        0.0059
BFGS:   41 00:18:52 -1905596.747413        0.0087
BFGS:   42 00:19:25 -1905596.747455        0.0119
BFGS:   43 00:19:57 -1905596.747505        0.0101
BFGS:   44 00:20:32 -1905596.747552        0.0061
BFGS:   45 00:21:05 -1905596.747591        0.0055
BFGS:   46 00:21:37 -1905596.747629        0.0080
BFGS:   47 00:22:10 -1905596.747673        0.0092
BFGS:   48 00:22:43 -1905596.747720        0.0089
BFGS:   49 00:23:17 -1905596.747762        0.0074
BFGS:   50 00:23:49 -1905596.747798        0.0045
BFGS:   51 00:24:24 -1905596.747834        0.0064
BFGS:   52 00:24:57 -1905596.747877        0.0094
BFGS:   53 00:25:30 -1905596.747923        0.0094
BFGS:   54 00:26:03 -1905596.747964        0.0067
BFGS:   55 00:26:37 -1905596.748000        0.0046
BFGS:   56 00:27:12 -1905596.748037        0.0063
BFGS:   57 00:27:45 -1905596.748080        0.0086
BFGS:   58 00:28:20 -1905596.748123        0.0082
BFGS:   59 00:28:51 -1905596.748161        0.0046
BFGS:   60 00:29:26 -1905596.748195        0.0044
BFGS:   61 00:29:58 -1905596.748233        0.0076
BFGS:   62 00:30:29 -1905596.748278        0.0098
BFGS:   63 00:31:00 -1905596.748322        0.0072
BFGS:   64 00:31:36 -1905596.748359        0.0047
BFGS:   65 00:32:08 -1905596.748392        0.0051
BFGS:   66 00:32:42 -1905596.748428        0.0093
BFGS:   67 00:33:15 -1905596.748473        0.0098
BFGS:   68 00:33:46 -1905596.748519        0.0077
BFGS:   69 00:34:21 -1905596.748557        0.0059
BFGS:   70 00:34:54 -1905596.748593        0.0067
BFGS:   71 00:35:25 -1905596.748633        0.0099
BFGS:   72 00:35:59 -1905596.748680        0.0092
BFGS:   73 00:36:33 -1905596.748724        0.0065
BFGS:   74 00:37:07 -1905596.748761        0.0060
BFGS:   75 00:37:39 -1905596.748796        0.0069
BFGS:   76 00:38:09 -1905596.748838        0.0091
BFGS:   77 00:38:42 -1905596.748884        0.0088
BFGS:   78 00:39:17 -1905596.748925        0.0045
BFGS:   79 00:39:50 -1905596.748959        0.0052
BFGS:   80 00:40:21 -1905596.748993        0.0073
BFGS:   81 00:40:54 -1905596.749033        0.0094
BFGS:   82 00:41:28 -1905596.749073        0.0069
BFGS:   83 00:42:02 -1905596.749106        0.0038
BFGS:   84 00:42:32 -1905596.749134        0.0043
BFGS:   85 00:43:03 -1905596.749165        0.0079
BFGS:   86 00:43:34 -1905596.749201        0.0082
BFGS:   87 00:44:09 -1905596.749235        0.0051
BFGS:   88 00:44:42 -1905596.749261        0.0038
BFGS:   89 00:45:17 -1905596.749284        0.0047
BFGS:   90 00:45:52 -1905596.749309        0.0063
BFGS:   91 00:46:26 -1905596.749336        0.0066
BFGS:   92 00:47:01 -1905596.749361        0.0049
BFGS:   93 00:47:36 -1905596.749381        0.0034
BFGS:   94 00:48:11 -1905596.749399        0.0042
BFGS:   95 00:48:46 -1905596.749419        0.0062
BFGS:   96 00:49:20 -1905596.749440        0.0062
BFGS:   97 00:49:55 -1905596.749457        0.0037
BFGS:   98 00:50:29 -1905596.749470        0.0028
BFGS:   99 00:51:04 -1905596.749484        0.0039
BFGS:  100 00:51:39 -1905596.749499        0.0057
BFGS:  101 00:52:15 -1905596.749514        0.0049
BFGS:  102 00:52:49 -1905596.749526        0.0026
BFGS:  103 00:53:25 -1905596.749535        0.0022
BFGS:  104 00:54:01 -1905596.749544        0.0036
BFGS:  105 00:54:37 -1905596.749555        0.0042
BFGS:  106 00:55:13 -1905596.749565        0.0026
BFGS:  107 00:55:49 -1905596.749572        0.0021
BFGS:  108 00:56:25 -1905596.749579        0.0022
BFGS:  109 00:57:02 -1905596.749586        0.0033
BFGS:  110 00:57:39 -1905596.749594        0.0032
BFGS:  111 00:58:18 -1905596.749600        0.0023
BFGS:  112 00:58:54 -1905596.749605        0.0017
BFGS:  113 00:59:29 -1905596.749609        0.0024
BFGS:  114 01:00:04 -1905596.749614        0.0028
BFGS:  115 01:00:41 -1905596.749619        0.0027
BFGS:  116 01:01:16 -1905596.749624        0.0017
BFGS:  117 01:01:53 -1905596.749627        0.0015
BFGS:  118 01:02:28 -1905596.749630        0.0019
BFGS:  119 01:03:06 -1905596.749634        0.0025
BFGS:  120 01:03:43 -1905596.749637        0.0022
BFGS:  121 01:04:19 -1905596.749640        0.0012
BFGS:  122 01:04:56 -1905596.749642        0.0011
BFGS:  123 01:05:32 -1905596.749644        0.0018
BFGS:  124 01:06:08 -1905596.749647        0.0021
BFGS:  125 01:06:43 -1905596.749649        0.0017
BFGS:  126 01:07:20 -1905596.749651        0.0009
39 39 186 80 106
Combined bilayer energy = -1905596.7496507112
Energy cost per unit length : 0.09093956491059502
Prev_energy - Current_energy = 0.002322330642915413
      Step     Time          Energy         fmax
BFGS:    0 01:07:20 -1905596.749651        0.2156
BFGS:    1 01:07:52 -1905596.751853        0.1411
BFGS:    2 01:08:25 -1905596.754122        0.0526
BFGS:    3 01:08:59 -1905596.754771        0.0538
BFGS:    4 01:09:34 -1905596.757374        0.0746
BFGS:    5 01:10:04 -1905596.758375        0.0528
BFGS:    6 01:10:35 -1905596.758877        0.0245
BFGS:    7 01:11:05 -1905596.759160        0.0216
BFGS:    8 01:11:37 -1905596.759610        0.0365
BFGS:    9 01:12:10 -1905596.760068        0.0392
BFGS:   10 01:12:44 -1905596.760427        0.0206
BFGS:   11 01:13:19 -1905596.760644        0.0170
BFGS:   12 01:13:53 -1905596.760831        0.0173
BFGS:   13 01:14:26 -1905596.761037        0.0238
BFGS:   14 01:15:01 -1905596.761237        0.0238
BFGS:   15 01:15:35 -1905596.761391        0.0169
BFGS:   16 01:16:09 -1905596.761508        0.0132
BFGS:   17 01:16:44 -1905596.761624        0.0151
BFGS:   18 01:17:18 -1905596.761753        0.0203
BFGS:   19 01:17:53 -1905596.761871        0.0214
BFGS:   20 01:18:29 -1905596.761957        0.0128
BFGS:   21 01:19:04 -1905596.762021        0.0087
BFGS:   22 01:19:38 -1905596.762085        0.0098
BFGS:   23 01:20:14 -1905596.762163        0.0172
BFGS:   24 01:20:51 -1905596.762242        0.0163
BFGS:   25 01:21:25 -1905596.762302        0.0079
BFGS:   26 01:22:01 -1905596.762343        0.0060
BFGS:   27 01:22:35 -1905596.762381        0.0086
BFGS:   28 01:23:10 -1905596.762426        0.0117
BFGS:   29 01:23:46 -1905596.762474        0.0088
BFGS:   30 01:24:22 -1905596.762512        0.0058
BFGS:   31 01:24:59 -1905596.762541        0.0049
BFGS:   32 01:25:34 -1905596.762569        0.0083
BFGS:   33 01:26:09 -1905596.762600        0.0082
BFGS:   34 01:26:44 -1905596.762629        0.0066
BFGS:   35 01:27:21 -1905596.762650        0.0039
BFGS:   36 01:27:58 -1905596.762668        0.0060
BFGS:   37 01:28:33 -1905596.762689        0.0072
BFGS:   38 01:29:10 -1905596.762713        0.0079
BFGS:   39 01:29:46 -1905596.762733        0.0046
BFGS:   40 01:30:25 -1905596.762747        0.0030
BFGS:   41 01:31:01 -1905596.762760        0.0047
BFGS:   42 01:31:37 -1905596.762775        0.0065
BFGS:   43 01:32:16 -1905596.762791        0.0055
BFGS:   44 01:32:53 -1905596.762805        0.0030
BFGS:   45 01:33:31 -1905596.762815        0.0027
BFGS:   46 01:34:07 -1905596.762825        0.0044
BFGS:   47 01:34:45 -1905596.762837        0.0049
BFGS:   48 01:35:22 -1905596.762848        0.0044
BFGS:   49 01:35:59 -1905596.762856        0.0026
BFGS:   50 01:36:38 -1905596.762863        0.0027
BFGS:   51 01:37:17 -1905596.762871        0.0037
BFGS:   52 01:37:54 -1905596.762879        0.0041
BFGS:   53 01:38:31 -1905596.762887        0.0036
BFGS:   54 01:39:10 -1905596.762893        0.0017
BFGS:   55 01:39:46 -1905596.762898        0.0025
BFGS:   56 01:40:24 -1905596.762904        0.0028
BFGS:   57 01:41:01 -1905596.762909        0.0032
BFGS:   58 01:41:38 -1905596.762914        0.0020
BFGS:   59 01:42:17 -1905596.762918        0.0016
BFGS:   60 01:42:52 -1905596.762922        0.0020
BFGS:   61 01:43:29 -1905596.762926        0.0030
BFGS:   62 01:44:04 -1905596.762931        0.0025
BFGS:   63 01:44:44 -1905596.762934        0.0016
BFGS:   64 01:45:20 -1905596.762937        0.0011
BFGS:   65 01:45:56 -1905596.762939        0.0023
BFGS:   66 01:46:33 -1905596.762943        0.0026
BFGS:   67 01:47:09 -1905596.762946        0.0020
BFGS:   68 01:47:45 -1905596.762948        0.0012
BFGS:   69 01:48:23 -1905596.762950        0.0014
BFGS:   70 01:49:00 -1905596.762952        0.0021
BFGS:   71 01:49:37 -1905596.762954        0.0021
BFGS:   72 01:50:13 -1905596.762957        0.0016
BFGS:   73 01:50:50 -1905596.762958        0.0010
BFGS:   74 01:51:29 -1905596.762960        0.0012
BFGS:   75 01:52:06 -1905596.762961        0.0017
BFGS:   76 01:52:42 -1905596.762963        0.0017
BFGS:   77 01:53:18 -1905596.762965        0.0010
39 39 186 80 106
Combined bilayer energy = -1905596.7629648026
Energy cost per unit length : 0.0897333255812719
Prev_energy - Current_energy = 0.0012062393293231222
      Step     Time          Energy         fmax
BFGS:    0 01:53:18 -1905596.762965        0.1827
BFGS:    1 01:53:51 -1905596.764587        0.1196
BFGS:    2 01:54:25 -1905596.766230        0.0454
BFGS:    3 01:54:59 -1905596.766694        0.0464
BFGS:    4 01:55:33 -1905596.768614        0.0639
BFGS:    5 01:56:07 -1905596.769361        0.0460
BFGS:    6 01:56:42 -1905596.769737        0.0213
BFGS:    7 01:57:17 -1905596.769947        0.0185
BFGS:    8 01:57:52 -1905596.770286        0.0320
BFGS:    9 01:58:28 -1905596.770638        0.0353
BFGS:   10 01:59:02 -1905596.770917        0.0190
BFGS:   11 01:59:36 -1905596.771087        0.0144
BFGS:   12 02:00:11 -1905596.771233        0.0155
BFGS:   13 02:00:47 -1905596.771400        0.0222
BFGS:   14 02:01:23 -1905596.771566        0.0200
BFGS:   15 02:01:58 -1905596.771694        0.0152
BFGS:   16 02:02:33 -1905596.771792        0.0109
BFGS:   17 02:03:07 -1905596.771892        0.0153
BFGS:   18 02:03:42 -1905596.772009        0.0177
BFGS:   19 02:04:16 -1905596.772119        0.0202
BFGS:   20 02:04:50 -1905596.772200        0.0134
BFGS:   21 02:05:24 -1905596.772261        0.0087
BFGS:   22 02:06:00 -1905596.772325        0.0093
BFGS:   23 02:06:35 -1905596.772405        0.0176
BFGS:   24 02:07:09 -1905596.772491        0.0186
BFGS:   25 02:07:44 -1905596.772560        0.0104
BFGS:   26 02:08:18 -1905596.772608        0.0067
BFGS:   27 02:08:52 -1905596.772654        0.0095
BFGS:   28 02:09:29 -1905596.772711        0.0151
BFGS:   29 02:10:06 -1905596.772774        0.0134
BFGS:   30 02:10:40 -1905596.772829        0.0065
BFGS:   31 02:11:17 -1905596.772873        0.0064
BFGS:   32 02:11:52 -1905596.772916        0.0117
BFGS:   33 02:12:27 -1905596.772967        0.0137
BFGS:   34 02:13:03 -1905596.773017        0.0089
BFGS:   35 02:13:39 -1905596.773058        0.0057
BFGS:   36 02:14:16 -1905596.773094        0.0080
BFGS:   37 02:14:53 -1905596.773135        0.0131
BFGS:   38 02:15:29 -1905596.773184        0.0130
BFGS:   39 02:16:04 -1905596.773231        0.0072
BFGS:   40 02:16:41 -1905596.773268        0.0055
BFGS:   41 02:17:18 -1905596.773300        0.0081
BFGS:   42 02:17:54 -1905596.773338        0.0113
BFGS:   43 02:18:29 -1905596.773381        0.0097
BFGS:   44 02:19:05 -1905596.773422        0.0056
BFGS:   45 02:19:40 -1905596.773457        0.0052
BFGS:   46 02:20:19 -1905596.773490        0.0075
BFGS:   47 02:20:56 -1905596.773528        0.0088
BFGS:   48 02:21:33 -1905596.773569        0.0085
BFGS:   49 02:22:09 -1905596.773606        0.0070
BFGS:   50 02:22:47 -1905596.773637        0.0042
BFGS:   51 02:23:24 -1905596.773669        0.0060
BFGS:   52 02:24:02 -1905596.773706        0.0087
BFGS:   53 02:24:40 -1905596.773746        0.0089
BFGS:   54 02:25:20 -1905596.773781        0.0063
BFGS:   55 02:25:58 -1905596.773812        0.0043
BFGS:   56 02:26:36 -1905596.773844        0.0057
BFGS:   57 02:27:15 -1905596.773880        0.0079
BFGS:   58 02:27:56 -1905596.773917        0.0076
BFGS:   59 02:28:35 -1905596.773949        0.0042
BFGS:   60 02:29:12 -1905596.773978        0.0040
BFGS:   61 02:29:48 -1905596.774010        0.0071
BFGS:   62 02:30:25 -1905596.774048        0.0091
BFGS:   63 02:31:02 -1905596.774087        0.0068
BFGS:   64 02:31:37 -1905596.774120        0.0043
BFGS:   65 02:32:13 -1905596.774149        0.0048
BFGS:   66 02:32:51 -1905596.774181        0.0087
BFGS:   67 02:33:28 -1905596.774220        0.0092
BFGS:   68 02:34:03 -1905596.774259        0.0072
BFGS:   69 02:34:39 -1905596.774292        0.0053
BFGS:   70 02:35:16 -1905596.774322        0.0061
BFGS:   71 02:35:51 -1905596.774355        0.0089
BFGS:   72 02:36:28 -1905596.774392        0.0084
BFGS:   73 02:37:05 -1905596.774428        0.0058
BFGS:   74 02:37:40 -1905596.774456        0.0052
BFGS:   75 02:38:17 -1905596.774484        0.0060
BFGS:   76 02:38:53 -1905596.774516        0.0080
BFGS:   77 02:39:30 -1905596.774550        0.0076
BFGS:   78 02:40:05 -1905596.774580        0.0039
BFGS:   79 02:40:40 -1905596.774604        0.0044
BFGS:   80 02:41:14 -1905596.774629        0.0064
BFGS:   81 02:41:49 -1905596.774657        0.0080
BFGS:   82 02:42:26 -1905596.774685        0.0056
BFGS:   83 02:43:01 -1905596.774708        0.0031
BFGS:   84 02:43:36 -1905596.774727        0.0038
BFGS:   85 02:44:12 -1905596.774748        0.0066
BFGS:   86 02:44:47 -1905596.774771        0.0065
BFGS:   87 02:45:22 -1905596.774793        0.0041
BFGS:   88 02:45:58 -1905596.774810        0.0030
BFGS:   89 02:46:33 -1905596.774824        0.0039
BFGS:   90 02:47:09 -1905596.774840        0.0051
BFGS:   91 02:47:44 -1905596.774857        0.0051
BFGS:   92 02:48:20 -1905596.774873        0.0038
BFGS:   93 02:48:57 -1905596.774885        0.0027
BFGS:   94 02:49:33 -1905596.774896        0.0034
BFGS:   95 02:50:09 -1905596.774908        0.0049
BFGS:   96 02:50:45 -1905596.774920        0.0047
BFGS:   97 02:51:22 -1905596.774930        0.0026
BFGS:   98 02:51:57 -1905596.774938        0.0022
BFGS:   99 02:52:32 -1905596.774946        0.0032
BFGS:  100 02:53:07 -1905596.774955        0.0044
BFGS:  101 02:53:42 -1905596.774963        0.0036
BFGS:  102 02:54:18 -1905596.774970        0.0020
BFGS:  103 02:54:53 -1905596.774975        0.0016
BFGS:  104 02:55:28 -1905596.774981        0.0029
BFGS:  105 02:56:01 -1905596.774987        0.0031
BFGS:  106 02:56:36 -1905596.774992        0.0020
BFGS:  107 02:57:11 -1905596.774996        0.0015
BFGS:  108 02:57:47 -1905596.775000        0.0018
BFGS:  109 02:58:23 -1905596.775004        0.0025
BFGS:  110 02:58:59 -1905596.775008        0.0023
BFGS:  111 02:59:34 -1905596.775012        0.0017
BFGS:  112 03:00:09 -1905596.775015        0.0012
BFGS:  113 03:00:45 -1905596.775017        0.0019
BFGS:  114 03:01:19 -1905596.775020        0.0021
BFGS:  115 03:01:53 -1905596.775023        0.0020
BFGS:  116 03:02:29 -1905596.775025        0.0012
BFGS:  117 03:03:04 -1905596.775027        0.0012
BFGS:  118 03:03:38 -1905596.775029        0.0014
BFGS:  119 03:04:11 -1905596.775031        0.0019
BFGS:  120 03:04:45 -1905596.775033        0.0016
BFGS:  121 03:05:19 -1905596.775034        0.0009
39 39 186 80 106
Combined bilayer energy = -1905596.7750340134
Energy cost per unit length : 0.0886398707832805
Prev_energy - Current_energy = 0.001093454797991389
      Step     Time          Energy         fmax
BFGS:    0 03:05:19 -1905596.775034        0.1971
BFGS:    1 03:05:52 -1905596.776856        0.1290
BFGS:    2 03:06:26 -1905596.778723        0.0480
BFGS:    3 03:07:02 -1905596.779255        0.0490
BFGS:    4 03:07:37 -1905596.781399        0.0678
BFGS:    5 03:08:13 -1905596.782221        0.0479
BFGS:    6 03:08:49 -1905596.782634        0.0224
BFGS:    7 03:09:25 -1905596.782869        0.0199
BFGS:    8 03:10:00 -1905596.783244        0.0334
BFGS:    9 03:10:36 -1905596.783624        0.0358
BFGS:   10 03:11:12 -1905596.783922        0.0188
BFGS:   11 03:11:49 -1905596.784104        0.0157
BFGS:   12 03:12:24 -1905596.784260        0.0159
BFGS:   13 03:12:59 -1905596.784432        0.0219
BFGS:   14 03:13:35 -1905596.784600        0.0219
BFGS:   15 03:14:10 -1905596.784729        0.0156
BFGS:   16 03:14:45 -1905596.784828        0.0121
BFGS:   17 03:15:19 -1905596.784927        0.0140
BFGS:   18 03:15:54 -1905596.785036        0.0187
BFGS:   19 03:16:31 -1905596.785136        0.0197
BFGS:   20 03:17:06 -1905596.785210        0.0119
BFGS:   21 03:17:43 -1905596.785264        0.0081
BFGS:   22 03:18:18 -1905596.785319        0.0091
BFGS:   23 03:18:52 -1905596.785386        0.0159
BFGS:   24 03:19:28 -1905596.785454        0.0151
BFGS:   25 03:20:03 -1905596.785505        0.0074
BFGS:   26 03:20:38 -1905596.785541        0.0054
BFGS:   27 03:21:12 -1905596.785574        0.0081
BFGS:   28 03:21:47 -1905596.785614        0.0110
BFGS:   29 03:22:23 -1905596.785655        0.0083
BFGS:   30 03:22:57 -1905596.785688        0.0055
BFGS:   31 03:23:30 -1905596.785713        0.0045
BFGS:   32 03:24:05 -1905596.785738        0.0078
BFGS:   33 03:24:39 -1905596.785766        0.0080
BFGS:   34 03:25:13 -1905596.785792        0.0064
BFGS:   35 03:25:47 -1905596.785810        0.0038
BFGS:   36 03:26:22 -1905596.785826        0.0054
BFGS:   37 03:26:58 -1905596.785844        0.0069
BFGS:   38 03:27:33 -1905596.785866        0.0078
BFGS:   39 03:28:07 -1905596.785884        0.0047
BFGS:   40 03:28:41 -1905596.785897        0.0026
BFGS:   41 03:29:17 -1905596.785908        0.0042
BFGS:   42 03:29:52 -1905596.785922        0.0062
BFGS:   43 03:30:26 -1905596.785936        0.0056
BFGS:   44 03:30:59 -1905596.785949        0.0030
BFGS:   45 03:31:34 -1905596.785958        0.0027
BFGS:   46 03:32:07 -1905596.785967        0.0040
BFGS:   47 03:32:40 -1905596.785977        0.0048
BFGS:   48 03:33:14 -1905596.785987        0.0044
BFGS:   49 03:33:49 -1905596.785995        0.0029
BFGS:   50 03:34:25 -1905596.786002        0.0024
BFGS:   51 03:34:59 -1905596.786008        0.0034
BFGS:   52 03:35:35 -1905596.786016        0.0039
BFGS:   53 03:36:10 -1905596.786023        0.0038
BFGS:   54 03:36:45 -1905596.786029        0.0019
BFGS:   55 03:37:19 -1905596.786033        0.0022
BFGS:   56 03:37:55 -1905596.786038        0.0025
BFGS:   57 03:38:30 -1905596.786044        0.0032
BFGS:   58 03:39:05 -1905596.786048        0.0023
BFGS:   59 03:39:40 -1905596.786052        0.0015
BFGS:   60 03:40:15 -1905596.786055        0.0017
BFGS:   61 03:40:49 -1905596.786059        0.0027
BFGS:   62 03:41:23 -1905596.786063        0.0025
BFGS:   63 03:41:56 -1905596.786067        0.0017
BFGS:   64 03:42:31 -1905596.786069        0.0010
BFGS:   65 03:43:06 -1905596.786071        0.0020
BFGS:   66 03:43:40 -1905596.786074        0.0025
BFGS:   67 03:44:15 -1905596.786077        0.0021
BFGS:   68 03:44:50 -1905596.786080        0.0014
BFGS:   69 03:45:25 -1905596.786081        0.0012
BFGS:   70 03:46:00 -1905596.786083        0.0019
BFGS:   71 03:46:36 -1905596.786085        0.0021
BFGS:   72 03:47:10 -1905596.786087        0.0017
BFGS:   73 03:47:44 -1905596.786089        0.0010
BFGS:   74 03:48:19 -1905596.786091        0.0011
BFGS:   75 03:48:53 -1905596.786092        0.0016
BFGS:   76 03:49:28 -1905596.786094        0.0017
BFGS:   77 03:50:01 -1905596.786095        0.0011
BFGS:   78 03:50:36 -1905596.786097        0.0009
39 39 186 80 106
Combined bilayer energy = -1905596.7860965433
Energy cost per unit length : 0.08763761997433415
Prev_energy - Current_energy = 0.0010022508089463505
      Step     Time          Energy         fmax
BFGS:    0 03:50:36 -1905596.786097        0.1686
BFGS:    1 03:51:09 -1905596.787460        0.1104
BFGS:    2 03:51:43 -1905596.788846        0.0420
BFGS:    3 03:52:16 -1905596.789238        0.0429
BFGS:    4 03:52:50 -1905596.790864        0.0592
BFGS:    5 03:53:24 -1905596.791498        0.0427
BFGS:    6 03:53:59 -1905596.791816        0.0197
BFGS:    7 03:54:33 -1905596.791994        0.0171
BFGS:    8 03:55:08 -1905596.792282        0.0297
BFGS:    9 03:55:41 -1905596.792582        0.0328
BFGS:   10 03:56:15 -1905596.792821        0.0178
BFGS:   11 03:56:49 -1905596.792967        0.0137
BFGS:   12 03:57:24 -1905596.793092        0.0144
BFGS:   13 03:57:59 -1905596.793236        0.0207
BFGS:   14 03:58:32 -1905596.793379        0.0187
BFGS:   15 03:59:05 -1905596.793490        0.0143
BFGS:   16 03:59:39 -1905596.793575        0.0103
BFGS:   17 04:00:13 -1905596.793662        0.0144
BFGS:   18 04:00:49 -1905596.793764        0.0165
BFGS:   19 04:01:23 -1905596.793860        0.0190
BFGS:   20 04:01:57 -1905596.793932        0.0127
BFGS:   21 04:02:31 -1905596.793985        0.0082
BFGS:   22 04:03:06 -1905596.794041        0.0090
BFGS:   23 04:03:40 -1905596.794113        0.0165
BFGS:   24 04:04:16 -1905596.794189        0.0176
BFGS:   25 04:04:50 -1905596.794250        0.0100
BFGS:   26 04:05:25 -1905596.794293        0.0065
BFGS:   27 04:06:01 -1905596.794334        0.0089
BFGS:   28 04:06:35 -1905596.794385        0.0143
BFGS:   29 04:07:09 -1905596.794442        0.0129
BFGS:   30 04:07:44 -1905596.794491        0.0061
BFGS:   31 04:08:18 -1905596.794531        0.0058
BFGS:   32 04:08:53 -1905596.794570        0.0110
BFGS:   33 04:09:27 -1905596.794615        0.0131
slurmstepd: error: *** JOB 856886 ON gpu003 CANCELLED AT 2024-09-20T04:09:56 DUE TO TIME LIMIT ***
