Starting calculations for AP-WS2/WS2
      Step     Time          Energy         fmax
BFGS:    0 12:24:10   -11331.186919        0.0383
BFGS:    1 12:24:10   -11331.186996        0.0248
BFGS:    2 12:24:17   -11331.187053        0.0172
BFGS:    3 12:24:17   -11331.187081        0.0193
BFGS:    4 12:24:17   -11331.187138        0.0160
BFGS:    5 12:24:17   -11331.187199        0.0259
BFGS:    6 12:24:17   -11331.187335        0.0401
BFGS:    7 12:24:17   -11331.187583        0.0524
BFGS:    8 12:24:17   -11331.187972        0.0532
BFGS:    9 12:24:17   -11331.188307        0.0326
BFGS:   10 12:24:17   -11331.188418        0.0117
BFGS:   11 12:24:17   -11331.188431        0.0018
BFGS:   12 12:24:17   -11331.188432        0.0001
      Step     Time          Energy         fmax
BFGS:    0 12:24:17   -11331.210339        0.0366
BFGS:    1 12:24:18   -11331.210400        0.0153
BFGS:    2 12:24:18   -11331.210414        0.0067
BFGS:    3 12:24:18   -11331.210420        0.0077
BFGS:    4 12:24:18   -11331.210462        0.0162
BFGS:    5 12:24:18   -11331.210525        0.0247
BFGS:    6 12:24:18   -11331.210643        0.0323
BFGS:    7 12:24:18   -11331.210770        0.0299
BFGS:    8 12:24:18   -11331.210857        0.0172
BFGS:    9 12:24:18   -11331.210891        0.0101
BFGS:   10 12:24:18   -11331.210902        0.0053
BFGS:   11 12:24:18   -11331.210904        0.0024
BFGS:   12 12:24:18   -11331.210904        0.0005
MM' and 2H energies : -11331.188432229417 , -11331.210904485179
      Step     Time          Energy         fmax
BFGS:    0 12:24:25 -2107602.448264        0.0008
/home/p/phrrpq/.local/lib/python3.10/site-packages/ase/io/extxyz.py:1000: UserWarning: write_xyz() overwriting array "forces" present in atoms.arrays with stored results from calculator
  warnings.warn('write_xyz() overwriting array "{0}" present '
39 39 186 80 106
Combined bilayer energy = -2107602.4482637234
Energy cost per unit length : 0.0888569551053952
Prev_energy - Current_energy = 0.0
      Step     Time          Energy         fmax
BFGS:    0 12:24:25 -2107602.448264        0.2115
BFGS:    1 12:24:58 -2107602.450405        0.1359
BFGS:    2 12:25:31 -2107602.452572        0.0546
BFGS:    3 12:26:05 -2107602.453279        0.0562
BFGS:    4 12:26:38 -2107602.455880        0.0777
BFGS:    5 12:27:12 -2107602.456945        0.0559
BFGS:    6 12:27:46 -2107602.457474        0.0239
BFGS:    7 12:28:20 -2107602.457767        0.0227
BFGS:    8 12:28:53 -2107602.458226        0.0365
BFGS:    9 12:29:26 -2107602.458702        0.0403
BFGS:   10 12:30:00 -2107602.459079        0.0220
BFGS:   11 12:30:35 -2107602.459314        0.0189
BFGS:   12 12:31:09 -2107602.459519        0.0178
BFGS:   13 12:31:44 -2107602.459743        0.0248
BFGS:   14 12:32:17 -2107602.459949        0.0213
BFGS:   15 12:32:52 -2107602.460101        0.0149
BFGS:   16 12:33:24 -2107602.460226        0.0143
BFGS:   17 12:33:59 -2107602.460366        0.0185
BFGS:   18 12:34:31 -2107602.460518        0.0205
BFGS:   19 12:35:05 -2107602.460641        0.0181
BFGS:   20 12:35:41 -2107602.460723        0.0087
BFGS:   21 12:36:17 -2107602.460792        0.0105
BFGS:   22 12:36:50 -2107602.460876        0.0125
BFGS:   23 12:37:27 -2107602.460972        0.0176
BFGS:   24 12:38:01 -2107602.461056        0.0135
BFGS:   25 12:38:37 -2107602.461113        0.0067
BFGS:   26 12:39:12 -2107602.461159        0.0069
BFGS:   27 12:39:46 -2107602.461211        0.0112
BFGS:   28 12:40:20 -2107602.461269        0.0121
BFGS:   29 12:40:53 -2107602.461320        0.0067
BFGS:   30 12:41:26 -2107602.461359        0.0068
BFGS:   31 12:42:01 -2107602.461394        0.0079
BFGS:   32 12:42:37 -2107602.461434        0.0105
BFGS:   33 12:43:11 -2107602.461473        0.0075
BFGS:   34 12:43:45 -2107602.461503        0.0046
BFGS:   35 12:44:20 -2107602.461527        0.0054
BFGS:   36 12:44:55 -2107602.461552        0.0091
BFGS:   37 12:45:28 -2107602.461582        0.0091
BFGS:   38 12:46:01 -2107602.461610        0.0071
BFGS:   39 12:46:36 -2107602.461631        0.0036
BFGS:   40 12:47:08 -2107602.461648        0.0055
BFGS:   41 12:47:43 -2107602.461666        0.0075
BFGS:   42 12:48:16 -2107602.461688        0.0079
BFGS:   43 12:48:51 -2107602.461708        0.0052
BFGS:   44 12:49:25 -2107602.461723        0.0030
BFGS:   45 12:50:00 -2107602.461737        0.0046
BFGS:   46 12:50:34 -2107602.461752        0.0068
BFGS:   47 12:51:07 -2107602.461768        0.0061
BFGS:   48 12:51:41 -2107602.461781        0.0027
BFGS:   49 12:52:16 -2107602.461791        0.0027
BFGS:   50 12:52:50 -2107602.461802        0.0051
BFGS:   51 12:53:26 -2107602.461815        0.0061
BFGS:   52 12:54:00 -2107602.461826        0.0039
BFGS:   53 12:54:35 -2107602.461835        0.0020
BFGS:   54 12:55:07 -2107602.461842        0.0033
BFGS:   55 12:55:42 -2107602.461851        0.0051
BFGS:   56 12:56:17 -2107602.461860        0.0044
BFGS:   57 12:56:53 -2107602.461867        0.0021
BFGS:   58 12:57:28 -2107602.461873        0.0018
BFGS:   59 12:58:05 -2107602.461880        0.0040
BFGS:   60 12:58:39 -2107602.461887        0.0045
BFGS:   61 12:59:12 -2107602.461893        0.0028
BFGS:   62 12:59:45 -2107602.461898        0.0014
BFGS:   63 13:00:18 -2107602.461902        0.0024
BFGS:   64 13:00:53 -2107602.461907        0.0037
BFGS:   65 13:01:28 -2107602.461912        0.0034
BFGS:   66 13:02:02 -2107602.461917        0.0015
BFGS:   67 13:02:36 -2107602.461920        0.0011
BFGS:   68 13:03:12 -2107602.461923        0.0023
BFGS:   69 13:03:48 -2107602.461927        0.0028
BFGS:   70 13:04:21 -2107602.461931        0.0022
BFGS:   71 13:04:55 -2107602.461934        0.0013
BFGS:   72 13:05:29 -2107602.461936        0.0013
BFGS:   73 13:06:03 -2107602.461939        0.0021
BFGS:   74 13:06:36 -2107602.461942        0.0025
BFGS:   75 13:07:09 -2107602.461944        0.0017
BFGS:   76 13:07:43 -2107602.461946        0.0012
BFGS:   77 13:08:17 -2107602.461948        0.0013
BFGS:   78 13:08:50 -2107602.461950        0.0018
BFGS:   79 13:09:26 -2107602.461953        0.0017
BFGS:   80 13:09:59 -2107602.461955        0.0010
BFGS:   81 13:10:32 -2107602.461956        0.0009
39 39 186 80 106
Combined bilayer energy = -2107602.461956035
Energy cost per unit length : 0.08761823649385464
Prev_energy - Current_energy = 0.001238718611540554
      Step     Time          Energy         fmax
BFGS:    0 13:10:32 -2107602.461956        0.1836
BFGS:    1 13:11:06 -2107602.463602        0.1181
BFGS:    2 13:11:40 -2107602.465266        0.0487
BFGS:    3 13:12:17 -2107602.465808        0.0501
BFGS:    4 13:12:51 -2107602.467840        0.0688
BFGS:    5 13:13:25 -2107602.468680        0.0500
BFGS:    6 13:13:59 -2107602.469098        0.0212
BFGS:    7 13:14:33 -2107602.469326        0.0195
BFGS:    8 13:15:08 -2107602.469689        0.0328
BFGS:    9 13:15:42 -2107602.470072        0.0370
BFGS:   10 13:16:16 -2107602.470381        0.0205
BFGS:   11 13:16:49 -2107602.470574        0.0162
BFGS:   12 13:17:22 -2107602.470743        0.0163
BFGS:   13 13:17:57 -2107602.470932        0.0232
BFGS:   14 13:18:32 -2107602.471108        0.0186
BFGS:   15 13:19:05 -2107602.471239        0.0120
BFGS:   16 13:19:40 -2107602.471348        0.0119
BFGS:   17 13:20:15 -2107602.471473        0.0187
BFGS:   18 13:20:49 -2107602.471614        0.0187
BFGS:   19 13:21:24 -2107602.471733        0.0176
BFGS:   20 13:22:00 -2107602.471812        0.0095
BFGS:   21 13:22:33 -2107602.471878        0.0111
BFGS:   22 13:23:06 -2107602.471961        0.0135
BFGS:   23 13:23:40 -2107602.472062        0.0181
BFGS:   24 13:24:15 -2107602.472154        0.0155
BFGS:   25 13:24:49 -2107602.472220        0.0078
BFGS:   26 13:25:22 -2107602.472273        0.0081
BFGS:   27 13:25:57 -2107602.472334        0.0124
BFGS:   28 13:26:30 -2107602.472405        0.0151
BFGS:   29 13:27:03 -2107602.472471        0.0097
BFGS:   30 13:27:39 -2107602.472525        0.0082
BFGS:   31 13:28:13 -2107602.472575        0.0092
BFGS:   32 13:28:46 -2107602.472632        0.0146
BFGS:   33 13:29:21 -2107602.472691        0.0127
BFGS:   34 13:29:55 -2107602.472742        0.0073
BFGS:   35 13:30:27 -2107602.472783        0.0057
BFGS:   36 13:31:02 -2107602.472826        0.0131
BFGS:   37 13:31:34 -2107602.472880        0.0160
BFGS:   38 13:32:08 -2107602.472936        0.0114
BFGS:   39 13:32:43 -2107602.472981        0.0064
BFGS:   40 13:33:16 -2107602.473018        0.0076
BFGS:   41 13:33:49 -2107602.473057        0.0132
BFGS:   42 13:34:23 -2107602.473104        0.0137
BFGS:   43 13:34:56 -2107602.473151        0.0078
BFGS:   44 13:35:31 -2107602.473190        0.0056
BFGS:   45 13:36:05 -2107602.473227        0.0086
BFGS:   46 13:36:39 -2107602.473268        0.0123
BFGS:   47 13:37:13 -2107602.473313        0.0104
BFGS:   48 13:37:48 -2107602.473352        0.0053
BFGS:   49 13:38:22 -2107602.473385        0.0050
BFGS:   50 13:38:57 -2107602.473420        0.0090
BFGS:   51 13:39:31 -2107602.473462        0.0105
BFGS:   52 13:40:05 -2107602.473504        0.0073
BFGS:   53 13:40:40 -2107602.473539        0.0043
BFGS:   54 13:41:13 -2107602.473570        0.0056
BFGS:   55 13:41:48 -2107602.473605        0.0088
BFGS:   56 13:42:21 -2107602.473644        0.0082
BFGS:   57 13:42:57 -2107602.473681        0.0053
BFGS:   58 13:43:31 -2107602.473711        0.0045
BFGS:   59 13:44:04 -2107602.473741        0.0070
BFGS:   60 13:44:39 -2107602.473777        0.0085
BFGS:   61 13:45:14 -2107602.473817        0.0079
BFGS:   62 13:45:46 -2107602.473850        0.0037
BFGS:   63 13:46:22 -2107602.473878        0.0042
BFGS:   64 13:46:56 -2107602.473908        0.0068
BFGS:   65 13:47:30 -2107602.473945        0.0088
BFGS:   66 13:48:04 -2107602.473983        0.0070
BFGS:   67 13:48:37 -2107602.474015        0.0045
BFGS:   68 13:49:11 -2107602.474041        0.0041
BFGS:   69 13:49:46 -2107602.474070        0.0075
BFGS:   70 13:50:20 -2107602.474104        0.0085
BFGS:   71 13:50:53 -2107602.474138        0.0055
BFGS:   72 13:51:27 -2107602.474165        0.0050
BFGS:   73 13:52:00 -2107602.474189        0.0047
BFGS:   74 13:52:33 -2107602.474217        0.0080
BFGS:   75 13:53:07 -2107602.474246        0.0080
BFGS:   76 13:53:41 -2107602.474273        0.0043
BFGS:   77 13:54:14 -2107602.474295        0.0047
BFGS:   78 13:54:48 -2107602.474316        0.0049
BFGS:   79 13:55:22 -2107602.474341        0.0071
BFGS:   80 13:55:55 -2107602.474366        0.0059
BFGS:   81 13:56:29 -2107602.474385        0.0031
BFGS:   82 13:57:03 -2107602.474402        0.0034
BFGS:   83 13:57:36 -2107602.474419        0.0049
BFGS:   84 13:58:09 -2107602.474440        0.0058
BFGS:   85 13:58:43 -2107602.474459        0.0043
BFGS:   86 13:59:16 -2107602.474473        0.0025
BFGS:   87 13:59:51 -2107602.474486        0.0029
BFGS:   88 14:00:25 -2107602.474499        0.0046
BFGS:   89 14:00:58 -2107602.474514        0.0048
BFGS:   90 14:01:32 -2107602.474527        0.0030
BFGS:   91 14:02:05 -2107602.474537        0.0021
BFGS:   92 14:02:39 -2107602.474547        0.0034
BFGS:   93 14:03:14 -2107602.474558        0.0045
BFGS:   94 14:03:46 -2107602.474569        0.0038
BFGS:   95 14:04:20 -2107602.474577        0.0019
BFGS:   96 14:04:55 -2107602.474583        0.0022
BFGS:   97 14:05:28 -2107602.474590        0.0034
BFGS:   98 14:06:02 -2107602.474598        0.0040
BFGS:   99 14:06:35 -2107602.474606        0.0026
BFGS:  100 14:07:10 -2107602.474611        0.0017
BFGS:  101 14:07:44 -2107602.474616        0.0021
BFGS:  102 14:08:19 -2107602.474621        0.0033
BFGS:  103 14:08:53 -2107602.474626        0.0029
BFGS:  104 14:09:27 -2107602.474631        0.0013
BFGS:  105 14:10:01 -2107602.474634        0.0013
BFGS:  106 14:10:34 -2107602.474637        0.0024
BFGS:  107 14:11:08 -2107602.474641        0.0028
BFGS:  108 14:11:43 -2107602.474645        0.0018
BFGS:  109 14:12:15 -2107602.474648        0.0012
BFGS:  110 14:12:49 -2107602.474650        0.0013
BFGS:  111 14:13:23 -2107602.474652        0.0021
BFGS:  112 14:13:58 -2107602.474655        0.0020
BFGS:  113 14:14:32 -2107602.474657        0.0012
BFGS:  114 14:15:05 -2107602.474659        0.0011
BFGS:  115 14:15:39 -2107602.474661        0.0014
BFGS:  116 14:16:12 -2107602.474662        0.0018
BFGS:  117 14:16:44 -2107602.474664        0.0015
BFGS:  118 14:17:18 -2107602.474665        0.0009
39 38 186 79 107
Combined bilayer energy = -2107602.4746654886
Energy cost per unit length : 0.08850145949604371
Prev_energy - Current_energy = 0.0008832230021890708
      Step     Time          Energy         fmax
BFGS:    0 14:17:18 -2107602.474665        0.1968
BFGS:    1 14:17:51 -2107602.476510        0.1264
BFGS:    2 14:18:25 -2107602.478371        0.0508
BFGS:    3 14:19:01 -2107602.478975        0.0521
BFGS:    4 14:19:33 -2107602.481205        0.0717
BFGS:    5 14:20:07 -2107602.482114        0.0514
BFGS:    6 14:20:41 -2107602.482570        0.0224
BFGS:    7 14:21:15 -2107602.482824        0.0212
BFGS:    8 14:21:50 -2107602.483223        0.0340
BFGS:    9 14:22:23 -2107602.483633        0.0371
BFGS:   10 14:22:58 -2107602.483958        0.0200
BFGS:   11 14:23:33 -2107602.484162        0.0175
BFGS:   12 14:24:07 -2107602.484342        0.0169
BFGS:   13 14:24:40 -2107602.484538        0.0232
BFGS:   14 14:25:14 -2107602.484717        0.0199
BFGS:   15 14:25:47 -2107602.484849        0.0136
BFGS:   16 14:26:21 -2107602.484959        0.0132
BFGS:   17 14:26:54 -2107602.485082        0.0175
BFGS:   18 14:27:30 -2107602.485216        0.0193
BFGS:   19 14:28:05 -2107602.485325        0.0170
BFGS:   20 14:28:38 -2107602.485397        0.0082
BFGS:   21 14:29:12 -2107602.485459        0.0099
BFGS:   22 14:29:47 -2107602.485533        0.0117
BFGS:   23 14:30:21 -2107602.485619        0.0165
BFGS:   24 14:30:55 -2107602.485694        0.0126
BFGS:   25 14:31:29 -2107602.485745        0.0063
BFGS:   26 14:32:03 -2107602.485786        0.0065
BFGS:   27 14:32:38 -2107602.485833        0.0106
BFGS:   28 14:33:13 -2107602.485886        0.0114
BFGS:   29 14:33:48 -2107602.485932        0.0065
BFGS:   30 14:34:22 -2107602.485967        0.0064
BFGS:   31 14:34:56 -2107602.485999        0.0075
BFGS:   32 14:35:30 -2107602.486035        0.0100
BFGS:   33 14:36:04 -2107602.486072        0.0073
BFGS:   34 14:36:38 -2107602.486099        0.0044
BFGS:   35 14:37:11 -2107602.486121        0.0050
BFGS:   36 14:37:44 -2107602.486144        0.0086
BFGS:   37 14:38:18 -2107602.486172        0.0088
BFGS:   38 14:38:52 -2107602.486198        0.0071
BFGS:   39 14:39:26 -2107602.486217        0.0031
BFGS:   40 14:39:58 -2107602.486233        0.0050
BFGS:   41 14:40:32 -2107602.486250        0.0071
BFGS:   42 14:41:06 -2107602.486270        0.0080
BFGS:   43 14:41:41 -2107602.486289        0.0055
BFGS:   44 14:42:15 -2107602.486303        0.0029
BFGS:   45 14:42:49 -2107602.486316        0.0041
BFGS:   46 14:43:23 -2107602.486331        0.0066
BFGS:   47 14:43:58 -2107602.486346        0.0063
BFGS:   48 14:44:32 -2107602.486358        0.0028
BFGS:   49 14:45:07 -2107602.486368        0.0026
BFGS:   50 14:45:41 -2107602.486378        0.0048
BFGS:   51 14:46:15 -2107602.486390        0.0061
BFGS:   52 14:46:47 -2107602.486401        0.0042
BFGS:   53 14:47:22 -2107602.486409        0.0019
BFGS:   54 14:47:57 -2107602.486416        0.0029
BFGS:   55 14:48:30 -2107602.486424        0.0049
BFGS:   56 14:49:04 -2107602.486433        0.0045
BFGS:   57 14:49:39 -2107602.486440        0.0023
BFGS:   58 14:50:15 -2107602.486446        0.0016
BFGS:   59 14:50:49 -2107602.486452        0.0037
BFGS:   60 14:51:22 -2107602.486458        0.0044
BFGS:   61 14:51:56 -2107602.486464        0.0029
BFGS:   62 14:52:30 -2107602.486469        0.0013
BFGS:   63 14:53:05 -2107602.486473        0.0021
BFGS:   64 14:53:40 -2107602.486477        0.0035
BFGS:   65 14:54:15 -2107602.486483        0.0033
BFGS:   66 14:54:48 -2107602.486487        0.0016
BFGS:   67 14:55:22 -2107602.486490        0.0010
39 38 186 79 107
Combined bilayer energy = -2107602.486490324
Energy cost per unit length : 0.08743168804743441
Prev_energy - Current_energy = 0.0010697714486092996
      Step     Time          Energy         fmax
BFGS:    0 14:55:23 -2107602.486490        0.1723
BFGS:    1 14:55:55 -2107602.487929        0.1109
BFGS:    2 14:56:28 -2107602.489383        0.0457
BFGS:    3 14:57:02 -2107602.489855        0.0470
BFGS:    4 14:57:34 -2107602.491626        0.0643
BFGS:    5 14:58:10 -2107602.492357        0.0466
BFGS:    6 14:58:43 -2107602.492723        0.0202
BFGS:    7 14:59:17 -2107602.492925        0.0183
BFGS:    8 14:59:52 -2107602.493244        0.0309
BFGS:    9 15:00:26 -2107602.493579        0.0343
BFGS:   10 15:01:02 -2107602.493848        0.0186
BFGS:   11 15:01:35 -2107602.494019        0.0156
BFGS:   12 15:02:08 -2107602.494171        0.0158
BFGS:   13 15:02:42 -2107602.494339        0.0219
BFGS:   14 15:03:16 -2107602.494494        0.0176
BFGS:   15 15:03:48 -2107602.494609        0.0113
BFGS:   16 15:04:23 -2107602.494706        0.0112
BFGS:   17 15:04:58 -2107602.494819        0.0180
BFGS:   18 15:05:34 -2107602.494946        0.0177
BFGS:   19 15:06:06 -2107602.495051        0.0166
BFGS:   20 15:06:42 -2107602.495122        0.0088
BFGS:   21 15:07:16 -2107602.495182        0.0107
BFGS:   22 15:07:51 -2107602.495257        0.0130
BFGS:   23 15:08:25 -2107602.495348        0.0172
BFGS:   24 15:08:59 -2107602.495430        0.0144
BFGS:   25 15:09:33 -2107602.495489        0.0071
BFGS:   26 15:10:07 -2107602.495537        0.0078
BFGS:   27 15:10:41 -2107602.495593        0.0120
BFGS:   28 15:11:15 -2107602.495657        0.0143
BFGS:   29 15:11:50 -2107602.495717        0.0089
BFGS:   30 15:12:23 -2107602.495765        0.0075
BFGS:   31 15:12:59 -2107602.495810        0.0092
BFGS:   32 15:13:33 -2107602.495862        0.0141
BFGS:   33 15:14:06 -2107602.495916        0.0121
BFGS:   34 15:14:40 -2107602.495962        0.0066
BFGS:   35 15:15:14 -2107602.495999        0.0057
BFGS:   36 15:15:48 -2107602.496039        0.0126
BFGS:   37 15:16:22 -2107602.496087        0.0151
BFGS:   38 15:16:56 -2107602.496137        0.0104
BFGS:   39 15:17:29 -2107602.496178        0.0054
BFGS:   40 15:18:03 -2107602.496211        0.0075
BFGS:   41 15:18:38 -2107602.496248        0.0126
BFGS:   42 15:19:12 -2107602.496290        0.0126
BFGS:   43 15:19:46 -2107602.496330        0.0066
BFGS:   44 15:20:19 -2107602.496365        0.0048
BFGS:   45 15:20:54 -2107602.496399        0.0087
BFGS:   46 15:21:28 -2107602.496437        0.0118
BFGS:   47 15:22:02 -2107602.496476        0.0093
BFGS:   48 15:22:36 -2107602.496510        0.0044
BFGS:   49 15:23:11 -2107602.496539        0.0042
BFGS:   50 15:23:45 -2107602.496571        0.0090
BFGS:   51 15:24:20 -2107602.496608        0.0098
BFGS:   52 15:24:56 -2107602.496644        0.0063
BFGS:   53 15:25:28 -2107602.496674        0.0036
BFGS:   54 15:26:04 -2107602.496701        0.0060
BFGS:   55 15:26:39 -2107602.496732        0.0086
BFGS:   56 15:27:11 -2107602.496766        0.0073
BFGS:   57 15:27:45 -2107602.496797        0.0042
BFGS:   58 15:28:19 -2107602.496822        0.0039
BFGS:   59 15:28:51 -2107602.496849        0.0072
BFGS:   60 15:29:24 -2107602.496883        0.0082
BFGS:   61 15:29:59 -2107602.496917        0.0071
BFGS:   62 15:30:34 -2107602.496946        0.0033
BFGS:   63 15:31:07 -2107602.496969        0.0044
BFGS:   64 15:31:40 -2107602.496995        0.0066
BFGS:   65 15:32:14 -2107602.497026        0.0081
BFGS:   66 15:32:48 -2107602.497058        0.0059
BFGS:   67 15:33:21 -2107602.497083        0.0034
BFGS:   68 15:33:56 -2107602.497105        0.0041
BFGS:   69 15:34:30 -2107602.497129        0.0071
BFGS:   70 15:35:04 -2107602.497157        0.0075
BFGS:   71 15:35:39 -2107602.497182        0.0043
BFGS:   72 15:36:13 -2107602.497203        0.0035
BFGS:   73 15:36:48 -2107602.497223        0.0048
BFGS:   74 15:37:22 -2107602.497245        0.0073
BFGS:   75 15:37:56 -2107602.497268        0.0066
BFGS:   76 15:38:30 -2107602.497287        0.0032
BFGS:   77 15:39:04 -2107602.497303        0.0031
BFGS:   78 15:39:37 -2107602.497320        0.0047
BFGS:   79 15:40:11 -2107602.497339        0.0061
BFGS:   80 15:40:46 -2107602.497356        0.0045
BFGS:   81 15:41:19 -2107602.497370        0.0027
BFGS:   82 15:41:53 -2107602.497382        0.0028
BFGS:   83 15:42:26 -2107602.497396        0.0045
BFGS:   84 15:43:00 -2107602.497411        0.0048
BFGS:   85 15:43:34 -2107602.497424        0.0031
BFGS:   86 15:44:08 -2107602.497433        0.0023
BFGS:   87 15:44:43 -2107602.497443        0.0030
BFGS:   88 15:45:18 -2107602.497453        0.0041
BFGS:   89 15:45:51 -2107602.497464        0.0038
BFGS:   90 15:46:26 -2107602.497472        0.0020
BFGS:   91 15:47:00 -2107602.497479        0.0022
BFGS:   92 15:47:36 -2107602.497486        0.0032
BFGS:   93 15:48:11 -2107602.497494        0.0038
BFGS:   94 15:48:45 -2107602.497501        0.0028
BFGS:   95 15:49:18 -2107602.497506        0.0015
BFGS:   96 15:49:52 -2107602.497511        0.0021
BFGS:   97 15:50:26 -2107602.497516        0.0031
BFGS:   98 15:50:59 -2107602.497521        0.0032
BFGS:   99 15:51:33 -2107602.497526        0.0017
BFGS:  100 15:52:07 -2107602.497529        0.0013
BFGS:  101 15:52:39 -2107602.497533        0.0021
BFGS:  102 15:53:13 -2107602.497536        0.0028
BFGS:  103 15:53:47 -2107602.497540        0.0022
BFGS:  104 15:54:22 -2107602.497542        0.0011
BFGS:  105 15:54:57 -2107602.497545        0.0011
BFGS:  106 15:55:32 -2107602.497547        0.0022
BFGS:  107 15:56:05 -2107602.497550        0.0023
BFGS:  108 15:56:40 -2107602.497552        0.0013
BFGS:  109 15:57:14 -2107602.497554        0.0011
BFGS:  110 15:57:46 -2107602.497555        0.0013
BFGS:  111 15:58:19 -2107602.497557        0.0018
BFGS:  112 15:58:53 -2107602.497559        0.0016
BFGS:  113 15:59:27 -2107602.497560        0.0010
BFGS:  114 16:00:01 -2107602.497561        0.0010
38 38 186 78 108
Combined bilayer energy = -2107602.4975614543
Energy cost per unit length : 0.08846312723251348
Prev_energy - Current_energy = 0.0010314391850790722
      Step     Time          Energy         fmax
BFGS:    0 16:00:01 -2107602.497561        0.1849
BFGS:    1 16:00:34 -2107602.499182        0.1187
BFGS:    2 16:01:09 -2107602.500812        0.0476
BFGS:    3 16:01:43 -2107602.501343        0.0489
BFGS:    4 16:02:16 -2107602.503307        0.0678
BFGS:    5 16:02:49 -2107602.504111        0.0488
BFGS:    6 16:03:23 -2107602.504514        0.0211
BFGS:    7 16:03:59 -2107602.504738        0.0199
BFGS:    8 16:04:32 -2107602.505089        0.0321
BFGS:    9 16:05:05 -2107602.505454        0.0355
BFGS:   10 16:05:39 -2107602.505744        0.0195
BFGS:   11 16:06:12 -2107602.505924        0.0167
BFGS:   12 16:06:46 -2107602.506082        0.0157
BFGS:   13 16:07:21 -2107602.506256        0.0221
BFGS:   14 16:07:55 -2107602.506417        0.0189
BFGS:   15 16:08:28 -2107602.506537        0.0134
BFGS:   16 16:09:03 -2107602.506636        0.0129
BFGS:   17 16:09:36 -2107602.506746        0.0165
BFGS:   18 16:10:10 -2107602.506866        0.0182
BFGS:   19 16:10:43 -2107602.506964        0.0162
BFGS:   20 16:11:18 -2107602.507030        0.0079
BFGS:   21 16:11:52 -2107602.507086        0.0094
BFGS:   22 16:12:26 -2107602.507153        0.0112
BFGS:   23 16:12:59 -2107602.507232        0.0156
BFGS:   24 16:13:34 -2107602.507300        0.0121
BFGS:   25 16:14:07 -2107602.507347        0.0060
BFGS:   26 16:14:41 -2107602.507385        0.0063
BFGS:   27 16:15:15 -2107602.507428        0.0100
BFGS:   28 16:15:48 -2107602.507477        0.0109
BFGS:   29 16:16:21 -2107602.507520        0.0063
BFGS:   30 16:16:56 -2107602.507552        0.0062
BFGS:   31 16:17:29 -2107602.507582        0.0071
BFGS:   32 16:18:03 -2107602.507616        0.0097
BFGS:   33 16:18:37 -2107602.507651        0.0073
BFGS:   34 16:19:10 -2107602.507680        0.0046
BFGS:   35 16:19:42 -2107602.507703        0.0050
BFGS:   36 16:20:15 -2107602.507727        0.0088
BFGS:   37 16:20:50 -2107602.507758        0.0092
BFGS:   38 16:21:24 -2107602.507787        0.0075
BFGS:   39 16:21:58 -2107602.507809        0.0036
BFGS:   40 16:22:30 -2107602.507826        0.0053
BFGS:   41 16:23:02 -2107602.507845        0.0075
BFGS:   42 16:23:36 -2107602.507868        0.0083
BFGS:   43 16:24:11 -2107602.507889        0.0058
BFGS:   44 16:24:44 -2107602.507905        0.0033
BFGS:   45 16:25:18 -2107602.507919        0.0044
BFGS:   46 16:25:53 -2107602.507935        0.0069
BFGS:   47 16:26:26 -2107602.507952        0.0066
BFGS:   48 16:26:59 -2107602.507965        0.0029
BFGS:   49 16:27:33 -2107602.507976        0.0028
BFGS:   50 16:28:06 -2107602.507987        0.0050
BFGS:   51 16:28:41 -2107602.508000        0.0064
BFGS:   52 16:29:16 -2107602.508013        0.0044
BFGS:   53 16:29:49 -2107602.508022        0.0021
BFGS:   54 16:30:23 -2107602.508030        0.0030
BFGS:   55 16:30:57 -2107602.508039        0.0052
BFGS:   56 16:31:31 -2107602.508048        0.0048
BFGS:   57 16:32:04 -2107602.508056        0.0023
BFGS:   58 16:32:38 -2107602.508062        0.0018
BFGS:   59 16:33:13 -2107602.508068        0.0039
BFGS:   60 16:33:46 -2107602.508076        0.0047
BFGS:   61 16:34:20 -2107602.508082        0.0031
BFGS:   62 16:34:55 -2107602.508087        0.0014
BFGS:   63 16:35:30 -2107602.508092        0.0022
BFGS:   64 16:36:04 -2107602.508096        0.0037
BFGS:   65 16:36:39 -2107602.508102        0.0036
BFGS:   66 16:37:13 -2107602.508107        0.0018
BFGS:   67 16:37:46 -2107602.508110        0.0012
BFGS:   68 16:38:21 -2107602.508113        0.0022
BFGS:   69 16:38:55 -2107602.508117        0.0028
BFGS:   70 16:39:29 -2107602.508121        0.0024
BFGS:   71 16:40:04 -2107602.508124        0.0014
BFGS:   72 16:40:37 -2107602.508127        0.0013
BFGS:   73 16:41:11 -2107602.508129        0.0021
BFGS:   74 16:41:45 -2107602.508132        0.0025
BFGS:   75 16:42:21 -2107602.508135        0.0018
BFGS:   76 16:42:54 -2107602.508137        0.0014
BFGS:   77 16:43:28 -2107602.508139        0.0013
BFGS:   78 16:44:03 -2107602.508141        0.0018
BFGS:   79 16:44:37 -2107602.508144        0.0018
BFGS:   80 16:45:12 -2107602.508146        0.0011
BFGS:   81 16:45:45 -2107602.508147        0.0009
38 38 186 78 108
Combined bilayer energy = -2107602.508147099
Energy cost per unit length : 0.08750546313126312
Prev_energy - Current_energy = 0.0009576641012503662
      Step     Time          Energy         fmax
BFGS:    0 16:45:45 -2107602.508147        0.1644
BFGS:    1 16:46:17 -2107602.509449        0.1058
BFGS:    2 16:46:51 -2107602.510767        0.0436
BFGS:    3 16:47:25 -2107602.511197        0.0449
BFGS:    4 16:48:00 -2107602.512812        0.0617
BFGS:    5 16:48:34 -2107602.513480        0.0449
BFGS:    6 16:49:09 -2107602.513813        0.0189
BFGS:    7 16:49:44 -2107602.513996        0.0175
BFGS:    8 16:50:18 -2107602.514287        0.0296
BFGS:    9 16:50:52 -2107602.514595        0.0333
BFGS:   10 16:51:25 -2107602.514844        0.0185
BFGS:   11 16:51:59 -2107602.515000        0.0147
BFGS:   12 16:52:33 -2107602.515138        0.0148
BFGS:   13 16:53:07 -2107602.515292        0.0210
BFGS:   14 16:53:40 -2107602.515436        0.0169
BFGS:   15 16:54:14 -2107602.515543        0.0109
BFGS:   16 16:54:47 -2107602.515633        0.0108
BFGS:   17 16:55:22 -2107602.515736        0.0172
BFGS:   18 16:55:56 -2107602.515854        0.0170
BFGS:   19 16:56:29 -2107602.515952        0.0161
BFGS:   20 16:57:03 -2107602.516019        0.0087
BFGS:   21 16:57:38 -2107602.516074        0.0102
BFGS:   22 16:58:13 -2107602.516143        0.0126
BFGS:   23 16:58:46 -2107602.516228        0.0166
BFGS:   24 16:59:21 -2107602.516306        0.0143
BFGS:   25 16:59:54 -2107602.516361        0.0072
BFGS:   26 17:00:28 -2107602.516406        0.0076
BFGS:   27 17:01:04 -2107602.516458        0.0113
BFGS:   28 17:01:37 -2107602.516517        0.0139
BFGS:   29 17:02:12 -2107602.516574        0.0090
BFGS:   30 17:02:46 -2107602.516619        0.0075
BFGS:   31 17:03:21 -2107602.516662        0.0085
BFGS:   32 17:03:54 -2107602.516710        0.0134
BFGS:   33 17:04:28 -2107602.516760        0.0118
BFGS:   34 17:05:00 -2107602.516803        0.0067
BFGS:   35 17:05:35 -2107602.516838        0.0052
BFGS:   36 17:06:08 -2107602.516874        0.0120
BFGS:   37 17:06:43 -2107602.516920        0.0147
BFGS:   38 17:07:17 -2107602.516966        0.0105
BFGS:   39 17:07:50 -2107602.517004        0.0057
BFGS:   40 17:08:25 -2107602.517035        0.0069
BFGS:   41 17:08:58 -2107602.517068        0.0121
BFGS:   42 17:09:33 -2107602.517106        0.0125
BFGS:   43 17:10:06 -2107602.517145        0.0070
BFGS:   44 17:10:39 -2107602.517177        0.0051
BFGS:   45 17:11:12 -2107602.517207        0.0079
BFGS:   46 17:11:47 -2107602.517241        0.0112
BFGS:   47 17:12:22 -2107602.517277        0.0093
BFGS:   48 17:12:57 -2107602.517308        0.0046
BFGS:   49 17:13:31 -2107602.517335        0.0043
BFGS:   50 17:14:06 -2107602.517363        0.0083
BFGS:   51 17:14:40 -2107602.517395        0.0095
BFGS:   52 17:15:13 -2107602.517428        0.0063
BFGS:   53 17:15:47 -2107602.517455        0.0037
BFGS:   54 17:16:21 -2107602.517479        0.0052
BFGS:   55 17:16:56 -2107602.517506        0.0080
BFGS:   56 17:17:30 -2107602.517537        0.0071
BFGS:   57 17:18:04 -2107602.517565        0.0046
BFGS:   58 17:18:39 -2107602.517589        0.0041
BFGS:   59 17:19:12 -2107602.517613        0.0064
BFGS:   60 17:19:46 -2107602.517641        0.0075
BFGS:   61 17:20:19 -2107602.517672        0.0068
BFGS:   62 17:20:53 -2107602.517697        0.0032
BFGS:   63 17:21:27 -2107602.517717        0.0037
BFGS:   64 17:22:01 -2107602.517739        0.0059
BFGS:   65 17:22:35 -2107602.517765        0.0074
BFGS:   66 17:23:11 -2107602.517792        0.0058
BFGS:   67 17:23:48 -2107602.517814        0.0037
BFGS:   68 17:24:22 -2107602.517832        0.0034
BFGS:   69 17:24:56 -2107602.517851        0.0062
BFGS:   70 17:25:31 -2107602.517874        0.0069
BFGS:   71 17:26:04 -2107602.517895        0.0043
BFGS:   72 17:26:39 -2107602.517912        0.0039
BFGS:   73 17:27:13 -2107602.517928        0.0040
BFGS:   74 17:27:48 -2107602.517945        0.0064
BFGS:   75 17:28:23 -2107602.517963        0.0061
BFGS:   76 17:28:57 -2107602.517978        0.0033
BFGS:   77 17:29:32 -2107602.517991        0.0035
BFGS:   78 17:30:06 -2107602.518004        0.0039
BFGS:   79 17:30:42 -2107602.518018        0.0054
BFGS:   80 17:31:16 -2107602.518032        0.0043
BFGS:   81 17:31:50 -2107602.518043        0.0023
BFGS:   82 17:32:24 -2107602.518052        0.0024
BFGS:   83 17:32:57 -2107602.518062        0.0037
BFGS:   84 17:33:31 -2107602.518073        0.0043
BFGS:   85 17:34:06 -2107602.518082        0.0031
BFGS:   86 17:34:39 -2107602.518090        0.0018
BFGS:   87 17:35:13 -2107602.518097        0.0023
BFGS:   88 17:35:46 -2107602.518104        0.0035
BFGS:   89 17:36:19 -2107602.518112        0.0035
BFGS:   90 17:36:53 -2107602.518118        0.0020
BFGS:   91 17:37:27 -2107602.518123        0.0017
BFGS:   92 17:38:00 -2107602.518128        0.0025
BFGS:   93 17:38:34 -2107602.518133        0.0033
BFGS:   94 17:39:09 -2107602.518139        0.0026
BFGS:   95 17:39:43 -2107602.518143        0.0013
BFGS:   96 17:40:15 -2107602.518146        0.0016
BFGS:   97 17:40:51 -2107602.518149        0.0026
BFGS:   98 17:41:24 -2107602.518153        0.0028
BFGS:   99 17:41:58 -2107602.518157        0.0016
BFGS:  100 17:42:33 -2107602.518159        0.0011
BFGS:  101 17:43:06 -2107602.518162        0.0017
BFGS:  102 17:43:40 -2107602.518164        0.0024
BFGS:  103 17:44:13 -2107602.518167        0.0019
BFGS:  104 17:44:45 -2107602.518169        0.0009
38 38 186 78 108
Combined bilayer energy = -2107602.51816859
Energy cost per unit length : 0.0865988369996161
Prev_energy - Current_energy = 0.0009066261316470203
      Step     Time          Energy         fmax
BFGS:    0 17:44:45 -2107602.518169        0.1755
BFGS:    1 17:45:18 -2107602.519629        0.1127
BFGS:    2 17:45:51 -2107602.521094        0.0451
BFGS:    3 17:46:25 -2107602.521568        0.0464
BFGS:    4 17:46:59 -2107602.523333        0.0639
BFGS:    5 17:47:32 -2107602.524055        0.0460
BFGS:    6 17:48:04 -2107602.524419        0.0201
BFGS:    7 17:48:39 -2107602.524623        0.0191
BFGS:    8 17:49:13 -2107602.524941        0.0303
BFGS:    9 17:49:47 -2107602.525269        0.0332
BFGS:   10 17:50:20 -2107602.525530        0.0181
BFGS:   11 17:50:55 -2107602.525695        0.0161
BFGS:   12 17:51:28 -2107602.525841        0.0151
BFGS:   13 17:52:03 -2107602.525999        0.0209
BFGS:   14 17:52:36 -2107602.526145        0.0180
BFGS:   15 17:53:09 -2107602.526253        0.0125
BFGS:   16 17:53:44 -2107602.526344        0.0122
BFGS:   17 17:54:18 -2107602.526445        0.0159
BFGS:   18 17:54:51 -2107602.526556        0.0175
BFGS:   19 17:55:25 -2107602.526646        0.0153
BFGS:   20 17:55:59 -2107602.526706        0.0073
BFGS:   21 17:56:32 -2107602.526758        0.0091
BFGS:   22 17:57:06 -2107602.526820        0.0107
BFGS:   23 17:57:40 -2107602.526893        0.0148
BFGS:   24 17:58:12 -2107602.526955        0.0112
BFGS:   25 17:58:48 -2107602.526999        0.0059
BFGS:   26 17:59:21 -2107602.527035        0.0060
BFGS:   27 17:59:56 -2107602.527076        0.0096
BFGS:   28 18:00:29 -2107602.527121        0.0100
BFGS:   29 18:01:03 -2107602.527160        0.0060
BFGS:   30 18:01:38 -2107602.527190        0.0060
BFGS:   31 18:02:13 -2107602.527219        0.0072
BFGS:   32 18:02:46 -2107602.527251        0.0092
BFGS:   33 18:03:23 -2107602.527283        0.0069
BFGS:   34 18:03:57 -2107602.527307        0.0040
BFGS:   35 18:04:31 -2107602.527326        0.0050
BFGS:   36 18:05:03 -2107602.527347        0.0081
BFGS:   37 18:05:38 -2107602.527372        0.0080
BFGS:   38 18:06:13 -2107602.527396        0.0065
BFGS:   39 18:06:47 -2107602.527413        0.0029
BFGS:   40 18:07:22 -2107602.527427        0.0051
BFGS:   41 18:07:57 -2107602.527444        0.0067
BFGS:   42 18:08:32 -2107602.527462        0.0074
BFGS:   43 18:09:05 -2107602.527479        0.0047
BFGS:   44 18:09:39 -2107602.527492        0.0028
BFGS:   45 18:10:11 -2107602.527505        0.0043
BFGS:   46 18:10:45 -2107602.527519        0.0065
BFGS:   47 18:11:19 -2107602.527533        0.0056
BFGS:   48 18:11:52 -2107602.527544        0.0024
BFGS:   49 18:12:25 -2107602.527553        0.0025
BFGS:   50 18:12:59 -2107602.527563        0.0051
BFGS:   51 18:13:32 -2107602.527575        0.0058
BFGS:   52 18:14:05 -2107602.527585        0.0035
BFGS:   53 18:14:38 -2107602.527593        0.0018
BFGS:   54 18:15:15 -2107602.527600        0.0034
BFGS:   55 18:15:49 -2107602.527608        0.0051
BFGS:   56 18:16:22 -2107602.527616        0.0041
BFGS:   57 18:16:56 -2107602.527623        0.0018
BFGS:   58 18:17:29 -2107602.527629        0.0020
BFGS:   59 18:18:04 -2107602.527635        0.0041
BFGS:   60 18:18:39 -2107602.527641        0.0045
BFGS:   61 18:19:11 -2107602.527647        0.0026
BFGS:   62 18:19:44 -2107602.527652        0.0013
BFGS:   63 18:20:18 -2107602.527655        0.0025
BFGS:   64 18:20:53 -2107602.527660        0.0038
BFGS:   65 18:21:27 -2107602.527665        0.0033
BFGS:   66 18:22:05 -2107602.527669        0.0014
BFGS:   67 18:22:40 -2107602.527672        0.0011
BFGS:   68 18:23:14 -2107602.527675        0.0024
BFGS:   69 18:23:50 -2107602.527679        0.0027
BFGS:   70 18:24:24 -2107602.527682        0.0021
BFGS:   71 18:24:58 -2107602.527685        0.0012
BFGS:   72 18:25:32 -2107602.527688        0.0014
BFGS:   73 18:26:05 -2107602.527690        0.0022
BFGS:   74 18:26:38 -2107602.527693        0.0024
BFGS:   75 18:27:11 -2107602.527695        0.0016
BFGS:   76 18:27:45 -2107602.527697        0.0011
BFGS:   77 18:28:20 -2107602.527699        0.0014
BFGS:   78 18:28:53 -2107602.527701        0.0018
BFGS:   79 18:29:26 -2107602.527703        0.0017
BFGS:   80 18:29:59 -2107602.527705        0.0009
38 38 186 78 108
Combined bilayer energy = -2107602.5277050394
Energy cost per unit length : 0.08573609170674004
Prev_energy - Current_energy = 0.0008627452928760548
      Step     Time          Energy         fmax
BFGS:    0 18:29:59 -2107602.527705        0.1581
BFGS:    1 18:30:30 -2107602.528907        0.1018
BFGS:    2 18:31:03 -2107602.530119        0.0419
BFGS:    3 18:31:38 -2107602.530513        0.0431
BFGS:    4 18:32:12 -2107602.531996        0.0591
BFGS:    5 18:32:45 -2107602.532608        0.0430
BFGS:    6 18:33:19 -2107602.532914        0.0182
BFGS:    7 18:33:54 -2107602.533082        0.0168
BFGS:    8 18:34:29 -2107602.533350        0.0284
BFGS:    9 18:35:01 -2107602.533634        0.0321
BFGS:   10 18:35:35 -2107602.533864        0.0178
BFGS:   11 18:36:09 -2107602.534009        0.0143
BFGS:   12 18:36:42 -2107602.534136        0.0142
BFGS:   13 18:37:17 -2107602.534278        0.0203
BFGS:   14 18:37:52 -2107602.534412        0.0163
BFGS:   15 18:38:24 -2107602.534511        0.0106
BFGS:   16 18:38:58 -2107602.534595        0.0105
BFGS:   17 18:39:31 -2107602.534691        0.0166
BFGS:   18 18:40:06 -2107602.534800        0.0163
BFGS:   19 18:40:42 -2107602.534892        0.0155
BFGS:   20 18:41:15 -2107602.534954        0.0084
BFGS:   21 18:41:48 -2107602.535006        0.0099
BFGS:   22 18:42:23 -2107602.535070        0.0123
BFGS:   23 18:42:57 -2107602.535150        0.0161
BFGS:   24 18:43:31 -2107602.535222        0.0139
BFGS:   25 18:44:05 -2107602.535274        0.0068
BFGS:   26 18:44:38 -2107602.535316        0.0073
BFGS:   27 18:45:13 -2107602.535364        0.0110
BFGS:   28 18:45:45 -2107602.535420        0.0136
BFGS:   29 18:46:21 -2107602.535473        0.0090
BFGS:   30 18:46:53 -2107602.535515        0.0071
BFGS:   31 18:47:27 -2107602.535555        0.0080
BFGS:   32 18:48:00 -2107602.535599        0.0130
BFGS:   33 18:48:34 -2107602.535646        0.0117
BFGS:   34 18:49:07 -2107602.535686        0.0064
BFGS:   35 18:49:41 -2107602.535718        0.0047
BFGS:   36 18:50:14 -2107602.535752        0.0114
BFGS:   37 18:50:49 -2107602.535794        0.0142
BFGS:   38 18:51:22 -2107602.535837        0.0104
BFGS:   39 18:51:55 -2107602.535872        0.0054
BFGS:   40 18:52:30 -2107602.535900        0.0063
BFGS:   41 18:53:05 -2107602.535930        0.0114
BFGS:   42 18:53:39 -2107602.535966        0.0122
BFGS:   43 18:54:13 -2107602.536001        0.0072
BFGS:   44 18:54:47 -2107602.536031        0.0046
BFGS:   45 18:55:21 -2107602.536058        0.0072
BFGS:   46 18:55:56 -2107602.536088        0.0106
BFGS:   47 18:56:29 -2107602.536120        0.0091
BFGS:   48 18:57:04 -2107602.536149        0.0045
BFGS:   49 18:57:37 -2107602.536172        0.0040
BFGS:   50 18:58:11 -2107602.536197        0.0075
BFGS:   51 18:58:45 -2107602.536227        0.0090
BFGS:   52 18:59:19 -2107602.536257        0.0062
BFGS:   53 18:59:53 -2107602.536284        0.0039
BFGS:   54 19:00:26 -2107602.536307        0.0047
BFGS:   55 19:00:59 -2107602.536333        0.0075
BFGS:   56 19:01:32 -2107602.536361        0.0068
BFGS:   57 19:02:07 -2107602.536388        0.0045
BFGS:   58 19:02:41 -2107602.536410        0.0038
BFGS:   59 19:03:15 -2107602.536432        0.0060
BFGS:   60 19:03:49 -2107602.536458        0.0071
BFGS:   61 19:04:23 -2107602.536485        0.0064
BFGS:   62 19:04:57 -2107602.536508        0.0030
BFGS:   63 19:05:32 -2107602.536526        0.0035
BFGS:   64 19:06:08 -2107602.536545        0.0055
BFGS:   65 19:06:42 -2107602.536568        0.0067
BFGS:   66 19:07:15 -2107602.536591        0.0051
BFGS:   67 19:07:49 -2107602.536609        0.0033
BFGS:   68 19:08:21 -2107602.536624        0.0032
BFGS:   69 19:08:54 -2107602.536641        0.0057
BFGS:   70 19:09:29 -2107602.536659        0.0062
BFGS:   71 19:10:04 -2107602.536676        0.0037
BFGS:   72 19:10:38 -2107602.536690        0.0034
BFGS:   73 19:11:12 -2107602.536703        0.0037
BFGS:   74 19:11:46 -2107602.536717        0.0058
BFGS:   75 19:12:21 -2107602.536731        0.0053
BFGS:   76 19:12:55 -2107602.536743        0.0028
BFGS:   77 19:13:27 -2107602.536753        0.0029
BFGS:   78 19:14:00 -2107602.536763        0.0036
BFGS:   79 19:14:33 -2107602.536774        0.0048
BFGS:   80 19:15:07 -2107602.536785        0.0035
BFGS:   81 19:15:41 -2107602.536793        0.0019
BFGS:   82 19:16:15 -2107602.536800        0.0020
BFGS:   83 19:16:53 -2107602.536807        0.0033
BFGS:   84 19:17:27 -2107602.536816        0.0036
BFGS:   85 19:18:01 -2107602.536823        0.0025
BFGS:   86 19:18:35 -2107602.536828        0.0015
BFGS:   87 19:19:09 -2107602.536833        0.0021
BFGS:   88 19:19:42 -2107602.536839        0.0030
BFGS:   89 19:20:16 -2107602.536844        0.0029
BFGS:   90 19:20:51 -2107602.536849        0.0016
BFGS:   91 19:21:25 -2107602.536853        0.0015
BFGS:   92 19:21:58 -2107602.536856        0.0022
BFGS:   93 19:22:32 -2107602.536860        0.0028
BFGS:   94 19:23:07 -2107602.536864        0.0021
BFGS:   95 19:23:40 -2107602.536867        0.0011
BFGS:   96 19:24:13 -2107602.536869        0.0015
BFGS:   97 19:24:48 -2107602.536872        0.0023
BFGS:   98 19:25:21 -2107602.536874        0.0023
BFGS:   99 19:25:54 -2107602.536877        0.0012
BFGS:  100 19:26:27 -2107602.536879        0.0009
38 37 186 77 109
Combined bilayer energy = -2107602.536878634
Energy cost per unit length : 0.0869391974923228
Prev_energy - Current_energy = 0.0012031057855827615
      Step     Time          Energy         fmax
BFGS:    0 19:26:27 -2107602.536879        0.1671
BFGS:    1 19:27:01 -2107602.538201        0.1073
BFGS:    2 19:27:36 -2107602.539541        0.0432
BFGS:    3 19:28:09 -2107602.539978        0.0444
BFGS:    4 19:28:43 -2107602.541597        0.0616
BFGS:    5 19:29:17 -2107602.542263        0.0444
BFGS:    6 19:29:51 -2107602.542601        0.0191
BFGS:    7 19:30:27 -2107602.542789        0.0183
BFGS:    8 19:31:02 -2107602.543082        0.0291
BFGS:    9 19:31:37 -2107602.543383        0.0319
BFGS:   10 19:32:12 -2107602.543623        0.0176
BFGS:   11 19:32:46 -2107602.543775        0.0156
BFGS:   12 19:33:19 -2107602.543910        0.0148
BFGS:   13 19:33:54 -2107602.544059        0.0205
BFGS:   14 19:34:29 -2107602.544196        0.0173
BFGS:   15 19:35:02 -2107602.544297        0.0123
BFGS:   16 19:35:36 -2107602.544380        0.0119
BFGS:   17 19:36:09 -2107602.544474        0.0155
BFGS:   18 19:36:45 -2107602.544578        0.0169
BFGS:   19 19:37:18 -2107602.544663        0.0150
BFGS:   20 19:37:52 -2107602.544721        0.0073
BFGS:   21 19:38:25 -2107602.544769        0.0088
BFGS:   22 19:38:57 -2107602.544828        0.0105
BFGS:   23 19:39:32 -2107602.544897        0.0145
BFGS:   24 19:40:06 -2107602.544957        0.0113
BFGS:   25 19:40:41 -2107602.544998        0.0056
BFGS:   26 19:41:14 -2107602.545032        0.0059
BFGS:   27 19:41:49 -2107602.545071        0.0093
BFGS:   28 19:42:22 -2107602.545115        0.0102
BFGS:   29 19:42:56 -2107602.545153        0.0060
BFGS:   30 19:43:30 -2107602.545183        0.0060
BFGS:   31 19:44:04 -2107602.545210        0.0066
BFGS:   32 19:44:36 -2107602.545241        0.0090
BFGS:   33 19:45:10 -2107602.545272        0.0070
BFGS:   34 19:45:44 -2107602.545296        0.0042
BFGS:   35 19:46:19 -2107602.545315        0.0045
BFGS:   36 19:46:53 -2107602.545335        0.0078
BFGS:   37 19:47:27 -2107602.545360        0.0081
BFGS:   38 19:48:00 -2107602.545383        0.0068
BFGS:   39 19:48:34 -2107602.545401        0.0031
BFGS:   40 19:49:09 -2107602.545415        0.0047
BFGS:   41 19:49:43 -2107602.545431        0.0067
BFGS:   42 19:50:19 -2107602.545450        0.0077
BFGS:   43 19:50:52 -2107602.545467        0.0053
BFGS:   44 19:51:27 -2107602.545481        0.0027
BFGS:   45 19:52:00 -2107602.545493        0.0040
BFGS:   46 19:52:36 -2107602.545507        0.0065
BFGS:   47 19:53:11 -2107602.545521        0.0061
BFGS:   48 19:53:44 -2107602.545533        0.0027
BFGS:   49 19:54:19 -2107602.545543        0.0025
BFGS:   50 19:54:52 -2107602.545552        0.0048
BFGS:   51 19:55:26 -2107602.545564        0.0061
BFGS:   52 19:56:02 -2107602.545575        0.0042
BFGS:   53 19:56:35 -2107602.545583        0.0018
BFGS:   54 19:57:10 -2107602.545590        0.0029
BFGS:   55 19:57:44 -2107602.545598        0.0050
BFGS:   56 19:58:19 -2107602.545606        0.0046
BFGS:   57 19:58:52 -2107602.545614        0.0022
BFGS:   58 19:59:25 -2107602.545619        0.0017
BFGS:   59 19:59:58 -2107602.545625        0.0038
BFGS:   60 20:00:32 -2107602.545632        0.0045
BFGS:   61 20:01:06 -2107602.545638        0.0029
BFGS:   62 20:01:40 -2107602.545643        0.0013
BFGS:   63 20:02:13 -2107602.545646        0.0022
BFGS:   64 20:02:47 -2107602.545651        0.0036
BFGS:   65 20:03:21 -2107602.545656        0.0034
BFGS:   66 20:03:56 -2107602.545660        0.0016
BFGS:   67 20:04:31 -2107602.545664        0.0011
BFGS:   68 20:05:04 -2107602.545667        0.0022
BFGS:   69 20:05:38 -2107602.545670        0.0027
BFGS:   70 20:06:13 -2107602.545674        0.0022
BFGS:   71 20:06:47 -2107602.545677        0.0012
BFGS:   72 20:07:19 -2107602.545679        0.0013
BFGS:   73 20:07:52 -2107602.545681        0.0020
BFGS:   74 20:08:26 -2107602.545684        0.0024
BFGS:   75 20:08:59 -2107602.545687        0.0016
BFGS:   76 20:09:32 -2107602.545689        0.0011
BFGS:   77 20:10:06 -2107602.545690        0.0013
BFGS:   78 20:10:40 -2107602.545692        0.0018
BFGS:   79 20:11:13 -2107602.545695        0.0017
BFGS:   80 20:11:46 -2107602.545696        0.0009
38 37 186 77 109
Combined bilayer energy = -2107602.5456962595
Energy cost per unit length : 0.08614148287125563
Prev_energy - Current_energy = 0.0007977146210671748
      Step     Time          Energy         fmax
BFGS:    0 20:11:47 -2107602.545696        0.1529
BFGS:    1 20:12:18 -2107602.546817        0.0984
BFGS:    2 20:12:51 -2107602.547947        0.0405
BFGS:    3 20:13:26 -2107602.548313        0.0416
BFGS:    4 20:13:59 -2107602.549697        0.0571
BFGS:    5 20:14:31 -2107602.550269        0.0416
BFGS:    6 20:15:07 -2107602.550555        0.0176
BFGS:    7 20:15:42 -2107602.550713        0.0162
BFGS:    8 20:16:16 -2107602.550964        0.0275
BFGS:    9 20:16:48 -2107602.551230        0.0310
BFGS:   10 20:17:22 -2107602.551446        0.0172
BFGS:   11 20:17:57 -2107602.551582        0.0137
BFGS:   12 20:18:31 -2107602.551702        0.0138
BFGS:   13 20:19:05 -2107602.551836        0.0197
BFGS:   14 20:19:38 -2107602.551962        0.0158
BFGS:   15 20:20:10 -2107602.552056        0.0102
BFGS:   16 20:20:41 -2107602.552134        0.0101
BFGS:   17 20:21:14 -2107602.552225        0.0161
BFGS:   18 20:21:47 -2107602.552328        0.0159
BFGS:   19 20:22:20 -2107602.552415        0.0151
BFGS:   20 20:22:54 -2107602.552474        0.0082
BFGS:   21 20:23:28 -2107602.552522        0.0096
BFGS:   22 20:24:04 -2107602.552583        0.0119
BFGS:   23 20:24:40 -2107602.552658        0.0157
BFGS:   24 20:25:15 -2107602.552727        0.0135
BFGS:   25 20:25:51 -2107602.552776        0.0068
BFGS:   26 20:26:25 -2107602.552816        0.0071
BFGS:   27 20:27:01 -2107602.552861        0.0107
BFGS:   28 20:27:35 -2107602.552914        0.0132
BFGS:   29 20:28:12 -2107602.552963        0.0087
BFGS:   30 20:28:49 -2107602.553003        0.0070
BFGS:   31 20:29:25 -2107602.553040        0.0078
BFGS:   32 20:30:00 -2107602.553082        0.0126
BFGS:   33 20:30:36 -2107602.553126        0.0113
BFGS:   34 20:31:11 -2107602.553164        0.0058
BFGS:   35 20:31:46 -2107602.553194        0.0045
BFGS:   36 20:32:20 -2107602.553225        0.0110
BFGS:   37 20:32:55 -2107602.553264        0.0137
BFGS:   38 20:33:32 -2107602.553304        0.0099
BFGS:   39 20:34:08 -2107602.553337        0.0046
BFGS:   40 20:34:43 -2107602.553363        0.0061
BFGS:   41 20:35:18 -2107602.553391        0.0110
BFGS:   42 20:35:55 -2107602.553423        0.0116
BFGS:   43 20:36:30 -2107602.553456        0.0067
BFGS:   44 20:37:06 -2107602.553483        0.0048
BFGS:   45 20:37:45 -2107602.553507        0.0069
BFGS:   46 20:38:22 -2107602.553535        0.0100
BFGS:   47 20:38:57 -2107602.553564        0.0085
BFGS:   48 20:39:34 -2107602.553590        0.0042
BFGS:   49 20:40:09 -2107602.553613        0.0040
BFGS:   50 20:40:46 -2107602.553636        0.0074
BFGS:   51 20:41:21 -2107602.553664        0.0086
BFGS:   52 20:41:55 -2107602.553692        0.0059
BFGS:   53 20:42:29 -2107602.553716        0.0036
BFGS:   54 20:43:05 -2107602.553738        0.0047
BFGS:   55 20:43:40 -2107602.553761        0.0073
BFGS:   56 20:44:13 -2107602.553787        0.0064
BFGS:   57 20:44:49 -2107602.553811        0.0041
BFGS:   58 20:45:26 -2107602.553830        0.0038
BFGS:   59 20:46:01 -2107602.553850        0.0058
BFGS:   60 20:46:36 -2107602.553873        0.0067
BFGS:   61 20:47:13 -2107602.553896        0.0058
BFGS:   62 20:47:48 -2107602.553916        0.0028
BFGS:   63 20:48:23 -2107602.553931        0.0034
BFGS:   64 20:48:59 -2107602.553947        0.0052
BFGS:   65 20:49:35 -2107602.553967        0.0061
BFGS:   66 20:50:11 -2107602.553986        0.0045
BFGS:   67 20:50:43 -2107602.554001        0.0030
BFGS:   68 20:51:17 -2107602.554014        0.0031
BFGS:   69 20:51:52 -2107602.554028        0.0053
BFGS:   70 20:52:25 -2107602.554043        0.0055
BFGS:   71 20:53:00 -2107602.554057        0.0031
BFGS:   72 20:53:35 -2107602.554068        0.0030
BFGS:   73 20:54:11 -2107602.554078        0.0036
BFGS:   74 20:54:44 -2107602.554090        0.0053
BFGS:   75 20:55:20 -2107602.554101        0.0046
BFGS:   76 20:55:55 -2107602.554110        0.0024
BFGS:   77 20:56:32 -2107602.554118        0.0025
BFGS:   78 20:57:06 -2107602.554126        0.0034
BFGS:   79 20:57:40 -2107602.554135        0.0043
BFGS:   80 20:58:14 -2107602.554143        0.0030
BFGS:   81 20:58:49 -2107602.554150        0.0016
BFGS:   82 20:59:24 -2107602.554155        0.0018
BFGS:   83 20:59:59 -2107602.554161        0.0030
BFGS:   84 21:00:32 -2107602.554167        0.0032
BFGS:   85 21:01:06 -2107602.554173        0.0021
BFGS:   86 21:01:39 -2107602.554177        0.0014
BFGS:   87 21:02:14 -2107602.554181        0.0020
BFGS:   88 21:02:47 -2107602.554185        0.0027
BFGS:   89 21:03:23 -2107602.554190        0.0025
BFGS:   90 21:03:56 -2107602.554193        0.0013
BFGS:   91 21:04:31 -2107602.554196        0.0014
BFGS:   92 21:05:07 -2107602.554198        0.0020
BFGS:   93 21:05:44 -2107602.554202        0.0025
BFGS:   94 21:06:19 -2107602.554204        0.0018
BFGS:   95 21:06:55 -2107602.554207        0.0010
37 37 186 76 110
Combined bilayer energy = -2107602.554206547
Energy cost per unit length : 0.08740459686310208
Prev_energy - Current_energy = 0.0012631139918464485
      Step     Time          Energy         fmax
BFGS:    0 21:06:55 -2107602.554207        0.1605
BFGS:    1 21:07:29 -2107602.555428        0.1031
BFGS:    2 21:08:03 -2107602.556666        0.0416
BFGS:    3 21:08:39 -2107602.557070        0.0427
BFGS:    4 21:09:15 -2107602.558569        0.0591
BFGS:    5 21:09:52 -2107602.559185        0.0425
BFGS:    6 21:10:26 -2107602.559496        0.0184
BFGS:    7 21:11:02 -2107602.559670        0.0174
BFGS:    8 21:11:37 -2107602.559940        0.0280
BFGS:    9 21:12:14 -2107602.560221        0.0308
BFGS:   10 21:12:48 -2107602.560445        0.0168
BFGS:   11 21:13:25 -2107602.560587        0.0147
BFGS:   12 21:14:01 -2107602.560714        0.0141
BFGS:   13 21:14:37 -2107602.560852        0.0196
BFGS:   14 21:15:12 -2107602.560979        0.0168
BFGS:   15 21:15:49 -2107602.561074        0.0115
BFGS:   16 21:16:25 -2107602.561153        0.0112
BFGS:   17 21:17:02 -2107602.561242        0.0148
BFGS:   18 21:17:38 -2107602.561339        0.0163
BFGS:   19 21:18:15 -2107602.561419        0.0145
BFGS:   20 21:18:48 -2107602.561473        0.0070
BFGS:   21 21:19:24 -2107602.561520        0.0086
BFGS:   22 21:20:03 -2107602.561576        0.0101
BFGS:   23 21:20:39 -2107602.561640        0.0138
BFGS:   24 21:21:16 -2107602.561697        0.0106
BFGS:   25 21:21:55 -2107602.561737        0.0057
BFGS:   26 21:22:30 -2107602.561770        0.0058
BFGS:   27 21:23:04 -2107602.561808        0.0091
BFGS:   28 21:23:40 -2107602.561849        0.0096
BFGS:   29 21:24:17 -2107602.561886        0.0059
BFGS:   30 21:24:54 -2107602.561914        0.0058
BFGS:   31 21:25:30 -2107602.561941        0.0068
BFGS:   32 21:26:06 -2107602.561971        0.0089
BFGS:   33 21:26:40 -2107602.562001        0.0069
BFGS:   34 21:27:16 -2107602.562025        0.0041
BFGS:   35 21:27:51 -2107602.562043        0.0048
BFGS:   36 21:28:25 -2107602.562063        0.0078
BFGS:   37 21:29:02 -2107602.562088        0.0079
BFGS:   38 21:29:38 -2107602.562111        0.0067
BFGS:   39 21:30:14 -2107602.562128        0.0030
BFGS:   40 21:30:49 -2107602.562142        0.0049
BFGS:   41 21:31:25 -2107602.562158        0.0066
BFGS:   42 21:32:01 -2107602.562177        0.0076
BFGS:   43 21:32:36 -2107602.562194        0.0050
BFGS:   44 21:33:12 -2107602.562208        0.0027
BFGS:   45 21:33:47 -2107602.562220        0.0041
BFGS:   46 21:34:23 -2107602.562235        0.0066
BFGS:   47 21:34:59 -2107602.562249        0.0059
BFGS:   48 21:35:35 -2107602.562261        0.0026
BFGS:   49 21:36:14 -2107602.562270        0.0026
BFGS:   50 21:36:48 -2107602.562281        0.0051
BFGS:   51 21:37:24 -2107602.562292        0.0060
BFGS:   52 21:37:59 -2107602.562303        0.0038
BFGS:   53 21:38:34 -2107602.562311        0.0019
BFGS:   54 21:39:10 -2107602.562319        0.0034
BFGS:   55 21:39:45 -2107602.562327        0.0052
BFGS:   56 21:40:19 -2107602.562336        0.0044
BFGS:   57 21:40:51 -2107602.562343        0.0019
BFGS:   58 21:41:23 -2107602.562349        0.0018
BFGS:   59 21:41:57 -2107602.562355        0.0042
BFGS:   60 21:42:31 -2107602.562362        0.0048
BFGS:   61 21:43:05 -2107602.562368        0.0029
BFGS:   62 21:43:40 -2107602.562373        0.0013
BFGS:   63 21:44:15 -2107602.562377        0.0024
BFGS:   64 21:44:52 -2107602.562381        0.0038
BFGS:   65 21:45:29 -2107602.562387        0.0035
BFGS:   66 21:46:08 -2107602.562391        0.0016
BFGS:   67 21:46:45 -2107602.562394        0.0011
BFGS:   68 21:47:21 -2107602.562398        0.0023
BFGS:   69 21:47:59 -2107602.562401        0.0028
BFGS:   70 21:48:37 -2107602.562405        0.0022
BFGS:   71 21:49:16 -2107602.562408        0.0012
BFGS:   72 21:49:53 -2107602.562410        0.0013
BFGS:   73 21:50:30 -2107602.562413        0.0021
BFGS:   74 21:51:09 -2107602.562415        0.0024
BFGS:   75 21:51:48 -2107602.562418        0.0017
BFGS:   76 21:52:27 -2107602.562420        0.0011
BFGS:   77 21:53:05 -2107602.562422        0.0013
BFGS:   78 21:53:44 -2107602.562424        0.0018
BFGS:   79 21:54:24 -2107602.562426        0.0017
BFGS:   80 21:55:02 -2107602.562428        0.0010
37 37 186 76 110
Combined bilayer energy = -2107602.56242782
Energy cost per unit length : 0.0866608331620334
Prev_energy - Current_energy = 0.0007437637010686837
      Step     Time          Energy         fmax
BFGS:    0 21:55:02 -2107602.562428        0.1488
BFGS:    1 21:55:38 -2107602.563488        0.0958
BFGS:    2 21:56:15 -2107602.564559        0.0393
BFGS:    3 21:56:51 -2107602.564906        0.0404
BFGS:    4 21:57:29 -2107602.566215        0.0555
BFGS:    5 21:58:06 -2107602.566754        0.0403
BFGS:    6 21:58:45 -2107602.567025        0.0171
BFGS:    7 21:59:22 -2107602.567175        0.0159
BFGS:    8 21:59:59 -2107602.567414        0.0268
BFGS:    9 22:00:37 -2107602.567666        0.0301
BFGS:   10 22:01:14 -2107602.567869        0.0166
BFGS:   11 22:01:52 -2107602.567998        0.0135
BFGS:   12 22:02:30 -2107602.568113        0.0136
BFGS:   13 22:03:08 -2107602.568241        0.0193
BFGS:   14 22:03:47 -2107602.568360        0.0154
BFGS:   15 22:04:23 -2107602.568450        0.0100
BFGS:   16 22:05:00 -2107602.568524        0.0100
BFGS:   17 22:05:37 -2107602.568610        0.0158
BFGS:   18 22:06:13 -2107602.568709        0.0155
BFGS:   19 22:06:49 -2107602.568792        0.0147
BFGS:   20 22:07:26 -2107602.568848        0.0080
BFGS:   21 22:08:04 -2107602.568894        0.0094
BFGS:   22 22:08:42 -2107602.568952        0.0117
BFGS:   23 22:09:19 -2107602.569023        0.0151
BFGS:   24 22:09:56 -2107602.569088        0.0130
BFGS:   25 22:10:32 -2107602.569135        0.0065
BFGS:   26 22:11:11 -2107602.569173        0.0070
BFGS:   27 22:11:47 -2107602.569216        0.0104
BFGS:   28 22:12:25 -2107602.569266        0.0127
BFGS:   29 22:13:01 -2107602.569313        0.0083
BFGS:   30 22:13:38 -2107602.569351        0.0066
BFGS:   31 22:14:16 -2107602.569385        0.0077
BFGS:   32 22:14:52 -2107602.569425        0.0123
BFGS:   33 22:15:30 -2107602.569467        0.0109
BFGS:   34 22:16:09 -2107602.569502        0.0060
BFGS:   35 22:16:49 -2107602.569530        0.0045
BFGS:   36 22:17:26 -2107602.569560        0.0107
BFGS:   37 22:18:03 -2107602.569596        0.0131
BFGS:   38 22:18:40 -2107602.569633        0.0093
BFGS:   39 22:19:17 -2107602.569663        0.0050
BFGS:   40 22:19:55 -2107602.569688        0.0061
BFGS:   41 22:20:31 -2107602.569714        0.0106
BFGS:   42 22:21:09 -2107602.569744        0.0110
BFGS:   43 22:21:47 -2107602.569774        0.0061
BFGS:   44 22:22:25 -2107602.569798        0.0041
BFGS:   45 22:23:02 -2107602.569820        0.0069
BFGS:   46 22:23:39 -2107602.569846        0.0098
BFGS:   47 22:24:15 -2107602.569875        0.0083
BFGS:   48 22:24:52 -2107602.569900        0.0041
BFGS:   49 22:25:30 -2107602.569921        0.0036
BFGS:   50 22:26:08 -2107602.569944        0.0072
BFGS:   51 22:26:46 -2107602.569970        0.0083
BFGS:   52 22:27:22 -2107602.569996        0.0055
BFGS:   53 22:28:01 -2107602.570018        0.0033
BFGS:   54 22:28:38 -2107602.570038        0.0046
BFGS:   55 22:29:15 -2107602.570060        0.0070
BFGS:   56 22:29:53 -2107602.570084        0.0060
BFGS:   57 22:30:28 -2107602.570105        0.0037
BFGS:   58 22:31:07 -2107602.570122        0.0033
BFGS:   59 22:31:44 -2107602.570139        0.0055
BFGS:   60 22:32:19 -2107602.570160        0.0062
BFGS:   61 22:32:58 -2107602.570181        0.0053
BFGS:   62 22:33:36 -2107602.570197        0.0025
BFGS:   63 22:34:13 -2107602.570211        0.0032
BFGS:   64 22:34:52 -2107602.570225        0.0048
BFGS:   65 22:35:30 -2107602.570242        0.0057
BFGS:   66 22:36:07 -2107602.570258        0.0040
BFGS:   67 22:36:43 -2107602.570271        0.0026
BFGS:   68 22:37:20 -2107602.570281        0.0029
BFGS:   69 22:37:57 -2107602.570293        0.0050
BFGS:   70 22:38:34 -2107602.570306        0.0050
BFGS:   71 22:39:10 -2107602.570317        0.0027
BFGS:   72 22:39:49 -2107602.570326        0.0026
BFGS:   73 22:40:25 -2107602.570335        0.0033
BFGS:   74 22:41:05 -2107602.570344        0.0048
BFGS:   75 22:41:42 -2107602.570353        0.0040
BFGS:   76 22:42:20 -2107602.570361        0.0022
BFGS:   77 22:42:56 -2107602.570367        0.0022
BFGS:   78 22:43:33 -2107602.570374        0.0031
BFGS:   79 22:44:09 -2107602.570381        0.0037
BFGS:   80 22:44:45 -2107602.570388        0.0025
BFGS:   81 22:45:22 -2107602.570392        0.0014
BFGS:   82 22:45:59 -2107602.570397        0.0017
BFGS:   83 22:46:35 -2107602.570401        0.0027
BFGS:   84 22:47:11 -2107602.570407        0.0028
BFGS:   85 22:47:48 -2107602.570411        0.0018
BFGS:   86 22:48:26 -2107602.570414        0.0012
BFGS:   87 22:49:04 -2107602.570417        0.0018
BFGS:   88 22:49:42 -2107602.570421        0.0025
BFGS:   89 22:50:19 -2107602.570424        0.0022
BFGS:   90 22:50:57 -2107602.570426        0.0011
BFGS:   91 22:51:33 -2107602.570429        0.0013
BFGS:   92 22:52:10 -2107602.570431        0.0018
BFGS:   93 22:52:48 -2107602.570433        0.0022
BFGS:   94 22:53:26 -2107602.570435        0.0014
BFGS:   95 22:54:03 -2107602.570437        0.0008
37 37 186 76 110
Combined bilayer energy = -2107602.570436899
Energy cost per unit length : 0.08593626630370137
Prev_energy - Current_energy = 0.0007245668583320264
      Step     Time          Energy         fmax
BFGS:    0 22:54:03 -2107602.570437        0.1552
BFGS:    1 22:54:41 -2107602.571582        0.0997
BFGS:    2 22:55:20 -2107602.572743        0.0402
BFGS:    3 22:55:59 -2107602.573123        0.0413
BFGS:    4 22:56:39 -2107602.574530        0.0572
BFGS:    5 22:57:19 -2107602.575109        0.0412
BFGS:    6 22:57:57 -2107602.575402        0.0178
BFGS:    7 22:58:37 -2107602.575566        0.0169
BFGS:    8 22:59:17 -2107602.575821        0.0272
BFGS:    9 22:59:55 -2107602.576086        0.0299
BFGS:   10 23:00:35 -2107602.576298        0.0164
BFGS:   11 23:01:13 -2107602.576432        0.0143
BFGS:   12 23:01:52 -2107602.576552        0.0137
BFGS:   13 23:02:31 -2107602.576683        0.0191
BFGS:   14 23:03:10 -2107602.576804        0.0164
BFGS:   15 23:03:49 -2107602.576895        0.0112
BFGS:   16 23:04:27 -2107602.576970        0.0110
BFGS:   17 23:05:05 -2107602.577054        0.0144
BFGS:   18 23:05:44 -2107602.577147        0.0159
BFGS:   19 23:06:22 -2107602.577224        0.0141
BFGS:   20 23:07:01 -2107602.577276        0.0069
BFGS:   21 23:07:39 -2107602.577321        0.0084
BFGS:   22 23:08:17 -2107602.577375        0.0100
BFGS:   23 23:08:57 -2107602.577437        0.0135
BFGS:   24 23:09:37 -2107602.577492        0.0104
BFGS:   25 23:10:16 -2107602.577531        0.0056
BFGS:   26 23:10:55 -2107602.577563        0.0057
BFGS:   27 23:11:32 -2107602.577599        0.0089
BFGS:   28 23:12:10 -2107602.577640        0.0095
BFGS:   29 23:12:48 -2107602.577676        0.0059
BFGS:   30 23:13:27 -2107602.577704        0.0058
BFGS:   31 23:14:06 -2107602.577730        0.0066
BFGS:   32 23:14:45 -2107602.577760        0.0087
BFGS:   33 23:15:24 -2107602.577789        0.0069
BFGS:   34 23:16:01 -2107602.577813        0.0041
BFGS:   35 23:16:41 -2107602.577831        0.0046
BFGS:   36 23:17:18 -2107602.577851        0.0077
BFGS:   37 23:17:57 -2107602.577875        0.0080
BFGS:   38 23:18:34 -2107602.577898        0.0068
BFGS:   39 23:19:12 -2107602.577916        0.0030
BFGS:   40 23:19:49 -2107602.577930        0.0048
BFGS:   41 23:20:28 -2107602.577946        0.0066
BFGS:   42 23:21:06 -2107602.577965        0.0077
BFGS:   43 23:21:44 -2107602.577982        0.0052
BFGS:   44 23:22:23 -2107602.577996        0.0028
BFGS:   45 23:22:59 -2107602.578009        0.0041
BFGS:   46 23:23:36 -2107602.578023        0.0067
BFGS:   47 23:24:12 -2107602.578038        0.0061
BFGS:   48 23:24:49 -2107602.578050        0.0026
BFGS:   49 23:25:26 -2107602.578060        0.0026
BFGS:   50 23:26:03 -2107602.578071        0.0050
BFGS:   51 23:26:41 -2107602.578083        0.0061
BFGS:   52 23:27:18 -2107602.578094        0.0040
BFGS:   53 23:27:55 -2107602.578103        0.0020
BFGS:   54 23:28:32 -2107602.578110        0.0033
BFGS:   55 23:29:09 -2107602.578119        0.0053
BFGS:   56 23:29:46 -2107602.578128        0.0046
BFGS:   57 23:30:24 -2107602.578135        0.0020
BFGS:   58 23:31:01 -2107602.578141        0.0018
BFGS:   59 23:31:39 -2107602.578147        0.0042
BFGS:   60 23:32:15 -2107602.578155        0.0049
BFGS:   61 23:32:52 -2107602.578161        0.0031
BFGS:   62 23:33:27 -2107602.578166        0.0014
BFGS:   63 23:34:05 -2107602.578170        0.0024
BFGS:   64 23:34:41 -2107602.578175        0.0039
BFGS:   65 23:35:18 -2107602.578180        0.0037
BFGS:   66 23:35:56 -2107602.578185        0.0017
BFGS:   67 23:36:34 -2107602.578189        0.0011
BFGS:   68 23:37:11 -2107602.578192        0.0023
BFGS:   69 23:37:48 -2107602.578196        0.0029
BFGS:   70 23:38:25 -2107602.578199        0.0023
BFGS:   71 23:39:02 -2107602.578203        0.0012
BFGS:   72 23:39:40 -2107602.578205        0.0013
BFGS:   73 23:40:17 -2107602.578208        0.0021
BFGS:   74 23:40:53 -2107602.578211        0.0025
BFGS:   75 23:41:29 -2107602.578213        0.0017
BFGS:   76 23:42:06 -2107602.578215        0.0011
BFGS:   77 23:42:43 -2107602.578217        0.0013
BFGS:   78 23:43:19 -2107602.578219        0.0018
BFGS:   79 23:43:55 -2107602.578222        0.0018
BFGS:   80 23:44:30 -2107602.578223        0.0010
BFGS:   81 23:45:08 -2107602.578225        0.0009
37 37 186 76 110
Combined bilayer energy = -2107602.5782248992
Energy cost per unit length : 0.08523170003930763
Prev_energy - Current_energy = 0.0007045662643937328
      Step     Time          Energy         fmax
BFGS:    0 23:45:08 -2107602.578225        0.1452
BFGS:    1 23:45:43 -2107602.579237        0.0935
BFGS:    2 23:46:20 -2107602.580262        0.0385
BFGS:    3 23:46:56 -2107602.580595        0.0396
BFGS:    4 23:47:32 -2107602.581850        0.0544
BFGS:    5 23:48:10 -2107602.582367        0.0395
BFGS:    6 23:48:46 -2107602.582627        0.0167
BFGS:    7 23:49:23 -2107602.582771        0.0155
BFGS:    8 23:50:00 -2107602.583001        0.0263
BFGS:    9 23:50:38 -2107602.583242        0.0294
BFGS:   10 23:51:16 -2107602.583438        0.0161
BFGS:   11 23:51:56 -2107602.583562        0.0134
BFGS:   12 23:52:35 -2107602.583672        0.0134
BFGS:   13 23:53:13 -2107602.583796        0.0189
BFGS:   14 23:53:49 -2107602.583911        0.0150
BFGS:   15 23:54:25 -2107602.583997        0.0098
BFGS:   16 23:55:04 -2107602.584068        0.0098
BFGS:   17 23:55:41 -2107602.584151        0.0155
BFGS:   18 23:56:19 -2107602.584246        0.0152
BFGS:   19 23:56:56 -2107602.584327        0.0144
BFGS:   20 23:57:33 -2107602.584380        0.0078
BFGS:   21 23:58:10 -2107602.584425        0.0092
BFGS:   22 23:58:49 -2107602.584481        0.0115
BFGS:   23 23:59:27 -2107602.584549        0.0147
BFGS:   24 00:00:04 -2107602.584612        0.0127
BFGS:   25 00:00:41 -2107602.584656        0.0064
BFGS:   26 00:01:17 -2107602.584693        0.0069
BFGS:   27 00:01:54 -2107602.584734        0.0100
BFGS:   28 00:02:31 -2107602.584782        0.0123
BFGS:   29 00:03:08 -2107602.584826        0.0079
BFGS:   30 00:03:45 -2107602.584862        0.0065
BFGS:   31 00:04:23 -2107602.584895        0.0075
BFGS:   32 00:05:00 -2107602.584933        0.0119
BFGS:   33 00:05:38 -2107602.584973        0.0104
BFGS:   34 00:06:15 -2107602.585006        0.0059
BFGS:   35 00:06:54 -2107602.585033        0.0045
BFGS:   36 00:07:31 -2107602.585061        0.0104
BFGS:   37 00:08:08 -2107602.585095        0.0126
BFGS:   38 00:08:45 -2107602.585130        0.0089
BFGS:   39 00:09:21 -2107602.585158        0.0048
BFGS:   40 00:09:59 -2107602.585181        0.0060
BFGS:   41 00:10:36 -2107602.585205        0.0103
BFGS:   42 00:11:12 -2107602.585233        0.0104
BFGS:   43 00:11:49 -2107602.585260        0.0056
BFGS:   44 00:12:27 -2107602.585283        0.0039
BFGS:   45 00:13:04 -2107602.585304        0.0068
BFGS:   46 00:13:40 -2107602.585329        0.0094
BFGS:   47 00:14:17 -2107602.585354        0.0076
BFGS:   48 00:14:56 -2107602.585376        0.0037
BFGS:   49 00:15:34 -2107602.585396        0.0034
BFGS:   50 00:16:12 -2107602.585416        0.0071
BFGS:   51 00:16:49 -2107602.585441        0.0079
BFGS:   52 00:17:27 -2107602.585464        0.0050
BFGS:   53 00:18:05 -2107602.585483        0.0030
BFGS:   54 00:18:40 -2107602.585501        0.0046
BFGS:   55 00:19:18 -2107602.585520        0.0068
BFGS:   56 00:19:55 -2107602.585541        0.0057
BFGS:   57 00:20:33 -2107602.585560        0.0033
BFGS:   58 00:21:11 -2107602.585575        0.0030
BFGS:   59 00:21:48 -2107602.585590        0.0053
BFGS:   60 00:22:24 -2107602.585608        0.0058
BFGS:   61 00:23:02 -2107602.585626        0.0048
slurmstepd: error: *** JOB 857352 ON gpu007 CANCELLED AT 2024-09-21T00:23:30 DUE TO TIME LIMIT ***
