Starting calculations for AP-WS2/WS2
      Step     Time          Energy         fmax
BFGS:    0 16:09:38   -11331.186919        0.0383
BFGS:    1 16:09:39   -11331.186996        0.0248
BFGS:    2 16:09:45   -11331.187053        0.0172
BFGS:    3 16:09:45   -11331.187081        0.0193
BFGS:    4 16:09:45   -11331.187138        0.0160
BFGS:    5 16:09:45   -11331.187199        0.0259
BFGS:    6 16:09:45   -11331.187335        0.0401
BFGS:    7 16:09:45   -11331.187583        0.0524
BFGS:    8 16:09:45   -11331.187972        0.0532
BFGS:    9 16:09:45   -11331.188307        0.0326
BFGS:   10 16:09:45   -11331.188418        0.0117
BFGS:   11 16:09:45   -11331.188431        0.0018
BFGS:   12 16:09:45   -11331.188432        0.0001
      Step     Time          Energy         fmax
BFGS:    0 16:09:45   -11331.210339        0.0366
BFGS:    1 16:09:45   -11331.210400        0.0153
BFGS:    2 16:09:45   -11331.210414        0.0067
BFGS:    3 16:09:45   -11331.210420        0.0077
BFGS:    4 16:09:45   -11331.210462        0.0162
BFGS:    5 16:09:45   -11331.210525        0.0247
BFGS:    6 16:09:45   -11331.210643        0.0323
BFGS:    7 16:09:45   -11331.210770        0.0299
BFGS:    8 16:09:46   -11331.210857        0.0172
BFGS:    9 16:09:46   -11331.210891        0.0101
BFGS:   10 16:09:46   -11331.210902        0.0053
BFGS:   11 16:09:46   -11331.210904        0.0024
BFGS:   12 16:09:46   -11331.210904        0.0005
MM' and 2H energies : -11331.188432229417 , -11331.210904485179
      Step     Time          Energy         fmax
BFGS:    0 16:09:52 -2107600.211291        0.5706
BFGS:    1 16:10:23 -2107600.777247        0.3376
BFGS:    2 16:10:56 -2107601.185216        0.1653
BFGS:    3 16:11:29 -2107601.235768        0.1344
BFGS:    4 16:12:01 -2107601.300349        0.0697
BFGS:    5 16:12:33 -2107601.308271        0.0638
BFGS:    6 16:13:07 -2107601.326547        0.0788
BFGS:    7 16:13:39 -2107601.348299        0.0861
BFGS:    8 16:14:14 -2107601.382548        0.0966
BFGS:    9 16:14:48 -2107601.418262        0.1013
BFGS:   10 16:15:21 -2107601.458821        0.1145
BFGS:   11 16:15:54 -2107601.507901        0.1545
BFGS:   12 16:16:26 -2107601.568719        0.1938
BFGS:   13 16:16:59 -2107601.624678        0.1739
BFGS:   14 16:17:31 -2107601.656721        0.1131
BFGS:   15 16:18:04 -2107601.670102        0.0983
BFGS:   16 16:18:36 -2107601.679131        0.0911
BFGS:   17 16:19:09 -2107601.690295        0.0901
BFGS:   18 16:19:42 -2107601.702858        0.0837
BFGS:   19 16:20:15 -2107601.713100        0.0537
BFGS:   20 16:20:49 -2107601.718983        0.0397
BFGS:   21 16:21:21 -2107601.722506        0.0383
BFGS:   22 16:21:54 -2107601.725720        0.0375
BFGS:   23 16:22:26 -2107601.729189        0.0320
BFGS:   24 16:23:00 -2107601.732540        0.0271
BFGS:   25 16:23:33 -2107601.735469        0.0280
BFGS:   26 16:24:07 -2107601.738023        0.0280
BFGS:   27 16:24:39 -2107601.740326        0.0290
BFGS:   28 16:25:13 -2107601.742333        0.0246
BFGS:   29 16:25:45 -2107601.744107        0.0220
BFGS:   30 16:26:17 -2107601.745972        0.0237
BFGS:   31 16:26:50 -2107601.748246        0.0300
BFGS:   32 16:27:23 -2107601.750850        0.0320
BFGS:   33 16:27:56 -2107601.753364        0.0284
BFGS:   34 16:28:29 -2107601.755642        0.0304
BFGS:   35 16:29:00 -2107601.758040        0.0303
BFGS:   36 16:29:31 -2107601.760895        0.0354
BFGS:   37 16:30:04 -2107601.763981        0.0408
BFGS:   38 16:30:37 -2107601.766910        0.0399
BFGS:   39 16:31:10 -2107601.769922        0.0435
BFGS:   40 16:31:44 -2107601.773753        0.0452
BFGS:   41 16:32:18 -2107601.778605        0.0581
BFGS:   42 16:32:52 -2107601.783420        0.0549
BFGS:   43 16:33:25 -2107601.787255        0.0487
BFGS:   44 16:33:58 -2107601.790766        0.0502
BFGS:   45 16:34:30 -2107601.795307        0.0504
BFGS:   46 16:35:03 -2107601.801079        0.0635
BFGS:   47 16:35:36 -2107601.806398        0.0582
BFGS:   48 16:36:09 -2107601.810121        0.0397
BFGS:   49 16:36:42 -2107601.813297        0.0426
BFGS:   50 16:37:14 -2107601.817474        0.0506
BFGS:   51 16:37:46 -2107601.822690        0.0615
BFGS:   52 16:38:19 -2107601.827145        0.0441
BFGS:   53 16:38:52 -2107601.829883        0.0295
BFGS:   54 16:39:25 -2107601.831984        0.0320
BFGS:   55 16:39:58 -2107601.834643        0.0444
BFGS:   56 16:40:30 -2107601.837801        0.0534
BFGS:   57 16:41:03 -2107601.840448        0.0381
BFGS:   58 16:41:35 -2107601.842231        0.0315
BFGS:   59 16:42:07 -2107601.843780        0.0246
BFGS:   60 16:42:41 -2107601.845607        0.0378
BFGS:   61 16:43:12 -2107601.847474        0.0375
BFGS:   62 16:43:45 -2107601.848957        0.0336
BFGS:   63 16:44:17 -2107601.850149        0.0287
BFGS:   64 16:44:49 -2107601.851443        0.0306
BFGS:   65 16:45:22 -2107601.852913        0.0387
BFGS:   66 16:45:56 -2107601.854240        0.0266
BFGS:   67 16:46:29 -2107601.855297        0.0302
BFGS:   68 16:47:01 -2107601.856361        0.0258
BFGS:   69 16:47:36 -2107601.857750        0.0465
BFGS:   70 16:48:08 -2107601.859372        0.0490
BFGS:   71 16:48:41 -2107601.860791        0.0267
BFGS:   72 16:49:15 -2107601.861878        0.0287
BFGS:   73 16:49:48 -2107601.862983        0.0379
BFGS:   74 16:50:20 -2107601.864504        0.0616
BFGS:   75 16:50:53 -2107601.866448        0.0641
BFGS:   76 16:51:26 -2107601.868421        0.0376
BFGS:   77 16:51:59 -2107601.870155        0.0344
BFGS:   78 16:52:31 -2107601.871896        0.0448
BFGS:   79 16:53:03 -2107601.874040        0.0699
BFGS:   80 16:53:35 -2107601.876622        0.0676
BFGS:   81 16:54:07 -2107601.879271        0.0341
BFGS:   82 16:54:39 -2107601.881804        0.0337
BFGS:   83 16:55:13 -2107601.884555        0.0598
BFGS:   84 16:55:45 -2107601.887893        0.0818
BFGS:   85 16:56:18 -2107601.891587        0.0673
BFGS:   86 16:56:51 -2107601.895059        0.0381
BFGS:   87 16:57:23 -2107601.898279        0.0375
BFGS:   88 16:57:55 -2107601.901855        0.0699
BFGS:   89 16:58:27 -2107601.906177        0.0815
BFGS:   90 16:58:59 -2107601.910605        0.0533
BFGS:   91 16:59:32 -2107601.914187        0.0349
BFGS:   92 17:00:04 -2107601.917052        0.0393
BFGS:   93 17:00:36 -2107601.920052        0.0609
BFGS:   94 17:01:08 -2107601.923566        0.0549
BFGS:   95 17:01:41 -2107601.927049        0.0388
BFGS:   96 17:02:14 -2107601.929929        0.0302
BFGS:   97 17:02:47 -2107601.932451        0.0401
BFGS:   98 17:03:20 -2107601.935204        0.0442
BFGS:   99 17:03:52 -2107601.938271        0.0438
BFGS:  100 17:04:25 -2107601.941227        0.0317
BFGS:  101 17:04:59 -2107601.943985        0.0320
BFGS:  102 17:05:31 -2107601.947074        0.0427
BFGS:  103 17:06:03 -2107601.950971        0.0525
BFGS:  104 17:06:36 -2107601.955253        0.0482
BFGS:  105 17:07:09 -2107601.958993        0.0361
BFGS:  106 17:07:41 -2107601.962097        0.0365
BFGS:  107 17:08:13 -2107601.965266        0.0371
BFGS:  108 17:08:46 -2107601.968828        0.0456
BFGS:  109 17:09:18 -2107601.972197        0.0352
BFGS:  110 17:09:51 -2107601.974892        0.0371
BFGS:  111 17:10:24 -2107601.977327        0.0303
BFGS:  112 17:10:56 -2107601.980169        0.0413
BFGS:  113 17:11:28 -2107601.983399        0.0403
BFGS:  114 17:12:01 -2107601.986432        0.0354
BFGS:  115 17:12:35 -2107601.989182        0.0369
BFGS:  116 17:13:09 -2107601.992343        0.0417
BFGS:  117 17:13:42 -2107601.996549        0.0495
BFGS:  118 17:14:16 -2107602.001247        0.0485
BFGS:  119 17:14:49 -2107602.005088        0.0397
BFGS:  120 17:15:22 -2107602.007889        0.0262
BFGS:  121 17:15:55 -2107602.010646        0.0359
BFGS:  122 17:16:28 -2107602.014070        0.0517
BFGS:  123 17:17:01 -2107602.017735        0.0583
BFGS:  124 17:17:35 -2107602.020902        0.0352
BFGS:  125 17:18:08 -2107602.023679        0.0317
BFGS:  126 17:18:41 -2107602.026776        0.0478
BFGS:  127 17:19:14 -2107602.030388        0.0738
BFGS:  128 17:19:46 -2107602.033802        0.0638
BFGS:  129 17:20:18 -2107602.036521        0.0269
BFGS:  130 17:20:52 -2107602.038989        0.0314
BFGS:  131 17:21:24 -2107602.041790        0.0651
BFGS:  132 17:21:57 -2107602.044685        0.0758
BFGS:  133 17:22:30 -2107602.046964        0.0473
BFGS:  134 17:23:03 -2107602.048606        0.0219
BFGS:  135 17:23:38 -2107602.050211        0.0424
BFGS:  136 17:24:11 -2107602.052209        0.0735
BFGS:  137 17:24:43 -2107602.054371        0.0724
BFGS:  138 17:25:17 -2107602.056202        0.0371
BFGS:  139 17:25:49 -2107602.057647        0.0230
BFGS:  140 17:26:21 -2107602.059022        0.0481
BFGS:  141 17:26:53 -2107602.060446        0.0614
BFGS:  142 17:27:26 -2107602.061713        0.0429
BFGS:  143 17:27:57 -2107602.062727        0.0193
BFGS:  144 17:28:29 -2107602.063686        0.0309
BFGS:  145 17:29:02 -2107602.064806        0.0558
BFGS:  146 17:29:35 -2107602.066007        0.0551
BFGS:  147 17:30:07 -2107602.067034        0.0274
BFGS:  148 17:30:40 -2107602.067846        0.0207
BFGS:  149 17:31:13 -2107602.068646        0.0390
BFGS:  150 17:31:46 -2107602.069578        0.0528
BFGS:  151 17:32:19 -2107602.070522        0.0414
BFGS:  152 17:32:54 -2107602.071294        0.0194
BFGS:  153 17:33:27 -2107602.071935        0.0217
BFGS:  154 17:33:58 -2107602.072632        0.0426
BFGS:  155 17:34:29 -2107602.073484        0.0463
BFGS:  156 17:35:03 -2107602.074351        0.0275
BFGS:  157 17:35:34 -2107602.075051        0.0162
BFGS:  158 17:36:06 -2107602.075680        0.0326
BFGS:  159 17:36:39 -2107602.076400        0.0450
BFGS:  160 17:37:11 -2107602.077184        0.0394
BFGS:  161 17:37:44 -2107602.077867        0.0186
BFGS:  162 17:38:16 -2107602.078425        0.0132
BFGS:  163 17:38:49 -2107602.078998        0.0291
BFGS:  164 17:39:21 -2107602.079684        0.0371
BFGS:  165 17:39:52 -2107602.080382        0.0296
BFGS:  166 17:40:24 -2107602.080940        0.0170
BFGS:  167 17:40:58 -2107602.081385        0.0163
BFGS:  168 17:41:29 -2107602.081857        0.0267
BFGS:  169 17:42:02 -2107602.082405        0.0292
BFGS:  170 17:42:34 -2107602.082924        0.0198
BFGS:  171 17:43:06 -2107602.083337        0.0161
BFGS:  172 17:43:38 -2107602.083707        0.0153
BFGS:  173 17:44:10 -2107602.084126        0.0235
BFGS:  174 17:44:44 -2107602.084578        0.0228
BFGS:  175 17:45:17 -2107602.084971        0.0148
BFGS:  176 17:45:50 -2107602.085298        0.0115
BFGS:  177 17:46:22 -2107602.085650        0.0198
BFGS:  178 17:46:54 -2107602.086095        0.0276
BFGS:  179 17:47:28 -2107602.086579        0.0252
BFGS:  180 17:47:59 -2107602.087002        0.0153
BFGS:  181 17:48:31 -2107602.087373        0.0150
BFGS:  182 17:49:05 -2107602.087796        0.0254
BFGS:  183 17:49:38 -2107602.088331        0.0314
BFGS:  184 17:50:11 -2107602.088905        0.0245
BFGS:  185 17:50:43 -2107602.089420        0.0134
BFGS:  186 17:51:16 -2107602.089897        0.0150
BFGS:  187 17:51:48 -2107602.090436        0.0288
BFGS:  188 17:52:20 -2107602.091041        0.0330
BFGS:  189 17:52:53 -2107602.091590        0.0219
BFGS:  190 17:53:26 -2107602.092026        0.0124
BFGS:  191 17:53:58 -2107602.092437        0.0166
BFGS:  192 17:54:30 -2107602.092921        0.0280
BFGS:  193 17:55:03 -2107602.093442        0.0271
BFGS:  194 17:55:35 -2107602.093888        0.0144
BFGS:  195 17:56:07 -2107602.094253        0.0122
BFGS:  196 17:56:40 -2107602.094646        0.0214
BFGS:  197 17:57:12 -2107602.095160        0.0279
BFGS:  198 17:57:44 -2107602.095757        0.0227
BFGS:  199 17:58:18 -2107602.096324        0.0144
BFGS:  200 17:58:51 -2107602.096839        0.0188
BFGS:  201 17:59:25 -2107602.097399        0.0346
BFGS:  202 17:59:57 -2107602.098072        0.0392
BFGS:  203 18:00:30 -2107602.098786        0.0286
BFGS:  204 18:01:03 -2107602.099448        0.0152
BFGS:  205 18:01:35 -2107602.100096        0.0183
BFGS:  206 18:02:09 -2107602.100843        0.0317
BFGS:  207 18:02:41 -2107602.101670        0.0321
BFGS:  208 18:03:14 -2107602.102404        0.0186
BFGS:  209 18:03:47 -2107602.102972        0.0131
BFGS:  210 18:04:20 -2107602.103512        0.0188
BFGS:  211 18:04:53 -2107602.104180        0.0267
BFGS:  212 18:05:27 -2107602.104956        0.0270
BFGS:  213 18:06:01 -2107602.105683        0.0154
BFGS:  214 18:06:33 -2107602.106308        0.0154
BFGS:  215 18:07:06 -2107602.106958        0.0275
BFGS:  216 18:07:40 -2107602.107738        0.0315
BFGS:  217 18:08:13 -2107602.108548        0.0271
BFGS:  218 18:08:46 -2107602.109208        0.0139
BFGS:  219 18:09:18 -2107602.109741        0.0135
BFGS:  220 18:09:50 -2107602.110317        0.0202
BFGS:  221 18:10:23 -2107602.111015        0.0278
BFGS:  222 18:10:56 -2107602.111720        0.0227
BFGS:  223 18:11:29 -2107602.112301        0.0115
BFGS:  224 18:12:01 -2107602.112812        0.0141
BFGS:  225 18:12:35 -2107602.113393        0.0222
BFGS:  226 18:13:08 -2107602.114071        0.0230
BFGS:  227 18:13:41 -2107602.114720        0.0153
BFGS:  228 18:14:13 -2107602.115268        0.0120
BFGS:  229 18:14:46 -2107602.115808        0.0178
BFGS:  230 18:15:19 -2107602.116457        0.0253
BFGS:  231 18:15:50 -2107602.117178        0.0226
BFGS:  232 18:16:24 -2107602.117821        0.0128
BFGS:  233 18:16:57 -2107602.118354        0.0126
BFGS:  234 18:17:30 -2107602.118906        0.0214
BFGS:  235 18:18:02 -2107602.119578        0.0273
BFGS:  236 18:18:38 -2107602.120304        0.0212
BFGS:  237 18:19:11 -2107602.120952        0.0131
BFGS:  238 18:19:43 -2107602.121543        0.0142
BFGS:  239 18:20:16 -2107602.122228        0.0242
BFGS:  240 18:20:49 -2107602.123076        0.0288
BFGS:  241 18:21:23 -2107602.123946        0.0224
BFGS:  242 18:21:55 -2107602.124668        0.0136
BFGS:  243 18:22:28 -2107602.125300        0.0152
BFGS:  244 18:23:02 -2107602.126030        0.0243
BFGS:  245 18:23:34 -2107602.126924        0.0262
BFGS:  246 18:24:07 -2107602.127834        0.0228
BFGS:  247 18:24:41 -2107602.128624        0.0135
BFGS:  248 18:25:13 -2107602.129377        0.0160
BFGS:  249 18:25:45 -2107602.130263        0.0245
BFGS:  250 18:26:18 -2107602.131279        0.0290
BFGS:  251 18:26:49 -2107602.132235        0.0191
BFGS:  252 18:27:22 -2107602.133051        0.0143
BFGS:  253 18:27:55 -2107602.133878        0.0207
BFGS:  254 18:28:27 -2107602.134861        0.0326
BFGS:  255 18:29:01 -2107602.135892        0.0315
BFGS:  256 18:29:34 -2107602.136751        0.0178
BFGS:  257 18:30:08 -2107602.137450        0.0146
BFGS:  258 18:30:41 -2107602.138202        0.0282
BFGS:  259 18:31:15 -2107602.139132        0.0378
BFGS:  260 18:31:49 -2107602.140103        0.0304
BFGS:  261 18:32:23 -2107602.140926        0.0151
BFGS:  262 18:32:57 -2107602.141647        0.0137
BFGS:  263 18:33:30 -2107602.142457        0.0309
BFGS:  264 18:34:03 -2107602.143410        0.0359
BFGS:  265 18:34:37 -2107602.144344        0.0237
BFGS:  266 18:35:11 -2107602.145152        0.0134
BFGS:  267 18:35:43 -2107602.145973        0.0209
BFGS:  268 18:36:16 -2107602.147018        0.0367
BFGS:  269 18:36:47 -2107602.148292        0.0377
BFGS:  270 18:37:19 -2107602.149560        0.0215
BFGS:  271 18:37:53 -2107602.150700        0.0182
BFGS:  272 18:38:26 -2107602.151901        0.0317
BFGS:  273 18:39:00 -2107602.153400        0.0456
BFGS:  274 18:39:35 -2107602.155108        0.0404
BFGS:  275 18:40:08 -2107602.156698        0.0226
BFGS:  276 18:40:41 -2107602.158117        0.0216
BFGS:  277 18:41:14 -2107602.159685        0.0403
BFGS:  278 18:41:47 -2107602.161644        0.0520
BFGS:  279 18:42:19 -2107602.163728        0.0406
BFGS:  280 18:42:52 -2107602.165481        0.0204
BFGS:  281 18:43:25 -2107602.166945        0.0222
BFGS:  282 18:43:58 -2107602.168535        0.0390
BFGS:  283 18:44:31 -2107602.170428        0.0454
BFGS:  284 18:45:05 -2107602.172282        0.0353
BFGS:  285 18:45:37 -2107602.173775        0.0198
BFGS:  286 18:46:10 -2107602.175088        0.0225
BFGS:  287 18:46:44 -2107602.176592        0.0418
BFGS:  288 18:47:17 -2107602.178316        0.0477
BFGS:  289 18:47:50 -2107602.179908        0.0311
BFGS:  290 18:48:23 -2107602.181202        0.0171
BFGS:  291 18:48:56 -2107602.182445        0.0254
BFGS:  292 18:49:28 -2107602.183898        0.0418
BFGS:  293 18:50:02 -2107602.185448        0.0402
BFGS:  294 18:50:36 -2107602.186789        0.0203
BFGS:  295 18:51:09 -2107602.187910        0.0209
BFGS:  296 18:51:44 -2107602.189079        0.0304
BFGS:  297 18:52:16 -2107602.190431        0.0403
BFGS:  298 18:52:49 -2107602.191768        0.0304
BFGS:  299 18:53:23 -2107602.192891        0.0160
BFGS:  300 18:53:57 -2107602.193915        0.0188
BFGS:  301 18:54:29 -2107602.195080        0.0337
BFGS:  302 18:55:04 -2107602.196385        0.0342
BFGS:  303 18:55:38 -2107602.197585        0.0234
BFGS:  304 18:56:10 -2107602.198593        0.0166
BFGS:  305 18:56:44 -2107602.199626        0.0294
BFGS:  306 18:57:16 -2107602.200917        0.0408
BFGS:  307 18:57:50 -2107602.202381        0.0342
BFGS:  308 18:58:23 -2107602.203706        0.0173
BFGS:  309 18:58:55 -2107602.204816        0.0151
BFGS:  310 18:59:28 -2107602.205948        0.0328
BFGS:  311 19:00:02 -2107602.207263        0.0377
BFGS:  312 19:00:34 -2107602.208576        0.0247
BFGS:  313 19:01:08 -2107602.209653        0.0153
BFGS:  314 19:01:41 -2107602.210581        0.0195
BFGS:  315 19:02:15 -2107602.211617        0.0318
BFGS:  316 19:02:48 -2107602.212807        0.0308
BFGS:  317 19:03:21 -2107602.213912        0.0218
BFGS:  318 19:03:56 -2107602.214793        0.0129
BFGS:  319 19:04:29 -2107602.215617        0.0213
BFGS:  320 19:05:01 -2107602.216591        0.0300
BFGS:  321 19:05:34 -2107602.217659        0.0274
BFGS:  322 19:06:07 -2107602.218578        0.0207
BFGS:  323 19:06:41 -2107602.219300        0.0139
BFGS:  324 19:07:13 -2107602.220009        0.0205
BFGS:  325 19:07:45 -2107602.220832        0.0242
BFGS:  326 19:08:18 -2107602.221653        0.0240
BFGS:  327 19:08:51 -2107602.222323        0.0122
BFGS:  328 19:09:24 -2107602.222891        0.0152
BFGS:  329 19:09:55 -2107602.223520        0.0197
BFGS:  330 19:10:27 -2107602.224248        0.0260
BFGS:  331 19:10:59 -2107602.224942        0.0188
BFGS:  332 19:11:32 -2107602.225523        0.0122
BFGS:  333 19:12:05 -2107602.226081        0.0164
BFGS:  334 19:12:37 -2107602.226739        0.0280
BFGS:  335 19:13:11 -2107602.227458        0.0275
BFGS:  336 19:13:45 -2107602.228088        0.0133
BFGS:  337 19:14:19 -2107602.228601        0.0118
BFGS:  338 19:14:51 -2107602.229128        0.0219
BFGS:  339 19:15:24 -2107602.229767        0.0300
BFGS:  340 19:15:57 -2107602.230448        0.0243
BFGS:  341 19:16:30 -2107602.231041        0.0119
BFGS:  342 19:17:04 -2107602.231565        0.0125
BFGS:  343 19:17:38 -2107602.232159        0.0262
BFGS:  344 19:18:11 -2107602.232900        0.0313
BFGS:  345 19:18:44 -2107602.233683        0.0222
BFGS:  346 19:19:18 -2107602.234368        0.0125
BFGS:  347 19:19:52 -2107602.234984        0.0135
BFGS:  348 19:20:25 -2107602.235668        0.0239
BFGS:  349 19:20:57 -2107602.236447        0.0228
BFGS:  350 19:21:29 -2107602.237183        0.0171
BFGS:  351 19:22:02 -2107602.237798        0.0127
BFGS:  352 19:22:35 -2107602.238399        0.0191
BFGS:  353 19:23:08 -2107602.239132        0.0236
BFGS:  354 19:23:41 -2107602.239967        0.0220
BFGS:  355 19:24:14 -2107602.240727        0.0122
BFGS:  356 19:24:48 -2107602.241343        0.0127
BFGS:  357 19:25:23 -2107602.241939        0.0191
BFGS:  358 19:25:54 -2107602.242621        0.0254
BFGS:  359 19:26:26 -2107602.243313        0.0204
BFGS:  360 19:27:01 -2107602.243889        0.0090
BFGS:  361 19:27:34 -2107602.244386        0.0130
BFGS:  362 19:28:07 -2107602.244943        0.0218
BFGS:  363 19:28:41 -2107602.245607        0.0252
BFGS:  364 19:29:15 -2107602.246257        0.0166
BFGS:  365 19:29:47 -2107602.246800        0.0097
BFGS:  366 19:30:18 -2107602.247324        0.0139
BFGS:  367 19:30:50 -2107602.247992        0.0249
BFGS:  368 19:31:23 -2107602.248826        0.0266
BFGS:  369 19:31:56 -2107602.249662        0.0192
BFGS:  370 19:32:29 -2107602.250382        0.0129
BFGS:  371 19:33:02 -2107602.251108        0.0163
BFGS:  372 19:33:35 -2107602.252047        0.0266
BFGS:  373 19:34:08 -2107602.253222        0.0340
BFGS:  374 19:34:40 -2107602.254434        0.0279
BFGS:  375 19:35:14 -2107602.255562        0.0153
BFGS:  376 19:35:46 -2107602.256779        0.0207
BFGS:  377 19:36:20 -2107602.258296        0.0358
BFGS:  378 19:36:53 -2107602.259986        0.0373
BFGS:  379 19:37:27 -2107602.261481        0.0225
BFGS:  380 19:38:01 -2107602.262744        0.0169
BFGS:  381 19:38:34 -2107602.264118        0.0291
BFGS:  382 19:39:06 -2107602.265850        0.0445
BFGS:  383 19:39:39 -2107602.267698        0.0412
BFGS:  384 19:40:11 -2107602.269266        0.0196
BFGS:  385 19:40:45 -2107602.270605        0.0183
BFGS:  386 19:41:17 -2107602.272098        0.0391
BFGS:  387 19:41:51 -2107602.273895        0.0509
BFGS:  388 19:42:25 -2107602.275675        0.0377
BFGS:  389 19:42:58 -2107602.277151        0.0168
BFGS:  390 19:43:31 -2107602.278511        0.0254
BFGS:  391 19:44:02 -2107602.280089        0.0499
BFGS:  392 19:44:36 -2107602.281837        0.0540
BFGS:  393 19:45:09 -2107602.283371        0.0325
BFGS:  394 19:45:41 -2107602.284588        0.0147
BFGS:  395 19:46:14 -2107602.285784        0.0297
BFGS:  396 19:46:46 -2107602.287200        0.0480
BFGS:  397 19:47:18 -2107602.288667        0.0430
BFGS:  398 19:47:50 -2107602.289878        0.0175
BFGS:  399 19:48:24 -2107602.290876        0.0141
BFGS:  400 19:48:57 -2107602.291947        0.0372
BFGS:  401 19:49:31 -2107602.293197        0.0457
BFGS:  402 19:50:05 -2107602.294411        0.0317
BFGS:  403 19:50:39 -2107602.295403        0.0122
BFGS:  404 19:51:11 -2107602.296304        0.0219
BFGS:  405 19:51:44 -2107602.297348        0.0393
BFGS:  406 19:52:17 -2107602.298529        0.0391
BFGS:  407 19:52:49 -2107602.299593        0.0195
BFGS:  408 19:53:23 -2107602.300436        0.0151
BFGS:  409 19:53:56 -2107602.301227        0.0265
BFGS:  410 19:54:29 -2107602.302134        0.0347
BFGS:  411 19:55:02 -2107602.303071        0.0260
BFGS:  412 19:55:35 -2107602.303845        0.0121
BFGS:  413 19:56:07 -2107602.304467        0.0151
BFGS:  414 19:56:41 -2107602.305113        0.0264
BFGS:  415 19:57:15 -2107602.305874        0.0263
BFGS:  416 19:57:49 -2107602.306622        0.0229
BFGS:  417 19:58:20 -2107602.307217        0.0112
BFGS:  418 19:58:53 -2107602.307713        0.0182
BFGS:  419 19:59:25 -2107602.308251        0.0233
BFGS:  420 19:59:59 -2107602.308855        0.0236
BFGS:  421 20:00:30 -2107602.309409        0.0180
BFGS:  422 20:01:05 -2107602.309856        0.0118
BFGS:  423 20:01:37 -2107602.310283        0.0131
BFGS:  424 20:02:10 -2107602.310784        0.0199
BFGS:  425 20:02:42 -2107602.311322        0.0213
BFGS:  426 20:03:16 -2107602.311783        0.0120
BFGS:  427 20:03:50 -2107602.312160        0.0095
BFGS:  428 20:04:21 -2107602.312556        0.0158
BFGS:  429 20:04:54 -2107602.313038        0.0229
BFGS:  430 20:05:26 -2107602.313536        0.0195
BFGS:  431 20:05:59 -2107602.313949        0.0101
BFGS:  432 20:06:33 -2107602.314299        0.0099
BFGS:  433 20:07:05 -2107602.314686        0.0194
BFGS:  434 20:07:39 -2107602.315140        0.0229
BFGS:  435 20:08:12 -2107602.315579        0.0156
BFGS:  436 20:08:45 -2107602.315936        0.0090
BFGS:  437 20:09:16 -2107602.316261        0.0132
BFGS:  438 20:09:48 -2107602.316626        0.0204
BFGS:  439 20:10:20 -2107602.317012        0.0183
BFGS:  440 20:10:52 -2107602.317339        0.0120
BFGS:  441 20:11:26 -2107602.317601        0.0080
BFGS:  442 20:11:59 -2107602.317867        0.0151
BFGS:  443 20:12:32 -2107602.318181        0.0184
BFGS:  444 20:13:05 -2107602.318497        0.0156
BFGS:  445 20:13:39 -2107602.318752        0.0094
BFGS:  446 20:14:13 -2107602.318963        0.0095
BFGS:  447 20:14:48 -2107602.319187        0.0155
BFGS:  448 20:15:22 -2107602.319436        0.0148
BFGS:  449 20:15:56 -2107602.319666        0.0097
BFGS:  450 20:16:28 -2107602.319856        0.0059
BFGS:  451 20:16:59 -2107602.320038        0.0105
BFGS:  452 20:17:32 -2107602.320250        0.0137
BFGS:  453 20:18:05 -2107602.320481        0.0142
BFGS:  454 20:18:38 -2107602.320684        0.0086
BFGS:  455 20:19:11 -2107602.320854        0.0056
BFGS:  456 20:19:44 -2107602.321029        0.0119
BFGS:  457 20:20:16 -2107602.321235        0.0154
BFGS:  458 20:20:48 -2107602.321445        0.0115
BFGS:  459 20:21:23 -2107602.321621        0.0055
BFGS:  460 20:21:56 -2107602.321775        0.0072
BFGS:  461 20:22:29 -2107602.321945        0.0137
BFGS:  462 20:23:02 -2107602.322145        0.0146
BFGS:  463 20:23:34 -2107602.322338        0.0086
BFGS:  464 20:24:06 -2107602.322495        0.0051
BFGS:  465 20:24:40 -2107602.322633        0.0084
BFGS:  466 20:25:11 -2107602.322786        0.0123
BFGS:  467 20:25:44 -2107602.322951        0.0107
BFGS:  468 20:26:15 -2107602.323095        0.0067
BFGS:  469 20:26:47 -2107602.323210        0.0065
BFGS:  470 20:27:19 -2107602.323322        0.0087
BFGS:  471 20:27:52 -2107602.323452        0.0099
BFGS:  472 20:28:25 -2107602.323587        0.0084
BFGS:  473 20:28:57 -2107602.323698        0.0044
BFGS:  474 20:29:29 -2107602.323790        0.0049
BFGS:  475 20:30:02 -2107602.323889        0.0082
BFGS:  476 20:30:35 -2107602.324011        0.0101
BFGS:  477 20:31:07 -2107602.324136        0.0077
BFGS:  478 20:31:41 -2107602.324244        0.0040
BFGS:  479 20:32:13 -2107602.324343        0.0062
BFGS:  480 20:32:46 -2107602.324460        0.0104
BFGS:  481 20:33:19 -2107602.324600        0.0118
BFGS:  482 20:33:52 -2107602.324738        0.0082
BFGS:  483 20:34:23 -2107602.324855        0.0047
BFGS:  484 20:34:55 -2107602.324972        0.0068
BFGS:  485 20:35:27 -2107602.325112        0.0112
BFGS:  486 20:36:00 -2107602.325266        0.0111
BFGS:  487 20:36:33 -2107602.325400        0.0074
BFGS:  488 20:37:06 -2107602.325506        0.0047
BFGS:  489 20:37:39 -2107602.325616        0.0080
BFGS:  490 20:38:11 -2107602.325752        0.0113
BFGS:  491 20:38:43 -2107602.325899        0.0095
BFGS:  492 20:39:17 -2107602.326026        0.0052
BFGS:  493 20:39:49 -2107602.326134        0.0048
BFGS:  494 20:40:23 -2107602.326249        0.0097
BFGS:  495 20:40:55 -2107602.326384        0.0109
BFGS:  496 20:41:28 -2107602.326514        0.0079
BFGS:  497 20:42:00 -2107602.326618        0.0043
BFGS:  498 20:42:32 -2107602.326709        0.0068
BFGS:  499 20:43:05 -2107602.326809        0.0107
BFGS:  500 20:43:38 -2107602.326917        0.0103
BFGS:  501 20:44:12 -2107602.327007        0.0058
BFGS:  502 20:44:45 -2107602.327075        0.0031
BFGS:  503 20:45:18 -2107602.327139        0.0061
BFGS:  504 20:45:51 -2107602.327213        0.0084
BFGS:  505 20:46:23 -2107602.327287        0.0068
BFGS:  506 20:46:55 -2107602.327347        0.0037
BFGS:  507 20:47:29 -2107602.327394        0.0034
BFGS:  508 20:48:03 -2107602.327444        0.0055
BFGS:  509 20:48:34 -2107602.327503        0.0060
BFGS:  510 20:49:08 -2107602.327560        0.0052
BFGS:  511 20:49:42 -2107602.327607        0.0035
BFGS:  512 20:50:15 -2107602.327650        0.0046
BFGS:  513 20:50:48 -2107602.327699        0.0064
BFGS:  514 20:51:22 -2107602.327753        0.0062
BFGS:  515 20:51:53 -2107602.327802        0.0041
BFGS:  516 20:52:25 -2107602.327839        0.0029
BFGS:  517 20:52:57 -2107602.327875        0.0039
BFGS:  518 20:53:30 -2107602.327916        0.0055
BFGS:  519 20:54:03 -2107602.327961        0.0053
BFGS:  520 20:54:36 -2107602.328000        0.0029
BFGS:  521 20:55:07 -2107602.328033        0.0025
BFGS:  522 20:55:39 -2107602.328068        0.0043
BFGS:  523 20:56:12 -2107602.328110        0.0060
BFGS:  524 20:56:44 -2107602.328152        0.0048
BFGS:  525 20:57:17 -2107602.328185        0.0022
BFGS:  526 20:57:51 -2107602.328212        0.0025
BFGS:  527 20:58:24 -2107602.328241        0.0045
BFGS:  528 20:58:57 -2107602.328273        0.0050
BFGS:  529 20:59:30 -2107602.328302        0.0032
BFGS:  530 21:00:03 -2107602.328325        0.0022
BFGS:  531 21:00:36 -2107602.328346        0.0032
BFGS:  532 21:01:08 -2107602.328371        0.0046
BFGS:  533 21:01:41 -2107602.328398        0.0041
BFGS:  534 21:02:14 -2107602.328420        0.0021
BFGS:  535 21:02:45 -2107602.328438        0.0019
BFGS:  536 21:03:18 -2107602.328457        0.0033
BFGS:  537 21:03:51 -2107602.328480        0.0042
BFGS:  538 21:04:25 -2107602.328503        0.0033
BFGS:  539 21:04:58 -2107602.328523        0.0019
BFGS:  540 21:05:30 -2107602.328540        0.0018
BFGS:  541 21:06:02 -2107602.328557        0.0033
BFGS:  542 21:06:35 -2107602.328577        0.0036
BFGS:  543 21:07:07 -2107602.328596        0.0027
BFGS:  544 21:07:40 -2107602.328612        0.0015
BFGS:  545 21:08:13 -2107602.328627        0.0023
BFGS:  546 21:08:47 -2107602.328646        0.0034
BFGS:  547 21:09:19 -2107602.328665        0.0035
BFGS:  548 21:09:52 -2107602.328683        0.0021
BFGS:  549 21:10:25 -2107602.328696        0.0016
BFGS:  550 21:10:59 -2107602.328711        0.0025
BFGS:  551 21:11:30 -2107602.328729        0.0032
BFGS:  552 21:12:04 -2107602.328747        0.0026
BFGS:  553 21:12:37 -2107602.328762        0.0014
BFGS:  554 21:13:11 -2107602.328773        0.0017
BFGS:  555 21:13:44 -2107602.328785        0.0031
BFGS:  556 21:14:17 -2107602.328799        0.0033
BFGS:  557 21:14:49 -2107602.328812        0.0021
BFGS:  558 21:15:22 -2107602.328822        0.0014
BFGS:  559 21:15:56 -2107602.328833        0.0019
BFGS:  560 21:16:29 -2107602.328844        0.0028
BFGS:  561 21:17:03 -2107602.328857        0.0027
BFGS:  562 21:17:35 -2107602.328868        0.0016
BFGS:  563 21:18:08 -2107602.328876        0.0012
BFGS:  564 21:18:42 -2107602.328884        0.0019
BFGS:  565 21:19:15 -2107602.328893        0.0024
BFGS:  566 21:19:49 -2107602.328902        0.0021
BFGS:  567 21:20:23 -2107602.328909        0.0011
BFGS:  568 21:20:55 -2107602.328915        0.0012
BFGS:  569 21:21:28 -2107602.328922        0.0020
BFGS:  570 21:22:00 -2107602.328930        0.0023
BFGS:  571 21:22:32 -2107602.328937        0.0016
BFGS:  572 21:23:05 -2107602.328943        0.0010
BFGS:  573 21:23:38 -2107602.328948        0.0012
BFGS:  574 21:24:09 -2107602.328954        0.0019
BFGS:  575 21:24:42 -2107602.328961        0.0020
BFGS:  576 21:25:14 -2107602.328966        0.0012
BFGS:  577 21:25:48 -2107602.328970        0.0009
40 40 186 82 104
Combined bilayer energy = -2107602.328970283
Energy cost per unit length : 0.09558316799485021
Prev_energy - Current_energy = 0.0
      Step     Time          Energy         fmax
BFGS:    0 21:25:48 -2107602.328970        0.3057
BFGS:    1 21:26:21 -2107602.333473        0.1967
BFGS:    2 21:26:53 -2107602.338049        0.0786
BFGS:    3 21:27:25 -2107602.339509        0.0803
BFGS:    4 21:27:59 -2107602.344700        0.1064
BFGS:    5 21:28:32 -2107602.346749        0.0741
BFGS:    6 21:29:06 -2107602.347761        0.0311
BFGS:    7 21:29:39 -2107602.348338        0.0314
BFGS:    8 21:30:12 -2107602.349234        0.0507
BFGS:    9 21:30:45 -2107602.350123        0.0525
BFGS:   10 21:31:18 -2107602.350811        0.0295
BFGS:   11 21:31:51 -2107602.351250        0.0269
BFGS:   12 21:32:23 -2107602.351652        0.0263
BFGS:   13 21:32:56 -2107602.352075        0.0329
BFGS:   14 21:33:28 -2107602.352441        0.0276
BFGS:   15 21:34:02 -2107602.352702        0.0192
BFGS:   16 21:34:35 -2107602.352927        0.0189
BFGS:   17 21:35:06 -2107602.353189        0.0255
BFGS:   18 21:35:40 -2107602.353466        0.0284
BFGS:   19 21:36:12 -2107602.353681        0.0233
BFGS:   20 21:36:46 -2107602.353819        0.0100
BFGS:   21 21:37:19 -2107602.353939        0.0137
BFGS:   22 21:37:53 -2107602.354085        0.0185
BFGS:   23 21:38:24 -2107602.354251        0.0239
BFGS:   24 21:38:57 -2107602.354389        0.0168
BFGS:   25 21:39:29 -2107602.354483        0.0085
BFGS:   26 21:40:03 -2107602.354562        0.0091
BFGS:   27 21:40:35 -2107602.354651        0.0156
BFGS:   28 21:41:08 -2107602.354745        0.0151
BFGS:   29 21:41:40 -2107602.354825        0.0081
BFGS:   30 21:42:13 -2107602.354886        0.0080
BFGS:   31 21:42:45 -2107602.354945        0.0116
BFGS:   32 21:43:20 -2107602.355011        0.0137
BFGS:   33 21:43:53 -2107602.355072        0.0086
BFGS:   34 21:44:27 -2107602.355118        0.0055
BFGS:   35 21:45:00 -2107602.355154        0.0080
BFGS:   36 21:45:33 -2107602.355195        0.0120
BFGS:   37 21:46:06 -2107602.355243        0.0110
BFGS:   38 21:46:40 -2107602.355285        0.0077
BFGS:   39 21:47:13 -2107602.355315        0.0042
BFGS:   40 21:47:46 -2107602.355340        0.0075
BFGS:   41 21:48:19 -2107602.355368        0.0091
BFGS:   42 21:48:50 -2107602.355399        0.0088
BFGS:   43 21:49:22 -2107602.355425        0.0050
BFGS:   44 21:49:55 -2107602.355445        0.0036
BFGS:   45 21:50:27 -2107602.355464        0.0059
BFGS:   46 21:50:59 -2107602.355486        0.0079
BFGS:   47 21:51:31 -2107602.355506        0.0061
BFGS:   48 21:52:06 -2107602.355522        0.0032
BFGS:   49 21:52:39 -2107602.355535        0.0030
BFGS:   50 21:53:11 -2107602.355549        0.0063
BFGS:   51 21:53:43 -2107602.355565        0.0065
BFGS:   52 21:54:16 -2107602.355579        0.0034
BFGS:   53 21:54:50 -2107602.355589        0.0024
BFGS:   54 21:55:22 -2107602.355599        0.0042
BFGS:   55 21:55:54 -2107602.355609        0.0057
BFGS:   56 21:56:28 -2107602.355620        0.0041
BFGS:   57 21:57:01 -2107602.355628        0.0021
BFGS:   58 21:57:34 -2107602.355635        0.0026
BFGS:   59 21:58:07 -2107602.355643        0.0047
BFGS:   60 21:58:39 -2107602.355651        0.0046
BFGS:   61 21:59:13 -2107602.355658        0.0022
BFGS:   62 21:59:47 -2107602.355663        0.0015
BFGS:   63 22:00:20 -2107602.355668        0.0030
BFGS:   64 22:00:54 -2107602.355674        0.0040
BFGS:   65 22:01:26 -2107602.355680        0.0031
BFGS:   66 22:01:59 -2107602.355684        0.0015
BFGS:   67 22:02:30 -2107602.355688        0.0014
BFGS:   68 22:03:02 -2107602.355692        0.0026
BFGS:   69 22:03:35 -2107602.355696        0.0029
BFGS:   70 22:04:08 -2107602.355700        0.0020
BFGS:   71 22:04:41 -2107602.355703        0.0015
BFGS:   72 22:05:13 -2107602.355705        0.0016
BFGS:   73 22:05:47 -2107602.355708        0.0024
BFGS:   74 22:06:21 -2107602.355711        0.0023
BFGS:   75 22:06:54 -2107602.355714        0.0013
BFGS:   76 22:07:26 -2107602.355716        0.0012
BFGS:   77 22:07:59 -2107602.355718        0.0014
BFGS:   78 22:08:31 -2107602.355720        0.0019
BFGS:   79 22:09:03 -2107602.355722        0.0015
BFGS:   80 22:09:36 -2107602.355724        0.0008
40 40 186 82 104
Combined bilayer energy = -2107602.355723715
Energy cost per unit length : 0.0931628334631472
Prev_energy - Current_energy = 0.002420334531703011
      Step     Time          Energy         fmax
BFGS:    0 22:09:36 -2107602.355724        0.2456
BFGS:    1 22:10:07 -2107602.358752        0.1580
BFGS:    2 22:10:39 -2107602.361811        0.0649
BFGS:    3 22:11:13 -2107602.362809        0.0667
BFGS:    4 22:11:46 -2107602.366537        0.0922
BFGS:    5 22:12:18 -2107602.368089        0.0674
BFGS:    6 22:12:52 -2107602.368852        0.0284
BFGS:    7 22:13:26 -2107602.369262        0.0262
BFGS:    8 22:13:59 -2107602.369911        0.0428
BFGS:    9 22:14:33 -2107602.370598        0.0488
BFGS:   10 22:15:06 -2107602.371152        0.0275
BFGS:   11 22:15:38 -2107602.371494        0.0218
BFGS:   12 22:16:10 -2107602.371789        0.0205
BFGS:   13 22:16:45 -2107602.372115        0.0294
BFGS:   14 22:17:19 -2107602.372420        0.0249
BFGS:   15 22:17:53 -2107602.372646        0.0163
BFGS:   16 22:18:27 -2107602.372832        0.0162
BFGS:   17 22:19:00 -2107602.373044        0.0229
BFGS:   18 22:19:32 -2107602.373280        0.0246
BFGS:   19 22:20:05 -2107602.373475        0.0227
BFGS:   20 22:20:37 -2107602.373603        0.0119
BFGS:   21 22:21:10 -2107602.373711        0.0135
BFGS:   22 22:21:42 -2107602.373845        0.0159
BFGS:   23 22:22:16 -2107602.374007        0.0233
BFGS:   24 22:22:48 -2107602.374151        0.0196
BFGS:   25 22:23:21 -2107602.374252        0.0091
BFGS:   26 22:23:55 -2107602.374332        0.0095
BFGS:   27 22:24:28 -2107602.374425        0.0152
BFGS:   28 22:25:03 -2107602.374533        0.0185
BFGS:   29 22:25:36 -2107602.374632        0.0118
BFGS:   30 22:26:09 -2107602.374712        0.0098
BFGS:   31 22:26:41 -2107602.374785        0.0110
BFGS:   32 22:27:14 -2107602.374868        0.0170
BFGS:   33 22:27:47 -2107602.374955        0.0147
BFGS:   34 22:28:20 -2107602.375028        0.0090
BFGS:   35 22:28:53 -2107602.375088        0.0069
BFGS:   36 22:29:26 -2107602.375151        0.0153
BFGS:   37 22:29:57 -2107602.375230        0.0185
BFGS:   38 22:30:32 -2107602.375311        0.0130
BFGS:   39 22:31:04 -2107602.375377        0.0082
BFGS:   40 22:31:36 -2107602.375430        0.0090
BFGS:   41 22:32:07 -2107602.375488        0.0155
BFGS:   42 22:32:38 -2107602.375558        0.0160
BFGS:   43 22:33:10 -2107602.375629        0.0093
BFGS:   44 22:33:42 -2107602.375689        0.0070
BFGS:   45 22:34:15 -2107602.375743        0.0099
BFGS:   46 22:34:47 -2107602.375805        0.0144
BFGS:   47 22:35:19 -2107602.375873        0.0124
BFGS:   48 22:35:53 -2107602.375935        0.0074
BFGS:   49 22:36:24 -2107602.375987        0.0065
BFGS:   50 22:36:57 -2107602.376040        0.0099
BFGS:   51 22:37:30 -2107602.376104        0.0120
BFGS:   52 22:38:03 -2107602.376172        0.0104
BFGS:   53 22:38:35 -2107602.376230        0.0060
BFGS:   54 22:39:07 -2107602.376280        0.0058
BFGS:   55 22:39:40 -2107602.376336        0.0096
BFGS:   56 22:40:12 -2107602.376400        0.0114
BFGS:   57 22:40:45 -2107602.376462        0.0080
BFGS:   58 22:41:19 -2107602.376515        0.0059
BFGS:   59 22:41:51 -2107602.376566        0.0076
BFGS:   60 22:42:24 -2107602.376627        0.0113
BFGS:   61 22:42:57 -2107602.376694        0.0111
BFGS:   62 22:43:29 -2107602.376754        0.0054
BFGS:   63 22:44:03 -2107602.376802        0.0052
BFGS:   64 22:44:36 -2107602.376853        0.0089
BFGS:   65 22:45:08 -2107602.376917        0.0121
BFGS:   66 22:45:40 -2107602.376985        0.0099
BFGS:   67 22:46:13 -2107602.377043        0.0062
BFGS:   68 22:46:47 -2107602.377091        0.0053
BFGS:   69 22:47:21 -2107602.377143        0.0096
BFGS:   70 22:47:53 -2107602.377206        0.0113
BFGS:   71 22:48:26 -2107602.377269        0.0078
BFGS:   72 22:48:59 -2107602.377323        0.0073
BFGS:   73 22:49:30 -2107602.377370        0.0061
BFGS:   74 22:50:03 -2107602.377424        0.0109
BFGS:   75 22:50:35 -2107602.377484        0.0113
BFGS:   76 22:51:08 -2107602.377540        0.0067
BFGS:   77 22:51:41 -2107602.377587        0.0074
BFGS:   78 22:52:13 -2107602.377634        0.0068
BFGS:   79 22:52:46 -2107602.377689        0.0105
BFGS:   80 22:53:20 -2107602.377748        0.0096
BFGS:   81 22:53:53 -2107602.377798        0.0050
BFGS:   82 22:54:26 -2107602.377839        0.0058
BFGS:   83 22:55:00 -2107602.377883        0.0070
BFGS:   84 22:55:33 -2107602.377937        0.0088
BFGS:   85 22:56:06 -2107602.377992        0.0073
BFGS:   86 22:56:38 -2107602.378036        0.0043
BFGS:   87 22:57:10 -2107602.378073        0.0041
BFGS:   88 22:57:43 -2107602.378114        0.0069
BFGS:   89 22:58:15 -2107602.378161        0.0082
BFGS:   90 22:58:49 -2107602.378205        0.0060
BFGS:   91 22:59:23 -2107602.378241        0.0040
BFGS:   92 22:59:56 -2107602.378274        0.0056
BFGS:   93 23:00:27 -2107602.378313        0.0073
BFGS:   94 23:01:01 -2107602.378353        0.0074
BFGS:   95 23:01:35 -2107602.378388        0.0042
BFGS:   96 23:02:09 -2107602.378414        0.0038
BFGS:   97 23:02:41 -2107602.378441        0.0054
BFGS:   98 23:03:13 -2107602.378473        0.0075
BFGS:   99 23:03:48 -2107602.378506        0.0062
BFGS:  100 23:04:23 -2107602.378532        0.0039
BFGS:  101 23:04:56 -2107602.378552        0.0034
BFGS:  102 23:05:30 -2107602.378573        0.0058
BFGS:  103 23:06:03 -2107602.378598        0.0064
BFGS:  104 23:06:35 -2107602.378620        0.0039
BFGS:  105 23:07:07 -2107602.378637        0.0032
BFGS:  106 23:07:40 -2107602.378653        0.0039
BFGS:  107 23:08:13 -2107602.378671        0.0057
BFGS:  108 23:08:46 -2107602.378689        0.0049
BFGS:  109 23:09:18 -2107602.378704        0.0025
BFGS:  110 23:09:50 -2107602.378715        0.0023
BFGS:  111 23:10:22 -2107602.378727        0.0040
BFGS:  112 23:10:54 -2107602.378740        0.0046
BFGS:  113 23:11:27 -2107602.378753        0.0033
BFGS:  114 23:12:00 -2107602.378763        0.0027
BFGS:  115 23:12:34 -2107602.378771        0.0023
BFGS:  116 23:13:07 -2107602.378780        0.0037
BFGS:  117 23:13:40 -2107602.378790        0.0039
BFGS:  118 23:14:12 -2107602.378798        0.0025
BFGS:  119 23:14:47 -2107602.378805        0.0022
BFGS:  120 23:15:20 -2107602.378811        0.0023
BFGS:  121 23:15:53 -2107602.378818        0.0032
BFGS:  122 23:16:27 -2107602.378825        0.0030
BFGS:  123 23:16:59 -2107602.378831        0.0016
BFGS:  124 23:17:32 -2107602.378835        0.0015
BFGS:  125 23:18:05 -2107602.378840        0.0021
BFGS:  126 23:18:38 -2107602.378845        0.0029
BFGS:  127 23:19:11 -2107602.378850        0.0022
BFGS:  128 23:19:43 -2107602.378853        0.0014
BFGS:  129 23:20:15 -2107602.378856        0.0013
BFGS:  130 23:20:47 -2107602.378860        0.0024
BFGS:  131 23:21:19 -2107602.378863        0.0024
BFGS:  132 23:21:50 -2107602.378867        0.0013
BFGS:  133 23:22:24 -2107602.378869        0.0012
BFGS:  134 23:22:55 -2107602.378871        0.0017
BFGS:  135 23:23:28 -2107602.378874        0.0022
BFGS:  136 23:24:01 -2107602.378877        0.0017
BFGS:  137 23:24:36 -2107602.378879        0.0009
40 40 186 82 104
Combined bilayer energy = -2107602.3788787266
Energy cost per unit length : 0.09106804150676567
Prev_energy - Current_energy = 0.002094791956381528
      Step     Time          Energy         fmax
BFGS:    0 23:24:36 -2107602.378879        0.2572
BFGS:    1 23:25:06 -2107602.382100        0.1652
BFGS:    2 23:25:39 -2107602.385348        0.0662
BFGS:    3 23:26:12 -2107602.386405        0.0679
BFGS:    4 23:26:44 -2107602.390283        0.0941
BFGS:    5 23:27:18 -2107602.391872        0.0677
BFGS:    6 23:27:51 -2107602.392659        0.0288
BFGS:    7 23:28:24 -2107602.393093        0.0271
BFGS:    8 23:28:57 -2107602.393770        0.0437
BFGS:    9 23:29:30 -2107602.394466        0.0479
BFGS:   10 23:30:02 -2107602.395015        0.0257
BFGS:   11 23:30:36 -2107602.395357        0.0228
BFGS:   12 23:31:08 -2107602.395658        0.0216
BFGS:   13 23:31:44 -2107602.395985        0.0296
BFGS:   14 23:32:19 -2107602.396282        0.0253
BFGS:   15 23:32:52 -2107602.396498        0.0175
BFGS:   16 23:33:25 -2107602.396677        0.0170
BFGS:   17 23:33:57 -2107602.396878        0.0223
BFGS:   18 23:34:30 -2107602.397095        0.0244
BFGS:   19 23:35:03 -2107602.397269        0.0214
BFGS:   20 23:35:36 -2107602.397383        0.0103
BFGS:   21 23:36:09 -2107602.397480        0.0126
BFGS:   22 23:36:43 -2107602.397597        0.0148
BFGS:   23 23:37:14 -2107602.397732        0.0208
BFGS:   24 23:37:47 -2107602.397846        0.0158
BFGS:   25 23:38:20 -2107602.397924        0.0077
BFGS:   26 23:38:53 -2107602.397987        0.0080
BFGS:   27 23:39:25 -2107602.398059        0.0133
BFGS:   28 23:39:58 -2107602.398137        0.0141
BFGS:   29 23:40:29 -2107602.398205        0.0077
BFGS:   30 23:41:00 -2107602.398257        0.0077
BFGS:   31 23:41:31 -2107602.398304        0.0094
BFGS:   32 23:42:04 -2107602.398358        0.0124
BFGS:   33 23:42:37 -2107602.398410        0.0088
BFGS:   34 23:43:12 -2107602.398449        0.0051
BFGS:   35 23:43:44 -2107602.398480        0.0063
BFGS:   36 23:44:20 -2107602.398513        0.0106
BFGS:   37 23:44:54 -2107602.398553        0.0107
BFGS:   38 23:45:27 -2107602.398590        0.0079
BFGS:   39 23:46:03 -2107602.398617        0.0039
BFGS:   40 23:46:38 -2107602.398638        0.0063
BFGS:   41 23:47:14 -2107602.398662        0.0086
BFGS:   42 23:47:49 -2107602.398690        0.0088
BFGS:   43 23:48:23 -2107602.398715        0.0058
BFGS:   44 23:48:56 -2107602.398734        0.0034
BFGS:   45 23:49:29 -2107602.398751        0.0051
BFGS:   46 23:50:05 -2107602.398771        0.0075
BFGS:   47 23:50:38 -2107602.398791        0.0068
BFGS:   48 23:51:13 -2107602.398807        0.0030
BFGS:   49 23:51:47 -2107602.398819        0.0031
BFGS:   50 23:52:22 -2107602.398833        0.0055
BFGS:   51 23:52:56 -2107602.398848        0.0067
BFGS:   52 23:53:28 -2107602.398862        0.0044
BFGS:   53 23:54:00 -2107602.398873        0.0023
BFGS:   54 23:54:35 -2107602.398882        0.0034
BFGS:   55 23:55:11 -2107602.398892        0.0055
BFGS:   56 23:55:46 -2107602.398903        0.0049
BFGS:   57 23:56:22 -2107602.398912        0.0024
BFGS:   58 23:56:59 -2107602.398919        0.0018
BFGS:   59 23:57:31 -2107602.398926        0.0041
BFGS:   60 23:58:06 -2107602.398935        0.0048
BFGS:   61 23:58:41 -2107602.398942        0.0030
BFGS:   62 23:59:15 -2107602.398948        0.0015
BFGS:   63 23:59:50 -2107602.398953        0.0024
BFGS:   64 00:00:24 -2107602.398958        0.0038
BFGS:   65 00:00:58 -2107602.398965        0.0035
BFGS:   66 00:01:32 -2107602.398970        0.0017
BFGS:   67 00:02:08 -2107602.398974        0.0010
BFGS:   68 00:02:42 -2107602.398977        0.0023
BFGS:   69 00:03:16 -2107602.398982        0.0029
BFGS:   70 00:03:48 -2107602.398986        0.0024
BFGS:   71 00:04:21 -2107602.398989        0.0012
BFGS:   72 00:04:55 -2107602.398992        0.0013
BFGS:   73 00:05:31 -2107602.398995        0.0022
BFGS:   74 00:06:07 -2107602.398998        0.0025
BFGS:   75 00:06:40 -2107602.399001        0.0018
BFGS:   76 00:07:12 -2107602.399003        0.0011
BFGS:   77 00:07:47 -2107602.399005        0.0013
BFGS:   78 00:08:23 -2107602.399008        0.0019
BFGS:   79 00:08:57 -2107602.399010        0.0017
BFGS:   80 00:09:31 -2107602.399012        0.0010
40 40 186 82 104
Combined bilayer energy = -2107602.39901213
Energy cost per unit length : 0.08924660896124588
Prev_energy - Current_energy = 0.0018214325455197938
      Step     Time          Energy         fmax
BFGS:    0 00:09:31 -2107602.399012        0.2175
BFGS:    1 00:10:02 -2107602.401382        0.1399
BFGS:    2 00:10:36 -2107602.403765        0.0577
BFGS:    3 00:11:07 -2107602.404540        0.0593
BFGS:    4 00:11:41 -2107602.407435        0.0809
BFGS:    5 00:12:15 -2107602.408630        0.0588
BFGS:    6 00:12:46 -2107602.409220        0.0252
BFGS:    7 00:13:18 -2107602.409541        0.0230
BFGS:    8 00:13:51 -2107602.410052        0.0385
BFGS:    9 00:14:27 -2107602.410591        0.0433
BFGS:   10 00:15:01 -2107602.411025        0.0242
BFGS:   11 00:15:36 -2107602.411293        0.0188
BFGS:   12 00:16:09 -2107602.411526        0.0188
BFGS:   13 00:16:45 -2107602.411784        0.0267
BFGS:   14 00:17:21 -2107602.412026        0.0218
BFGS:   15 00:17:53 -2107602.412206        0.0141
BFGS:   16 00:18:28 -2107602.412355        0.0140
BFGS:   17 00:19:04 -2107602.412524        0.0212
BFGS:   18 00:19:41 -2107602.412714        0.0218
BFGS:   19 00:20:15 -2107602.412871        0.0202
BFGS:   20 00:20:50 -2107602.412976        0.0108
BFGS:   21 00:21:24 -2107602.413065        0.0126
BFGS:   22 00:21:58 -2107602.413175        0.0150
BFGS:   23 00:22:33 -2107602.413308        0.0208
BFGS:   24 00:23:08 -2107602.413428        0.0175
BFGS:   25 00:23:43 -2107602.413512        0.0086
BFGS:   26 00:24:17 -2107602.413580        0.0088
BFGS:   27 00:24:51 -2107602.413659        0.0142
BFGS:   28 00:25:28 -2107602.413751        0.0171
BFGS:   29 00:26:00 -2107602.413836        0.0108
BFGS:   30 00:26:32 -2107602.413904        0.0091
BFGS:   31 00:27:05 -2107602.413967        0.0105
BFGS:   32 00:27:40 -2107602.414039        0.0163
BFGS:   33 00:28:14 -2107602.414114        0.0141
BFGS:   34 00:28:50 -2107602.414177        0.0079
BFGS:   35 00:29:24 -2107602.414229        0.0065
BFGS:   36 00:30:00 -2107602.414284        0.0147
BFGS:   37 00:30:33 -2107602.414351        0.0177
BFGS:   38 00:31:09 -2107602.414421        0.0124
BFGS:   39 00:31:45 -2107602.414477        0.0068
BFGS:   40 00:32:20 -2107602.414523        0.0085
BFGS:   41 00:32:53 -2107602.414572        0.0147
BFGS:   42 00:33:27 -2107602.414632        0.0153
BFGS:   43 00:34:03 -2107602.414691        0.0087
BFGS:   44 00:34:36 -2107602.414740        0.0065
BFGS:   45 00:35:12 -2107602.414786        0.0094
BFGS:   46 00:35:48 -2107602.414838        0.0135
BFGS:   47 00:36:22 -2107602.414895        0.0117
BFGS:   48 00:36:57 -2107602.414945        0.0063
BFGS:   49 00:37:31 -2107602.414988        0.0059
BFGS:   50 00:38:04 -2107602.415032        0.0096
BFGS:   51 00:38:37 -2107602.415085        0.0114
BFGS:   52 00:39:14 -2107602.415139        0.0088
BFGS:   53 00:39:47 -2107602.415186        0.0051
BFGS:   54 00:40:22 -2107602.415227        0.0059
BFGS:   55 00:40:59 -2107602.415273        0.0095
BFGS:   56 00:41:33 -2107602.415324        0.0097
BFGS:   57 00:42:08 -2107602.415373        0.0064
BFGS:   58 00:42:41 -2107602.415415        0.0054
BFGS:   59 00:43:16 -2107602.415455        0.0076
BFGS:   60 00:43:51 -2107602.415504        0.0099
BFGS:   61 00:44:25 -2107602.415557        0.0093
BFGS:   62 00:45:01 -2107602.415603        0.0045
BFGS:   63 00:45:37 -2107602.415640        0.0048
BFGS:   64 00:46:12 -2107602.415679        0.0078
BFGS:   65 00:46:46 -2107602.415728        0.0102
BFGS:   66 00:47:21 -2107602.415779        0.0081
BFGS:   67 00:47:54 -2107602.415823        0.0055
BFGS:   68 00:48:29 -2107602.415860        0.0048
BFGS:   69 00:49:04 -2107602.415902        0.0088
BFGS:   70 00:49:40 -2107602.415952        0.0101
BFGS:   71 00:50:16 -2107602.416002        0.0067
BFGS:   72 00:50:54 -2107602.416045        0.0064
BFGS:   73 00:51:30 -2107602.416084        0.0058
BFGS:   74 00:52:06 -2107602.416128        0.0101
BFGS:   75 00:52:41 -2107602.416177        0.0103
BFGS:   76 00:53:14 -2107602.416222        0.0058
BFGS:   77 00:53:48 -2107602.416260        0.0064
BFGS:   78 00:54:21 -2107602.416299        0.0064
BFGS:   79 00:54:55 -2107602.416344        0.0094
BFGS:   80 00:55:29 -2107602.416390        0.0082
BFGS:   81 00:56:03 -2107602.416428        0.0042
BFGS:   82 00:56:36 -2107602.416460        0.0047
BFGS:   83 00:57:09 -2107602.416494        0.0066
BFGS:   84 00:57:44 -2107602.416535        0.0080
BFGS:   85 00:58:20 -2107602.416575        0.0063
BFGS:   86 00:58:55 -2107602.416606        0.0035
BFGS:   87 00:59:31 -2107602.416633        0.0039
BFGS:   88 01:00:06 -2107602.416663        0.0064
BFGS:   89 01:00:39 -2107602.416696        0.0071
BFGS:   90 01:01:14 -2107602.416726        0.0047
BFGS:   91 01:01:48 -2107602.416749        0.0031
BFGS:   92 01:02:21 -2107602.416771        0.0051
BFGS:   93 01:02:55 -2107602.416797        0.0065
BFGS:   94 01:03:30 -2107602.416823        0.0059
BFGS:   95 01:04:06 -2107602.416843        0.0030
BFGS:   96 01:04:41 -2107602.416859        0.0033
BFGS:   97 01:05:17 -2107602.416876        0.0049
BFGS:   98 01:05:54 -2107602.416896        0.0061
BFGS:   99 01:06:28 -2107602.416915        0.0044
BFGS:  100 01:07:02 -2107602.416930        0.0027
BFGS:  101 01:07:35 -2107602.416942        0.0029
BFGS:  102 01:08:09 -2107602.416954        0.0050
BFGS:  103 01:08:43 -2107602.416968        0.0049
BFGS:  104 01:09:15 -2107602.416980        0.0025
BFGS:  105 01:09:46 -2107602.416990        0.0021
BFGS:  106 01:10:21 -2107602.416999        0.0035
BFGS:  107 01:10:55 -2107602.417009        0.0045
BFGS:  108 01:11:30 -2107602.417019        0.0034
BFGS:  109 01:12:07 -2107602.417026        0.0021
BFGS:  110 01:12:42 -2107602.417032        0.0018
BFGS:  111 01:13:19 -2107602.417038        0.0033
BFGS:  112 01:13:55 -2107602.417046        0.0034
BFGS:  113 01:14:31 -2107602.417052        0.0022
BFGS:  114 01:15:08 -2107602.417057        0.0020
BFGS:  115 01:15:45 -2107602.417061        0.0020
BFGS:  116 01:16:21 -2107602.417066        0.0029
BFGS:  117 01:16:57 -2107602.417071        0.0027
BFGS:  118 01:17:34 -2107602.417075        0.0016
BFGS:  119 01:18:09 -2107602.417078        0.0016
BFGS:  120 01:18:44 -2107602.417081        0.0018
BFGS:  121 01:19:21 -2107602.417084        0.0024
BFGS:  122 01:19:57 -2107602.417088        0.0020
BFGS:  123 01:20:33 -2107602.417090        0.0011
BFGS:  124 01:21:09 -2107602.417092        0.0012
BFGS:  125 01:21:46 -2107602.417095        0.0017
BFGS:  126 01:22:24 -2107602.417097        0.0020
BFGS:  127 01:23:00 -2107602.417099        0.0013
BFGS:  128 01:23:37 -2107602.417101        0.0009
39 39 186 80 106
Combined bilayer energy = -2107602.417100929
Energy cost per unit length : 0.09167619663705695
Prev_energy - Current_energy = 0.0024295876758110707
      Step     Time          Energy         fmax
BFGS:    0 01:23:38 -2107602.417101        0.2312
BFGS:    1 01:24:10 -2107602.419682        0.1485
BFGS:    2 01:24:44 -2107602.422283        0.0595
BFGS:    3 01:25:20 -2107602.423128        0.0612
BFGS:    4 01:25:55 -2107602.426240        0.0844
BFGS:    5 01:26:32 -2107602.427513        0.0607
BFGS:    6 01:27:09 -2107602.428148        0.0261
BFGS:    7 01:27:45 -2107602.428499        0.0247
BFGS:    8 01:28:20 -2107602.429047        0.0395
BFGS:    9 01:28:56 -2107602.429610        0.0432
BFGS:   10 01:29:31 -2107602.430054        0.0231
BFGS:   11 01:30:07 -2107602.430331        0.0203
BFGS:   12 01:30:44 -2107602.430575        0.0196
BFGS:   13 01:31:19 -2107602.430841        0.0269
BFGS:   14 01:31:55 -2107602.431083        0.0230
BFGS:   15 01:32:30 -2107602.431261        0.0157
BFGS:   16 01:33:05 -2107602.431407        0.0152
BFGS:   17 01:33:42 -2107602.431571        0.0202
BFGS:   18 01:34:19 -2107602.431750        0.0222
BFGS:   19 01:34:54 -2107602.431893        0.0195
BFGS:   20 01:35:30 -2107602.431988        0.0094
BFGS:   21 01:36:05 -2107602.432067        0.0114
BFGS:   22 01:36:42 -2107602.432165        0.0134
BFGS:   23 01:37:19 -2107602.432276        0.0189
BFGS:   24 01:37:54 -2107602.432372        0.0144
BFGS:   25 01:38:29 -2107602.432437        0.0070
BFGS:   26 01:39:06 -2107602.432489        0.0073
BFGS:   27 01:39:43 -2107602.432550        0.0121
BFGS:   28 01:40:18 -2107602.432616        0.0129
BFGS:   29 01:40:55 -2107602.432673        0.0071
BFGS:   30 01:41:30 -2107602.432716        0.0071
BFGS:   31 01:42:07 -2107602.432756        0.0086
BFGS:   32 01:42:42 -2107602.432802        0.0114
BFGS:   33 01:43:19 -2107602.432846        0.0082
BFGS:   34 01:43:55 -2107602.432880        0.0047
BFGS:   35 01:44:31 -2107602.432906        0.0057
BFGS:   36 01:45:07 -2107602.432934        0.0096
BFGS:   37 01:45:42 -2107602.432968        0.0099
BFGS:   38 01:46:18 -2107602.433000        0.0075
BFGS:   39 01:46:55 -2107602.433023        0.0034
BFGS:   40 01:47:30 -2107602.433041        0.0056
BFGS:   41 01:48:05 -2107602.433062        0.0079
BFGS:   42 01:48:41 -2107602.433086        0.0085
BFGS:   43 01:49:17 -2107602.433108        0.0057
BFGS:   44 01:49:53 -2107602.433125        0.0033
BFGS:   45 01:50:28 -2107602.433139        0.0046
BFGS:   46 01:51:04 -2107602.433157        0.0071
BFGS:   47 01:51:40 -2107602.433174        0.0066
BFGS:   48 01:52:15 -2107602.433188        0.0028
BFGS:   49 01:52:53 -2107602.433199        0.0029
BFGS:   50 01:53:29 -2107602.433211        0.0052
BFGS:   51 01:54:05 -2107602.433225        0.0064
BFGS:   52 01:54:39 -2107602.433237        0.0044
BFGS:   53 01:55:14 -2107602.433247        0.0022
BFGS:   54 01:55:50 -2107602.433255        0.0031
BFGS:   55 01:56:25 -2107602.433264        0.0052
BFGS:   56 01:57:01 -2107602.433274        0.0048
BFGS:   57 01:57:36 -2107602.433282        0.0024
BFGS:   58 01:58:12 -2107602.433289        0.0018
BFGS:   59 01:58:49 -2107602.433295        0.0039
BFGS:   60 01:59:24 -2107602.433303        0.0046
BFGS:   61 02:00:01 -2107602.433309        0.0031
BFGS:   62 02:00:36 -2107602.433315        0.0014
BFGS:   63 02:01:13 -2107602.433319        0.0022
BFGS:   64 02:01:49 -2107602.433324        0.0036
BFGS:   65 02:02:26 -2107602.433330        0.0035
BFGS:   66 02:03:02 -2107602.433335        0.0017
BFGS:   67 02:03:38 -2107602.433339        0.0010
BFGS:   68 02:04:14 -2107602.433342        0.0022
BFGS:   69 02:04:49 -2107602.433346        0.0028
BFGS:   70 02:05:26 -2107602.433350        0.0024
BFGS:   71 02:06:05 -2107602.433353        0.0012
BFGS:   72 02:06:43 -2107602.433356        0.0012
BFGS:   73 02:07:21 -2107602.433358        0.0021
BFGS:   74 02:07:56 -2107602.433361        0.0025
BFGS:   75 02:08:33 -2107602.433364        0.0018
BFGS:   76 02:09:10 -2107602.433366        0.0011
BFGS:   77 02:09:45 -2107602.433368        0.0012
BFGS:   78 02:10:21 -2107602.433370        0.0018
BFGS:   79 02:10:57 -2107602.433373        0.0018
BFGS:   80 02:11:33 -2107602.433375        0.0010
BFGS:   81 02:12:09 -2107602.433376        0.0008
39 39 186 80 106
Combined bilayer energy = -2107602.433376214
Energy cost per unit length : 0.0902038011077443
Prev_energy - Current_energy = 0.0014723955293126506
      Step     Time          Energy         fmax
BFGS:    0 02:12:09 -2107602.433376        0.1982
BFGS:    1 02:12:42 -2107602.435315        0.1275
BFGS:    2 02:13:17 -2107602.437272        0.0526
BFGS:    3 02:13:54 -2107602.437909        0.0541
BFGS:    4 02:14:29 -2107602.440290        0.0739
BFGS:    5 02:15:08 -2107602.441273        0.0537
BFGS:    6 02:15:45 -2107602.441760        0.0228
BFGS:    7 02:16:22 -2107602.442026        0.0210
BFGS:    8 02:16:59 -2107602.442448        0.0353
BFGS:    9 02:17:36 -2107602.442894        0.0396
BFGS:   10 02:18:13 -2107602.443252        0.0219
BFGS:   11 02:18:51 -2107602.443476        0.0174
BFGS:   12 02:19:27 -2107602.443671        0.0174
BFGS:   13 02:20:05 -2107602.443888        0.0247
BFGS:   14 02:20:41 -2107602.444090        0.0199
BFGS:   15 02:21:20 -2107602.444240        0.0129
BFGS:   16 02:21:57 -2107602.444365        0.0128
BFGS:   17 02:22:35 -2107602.444508        0.0198
BFGS:   18 02:23:12 -2107602.444669        0.0200
BFGS:   19 02:23:50 -2107602.444803        0.0186
BFGS:   20 02:24:29 -2107602.444892        0.0100
BFGS:   21 02:25:07 -2107602.444967        0.0117
BFGS:   22 02:25:45 -2107602.445061        0.0141
BFGS:   23 02:26:23 -2107602.445175        0.0192
BFGS:   24 02:27:02 -2107602.445277        0.0163
BFGS:   25 02:27:39 -2107602.445350        0.0081
BFGS:   26 02:28:17 -2107602.445410        0.0084
BFGS:   27 02:28:55 -2107602.445478        0.0132
BFGS:   28 02:29:33 -2107602.445556        0.0159
BFGS:   29 02:30:13 -2107602.445630        0.0101
BFGS:   30 02:30:51 -2107602.445689        0.0085
BFGS:   31 02:31:31 -2107602.445745        0.0098
BFGS:   32 02:32:09 -2107602.445808        0.0153
BFGS:   33 02:32:48 -2107602.445873        0.0132
BFGS:   34 02:33:25 -2107602.445929        0.0074
BFGS:   35 02:34:03 -2107602.445974        0.0061
BFGS:   36 02:34:40 -2107602.446022        0.0139
BFGS:   37 02:35:19 -2107602.446082        0.0168
BFGS:   38 02:35:57 -2107602.446143        0.0117
BFGS:   39 02:36:35 -2107602.446193        0.0063
BFGS:   40 02:37:14 -2107602.446233        0.0081
BFGS:   41 02:37:53 -2107602.446277        0.0139
BFGS:   42 02:38:32 -2107602.446329        0.0144
BFGS:   43 02:39:11 -2107602.446381        0.0081
BFGS:   44 02:39:49 -2107602.446425        0.0059
BFGS:   45 02:40:27 -2107602.446465        0.0091
BFGS:   46 02:41:05 -2107602.446512        0.0129
BFGS:   47 02:41:45 -2107602.446561        0.0108
BFGS:   48 02:42:25 -2107602.446605        0.0056
BFGS:   49 02:43:05 -2107602.446642        0.0053
BFGS:   50 02:43:44 -2107602.446681        0.0095
BFGS:   51 02:44:23 -2107602.446728        0.0110
BFGS:   52 02:45:02 -2107602.446776        0.0079
BFGS:   53 02:45:38 -2107602.446816        0.0045
BFGS:   54 02:46:17 -2107602.446851        0.0059
BFGS:   55 02:46:55 -2107602.446891        0.0092
BFGS:   56 02:47:35 -2107602.446936        0.0089
BFGS:   57 02:48:12 -2107602.446978        0.0057
BFGS:   58 02:48:50 -2107602.447013        0.0049
BFGS:   59 02:49:28 -2107602.447048        0.0073
BFGS:   60 02:50:07 -2107602.447090        0.0091
BFGS:   61 02:50:45 -2107602.447134        0.0084
BFGS:   62 02:51:24 -2107602.447173        0.0039
BFGS:   63 02:52:03 -2107602.447204        0.0046
BFGS:   64 02:52:41 -2107602.447239        0.0074
BFGS:   65 02:53:19 -2107602.447282        0.0096
BFGS:   66 02:53:58 -2107602.447328        0.0076
BFGS:   67 02:54:36 -2107602.447365        0.0048
BFGS:   68 02:55:13 -2107602.447398        0.0045
BFGS:   69 02:55:50 -2107602.447433        0.0082
BFGS:   70 02:56:28 -2107602.447475        0.0092
BFGS:   71 02:57:06 -2107602.447516        0.0060
BFGS:   72 02:57:43 -2107602.447550        0.0054
BFGS:   73 02:58:20 -2107602.447582        0.0054
BFGS:   74 02:58:57 -2107602.447617        0.0091
BFGS:   75 02:59:34 -2107602.447655        0.0089
BFGS:   76 03:00:12 -2107602.447690        0.0048
BFGS:   77 03:00:48 -2107602.447718        0.0051
BFGS:   78 03:01:25 -2107602.447747        0.0057
BFGS:   79 03:02:01 -2107602.447781        0.0082
BFGS:   80 03:02:39 -2107602.447814        0.0068
BFGS:   81 03:03:17 -2107602.447841        0.0031
BFGS:   82 03:03:54 -2107602.447864        0.0035
BFGS:   83 03:04:31 -2107602.447888        0.0058
BFGS:   84 03:05:09 -2107602.447917        0.0068
BFGS:   85 03:05:47 -2107602.447944        0.0051
BFGS:   86 03:06:24 -2107602.447965        0.0028
BFGS:   87 03:07:00 -2107602.447983        0.0035
BFGS:   88 03:07:37 -2107602.448003        0.0055
BFGS:   89 03:08:14 -2107602.448025        0.0057
BFGS:   90 03:08:51 -2107602.448043        0.0036
BFGS:   91 03:09:27 -2107602.448058        0.0025
BFGS:   92 03:10:04 -2107602.448072        0.0043
BFGS:   93 03:10:40 -2107602.448089        0.0054
BFGS:   94 03:11:17 -2107602.448105        0.0046
BFGS:   95 03:11:54 -2107602.448118        0.0022
BFGS:   96 03:12:31 -2107602.448128        0.0028
BFGS:   97 03:13:08 -2107602.448138        0.0041
BFGS:   98 03:13:45 -2107602.448150        0.0049
BFGS:   99 03:14:20 -2107602.448162        0.0032
BFGS:  100 03:14:57 -2107602.448170        0.0019
BFGS:  101 03:15:34 -2107602.448177        0.0026
BFGS:  102 03:16:09 -2107602.448185        0.0040
BFGS:  103 03:16:45 -2107602.448193        0.0036
BFGS:  104 03:17:23 -2107602.448200        0.0016
BFGS:  105 03:17:58 -2107602.448205        0.0015
BFGS:  106 03:18:35 -2107602.448211        0.0029
BFGS:  107 03:19:11 -2107602.448217        0.0035
BFGS:  108 03:19:46 -2107602.448222        0.0024
BFGS:  109 03:20:23 -2107602.448227        0.0017
BFGS:  110 03:20:58 -2107602.448230        0.0016
BFGS:  111 03:21:35 -2107602.448234        0.0026
BFGS:  112 03:22:10 -2107602.448238        0.0025
BFGS:  113 03:22:47 -2107602.448242        0.0015
BFGS:  114 03:23:23 -2107602.448244        0.0016
BFGS:  115 03:24:00 -2107602.448247        0.0017
BFGS:  116 03:24:36 -2107602.448250        0.0023
BFGS:  117 03:25:11 -2107602.448253        0.0019
BFGS:  118 03:25:47 -2107602.448255        0.0012
BFGS:  119 03:26:24 -2107602.448256        0.0011
BFGS:  120 03:27:03 -2107602.448258        0.0015
BFGS:  121 03:27:38 -2107602.448260        0.0018
BFGS:  122 03:28:14 -2107602.448262        0.0014
BFGS:  123 03:28:51 -2107602.448264        0.0008
39 39 186 80 106
Combined bilayer energy = -2107602.448263726
Energy cost per unit length : 0.08885695485263
Prev_energy - Current_energy = 0.0013468462551143034
      Step     Time          Energy         fmax
BFGS:    0 03:28:51 -2107602.448264        0.2115
BFGS:    1 03:29:24 -2107602.450405        0.1359
BFGS:    2 03:29:59 -2107602.452572        0.0546
BFGS:    3 03:30:36 -2107602.453279        0.0562
BFGS:    4 03:31:12 -2107602.455880        0.0777
BFGS:    5 03:31:48 -2107602.456945        0.0559
BFGS:    6 03:32:24 -2107602.457474        0.0239
BFGS:    7 03:33:01 -2107602.457767        0.0227
BFGS:    8 03:33:38 -2107602.458226        0.0365
BFGS:    9 03:34:14 -2107602.458702        0.0403
BFGS:   10 03:34:50 -2107602.459079        0.0220
BFGS:   11 03:35:25 -2107602.459314        0.0189
BFGS:   12 03:36:02 -2107602.459519        0.0178
BFGS:   13 03:36:38 -2107602.459743        0.0248
BFGS:   14 03:37:13 -2107602.459949        0.0213
BFGS:   15 03:37:49 -2107602.460101        0.0149
BFGS:   16 03:38:24 -2107602.460226        0.0143
BFGS:   17 03:39:01 -2107602.460366        0.0185
BFGS:   18 03:39:38 -2107602.460518        0.0205
BFGS:   19 03:40:12 -2107602.460641        0.0181
BFGS:   20 03:40:47 -2107602.460723        0.0087
BFGS:   21 03:41:23 -2107602.460792        0.0105
BFGS:   22 03:41:59 -2107602.460876        0.0125
BFGS:   23 03:42:35 -2107602.460972        0.0176
BFGS:   24 03:43:10 -2107602.461056        0.0135
BFGS:   25 03:43:45 -2107602.461113        0.0067
BFGS:   26 03:44:21 -2107602.461159        0.0069
BFGS:   27 03:44:57 -2107602.461211        0.0112
BFGS:   28 03:45:34 -2107602.461269        0.0121
BFGS:   29 03:46:11 -2107602.461320        0.0067
BFGS:   30 03:46:47 -2107602.461359        0.0068
BFGS:   31 03:47:22 -2107602.461394        0.0079
BFGS:   32 03:47:58 -2107602.461434        0.0105
BFGS:   33 03:48:35 -2107602.461473        0.0075
BFGS:   34 03:49:11 -2107602.461503        0.0046
BFGS:   35 03:49:46 -2107602.461527        0.0054
BFGS:   36 03:50:22 -2107602.461552        0.0091
BFGS:   37 03:50:59 -2107602.461582        0.0091
BFGS:   38 03:51:35 -2107602.461610        0.0071
BFGS:   39 03:52:11 -2107602.461631        0.0036
BFGS:   40 03:52:47 -2107602.461648        0.0055
BFGS:   41 03:53:24 -2107602.461666        0.0075
BFGS:   42 03:54:00 -2107602.461688        0.0079
BFGS:   43 03:54:36 -2107602.461708        0.0052
BFGS:   44 03:55:11 -2107602.461723        0.0030
BFGS:   45 03:55:46 -2107602.461737        0.0046
BFGS:   46 03:56:22 -2107602.461752        0.0068
BFGS:   47 03:56:57 -2107602.461768        0.0061
BFGS:   48 03:57:33 -2107602.461781        0.0027
BFGS:   49 03:58:08 -2107602.461791        0.0027
BFGS:   50 03:58:44 -2107602.461802        0.0051
BFGS:   51 03:59:18 -2107602.461815        0.0061
BFGS:   52 03:59:55 -2107602.461826        0.0039
BFGS:   53 04:00:31 -2107602.461835        0.0020
BFGS:   54 04:01:07 -2107602.461842        0.0033
BFGS:   55 04:01:43 -2107602.461851        0.0051
BFGS:   56 04:02:19 -2107602.461860        0.0044
BFGS:   57 04:02:55 -2107602.461867        0.0021
BFGS:   58 04:03:30 -2107602.461873        0.0018
BFGS:   59 04:04:06 -2107602.461880        0.0040
BFGS:   60 04:04:42 -2107602.461887        0.0045
BFGS:   61 04:05:19 -2107602.461893        0.0028
BFGS:   62 04:05:54 -2107602.461898        0.0014
BFGS:   63 04:06:31 -2107602.461902        0.0024
BFGS:   64 04:07:05 -2107602.461907        0.0037
BFGS:   65 04:07:41 -2107602.461912        0.0034
BFGS:   66 04:08:17 -2107602.461917        0.0015
BFGS:   67 04:08:52 -2107602.461920        0.0011
slurmstepd: error: *** JOB 856885 ON gpu017 CANCELLED AT 2024-09-20T04:09:26 DUE TO TIME LIMIT ***
