Starting calculations for AP-MoS2/MoS2
      Step     Time          Energy         fmax
BFGS:    0 14:38:11   -10245.137635        0.0190
BFGS:    1 14:38:12   -10245.137656        0.0074
BFGS:    2 14:38:18   -10245.137660        0.0023
BFGS:    3 14:38:18   -10245.137660        0.0019
BFGS:    4 14:38:18   -10245.137661        0.0011
BFGS:    5 14:38:18   -10245.137661        0.0011
BFGS:    6 14:38:18   -10245.137662        0.0017
BFGS:    7 14:38:18   -10245.137663        0.0026
BFGS:    8 14:38:18   -10245.137665        0.0036
BFGS:    9 14:38:18   -10245.137667        0.0032
BFGS:   10 14:38:18   -10245.137669        0.0013
BFGS:   11 14:38:18   -10245.137669        0.0002
      Step     Time          Energy         fmax
BFGS:    0 14:38:18   -10245.157705        0.0367
BFGS:    1 14:38:18   -10245.157808        0.0208
BFGS:    2 14:38:18   -10245.157844        0.0059
BFGS:    3 14:38:18   -10245.157850        0.0062
BFGS:    4 14:38:18   -10245.157855        0.0030
BFGS:    5 14:38:18   -10245.157856        0.0030
BFGS:    6 14:38:18   -10245.157859        0.0051
BFGS:    7 14:38:18   -10245.157864        0.0074
BFGS:    8 14:38:18   -10245.157877        0.0103
BFGS:    9 14:38:18   -10245.157896        0.0134
BFGS:   10 14:38:18   -10245.157915        0.0103
BFGS:   11 14:38:18   -10245.157923        0.0037
BFGS:   12 14:38:18   -10245.157924        0.0004
MM' and 2H energies : -10245.137668853778 , -10245.157923630046
      Step     Time          Energy         fmax
BFGS:    0 14:38:25 -1905596.920915        0.0010
/home/p/phrrpq/.local/lib/python3.10/site-packages/ase/io/extxyz.py:1000: UserWarning: write_xyz() overwriting array "forces" present in atoms.arrays with stored results from calculator
  warnings.warn('write_xyz() overwriting array "{0}" present '
36 36 186 74 112
Combined bilayer energy = -1905596.9209146958
Energy cost per unit length : 0.08643360903136564
Prev_energy - Current_energy = 0.0
      Step     Time          Energy         fmax
BFGS:    0 14:38:26 -1905596.920915        0.1212
BFGS:    1 14:38:55 -1905596.921610        0.0795
BFGS:    2 14:39:24 -1905596.922318        0.0301
BFGS:    3 14:39:56 -1905596.922516        0.0307
BFGS:    4 14:40:29 -1905596.923354        0.0427
BFGS:    5 14:41:00 -1905596.923681        0.0309
BFGS:    6 14:41:31 -1905596.923848        0.0141
BFGS:    7 14:42:03 -1905596.923942        0.0123
BFGS:    8 14:42:34 -1905596.924094        0.0215
BFGS:    9 14:43:05 -1905596.924253        0.0237
BFGS:   10 14:43:38 -1905596.924380        0.0128
BFGS:   11 14:44:11 -1905596.924460        0.0099
BFGS:   12 14:44:43 -1905596.924530        0.0108
BFGS:   13 14:45:15 -1905596.924610        0.0154
BFGS:   14 14:45:48 -1905596.924689        0.0137
BFGS:   15 14:46:18 -1905596.924751        0.0104
BFGS:   16 14:46:50 -1905596.924798        0.0074
BFGS:   17 14:47:22 -1905596.924848        0.0111
BFGS:   18 14:47:56 -1905596.924906        0.0122
BFGS:   19 14:48:28 -1905596.924962        0.0141
BFGS:   20 14:49:00 -1905596.925003        0.0094
BFGS:   21 14:49:33 -1905596.925034        0.0063
BFGS:   22 14:50:05 -1905596.925066        0.0072
BFGS:   23 14:50:37 -1905596.925106        0.0121
BFGS:   24 14:51:09 -1905596.925150        0.0129
BFGS:   25 14:51:41 -1905596.925185        0.0073
BFGS:   26 14:52:13 -1905596.925211        0.0047
BFGS:   27 14:52:46 -1905596.925234        0.0066
BFGS:   28 14:53:17 -1905596.925262        0.0103
BFGS:   29 14:53:49 -1905596.925293        0.0089
BFGS:   30 14:54:21 -1905596.925320        0.0045
BFGS:   31 14:54:54 -1905596.925342        0.0046
BFGS:   32 14:55:26 -1905596.925364        0.0084
BFGS:   33 14:55:59 -1905596.925388        0.0093
BFGS:   34 14:56:31 -1905596.925412        0.0056
BFGS:   35 14:57:03 -1905596.925430        0.0038
BFGS:   36 14:57:36 -1905596.925447        0.0060
BFGS:   37 14:58:06 -1905596.925466        0.0092
BFGS:   38 14:58:39 -1905596.925489        0.0086
BFGS:   39 14:59:11 -1905596.925511        0.0044
BFGS:   40 14:59:42 -1905596.925529        0.0036
BFGS:   41 15:00:14 -1905596.925545        0.0063
BFGS:   42 15:00:46 -1905596.925563        0.0082
BFGS:   43 15:01:18 -1905596.925584        0.0065
BFGS:   44 15:01:49 -1905596.925602        0.0034
BFGS:   45 15:02:21 -1905596.925618        0.0031
BFGS:   46 15:02:53 -1905596.925633        0.0057
BFGS:   47 15:03:25 -1905596.925651        0.0063
BFGS:   48 15:03:57 -1905596.925669        0.0053
BFGS:   49 15:04:29 -1905596.925684        0.0039
BFGS:   50 15:05:01 -1905596.925696        0.0032
BFGS:   51 15:05:32 -1905596.925709        0.0045
BFGS:   52 15:06:03 -1905596.925724        0.0056
BFGS:   53 15:06:35 -1905596.925738        0.0049
BFGS:   54 15:07:06 -1905596.925750        0.0028
BFGS:   55 15:07:39 -1905596.925761        0.0031
BFGS:   56 15:08:11 -1905596.925772        0.0036
BFGS:   57 15:08:43 -1905596.925783        0.0044
BFGS:   58 15:09:16 -1905596.925794        0.0032
BFGS:   59 15:09:49 -1905596.925802        0.0021
BFGS:   60 15:10:21 -1905596.925810        0.0023
BFGS:   61 15:10:54 -1905596.925818        0.0039
BFGS:   62 15:11:25 -1905596.925827        0.0039
BFGS:   63 15:11:57 -1905596.925835        0.0028
BFGS:   64 15:12:29 -1905596.925841        0.0018
BFGS:   65 15:13:01 -1905596.925847        0.0029
BFGS:   66 15:13:33 -1905596.925853        0.0038
BFGS:   67 15:14:05 -1905596.925859        0.0033
BFGS:   68 15:14:36 -1905596.925864        0.0022
BFGS:   69 15:15:08 -1905596.925869        0.0021
BFGS:   70 15:15:41 -1905596.925873        0.0027
BFGS:   71 15:16:14 -1905596.925877        0.0029
BFGS:   72 15:16:47 -1905596.925881        0.0025
BFGS:   73 15:17:18 -1905596.925885        0.0013
BFGS:   74 15:17:50 -1905596.925888        0.0016
BFGS:   75 15:18:23 -1905596.925890        0.0023
BFGS:   76 15:18:54 -1905596.925894        0.0026
BFGS:   77 15:19:25 -1905596.925896        0.0015
BFGS:   78 15:19:59 -1905596.925898        0.0009
36 36 186 74 112
Combined bilayer energy = -1905596.9258983913
Energy cost per unit length : 0.08598209268786998
Prev_energy - Current_energy = 0.0004515163434956615
      Step     Time          Energy         fmax
BFGS:    0 15:19:59 -1905596.925898        0.1257
BFGS:    1 15:20:31 -1905596.926641        0.0821
BFGS:    2 15:21:02 -1905596.927393        0.0303
BFGS:    3 15:21:33 -1905596.927606        0.0310
BFGS:    4 15:22:05 -1905596.928483        0.0432
BFGS:    5 15:22:36 -1905596.928823        0.0308
BFGS:    6 15:23:07 -1905596.929000        0.0146
BFGS:    7 15:23:39 -1905596.929102        0.0131
BFGS:    8 15:24:10 -1905596.929263        0.0216
BFGS:    9 15:24:42 -1905596.929426        0.0232
BFGS:   10 15:25:15 -1905596.929557        0.0124
BFGS:   11 15:25:47 -1905596.929639        0.0106
BFGS:   12 15:26:19 -1905596.929711        0.0108
BFGS:   13 15:26:52 -1905596.929792        0.0149
BFGS:   14 15:27:24 -1905596.929871        0.0148
BFGS:   15 15:27:56 -1905596.929933        0.0106
BFGS:   16 15:28:27 -1905596.929982        0.0085
BFGS:   17 15:29:00 -1905596.930031        0.0097
BFGS:   18 15:29:32 -1905596.930086        0.0128
BFGS:   19 15:30:03 -1905596.930138        0.0136
BFGS:   20 15:30:35 -1905596.930177        0.0084
BFGS:   21 15:31:06 -1905596.930207        0.0060
BFGS:   22 15:31:37 -1905596.930238        0.0063
BFGS:   23 15:32:10 -1905596.930275        0.0111
BFGS:   24 15:32:43 -1905596.930314        0.0107
BFGS:   25 15:33:15 -1905596.930345        0.0060
BFGS:   26 15:33:48 -1905596.930367        0.0041
BFGS:   27 15:34:19 -1905596.930388        0.0058
BFGS:   28 15:34:51 -1905596.930414        0.0080
BFGS:   29 15:35:24 -1905596.930441        0.0071
BFGS:   30 15:35:55 -1905596.930463        0.0045
BFGS:   31 15:36:28 -1905596.930481        0.0037
BFGS:   32 15:37:00 -1905596.930499        0.0062
BFGS:   33 15:37:32 -1905596.930519        0.0070
BFGS:   34 15:38:03 -1905596.930537        0.0056
BFGS:   35 15:38:35 -1905596.930552        0.0033
BFGS:   36 15:39:06 -1905596.930565        0.0047
BFGS:   37 15:39:38 -1905596.930580        0.0064
BFGS:   38 15:40:09 -1905596.930597        0.0071
BFGS:   39 15:40:40 -1905596.930613        0.0043
BFGS:   40 15:41:11 -1905596.930625        0.0027
BFGS:   41 15:41:43 -1905596.930636        0.0041
BFGS:   42 15:42:15 -1905596.930648        0.0062
BFGS:   43 15:42:46 -1905596.930662        0.0055
BFGS:   44 15:43:18 -1905596.930674        0.0025
BFGS:   45 15:43:51 -1905596.930683        0.0024
BFGS:   46 15:44:24 -1905596.930693        0.0046
BFGS:   47 15:44:56 -1905596.930704        0.0052
BFGS:   48 15:45:28 -1905596.930715        0.0038
BFGS:   49 15:45:59 -1905596.930723        0.0026
BFGS:   50 15:46:33 -1905596.930730        0.0028
BFGS:   51 15:47:05 -1905596.930738        0.0041
BFGS:   52 15:47:37 -1905596.930746        0.0039
BFGS:   53 15:48:09 -1905596.930754        0.0033
BFGS:   54 15:48:41 -1905596.930760        0.0016
BFGS:   55 15:49:13 -1905596.930766        0.0029
BFGS:   56 15:49:43 -1905596.930772        0.0031
BFGS:   57 15:50:15 -1905596.930778        0.0030
BFGS:   58 15:50:47 -1905596.930783        0.0019
BFGS:   59 15:51:18 -1905596.930787        0.0019
BFGS:   60 15:51:52 -1905596.930791        0.0022
BFGS:   61 15:52:24 -1905596.930796        0.0030
BFGS:   62 15:52:56 -1905596.930801        0.0025
BFGS:   63 15:53:28 -1905596.930804        0.0015
BFGS:   64 15:53:59 -1905596.930807        0.0013
BFGS:   65 15:54:30 -1905596.930810        0.0024
BFGS:   66 15:55:02 -1905596.930813        0.0027
BFGS:   67 15:55:33 -1905596.930817        0.0018
BFGS:   68 15:56:05 -1905596.930819        0.0013
BFGS:   69 15:56:37 -1905596.930821        0.0015
BFGS:   70 15:57:08 -1905596.930824        0.0023
BFGS:   71 15:57:39 -1905596.930826        0.0021
BFGS:   72 15:58:11 -1905596.930828        0.0015
BFGS:   73 15:58:45 -1905596.930830        0.0011
BFGS:   74 15:59:17 -1905596.930831        0.0014
BFGS:   75 15:59:47 -1905596.930833        0.0018
BFGS:   76 16:00:19 -1905596.930835        0.0017
BFGS:   77 16:00:51 -1905596.930836        0.0010
36 36 186 74 112
Combined bilayer energy = -1905596.9308363576
Energy cost per unit length : 0.08553471936264737
Prev_energy - Current_energy = 0.00044737332522261364
      Step     Time          Energy         fmax
BFGS:    0 16:00:51 -1905596.930836        0.1202
BFGS:    1 16:01:22 -1905596.931522        0.0788
BFGS:    2 16:01:55 -1905596.932219        0.0298
BFGS:    3 16:02:27 -1905596.932415        0.0304
BFGS:    4 16:02:59 -1905596.933240        0.0423
BFGS:    5 16:03:32 -1905596.933563        0.0306
BFGS:    6 16:04:04 -1905596.933727        0.0139
BFGS:    7 16:04:37 -1905596.933820        0.0122
BFGS:    8 16:05:10 -1905596.933970        0.0212
BFGS:    9 16:05:44 -1905596.934126        0.0235
BFGS:   10 16:06:16 -1905596.934252        0.0126
BFGS:   11 16:06:49 -1905596.934330        0.0098
BFGS:   12 16:07:20 -1905596.934399        0.0107
BFGS:   13 16:07:52 -1905596.934478        0.0153
BFGS:   14 16:08:25 -1905596.934556        0.0135
BFGS:   15 16:08:56 -1905596.934617        0.0102
BFGS:   16 16:09:28 -1905596.934664        0.0073
BFGS:   17 16:10:00 -1905596.934712        0.0109
BFGS:   18 16:10:31 -1905596.934769        0.0121
BFGS:   19 16:11:03 -1905596.934824        0.0139
BFGS:   20 16:11:35 -1905596.934865        0.0093
BFGS:   21 16:12:08 -1905596.934895        0.0062
BFGS:   22 16:12:40 -1905596.934926        0.0071
BFGS:   23 16:13:12 -1905596.934965        0.0119
BFGS:   24 16:13:44 -1905596.935008        0.0127
BFGS:   25 16:14:17 -1905596.935042        0.0072
BFGS:   26 16:14:48 -1905596.935067        0.0047
BFGS:   27 16:15:20 -1905596.935090        0.0065
BFGS:   28 16:15:51 -1905596.935117        0.0101
BFGS:   29 16:16:22 -1905596.935147        0.0087
BFGS:   30 16:16:54 -1905596.935173        0.0044
BFGS:   31 16:17:26 -1905596.935194        0.0046
BFGS:   32 16:17:57 -1905596.935215        0.0082
BFGS:   33 16:18:29 -1905596.935239        0.0092
BFGS:   34 16:19:00 -1905596.935261        0.0054
BFGS:   35 16:19:31 -1905596.935279        0.0037
BFGS:   36 16:20:02 -1905596.935295        0.0059
BFGS:   37 16:20:33 -1905596.935314        0.0090
BFGS:   38 16:21:05 -1905596.935336        0.0084
BFGS:   39 16:21:37 -1905596.935356        0.0043
BFGS:   40 16:22:09 -1905596.935373        0.0034
BFGS:   41 16:22:40 -1905596.935388        0.0060
BFGS:   42 16:23:10 -1905596.935405        0.0079
BFGS:   43 16:23:42 -1905596.935424        0.0062
BFGS:   44 16:24:13 -1905596.935441        0.0033
BFGS:   45 16:24:45 -1905596.935456        0.0030
BFGS:   46 16:25:17 -1905596.935470        0.0055
BFGS:   47 16:25:49 -1905596.935486        0.0060
BFGS:   48 16:26:21 -1905596.935503        0.0051
BFGS:   49 16:26:51 -1905596.935517        0.0037
BFGS:   50 16:27:24 -1905596.935528        0.0030
BFGS:   51 16:27:54 -1905596.935540        0.0042
BFGS:   52 16:28:26 -1905596.935553        0.0053
BFGS:   53 16:28:58 -1905596.935566        0.0047
BFGS:   54 16:29:30 -1905596.935577        0.0026
BFGS:   55 16:30:03 -1905596.935586        0.0029
BFGS:   56 16:30:33 -1905596.935596        0.0034
BFGS:   57 16:31:05 -1905596.935606        0.0041
BFGS:   58 16:31:36 -1905596.935616        0.0030
BFGS:   59 16:32:07 -1905596.935623        0.0020
BFGS:   60 16:32:39 -1905596.935630        0.0021
BFGS:   61 16:33:11 -1905596.935637        0.0037
BFGS:   62 16:33:42 -1905596.935646        0.0037
BFGS:   63 16:34:14 -1905596.935653        0.0026
BFGS:   64 16:34:45 -1905596.935658        0.0017
BFGS:   65 16:35:17 -1905596.935663        0.0027
BFGS:   66 16:35:49 -1905596.935668        0.0035
BFGS:   67 16:36:20 -1905596.935674        0.0031
BFGS:   68 16:36:51 -1905596.935678        0.0020
BFGS:   69 16:37:23 -1905596.935682        0.0020
BFGS:   70 16:37:55 -1905596.935685        0.0025
BFGS:   71 16:38:26 -1905596.935689        0.0028
BFGS:   72 16:38:59 -1905596.935693        0.0024
BFGS:   73 16:39:31 -1905596.935696        0.0013
BFGS:   74 16:40:02 -1905596.935698        0.0015
BFGS:   75 16:40:34 -1905596.935701        0.0022
BFGS:   76 16:41:06 -1905596.935704        0.0024
BFGS:   77 16:41:37 -1905596.935706        0.0014
BFGS:   78 16:42:09 -1905596.935708        0.0008
36 36 186 74 112
Combined bilayer energy = -1905596.9357077773
Energy cost per unit length : 0.08509337508394431
Prev_energy - Current_energy = 0.0004413442787030569
      Step     Time          Energy         fmax
BFGS:    0 16:42:09 -1905596.935708        0.1235
BFGS:    1 16:42:40 -1905596.936429        0.0807
BFGS:    2 16:43:11 -1905596.937159        0.0298
BFGS:    3 16:43:42 -1905596.937366        0.0305
BFGS:    4 16:44:14 -1905596.938219        0.0425
BFGS:    5 16:44:46 -1905596.938551        0.0304
BFGS:    6 16:45:18 -1905596.938723        0.0144
BFGS:    7 16:45:49 -1905596.938822        0.0129
BFGS:    8 16:46:21 -1905596.938979        0.0213
BFGS:    9 16:46:56 -1905596.939138        0.0229
BFGS:   10 16:47:27 -1905596.939266        0.0123
BFGS:   11 16:47:58 -1905596.939347        0.0105
BFGS:   12 16:48:30 -1905596.939418        0.0106
BFGS:   13 16:49:03 -1905596.939496        0.0147
BFGS:   14 16:49:33 -1905596.939574        0.0146
BFGS:   15 16:50:05 -1905596.939636        0.0105
BFGS:   16 16:50:37 -1905596.939684        0.0084
BFGS:   17 16:51:11 -1905596.939732        0.0096
BFGS:   18 16:51:44 -1905596.939786        0.0127
BFGS:   19 16:52:16 -1905596.939837        0.0135
BFGS:   20 16:52:48 -1905596.939876        0.0084
BFGS:   21 16:53:19 -1905596.939906        0.0059
BFGS:   22 16:53:51 -1905596.939937        0.0063
BFGS:   23 16:54:24 -1905596.939974        0.0110
BFGS:   24 16:54:55 -1905596.940013        0.0107
BFGS:   25 16:55:27 -1905596.940043        0.0060
BFGS:   26 16:55:59 -1905596.940066        0.0041
BFGS:   27 16:56:31 -1905596.940086        0.0057
BFGS:   28 16:57:03 -1905596.940112        0.0080
BFGS:   29 16:57:35 -1905596.940139        0.0071
BFGS:   30 16:58:07 -1905596.940162        0.0045
BFGS:   31 16:58:39 -1905596.940180        0.0038
BFGS:   32 16:59:11 -1905596.940197        0.0061
BFGS:   33 16:59:43 -1905596.940218        0.0071
BFGS:   34 17:00:14 -1905596.940237        0.0057
BFGS:   35 17:00:46 -1905596.940252        0.0033
BFGS:   36 17:01:17 -1905596.940265        0.0047
BFGS:   37 17:01:50 -1905596.940280        0.0064
BFGS:   38 17:02:22 -1905596.940298        0.0073
BFGS:   39 17:02:54 -1905596.940314        0.0045
BFGS:   40 17:03:27 -1905596.940327        0.0026
BFGS:   41 17:03:57 -1905596.940338        0.0042
BFGS:   42 17:04:30 -1905596.940351        0.0063
BFGS:   43 17:05:03 -1905596.940365        0.0057
BFGS:   44 17:05:36 -1905596.940378        0.0026
BFGS:   45 17:06:08 -1905596.940388        0.0025
BFGS:   46 17:06:40 -1905596.940398        0.0046
BFGS:   47 17:07:13 -1905596.940410        0.0054
BFGS:   48 17:07:46 -1905596.940421        0.0039
BFGS:   49 17:08:18 -1905596.940430        0.0027
BFGS:   50 17:08:51 -1905596.940437        0.0029
BFGS:   51 17:09:22 -1905596.940445        0.0042
BFGS:   52 17:09:55 -1905596.940454        0.0040
BFGS:   53 17:10:27 -1905596.940463        0.0035
BFGS:   54 17:10:59 -1905596.940469        0.0018
BFGS:   55 17:11:32 -1905596.940475        0.0030
BFGS:   56 17:12:05 -1905596.940482        0.0032
BFGS:   57 17:12:36 -1905596.940488        0.0031
BFGS:   58 17:13:09 -1905596.940494        0.0020
BFGS:   59 17:13:43 -1905596.940498        0.0019
BFGS:   60 17:14:15 -1905596.940503        0.0023
BFGS:   61 17:14:47 -1905596.940508        0.0031
BFGS:   62 17:15:20 -1905596.940513        0.0026
BFGS:   63 17:15:52 -1905596.940517        0.0016
BFGS:   64 17:16:23 -1905596.940520        0.0014
BFGS:   65 17:16:55 -1905596.940523        0.0025
BFGS:   66 17:17:26 -1905596.940527        0.0029
BFGS:   67 17:17:58 -1905596.940530        0.0019
BFGS:   68 17:18:29 -1905596.940533        0.0013
BFGS:   69 17:19:02 -1905596.940535        0.0016
BFGS:   70 17:19:33 -1905596.940538        0.0023
BFGS:   71 17:20:05 -1905596.940540        0.0022
BFGS:   72 17:20:37 -1905596.940543        0.0015
BFGS:   73 17:21:09 -1905596.940544        0.0011
BFGS:   74 17:21:40 -1905596.940546        0.0014
BFGS:   75 17:22:12 -1905596.940548        0.0018
BFGS:   76 17:22:43 -1905596.940550        0.0017
BFGS:   77 17:23:13 -1905596.940551        0.0010
BFGS:   78 17:23:45 -1905596.940553        0.0007
36 36 186 74 112
Combined bilayer energy = -1905596.9405526759
Energy cost per unit length : 0.08465443359805534
Prev_energy - Current_energy = 0.0004389414858889662
      Step     Time          Energy         fmax
BFGS:    0 17:23:45 -1905596.940553        0.1194
BFGS:    1 17:24:15 -1905596.941233        0.0783
BFGS:    2 17:24:47 -1905596.941926        0.0296
BFGS:    3 17:25:18 -1905596.942121        0.0303
BFGS:    4 17:25:51 -1905596.942941        0.0421
BFGS:    5 17:26:24 -1905596.943262        0.0304
BFGS:    6 17:26:55 -1905596.943425        0.0139
BFGS:    7 17:27:27 -1905596.943517        0.0121
BFGS:    8 17:27:58 -1905596.943666        0.0212
BFGS:    9 17:28:30 -1905596.943822        0.0235
BFGS:   10 17:29:03 -1905596.943948        0.0127
BFGS:   11 17:29:34 -1905596.944025        0.0098
BFGS:   12 17:30:07 -1905596.944093        0.0105
BFGS:   13 17:30:38 -1905596.944171        0.0151
BFGS:   14 17:31:11 -1905596.944249        0.0135
BFGS:   15 17:31:44 -1905596.944310        0.0103
BFGS:   16 17:32:16 -1905596.944356        0.0075
BFGS:   17 17:32:46 -1905596.944404        0.0107
BFGS:   18 17:33:19 -1905596.944460        0.0120
BFGS:   19 17:33:51 -1905596.944515        0.0139
BFGS:   20 17:34:22 -1905596.944555        0.0093
BFGS:   21 17:34:54 -1905596.944585        0.0061
BFGS:   22 17:35:27 -1905596.944616        0.0070
BFGS:   23 17:35:59 -1905596.944654        0.0118
BFGS:   24 17:36:32 -1905596.944696        0.0126
BFGS:   25 17:37:04 -1905596.944730        0.0071
BFGS:   26 17:37:35 -1905596.944754        0.0044
BFGS:   27 17:38:07 -1905596.944777        0.0064
BFGS:   28 17:38:39 -1905596.944804        0.0100
BFGS:   29 17:39:12 -1905596.944833        0.0086
BFGS:   30 17:39:44 -1905596.944858        0.0044
BFGS:   31 17:40:16 -1905596.944879        0.0044
BFGS:   32 17:40:50 -1905596.944900        0.0080
BFGS:   33 17:41:21 -1905596.944922        0.0089
BFGS:   34 17:41:53 -1905596.944944        0.0053
BFGS:   35 17:42:25 -1905596.944962        0.0036
BFGS:   36 17:42:57 -1905596.944977        0.0058
BFGS:   37 17:43:28 -1905596.944995        0.0088
BFGS:   38 17:44:01 -1905596.945016        0.0081
BFGS:   39 17:44:33 -1905596.945036        0.0042
BFGS:   40 17:45:05 -1905596.945051        0.0032
BFGS:   41 17:45:37 -1905596.945066        0.0060
BFGS:   42 17:46:09 -1905596.945082        0.0076
BFGS:   43 17:46:42 -1905596.945100        0.0059
BFGS:   44 17:47:13 -1905596.945117        0.0031
BFGS:   45 17:47:47 -1905596.945130        0.0029
BFGS:   46 17:48:20 -1905596.945143        0.0053
BFGS:   47 17:48:51 -1905596.945159        0.0057
BFGS:   48 17:49:23 -1905596.945174        0.0049
BFGS:   49 17:49:55 -1905596.945187        0.0035
BFGS:   50 17:50:26 -1905596.945197        0.0030
BFGS:   51 17:50:58 -1905596.945208        0.0040
BFGS:   52 17:51:30 -1905596.945221        0.0051
BFGS:   53 17:52:01 -1905596.945232        0.0044
BFGS:   54 17:52:34 -1905596.945242        0.0024
BFGS:   55 17:53:05 -1905596.945251        0.0028
BFGS:   56 17:53:37 -1905596.945260        0.0033
BFGS:   57 17:54:09 -1905596.945269        0.0039
BFGS:   58 17:54:41 -1905596.945277        0.0027
BFGS:   59 17:55:13 -1905596.945284        0.0020
BFGS:   60 17:55:44 -1905596.945290        0.0020
BFGS:   61 17:56:16 -1905596.945297        0.0035
BFGS:   62 17:56:49 -1905596.945305        0.0034
BFGS:   63 17:57:21 -1905596.945311        0.0024
BFGS:   64 17:57:52 -1905596.945315        0.0016
BFGS:   65 17:58:23 -1905596.945320        0.0026
BFGS:   66 17:58:55 -1905596.945325        0.0033
BFGS:   67 17:59:27 -1905596.945329        0.0028
BFGS:   68 17:59:58 -1905596.945334        0.0018
BFGS:   69 18:00:29 -1905596.945337        0.0019
BFGS:   70 18:01:02 -1905596.945340        0.0024
BFGS:   71 18:01:33 -1905596.945344        0.0026
BFGS:   72 18:02:05 -1905596.945347        0.0021
BFGS:   73 18:02:36 -1905596.945349        0.0011
BFGS:   74 18:03:09 -1905596.945351        0.0014
BFGS:   75 18:03:41 -1905596.945354        0.0022
BFGS:   76 18:04:13 -1905596.945356        0.0022
BFGS:   77 18:04:44 -1905596.945358        0.0012
BFGS:   78 18:05:16 -1905596.945360        0.0008
36 35 186 73 113
Combined bilayer energy = -1905596.9453597055
Energy cost per unit length : 0.08605397932633586
Prev_energy - Current_energy = 0.0013995457282805213
      Step     Time          Energy         fmax
BFGS:    0 18:05:17 -1905596.945360        0.1213
BFGS:    1 18:05:47 -1905596.946061        0.0792
BFGS:    2 18:06:19 -1905596.946772        0.0293
BFGS:    3 18:06:53 -1905596.946975        0.0300
BFGS:    4 18:07:25 -1905596.947810        0.0421
BFGS:    5 18:07:57 -1905596.948138        0.0301
BFGS:    6 18:08:29 -1905596.948308        0.0142
BFGS:    7 18:09:01 -1905596.948405        0.0127
BFGS:    8 18:09:33 -1905596.948558        0.0209
BFGS:    9 18:10:05 -1905596.948715        0.0226
BFGS:   10 18:10:36 -1905596.948841        0.0123
BFGS:   11 18:11:08 -1905596.948921        0.0105
BFGS:   12 18:11:41 -1905596.948991        0.0104
BFGS:   13 18:12:13 -1905596.949068        0.0145
BFGS:   14 18:12:44 -1905596.949145        0.0145
BFGS:   15 18:13:16 -1905596.949206        0.0104
BFGS:   16 18:13:49 -1905596.949254        0.0085
BFGS:   17 18:14:22 -1905596.949301        0.0095
BFGS:   18 18:14:54 -1905596.949355        0.0127
BFGS:   19 18:15:27 -1905596.949406        0.0134
BFGS:   20 18:15:58 -1905596.949445        0.0084
BFGS:   21 18:16:29 -1905596.949475        0.0059
BFGS:   22 18:17:02 -1905596.949505        0.0062
BFGS:   23 18:17:34 -1905596.949542        0.0110
BFGS:   24 18:18:06 -1905596.949581        0.0107
BFGS:   25 18:18:38 -1905596.949612        0.0060
BFGS:   26 18:19:10 -1905596.949634        0.0041
BFGS:   27 18:19:41 -1905596.949655        0.0057
BFGS:   28 18:20:13 -1905596.949681        0.0079
BFGS:   29 18:20:44 -1905596.949708        0.0072
BFGS:   30 18:21:16 -1905596.949731        0.0046
BFGS:   31 18:21:47 -1905596.949749        0.0038
BFGS:   32 18:22:19 -1905596.949767        0.0061
BFGS:   33 18:22:51 -1905596.949788        0.0072
BFGS:   34 18:23:23 -1905596.949808        0.0059
BFGS:   35 18:23:56 -1905596.949823        0.0034
BFGS:   36 18:24:27 -1905596.949836        0.0047
BFGS:   37 18:24:59 -1905596.949852        0.0065
BFGS:   38 18:25:30 -1905596.949870        0.0074
BFGS:   39 18:26:02 -1905596.949886        0.0046
BFGS:   40 18:26:33 -1905596.949899        0.0026
BFGS:   41 18:27:05 -1905596.949911        0.0042
BFGS:   42 18:27:37 -1905596.949924        0.0065
BFGS:   43 18:28:07 -1905596.949939        0.0059
BFGS:   44 18:28:39 -1905596.949952        0.0027
BFGS:   45 18:29:10 -1905596.949963        0.0026
BFGS:   46 18:29:42 -1905596.949973        0.0046
BFGS:   47 18:30:14 -1905596.949985        0.0056
BFGS:   48 18:30:46 -1905596.949997        0.0040
BFGS:   49 18:31:18 -1905596.950007        0.0028
BFGS:   50 18:31:49 -1905596.950015        0.0028
BFGS:   51 18:32:20 -1905596.950023        0.0043
BFGS:   52 18:32:52 -1905596.950033        0.0042
BFGS:   53 18:33:25 -1905596.950042        0.0036
BFGS:   54 18:33:56 -1905596.950049        0.0019
BFGS:   55 18:34:29 -1905596.950055        0.0030
BFGS:   56 18:35:02 -1905596.950062        0.0034
BFGS:   57 18:35:35 -1905596.950069        0.0032
BFGS:   58 18:36:06 -1905596.950075        0.0022
BFGS:   59 18:36:38 -1905596.950080        0.0019
BFGS:   60 18:37:11 -1905596.950085        0.0024
BFGS:   61 18:37:43 -1905596.950090        0.0031
BFGS:   62 18:38:15 -1905596.950096        0.0028
BFGS:   63 18:38:47 -1905596.950100        0.0018
BFGS:   64 18:39:19 -1905596.950104        0.0014
BFGS:   65 18:39:50 -1905596.950107        0.0025
BFGS:   66 18:40:23 -1905596.950111        0.0030
BFGS:   67 18:40:54 -1905596.950115        0.0021
BFGS:   68 18:41:26 -1905596.950118        0.0014
BFGS:   69 18:41:58 -1905596.950120        0.0016
BFGS:   70 18:42:29 -1905596.950123        0.0024
BFGS:   71 18:43:04 -1905596.950126        0.0023
BFGS:   72 18:43:36 -1905596.950128        0.0016
BFGS:   73 18:44:07 -1905596.950130        0.0012
BFGS:   74 18:44:39 -1905596.950132        0.0014
BFGS:   75 18:45:12 -1905596.950134        0.0019
BFGS:   76 18:45:44 -1905596.950136        0.0018
BFGS:   77 18:46:17 -1905596.950138        0.0011
BFGS:   78 18:46:49 -1905596.950139        0.0007
36 35 186 73 113
Combined bilayer energy = -1905596.9501393957
Energy cost per unit length : 0.08562094561667914
Prev_energy - Current_energy = 0.0004330337096567216
      Step     Time          Energy         fmax
BFGS:    0 18:46:49 -1905596.950139        0.1189
BFGS:    1 18:47:19 -1905596.950817        0.0779
BFGS:    2 18:47:51 -1905596.951506        0.0295
BFGS:    3 18:48:23 -1905596.951700        0.0301
BFGS:    4 18:48:56 -1905596.952517        0.0419
BFGS:    5 18:49:27 -1905596.952836        0.0303
BFGS:    6 18:50:00 -1905596.952998        0.0138
BFGS:    7 18:50:32 -1905596.953090        0.0121
BFGS:    8 18:51:04 -1905596.953239        0.0210
BFGS:    9 18:51:35 -1905596.953394        0.0233
BFGS:   10 18:52:08 -1905596.953518        0.0126
BFGS:   11 18:52:40 -1905596.953596        0.0098
BFGS:   12 18:53:12 -1905596.953664        0.0105
BFGS:   13 18:53:44 -1905596.953741        0.0150
BFGS:   14 18:54:16 -1905596.953819        0.0135
BFGS:   15 18:54:49 -1905596.953879        0.0102
BFGS:   16 18:55:20 -1905596.953925        0.0074
BFGS:   17 18:55:52 -1905596.953973        0.0107
BFGS:   18 18:56:25 -1905596.954028        0.0120
BFGS:   19 18:56:58 -1905596.954082        0.0138
BFGS:   20 18:57:30 -1905596.954122        0.0092
BFGS:   21 18:58:01 -1905596.954152        0.0061
BFGS:   22 18:58:34 -1905596.954182        0.0069
BFGS:   23 18:59:06 -1905596.954221        0.0117
BFGS:   24 18:59:38 -1905596.954262        0.0124
BFGS:   25 19:00:11 -1905596.954295        0.0070
BFGS:   26 19:00:42 -1905596.954319        0.0044
BFGS:   27 19:01:15 -1905596.954341        0.0064
BFGS:   28 19:01:48 -1905596.954367        0.0098
BFGS:   29 19:02:20 -1905596.954396        0.0084
BFGS:   30 19:02:53 -1905596.954421        0.0043
BFGS:   31 19:03:24 -1905596.954441        0.0043
BFGS:   32 19:03:57 -1905596.954461        0.0080
BFGS:   33 19:04:28 -1905596.954483        0.0087
BFGS:   34 19:05:00 -1905596.954504        0.0051
BFGS:   35 19:05:32 -1905596.954521        0.0035
BFGS:   36 19:06:04 -1905596.954536        0.0057
BFGS:   37 19:06:37 -1905596.954554        0.0086
BFGS:   38 19:07:10 -1905596.954574        0.0078
BFGS:   39 19:07:42 -1905596.954593        0.0040
BFGS:   40 19:08:13 -1905596.954607        0.0030
BFGS:   41 19:08:47 -1905596.954621        0.0059
BFGS:   42 19:09:18 -1905596.954637        0.0074
BFGS:   43 19:09:49 -1905596.954654        0.0056
BFGS:   44 19:10:21 -1905596.954669        0.0030
BFGS:   45 19:10:53 -1905596.954682        0.0029
BFGS:   46 19:11:25 -1905596.954695        0.0052
BFGS:   47 19:11:57 -1905596.954709        0.0054
BFGS:   48 19:12:28 -1905596.954723        0.0046
BFGS:   49 19:13:01 -1905596.954735        0.0033
BFGS:   50 19:13:32 -1905596.954745        0.0029
BFGS:   51 19:14:04 -1905596.954755        0.0039
BFGS:   52 19:14:36 -1905596.954767        0.0049
BFGS:   53 19:15:09 -1905596.954777        0.0041
BFGS:   54 19:15:41 -1905596.954786        0.0022
BFGS:   55 19:16:13 -1905596.954794        0.0027
BFGS:   56 19:16:44 -1905596.954802        0.0032
BFGS:   57 19:17:16 -1905596.954811        0.0037
BFGS:   58 19:17:47 -1905596.954819        0.0024
BFGS:   59 19:18:18 -1905596.954825        0.0019
BFGS:   60 19:18:50 -1905596.954830        0.0020
BFGS:   61 19:19:22 -1905596.954837        0.0034
BFGS:   62 19:19:54 -1905596.954843        0.0031
BFGS:   63 19:20:26 -1905596.954849        0.0022
BFGS:   64 19:20:57 -1905596.954853        0.0015
BFGS:   65 19:21:30 -1905596.954857        0.0026
BFGS:   66 19:22:01 -1905596.954861        0.0031
BFGS:   67 19:22:32 -1905596.954866        0.0026
BFGS:   68 19:23:05 -1905596.954869        0.0016
BFGS:   69 19:23:36 -1905596.954872        0.0019
BFGS:   70 19:24:10 -1905596.954875        0.0023
BFGS:   71 19:24:43 -1905596.954878        0.0025
BFGS:   72 19:25:14 -1905596.954881        0.0019
BFGS:   73 19:25:47 -1905596.954883        0.0010
35 35 186 72 114
Combined bilayer energy = -1905596.9548830513
Energy cost per unit length : 0.08702623296254637
Prev_energy - Current_energy = 0.0014052873458672288
      Step     Time          Energy         fmax
BFGS:    0 19:25:47 -1905596.954883        0.1184
BFGS:    1 19:26:16 -1905596.955557        0.0776
BFGS:    2 19:26:48 -1905596.956258        0.0293
BFGS:    3 19:27:21 -1905596.956462        0.0300
BFGS:    4 19:27:52 -1905596.957285        0.0418
BFGS:    5 19:28:23 -1905596.957607        0.0298
BFGS:    6 19:28:55 -1905596.957774        0.0140
BFGS:    7 19:29:28 -1905596.957870        0.0126
BFGS:    8 19:30:00 -1905596.958022        0.0211
BFGS:    9 19:30:31 -1905596.958179        0.0229
BFGS:   10 19:31:03 -1905596.958305        0.0125
BFGS:   11 19:31:35 -1905596.958383        0.0106
BFGS:   12 19:32:06 -1905596.958451        0.0103
BFGS:   13 19:32:37 -1905596.958528        0.0147
BFGS:   14 19:33:08 -1905596.958604        0.0146
BFGS:   15 19:33:40 -1905596.958665        0.0105
BFGS:   16 19:34:12 -1905596.958713        0.0088
BFGS:   17 19:34:44 -1905596.958760        0.0094
BFGS:   18 19:35:18 -1905596.958813        0.0126
BFGS:   19 19:35:49 -1905596.958864        0.0136
BFGS:   20 19:36:20 -1905596.958903        0.0085
BFGS:   21 19:36:53 -1905596.958933        0.0058
BFGS:   22 19:37:25 -1905596.958963        0.0061
BFGS:   23 19:37:57 -1905596.959000        0.0111
BFGS:   24 19:38:29 -1905596.959039        0.0110
BFGS:   25 19:39:03 -1905596.959070        0.0061
BFGS:   26 19:39:35 -1905596.959093        0.0043
BFGS:   27 19:40:08 -1905596.959114        0.0056
BFGS:   28 19:40:40 -1905596.959139        0.0081
BFGS:   29 19:41:11 -1905596.959167        0.0074
BFGS:   30 19:41:43 -1905596.959191        0.0047
BFGS:   31 19:42:15 -1905596.959209        0.0041
BFGS:   32 19:42:46 -1905596.959227        0.0060
BFGS:   33 19:43:19 -1905596.959248        0.0073
BFGS:   34 19:43:51 -1905596.959269        0.0063
BFGS:   35 19:44:23 -1905596.959284        0.0036
BFGS:   36 19:44:55 -1905596.959298        0.0045
BFGS:   37 19:45:26 -1905596.959313        0.0063
BFGS:   38 19:45:57 -1905596.959332        0.0077
BFGS:   39 19:46:29 -1905596.959350        0.0052
BFGS:   40 19:47:01 -1905596.959363        0.0026
BFGS:   41 19:47:32 -1905596.959375        0.0042
BFGS:   42 19:48:04 -1905596.959389        0.0064
BFGS:   43 19:48:34 -1905596.959404        0.0062
BFGS:   44 19:49:07 -1905596.959418        0.0030
BFGS:   45 19:49:39 -1905596.959430        0.0029
BFGS:   46 19:50:11 -1905596.959441        0.0045
BFGS:   47 19:50:44 -1905596.959453        0.0056
BFGS:   48 19:51:15 -1905596.959466        0.0040
BFGS:   49 19:51:46 -1905596.959476        0.0029
BFGS:   50 19:52:17 -1905596.959485        0.0028
BFGS:   51 19:52:49 -1905596.959494        0.0045
BFGS:   52 19:53:22 -1905596.959504        0.0042
BFGS:   53 19:53:52 -1905596.959514        0.0037
BFGS:   54 19:54:25 -1905596.959521        0.0020
BFGS:   55 19:54:57 -1905596.959528        0.0032
BFGS:   56 19:55:29 -1905596.959536        0.0036
BFGS:   57 19:56:01 -1905596.959544        0.0032
BFGS:   58 19:56:33 -1905596.959550        0.0022
BFGS:   59 19:57:05 -1905596.959556        0.0020
BFGS:   60 19:57:37 -1905596.959561        0.0027
BFGS:   61 19:58:08 -1905596.959567        0.0032
BFGS:   62 19:58:39 -1905596.959573        0.0028
BFGS:   63 19:59:12 -1905596.959578        0.0018
BFGS:   64 19:59:44 -1905596.959581        0.0016
BFGS:   65 20:00:17 -1905596.959585        0.0026
BFGS:   66 20:00:49 -1905596.959589        0.0031
BFGS:   67 20:01:21 -1905596.959594        0.0021
BFGS:   68 20:01:54 -1905596.959597        0.0015
BFGS:   69 20:02:26 -1905596.959600        0.0017
BFGS:   70 20:02:57 -1905596.959603        0.0025
BFGS:   71 20:03:28 -1905596.959606        0.0025
BFGS:   72 20:04:00 -1905596.959609        0.0018
BFGS:   73 20:04:32 -1905596.959611        0.0012
BFGS:   74 20:05:04 -1905596.959613        0.0014
BFGS:   75 20:05:36 -1905596.959615        0.0020
BFGS:   76 20:06:08 -1905596.959617        0.0020
BFGS:   77 20:06:42 -1905596.959619        0.0013
BFGS:   78 20:07:12 -1905596.959621        0.0009
35 35 186 72 114
Combined bilayer energy = -1905596.9596209913
Energy cost per unit length : 0.08659698177208278
Prev_energy - Current_energy = 0.00042925119046359483
      Step     Time          Energy         fmax
BFGS:    0 20:07:13 -1905596.959621        0.1185
BFGS:    1 20:07:42 -1905596.960297        0.0776
BFGS:    2 20:08:13 -1905596.960984        0.0294
BFGS:    3 20:08:45 -1905596.961177        0.0300
BFGS:    4 20:09:17 -1905596.961991        0.0417
BFGS:    5 20:09:48 -1905596.962309        0.0301
BFGS:    6 20:10:20 -1905596.962472        0.0138
BFGS:    7 20:10:52 -1905596.962565        0.0120
BFGS:    8 20:11:25 -1905596.962713        0.0210
BFGS:    9 20:11:57 -1905596.962868        0.0231
BFGS:   10 20:12:28 -1905596.962993        0.0124
BFGS:   11 20:13:00 -1905596.963071        0.0100
BFGS:   12 20:13:32 -1905596.963139        0.0105
BFGS:   13 20:14:04 -1905596.963216        0.0149
BFGS:   14 20:14:35 -1905596.963294        0.0136
BFGS:   15 20:15:06 -1905596.963354        0.0103
BFGS:   16 20:15:37 -1905596.963400        0.0076
BFGS:   17 20:16:09 -1905596.963447        0.0106
BFGS:   18 20:16:43 -1905596.963503        0.0120
BFGS:   19 20:17:14 -1905596.963557        0.0139
BFGS:   20 20:17:47 -1905596.963597        0.0092
BFGS:   21 20:18:17 -1905596.963626        0.0060
BFGS:   22 20:18:47 -1905596.963656        0.0067
BFGS:   23 20:19:19 -1905596.963694        0.0118
BFGS:   24 20:19:50 -1905596.963735        0.0125
BFGS:   25 20:20:22 -1905596.963768        0.0070
BFGS:   26 20:20:53 -1905596.963792        0.0043
BFGS:   27 20:21:24 -1905596.963813        0.0064
BFGS:   28 20:21:56 -1905596.963839        0.0099
BFGS:   29 20:22:29 -1905596.963868        0.0086
BFGS:   30 20:23:01 -1905596.963892        0.0042
BFGS:   31 20:23:32 -1905596.963912        0.0041
BFGS:   32 20:24:05 -1905596.963931        0.0078
BFGS:   33 20:24:37 -1905596.963953        0.0088
BFGS:   34 20:25:07 -1905596.963974        0.0054
BFGS:   35 20:25:39 -1905596.963991        0.0036
BFGS:   36 20:26:11 -1905596.964006        0.0056
BFGS:   37 20:26:44 -1905596.964025        0.0087
BFGS:   38 20:27:16 -1905596.964046        0.0084
BFGS:   39 20:27:47 -1905596.964066        0.0043
BFGS:   40 20:28:18 -1905596.964081        0.0032
BFGS:   41 20:28:50 -1905596.964095        0.0055
BFGS:   42 20:29:20 -1905596.964110        0.0074
BFGS:   43 20:29:52 -1905596.964128        0.0060
BFGS:   44 20:30:22 -1905596.964143        0.0030
BFGS:   45 20:30:54 -1905596.964156        0.0028
BFGS:   46 20:31:27 -1905596.964168        0.0049
BFGS:   47 20:31:59 -1905596.964182        0.0054
BFGS:   48 20:32:32 -1905596.964196        0.0048
BFGS:   49 20:33:04 -1905596.964208        0.0033
BFGS:   50 20:33:34 -1905596.964217        0.0026
BFGS:   51 20:34:06 -1905596.964227        0.0037
BFGS:   52 20:34:38 -1905596.964238        0.0049
BFGS:   53 20:35:09 -1905596.964249        0.0044
BFGS:   54 20:35:41 -1905596.964257        0.0024
BFGS:   55 20:36:13 -1905596.964265        0.0025
BFGS:   56 20:36:45 -1905596.964272        0.0030
BFGS:   57 20:37:17 -1905596.964280        0.0037
BFGS:   58 20:37:49 -1905596.964287        0.0027
BFGS:   59 20:38:21 -1905596.964293        0.0017
BFGS:   60 20:38:53 -1905596.964298        0.0018
BFGS:   61 20:39:25 -1905596.964304        0.0031
BFGS:   62 20:39:56 -1905596.964310        0.0031
BFGS:   63 20:40:27 -1905596.964315        0.0023
BFGS:   64 20:41:00 -1905596.964319        0.0014
BFGS:   65 20:41:31 -1905596.964323        0.0023
BFGS:   66 20:42:04 -1905596.964327        0.0029
BFGS:   67 20:42:35 -1905596.964331        0.0027
BFGS:   68 20:43:06 -1905596.964334        0.0017
BFGS:   69 20:43:37 -1905596.964337        0.0016
BFGS:   70 20:44:09 -1905596.964339        0.0020
BFGS:   71 20:44:41 -1905596.964342        0.0024
BFGS:   72 20:45:14 -1905596.964344        0.0020
BFGS:   73 20:45:46 -1905596.964346        0.0009
35 35 186 72 114
Combined bilayer energy = -1905596.9643464
Energy cost per unit length : 0.08616886589004394
Prev_energy - Current_energy = 0.00042811588203883755
      Step     Time          Energy         fmax
BFGS:    0 20:45:46 -1905596.964346        0.1175
BFGS:    1 20:46:18 -1905596.965015        0.0770
BFGS:    2 20:46:51 -1905596.965710        0.0291
BFGS:    3 20:47:24 -1905596.965911        0.0298
BFGS:    4 20:47:56 -1905596.966728        0.0415
BFGS:    5 20:48:31 -1905596.967048        0.0296
BFGS:    6 20:49:03 -1905596.967213        0.0139
BFGS:    7 20:49:35 -1905596.967308        0.0125
BFGS:    8 20:50:07 -1905596.967459        0.0209
BFGS:    9 20:50:40 -1905596.967615        0.0228
BFGS:   10 20:51:12 -1905596.967740        0.0125
BFGS:   11 20:51:43 -1905596.967818        0.0105
BFGS:   12 20:52:16 -1905596.967886        0.0102
BFGS:   13 20:52:48 -1905596.967962        0.0146
BFGS:   14 20:53:20 -1905596.968038        0.0145
BFGS:   15 20:53:52 -1905596.968099        0.0105
BFGS:   16 20:54:24 -1905596.968147        0.0087
BFGS:   17 20:54:57 -1905596.968194        0.0093
BFGS:   18 20:55:29 -1905596.968247        0.0126
BFGS:   19 20:56:02 -1905596.968298        0.0135
BFGS:   20 20:56:32 -1905596.968337        0.0085
BFGS:   21 20:57:04 -1905596.968367        0.0058
BFGS:   22 20:57:36 -1905596.968397        0.0061
BFGS:   23 20:58:09 -1905596.968434        0.0110
BFGS:   24 20:58:42 -1905596.968474        0.0109
BFGS:   25 20:59:13 -1905596.968506        0.0062
BFGS:   26 20:59:45 -1905596.968529        0.0042
BFGS:   27 21:00:16 -1905596.968550        0.0056
BFGS:   28 21:00:49 -1905596.968576        0.0080
BFGS:   29 21:01:21 -1905596.968604        0.0073
BFGS:   30 21:01:53 -1905596.968628        0.0047
BFGS:   31 21:02:25 -1905596.968647        0.0041
BFGS:   32 21:02:56 -1905596.968665        0.0061
BFGS:   33 21:03:28 -1905596.968687        0.0072
BFGS:   34 21:03:59 -1905596.968707        0.0061
BFGS:   35 21:04:31 -1905596.968724        0.0034
BFGS:   36 21:05:03 -1905596.968738        0.0047
BFGS:   37 21:05:34 -1905596.968754        0.0065
BFGS:   38 21:06:06 -1905596.968773        0.0077
BFGS:   39 21:06:39 -1905596.968791        0.0050
BFGS:   40 21:07:11 -1905596.968805        0.0028
BFGS:   41 21:07:43 -1905596.968818        0.0044
BFGS:   42 21:08:15 -1905596.968833        0.0066
BFGS:   43 21:08:47 -1905596.968849        0.0062
BFGS:   44 21:09:18 -1905596.968863        0.0029
BFGS:   45 21:09:50 -1905596.968876        0.0028
BFGS:   46 21:10:21 -1905596.968888        0.0049
BFGS:   47 21:10:53 -1905596.968901        0.0059
BFGS:   48 21:11:23 -1905596.968915        0.0040
BFGS:   49 21:11:57 -1905596.968925        0.0029
BFGS:   50 21:12:30 -1905596.968935        0.0031
BFGS:   51 21:13:05 -1905596.968945        0.0049
BFGS:   52 21:13:37 -1905596.968956        0.0044
BFGS:   53 21:14:10 -1905596.968967        0.0037
BFGS:   54 21:14:42 -1905596.968975        0.0020
BFGS:   55 21:15:14 -1905596.968982        0.0034
BFGS:   56 21:15:46 -1905596.968991        0.0039
BFGS:   57 21:16:17 -1905596.968999        0.0034
BFGS:   58 21:16:49 -1905596.969007        0.0022
BFGS:   59 21:17:21 -1905596.969012        0.0021
BFGS:   60 21:17:53 -1905596.969018        0.0029
BFGS:   61 21:18:25 -1905596.969025        0.0034
BFGS:   62 21:18:56 -1905596.969032        0.0030
BFGS:   63 21:19:28 -1905596.969037        0.0019
BFGS:   64 21:19:59 -1905596.969041        0.0017
BFGS:   65 21:20:31 -1905596.969045        0.0028
BFGS:   66 21:21:03 -1905596.969050        0.0033
BFGS:   67 21:21:34 -1905596.969055        0.0023
BFGS:   68 21:22:05 -1905596.969059        0.0016
BFGS:   69 21:22:38 -1905596.969062        0.0018
BFGS:   70 21:23:09 -1905596.969065        0.0027
BFGS:   71 21:23:42 -1905596.969069        0.0027
BFGS:   72 21:24:14 -1905596.969072        0.0018
BFGS:   73 21:24:45 -1905596.969074        0.0013
BFGS:   74 21:25:17 -1905596.969076        0.0015
BFGS:   75 21:25:48 -1905596.969079        0.0022
BFGS:   76 21:26:20 -1905596.969082        0.0021
BFGS:   77 21:26:53 -1905596.969084        0.0013
BFGS:   78 21:27:24 -1905596.969086        0.0009
35 35 186 72 114
Combined bilayer energy = -1905596.9690855662
Energy cost per unit length : 0.08573950359667493
Prev_energy - Current_energy = 0.0004293622933690122
      Step     Time          Energy         fmax
BFGS:    0 21:27:24 -1905596.969086        0.1186
BFGS:    1 21:27:54 -1905596.969766        0.0777
BFGS:    2 21:28:25 -1905596.970459        0.0294
BFGS:    3 21:28:57 -1905596.970653        0.0300
BFGS:    4 21:29:29 -1905596.971473        0.0417
BFGS:    5 21:30:00 -1905596.971794        0.0301
BFGS:    6 21:30:31 -1905596.971958        0.0138
BFGS:    7 21:31:04 -1905596.972051        0.0120
BFGS:    8 21:31:36 -1905596.972201        0.0209
BFGS:    9 21:32:07 -1905596.972357        0.0230
BFGS:   10 21:32:40 -1905596.972482        0.0124
BFGS:   11 21:33:11 -1905596.972560        0.0099
BFGS:   12 21:33:42 -1905596.972628        0.0105
BFGS:   13 21:34:13 -1905596.972706        0.0149
BFGS:   14 21:34:44 -1905596.972784        0.0136
BFGS:   15 21:35:15 -1905596.972844        0.0102
BFGS:   16 21:35:48 -1905596.972890        0.0075
BFGS:   17 21:36:20 -1905596.972937        0.0105
BFGS:   18 21:36:52 -1905596.972993        0.0120
BFGS:   19 21:37:24 -1905596.973047        0.0138
BFGS:   20 21:37:56 -1905596.973087        0.0091
BFGS:   21 21:38:28 -1905596.973116        0.0060
BFGS:   22 21:39:00 -1905596.973146        0.0066
BFGS:   23 21:39:31 -1905596.973184        0.0117
BFGS:   24 21:40:03 -1905596.973224        0.0123
BFGS:   25 21:40:35 -1905596.973257        0.0068
BFGS:   26 21:41:07 -1905596.973280        0.0042
BFGS:   27 21:41:38 -1905596.973302        0.0064
BFGS:   28 21:42:11 -1905596.973327        0.0097
BFGS:   29 21:42:43 -1905596.973355        0.0083
BFGS:   30 21:43:16 -1905596.973379        0.0042
BFGS:   31 21:43:47 -1905596.973398        0.0041
BFGS:   32 21:44:17 -1905596.973418        0.0078
BFGS:   33 21:44:48 -1905596.973439        0.0085
BFGS:   34 21:45:20 -1905596.973459        0.0050
BFGS:   35 21:45:52 -1905596.973476        0.0035
BFGS:   36 21:46:22 -1905596.973491        0.0057
BFGS:   37 21:46:57 -1905596.973508        0.0086
BFGS:   38 21:47:28 -1905596.973529        0.0080
BFGS:   39 21:48:00 -1905596.973548        0.0041
BFGS:   40 21:48:31 -1905596.973562        0.0029
BFGS:   41 21:49:02 -1905596.973575        0.0056
BFGS:   42 21:49:34 -1905596.973591        0.0072
BFGS:   43 21:50:06 -1905596.973607        0.0055
BFGS:   44 21:50:38 -1905596.973622        0.0028
BFGS:   45 21:51:09 -1905596.973633        0.0027
BFGS:   46 21:51:41 -1905596.973645        0.0049
BFGS:   47 21:52:13 -1905596.973659        0.0052
BFGS:   48 21:52:43 -1905596.973672        0.0045
BFGS:   49 21:53:14 -1905596.973682        0.0031
BFGS:   50 21:53:45 -1905596.973691        0.0027
BFGS:   51 21:54:17 -1905596.973700        0.0036
BFGS:   52 21:54:50 -1905596.973710        0.0047
BFGS:   53 21:55:23 -1905596.973720        0.0040
BFGS:   54 21:55:54 -1905596.973728        0.0020
BFGS:   55 21:56:25 -1905596.973735        0.0025
BFGS:   56 21:56:55 -1905596.973742        0.0030
BFGS:   57 21:57:26 -1905596.973749        0.0035
BFGS:   58 21:57:57 -1905596.973756        0.0023
BFGS:   59 21:58:29 -1905596.973761        0.0017
BFGS:   60 21:59:00 -1905596.973766        0.0019
BFGS:   61 21:59:32 -1905596.973771        0.0030
BFGS:   62 22:00:04 -1905596.973777        0.0029
BFGS:   63 22:00:35 -1905596.973781        0.0021
BFGS:   64 22:01:06 -1905596.973785        0.0014
BFGS:   65 22:01:39 -1905596.973788        0.0023
BFGS:   66 22:02:11 -1905596.973791        0.0028
BFGS:   67 22:02:44 -1905596.973795        0.0024
BFGS:   68 22:03:15 -1905596.973798        0.0014
BFGS:   69 22:03:46 -1905596.973800        0.0017
BFGS:   70 22:04:17 -1905596.973803        0.0020
BFGS:   71 22:04:48 -1905596.973805        0.0022
BFGS:   72 22:05:20 -1905596.973808        0.0018
BFGS:   73 22:05:51 -1905596.973809        0.0009
35 35 186 72 114
Combined bilayer energy = -1905596.973809328
Energy cost per unit length : 0.08531153693467652
Prev_energy - Current_energy = 0.0004279666619984024
      Step     Time          Energy         fmax
BFGS:    0 22:05:52 -1905596.973809        0.1167
BFGS:    1 22:06:21 -1905596.974473        0.0765
BFGS:    2 22:06:52 -1905596.975163        0.0289
BFGS:    3 22:07:25 -1905596.975363        0.0295
BFGS:    4 22:07:56 -1905596.976173        0.0412
BFGS:    5 22:08:27 -1905596.976491        0.0294
BFGS:    6 22:08:59 -1905596.976655        0.0138
BFGS:    7 22:09:29 -1905596.976750        0.0124
BFGS:    8 22:10:02 -1905596.976900        0.0208
BFGS:    9 22:10:32 -1905596.977055        0.0226
BFGS:   10 22:11:05 -1905596.977179        0.0123
BFGS:   11 22:11:37 -1905596.977257        0.0106
BFGS:   12 22:12:11 -1905596.977325        0.0102
BFGS:   13 22:12:45 -1905596.977401        0.0145
BFGS:   14 22:13:15 -1905596.977477        0.0145
BFGS:   15 22:13:47 -1905596.977538        0.0104
BFGS:   16 22:14:17 -1905596.977585        0.0088
BFGS:   17 22:14:47 -1905596.977632        0.0093
BFGS:   18 22:15:18 -1905596.977685        0.0126
BFGS:   19 22:15:49 -1905596.977737        0.0135
BFGS:   20 22:16:22 -1905596.977776        0.0085
BFGS:   21 22:16:54 -1905596.977806        0.0058
BFGS:   22 22:17:25 -1905596.977837        0.0061
BFGS:   23 22:18:00 -1905596.977874        0.0111
BFGS:   24 22:18:34 -1905596.977914        0.0110
BFGS:   25 22:19:05 -1905596.977946        0.0062
BFGS:   26 22:19:40 -1905596.977969        0.0043
BFGS:   27 22:20:12 -1905596.977991        0.0056
BFGS:   28 22:20:47 -1905596.978017        0.0081
BFGS:   29 22:21:19 -1905596.978046        0.0074
BFGS:   30 22:21:55 -1905596.978070        0.0048
BFGS:   31 22:22:26 -1905596.978089        0.0042
BFGS:   32 22:23:01 -1905596.978108        0.0061
BFGS:   33 22:23:36 -1905596.978130        0.0074
BFGS:   34 22:24:10 -1905596.978152        0.0063
BFGS:   35 22:24:41 -1905596.978168        0.0036
BFGS:   36 22:25:12 -1905596.978183        0.0047
BFGS:   37 22:25:44 -1905596.978199        0.0065
BFGS:   38 22:26:15 -1905596.978219        0.0079
BFGS:   39 22:26:47 -1905596.978238        0.0054
BFGS:   40 22:27:20 -1905596.978253        0.0027
BFGS:   41 22:27:51 -1905596.978266        0.0044
BFGS:   42 22:28:24 -1905596.978282        0.0067
BFGS:   43 22:28:56 -1905596.978299        0.0065
BFGS:   44 22:29:29 -1905596.978314        0.0031
BFGS:   45 22:30:02 -1905596.978327        0.0031
BFGS:   46 22:30:36 -1905596.978340        0.0049
BFGS:   47 22:31:09 -1905596.978355        0.0061
BFGS:   48 22:31:43 -1905596.978369        0.0042
BFGS:   49 22:32:15 -1905596.978381        0.0031
BFGS:   50 22:32:49 -1905596.978391        0.0030
BFGS:   51 22:33:22 -1905596.978402        0.0050
BFGS:   52 22:33:56 -1905596.978414        0.0046
BFGS:   53 22:34:27 -1905596.978426        0.0039
BFGS:   54 22:34:59 -1905596.978435        0.0022
BFGS:   55 22:35:33 -1905596.978443        0.0035
BFGS:   56 22:36:05 -1905596.978452        0.0041
BFGS:   57 22:36:40 -1905596.978462        0.0036
BFGS:   58 22:37:13 -1905596.978470        0.0025
BFGS:   59 22:37:49 -1905596.978476        0.0022
BFGS:   60 22:38:23 -1905596.978483        0.0030
BFGS:   61 22:38:55 -1905596.978490        0.0035
BFGS:   62 22:39:29 -1905596.978497        0.0032
BFGS:   63 22:40:02 -1905596.978504        0.0021
BFGS:   64 22:40:36 -1905596.978508        0.0018
BFGS:   65 22:41:07 -1905596.978513        0.0028
BFGS:   66 22:41:39 -1905596.978518        0.0035
BFGS:   67 22:42:12 -1905596.978523        0.0025
BFGS:   68 22:42:45 -1905596.978528        0.0017
BFGS:   69 22:43:18 -1905596.978531        0.0019
BFGS:   70 22:43:53 -1905596.978535        0.0028
BFGS:   71 22:44:27 -1905596.978539        0.0028
BFGS:   72 22:45:00 -1905596.978543        0.0020
BFGS:   73 22:45:32 -1905596.978545        0.0014
BFGS:   74 22:46:03 -1905596.978548        0.0016
BFGS:   75 22:46:37 -1905596.978551        0.0023
BFGS:   76 22:47:08 -1905596.978554        0.0022
BFGS:   77 22:47:42 -1905596.978556        0.0015
BFGS:   78 22:48:13 -1905596.978558        0.0010
35 35 186 72 114
Combined bilayer energy = -1905596.9785581816
Energy cost per unit length : 0.08488129697687116
Prev_energy - Current_energy = 0.00043023995780536173
      Step     Time          Energy         fmax
BFGS:    0 22:48:13 -1905596.978558        0.1190
BFGS:    1 22:48:45 -1905596.979248        0.0780
BFGS:    2 22:49:17 -1905596.979949        0.0295
BFGS:    3 22:49:51 -1905596.980146        0.0301
BFGS:    4 22:50:23 -1905596.980975        0.0418
BFGS:    5 22:50:54 -1905596.981299        0.0301
BFGS:    6 22:51:27 -1905596.981465        0.0138
BFGS:    7 22:52:01 -1905596.981559        0.0120
BFGS:    8 22:52:35 -1905596.981711        0.0209
BFGS:    9 22:53:09 -1905596.981868        0.0230
BFGS:   10 22:53:41 -1905596.981994        0.0123
BFGS:   11 22:54:15 -1905596.982073        0.0100
BFGS:   12 22:54:48 -1905596.982142        0.0106
BFGS:   13 22:55:24 -1905596.982221        0.0149
BFGS:   14 22:55:56 -1905596.982299        0.0136
BFGS:   15 22:56:32 -1905596.982359        0.0102
BFGS:   16 22:57:03 -1905596.982406        0.0076
BFGS:   17 22:57:37 -1905596.982453        0.0105
BFGS:   18 22:58:13 -1905596.982509        0.0121
BFGS:   19 22:58:48 -1905596.982563        0.0138
BFGS:   20 22:59:23 -1905596.982603        0.0091
BFGS:   21 22:59:58 -1905596.982632        0.0060
BFGS:   22 23:00:32 -1905596.982663        0.0066
BFGS:   23 23:01:05 -1905596.982701        0.0117
BFGS:   24 23:01:38 -1905596.982741        0.0122
BFGS:   25 23:02:11 -1905596.982773        0.0067
BFGS:   26 23:02:43 -1905596.982796        0.0042
BFGS:   27 23:03:15 -1905596.982818        0.0064
BFGS:   28 23:03:49 -1905596.982844        0.0097
BFGS:   29 23:04:24 -1905596.982871        0.0082
BFGS:   30 23:04:56 -1905596.982895        0.0042
BFGS:   31 23:05:28 -1905596.982914        0.0040
BFGS:   32 23:06:02 -1905596.982933        0.0077
BFGS:   33 23:06:32 -1905596.982954        0.0084
BFGS:   34 23:07:04 -1905596.982974        0.0048
BFGS:   35 23:07:37 -1905596.982990        0.0034
BFGS:   36 23:08:13 -1905596.983005        0.0057
BFGS:   37 23:08:47 -1905596.983022        0.0085
BFGS:   38 23:09:17 -1905596.983042        0.0078
BFGS:   39 23:09:49 -1905596.983060        0.0040
BFGS:   40 23:10:22 -1905596.983074        0.0029
BFGS:   41 23:10:54 -1905596.983087        0.0055
BFGS:   42 23:11:28 -1905596.983101        0.0070
BFGS:   43 23:12:02 -1905596.983117        0.0053
BFGS:   44 23:12:36 -1905596.983131        0.0028
BFGS:   45 23:13:11 -1905596.983142        0.0027
BFGS:   46 23:13:43 -1905596.983153        0.0048
BFGS:   47 23:14:16 -1905596.983166        0.0049
BFGS:   48 23:14:50 -1905596.983178        0.0044
BFGS:   49 23:15:25 -1905596.983188        0.0029
BFGS:   50 23:16:00 -1905596.983197        0.0027
BFGS:   51 23:16:35 -1905596.983205        0.0035
BFGS:   52 23:17:11 -1905596.983215        0.0045
BFGS:   53 23:17:47 -1905596.983224        0.0038
BFGS:   54 23:18:22 -1905596.983231        0.0019
BFGS:   55 23:18:57 -1905596.983237        0.0024
BFGS:   56 23:19:33 -1905596.983244        0.0029
BFGS:   57 23:20:08 -1905596.983251        0.0033
BFGS:   58 23:20:43 -1905596.983257        0.0022
BFGS:   59 23:21:18 -1905596.983262        0.0016
BFGS:   60 23:21:55 -1905596.983266        0.0019
BFGS:   61 23:22:30 -1905596.983271        0.0029
BFGS:   62 23:23:07 -1905596.983276        0.0027
BFGS:   63 23:23:41 -1905596.983280        0.0019
BFGS:   64 23:24:16 -1905596.983283        0.0013
BFGS:   65 23:24:52 -1905596.983286        0.0022
BFGS:   66 23:25:29 -1905596.983290        0.0027
BFGS:   67 23:26:04 -1905596.983293        0.0023
BFGS:   68 23:26:42 -1905596.983296        0.0013
BFGS:   69 23:27:17 -1905596.983298        0.0016
BFGS:   70 23:27:54 -1905596.983300        0.0019
BFGS:   71 23:28:31 -1905596.983302        0.0021
BFGS:   72 23:29:08 -1905596.983304        0.0016
BFGS:   73 23:29:45 -1905596.983306        0.0008
35 34 186 71 115
Combined bilayer energy = -1905596.9833058114
Energy cost per unit length : 0.08628622424554155
Prev_energy - Current_energy = 0.0014049272686703917
      Step     Time          Energy         fmax
BFGS:    0 23:29:46 -1905596.983306        0.1163
BFGS:    1 23:30:19 -1905596.983969        0.0762
BFGS:    2 23:30:54 -1905596.984658        0.0288
BFGS:    3 23:31:29 -1905596.984857        0.0294
BFGS:    4 23:32:03 -1905596.985666        0.0410
BFGS:    5 23:32:38 -1905596.985983        0.0293
BFGS:    6 23:33:12 -1905596.986147        0.0138
BFGS:    7 23:33:48 -1905596.986242        0.0124
BFGS:    8 23:34:23 -1905596.986392        0.0207
BFGS:    9 23:34:59 -1905596.986547        0.0225
BFGS:   10 23:35:34 -1905596.986671        0.0122
BFGS:   11 23:36:08 -1905596.986749        0.0106
BFGS:   12 23:36:43 -1905596.986817        0.0102
BFGS:   13 23:37:17 -1905596.986893        0.0145
BFGS:   14 23:37:52 -1905596.986969        0.0144
BFGS:   15 23:38:28 -1905596.987030        0.0104
BFGS:   16 23:39:03 -1905596.987078        0.0088
BFGS:   17 23:39:37 -1905596.987125        0.0093
BFGS:   18 23:40:12 -1905596.987179        0.0126
BFGS:   19 23:40:47 -1905596.987230        0.0135
BFGS:   20 23:41:22 -1905596.987270        0.0085
BFGS:   21 23:41:57 -1905596.987300        0.0058
BFGS:   22 23:42:32 -1905596.987331        0.0061
BFGS:   23 23:43:09 -1905596.987369        0.0111
BFGS:   24 23:43:43 -1905596.987410        0.0111
BFGS:   25 23:44:18 -1905596.987442        0.0062
BFGS:   26 23:44:52 -1905596.987465        0.0042
BFGS:   27 23:45:27 -1905596.987487        0.0056
BFGS:   28 23:46:02 -1905596.987514        0.0081
BFGS:   29 23:46:36 -1905596.987543        0.0075
BFGS:   30 23:47:11 -1905596.987568        0.0048
BFGS:   31 23:47:46 -1905596.987588        0.0043
BFGS:   32 23:48:20 -1905596.987607        0.0062
BFGS:   33 23:48:55 -1905596.987630        0.0074
BFGS:   34 23:49:30 -1905596.987652        0.0064
BFGS:   35 23:50:04 -1905596.987669        0.0036
BFGS:   36 23:50:40 -1905596.987684        0.0047
BFGS:   37 23:51:15 -1905596.987701        0.0066
BFGS:   38 23:51:50 -1905596.987722        0.0081
BFGS:   39 23:52:24 -1905596.987742        0.0055
BFGS:   40 23:52:58 -1905596.987757        0.0027
BFGS:   41 23:53:33 -1905596.987771        0.0045
BFGS:   42 23:54:08 -1905596.987787        0.0069
BFGS:   43 23:54:44 -1905596.987805        0.0067
BFGS:   44 23:55:18 -1905596.987822        0.0033
BFGS:   45 23:55:56 -1905596.987836        0.0031
BFGS:   46 23:56:30 -1905596.987850        0.0050
BFGS:   47 23:57:05 -1905596.987866        0.0064
BFGS:   48 23:57:40 -1905596.987881        0.0045
BFGS:   49 23:58:17 -1905596.987894        0.0033
BFGS:   50 23:58:51 -1905596.987905        0.0030
BFGS:   51 23:59:26 -1905596.987917        0.0052
BFGS:   52 00:00:01 -1905596.987930        0.0049
BFGS:   53 00:00:36 -1905596.987943        0.0041
BFGS:   54 00:01:12 -1905596.987953        0.0024
BFGS:   55 00:01:47 -1905596.987962        0.0036
BFGS:   56 00:02:22 -1905596.987972        0.0044
BFGS:   57 00:02:57 -1905596.987983        0.0037
BFGS:   58 00:03:31 -1905596.987992        0.0027
BFGS:   59 00:04:06 -1905596.987999        0.0022
BFGS:   60 00:04:41 -1905596.988006        0.0032
BFGS:   61 00:05:16 -1905596.988014        0.0037
BFGS:   62 00:05:52 -1905596.988023        0.0034
BFGS:   63 00:06:27 -1905596.988030        0.0023
BFGS:   64 00:07:04 -1905596.988035        0.0019
BFGS:   65 00:07:37 -1905596.988040        0.0030
BFGS:   66 00:08:12 -1905596.988046        0.0037
BFGS:   67 00:08:48 -1905596.988052        0.0027
BFGS:   68 00:09:23 -1905596.988057        0.0018
BFGS:   69 00:09:59 -1905596.988061        0.0020
BFGS:   70 00:10:34 -1905596.988065        0.0030
BFGS:   71 00:11:09 -1905596.988070        0.0031
BFGS:   72 00:11:44 -1905596.988074        0.0021
BFGS:   73 00:12:20 -1905596.988077        0.0014
BFGS:   74 00:12:55 -1905596.988080        0.0017
BFGS:   75 00:13:30 -1905596.988083        0.0025
BFGS:   76 00:14:04 -1905596.988087        0.0023
BFGS:   77 00:14:38 -1905596.988090        0.0016
BFGS:   78 00:15:14 -1905596.988092        0.0010
BFGS:   79 00:15:49 -1905596.988094        0.0014
BFGS:   80 00:16:23 -1905596.988096        0.0021
BFGS:   81 00:16:58 -1905596.988099        0.0019
BFGS:   82 00:17:35 -1905596.988101        0.0009
35 34 186 71 115
Combined bilayer energy = -1905596.9881006286
Energy cost per unit length : 0.08585182006983909
Prev_energy - Current_energy = 0.0004344041757024658
      Step     Time          Energy         fmax
BFGS:    0 00:17:35 -1905596.988101        0.1192
BFGS:    1 00:18:08 -1905596.988798        0.0783
BFGS:    2 00:18:42 -1905596.989516        0.0299
BFGS:    3 00:19:19 -1905596.989720        0.0305
BFGS:    4 00:19:56 -1905596.990567        0.0422
BFGS:    5 00:20:32 -1905596.990897        0.0303
BFGS:    6 00:21:09 -1905596.991066        0.0140
BFGS:    7 00:21:45 -1905596.991162        0.0123
BFGS:    8 00:22:22 -1905596.991317        0.0213
BFGS:    9 00:22:59 -1905596.991478        0.0232
BFGS:   10 00:23:35 -1905596.991607        0.0124
BFGS:   11 00:24:13 -1905596.991687        0.0107
BFGS:   12 00:24:51 -1905596.991758        0.0108
BFGS:   13 00:25:27 -1905596.991838        0.0151
BFGS:   14 00:26:05 -1905596.991918        0.0137
BFGS:   15 00:26:41 -1905596.991979        0.0104
BFGS:   16 00:27:18 -1905596.992025        0.0083
BFGS:   17 00:27:54 -1905596.992074        0.0107
BFGS:   18 00:28:30 -1905596.992132        0.0122
BFGS:   19 00:29:07 -1905596.992186        0.0139
BFGS:   20 00:29:43 -1905596.992226        0.0092
BFGS:   21 00:30:22 -1905596.992255        0.0060
BFGS:   22 00:30:58 -1905596.992286        0.0067
BFGS:   23 00:31:35 -1905596.992325        0.0117
BFGS:   24 00:32:11 -1905596.992365        0.0123
BFGS:   25 00:32:46 -1905596.992397        0.0069
BFGS:   26 00:33:21 -1905596.992420        0.0044
BFGS:   27 00:33:59 -1905596.992442        0.0064
BFGS:   28 00:34:34 -1905596.992468        0.0097
BFGS:   29 00:35:10 -1905596.992496        0.0082
BFGS:   30 00:35:46 -1905596.992519        0.0040
BFGS:   31 00:36:21 -1905596.992538        0.0041
BFGS:   32 00:36:58 -1905596.992557        0.0078
BFGS:   33 00:37:33 -1905596.992578        0.0085
BFGS:   34 00:38:07 -1905596.992598        0.0050
BFGS:   35 00:38:42 -1905596.992614        0.0034
BFGS:   36 00:39:19 -1905596.992628        0.0055
BFGS:   37 00:39:54 -1905596.992645        0.0084
BFGS:   38 00:40:28 -1905596.992665        0.0078
BFGS:   39 00:41:03 -1905596.992682        0.0039
BFGS:   40 00:41:38 -1905596.992696        0.0030
BFGS:   41 00:42:13 -1905596.992709        0.0053
BFGS:   42 00:42:46 -1905596.992723        0.0068
BFGS:   43 00:43:21 -1905596.992738        0.0052
BFGS:   44 00:43:56 -1905596.992751        0.0029
BFGS:   45 00:44:32 -1905596.992762        0.0032
BFGS:   46 00:45:07 -1905596.992773        0.0046
BFGS:   47 00:45:41 -1905596.992785        0.0048
BFGS:   48 00:46:16 -1905596.992797        0.0042
BFGS:   49 00:46:51 -1905596.992806        0.0028
BFGS:   50 00:47:27 -1905596.992814        0.0026
BFGS:   51 00:48:03 -1905596.992822        0.0034
BFGS:   52 00:48:37 -1905596.992831        0.0044
BFGS:   53 00:49:11 -1905596.992839        0.0036
BFGS:   54 00:49:45 -1905596.992846        0.0017
BFGS:   55 00:50:18 -1905596.992852        0.0023
BFGS:   56 00:50:51 -1905596.992858        0.0029
BFGS:   57 00:51:24 -1905596.992865        0.0032
BFGS:   58 00:51:58 -1905596.992870        0.0020
BFGS:   59 00:52:32 -1905596.992875        0.0016
BFGS:   60 00:53:05 -1905596.992879        0.0018
BFGS:   61 00:53:38 -1905596.992884        0.0028
BFGS:   62 00:54:12 -1905596.992888        0.0025
BFGS:   63 00:54:47 -1905596.992892        0.0018
BFGS:   64 00:55:20 -1905596.992895        0.0012
BFGS:   65 00:55:54 -1905596.992898        0.0022
BFGS:   66 00:56:28 -1905596.992901        0.0025
BFGS:   67 00:57:01 -1905596.992904        0.0022
BFGS:   68 00:57:34 -1905596.992906        0.0012
BFGS:   69 00:58:07 -1905596.992908        0.0016
BFGS:   70 00:58:41 -1905596.992910        0.0019
BFGS:   71 00:59:15 -1905596.992912        0.0021
BFGS:   72 00:59:50 -1905596.992914        0.0015
BFGS:   73 01:00:23 -1905596.992916        0.0008
34 34 186 70 116
Combined bilayer energy = -1905596.9929155712
Energy cost per unit length : 0.08725064889222557
Prev_energy - Current_energy = 0.001398828822386483
      Step     Time          Energy         fmax
BFGS:    0 01:00:23 -1905596.992916        0.1161
BFGS:    1 01:00:57 -1905596.993582        0.0760
BFGS:    2 01:01:29 -1905596.994272        0.0287
BFGS:    3 01:02:03 -1905596.994472        0.0294
BFGS:    4 01:02:38 -1905596.995285        0.0410
BFGS:    5 01:03:11 -1905596.995604        0.0293
BFGS:    6 01:03:46 -1905596.995770        0.0139
BFGS:    7 01:04:21 -1905596.995866        0.0123
BFGS:    8 01:04:54 -1905596.996017        0.0206
BFGS:    9 01:05:29 -1905596.996173        0.0224
BFGS:   10 01:06:02 -1905596.996298        0.0121
BFGS:   11 01:06:37 -1905596.996377        0.0108
BFGS:   12 01:07:10 -1905596.996446        0.0103
BFGS:   13 01:07:44 -1905596.996523        0.0145
BFGS:   14 01:08:20 -1905596.996600        0.0145
BFGS:   15 01:08:53 -1905596.996662        0.0104
BFGS:   16 01:09:27 -1905596.996710        0.0090
BFGS:   17 01:10:00 -1905596.996758        0.0094
BFGS:   18 01:10:35 -1905596.996812        0.0128
BFGS:   19 01:11:09 -1905596.996865        0.0137
BFGS:   20 01:11:43 -1905596.996905        0.0086
BFGS:   21 01:12:17 -1905596.996936        0.0058
BFGS:   22 01:12:51 -1905596.996967        0.0062
BFGS:   23 01:13:25 -1905596.997005        0.0113
BFGS:   24 01:13:58 -1905596.997047        0.0113
BFGS:   25 01:14:33 -1905596.997080        0.0062
BFGS:   26 01:15:07 -1905596.997103        0.0045
BFGS:   27 01:15:41 -1905596.997126        0.0057
BFGS:   28 01:16:15 -1905596.997153        0.0083
BFGS:   29 01:16:49 -1905596.997183        0.0076
BFGS:   30 01:17:22 -1905596.997209        0.0050
BFGS:   31 01:17:56 -1905596.997229        0.0044
BFGS:   32 01:18:30 -1905596.997249        0.0063
BFGS:   33 01:19:03 -1905596.997272        0.0076
BFGS:   34 01:19:37 -1905596.997295        0.0067
BFGS:   35 01:20:12 -1905596.997314        0.0039
BFGS:   36 01:20:46 -1905596.997329        0.0047
BFGS:   37 01:21:19 -1905596.997346        0.0066
BFGS:   38 01:21:54 -1905596.997367        0.0082
BFGS:   39 01:22:28 -1905596.997387        0.0057
BFGS:   40 01:23:01 -1905596.997402        0.0028
BFGS:   41 01:23:35 -1905596.997416        0.0045
BFGS:   42 01:24:08 -1905596.997432        0.0069
BFGS:   43 01:24:42 -1905596.997450        0.0071
BFGS:   44 01:25:15 -1905596.997468        0.0038
BFGS:   45 01:25:48 -1905596.997482        0.0034
BFGS:   46 01:26:23 -1905596.997496        0.0048
BFGS:   47 01:26:57 -1905596.997512        0.0065
BFGS:   48 01:27:31 -1905596.997528        0.0049
BFGS:   49 01:28:04 -1905596.997542        0.0035
BFGS:   50 01:28:37 -1905596.997553        0.0031
BFGS:   51 01:29:13 -1905596.997566        0.0051
BFGS:   52 01:29:46 -1905596.997580        0.0052
BFGS:   53 01:30:19 -1905596.997593        0.0044
BFGS:   54 01:30:53 -1905596.997605        0.0027
BFGS:   55 01:31:27 -1905596.997614        0.0035
BFGS:   56 01:32:02 -1905596.997625        0.0045
BFGS:   57 01:32:36 -1905596.997636        0.0040
BFGS:   58 01:33:11 -1905596.997647        0.0031
BFGS:   59 01:33:43 -1905596.997655        0.0022
BFGS:   60 01:34:18 -1905596.997663        0.0032
BFGS:   61 01:34:53 -1905596.997671        0.0037
BFGS:   62 01:35:26 -1905596.997681        0.0037
BFGS:   63 01:36:00 -1905596.997689        0.0025
BFGS:   64 01:36:34 -1905596.997695        0.0019
BFGS:   65 01:37:07 -1905596.997701        0.0028
BFGS:   66 01:37:41 -1905596.997707        0.0039
BFGS:   67 01:38:14 -1905596.997714        0.0031
BFGS:   68 01:38:48 -1905596.997720        0.0020
BFGS:   69 01:39:23 -1905596.997724        0.0020
BFGS:   70 01:39:56 -1905596.997729        0.0030
BFGS:   71 01:40:31 -1905596.997734        0.0033
BFGS:   72 01:41:04 -1905596.997739        0.0023
BFGS:   73 01:41:38 -1905596.997743        0.0015
BFGS:   74 01:42:12 -1905596.997746        0.0017
BFGS:   75 01:42:46 -1905596.997750        0.0026
BFGS:   76 01:43:21 -1905596.997754        0.0025
BFGS:   77 01:43:54 -1905596.997757        0.0019
BFGS:   78 01:44:28 -1905596.997760        0.0011
BFGS:   79 01:45:02 -1905596.997762        0.0014
BFGS:   80 01:45:36 -1905596.997765        0.0022
BFGS:   81 01:46:10 -1905596.997767        0.0022
BFGS:   82 01:46:45 -1905596.997770        0.0012
BFGS:   83 01:47:18 -1905596.997772        0.0008
34 34 186 70 116
Combined bilayer energy = -1905596.9977715174
Energy cost per unit length : 0.08681070648876252
Prev_energy - Current_energy = 0.00043994240346305336
      Step     Time          Energy         fmax
BFGS:    0 01:47:18 -1905596.997772        0.1201
BFGS:    1 01:47:52 -1905596.998482        0.0788
BFGS:    2 01:48:25 -1905596.999215        0.0301
BFGS:    3 01:48:59 -1905596.999423        0.0307
BFGS:    4 01:49:33 -1905597.000287        0.0424
BFGS:    5 01:50:06 -1905597.000623        0.0304
BFGS:    6 01:50:41 -1905597.000796        0.0141
BFGS:    7 01:51:16 -1905597.000894        0.0124
BFGS:    8 01:51:49 -1905597.001052        0.0213
BFGS:    9 01:52:24 -1905597.001215        0.0232
BFGS:   10 01:52:58 -1905597.001346        0.0123
BFGS:   11 01:53:31 -1905597.001427        0.0107
BFGS:   12 01:54:04 -1905597.001500        0.0109
BFGS:   13 01:54:38 -1905597.001582        0.0151
BFGS:   14 01:55:13 -1905597.001663        0.0138
BFGS:   15 01:55:47 -1905597.001724        0.0103
BFGS:   16 01:56:20 -1905597.001771        0.0081
BFGS:   17 01:56:55 -1905597.001821        0.0108
BFGS:   18 01:57:29 -1905597.001879        0.0123
BFGS:   19 01:58:03 -1905597.001934        0.0139
BFGS:   20 01:58:37 -1905597.001975        0.0091
BFGS:   21 01:59:11 -1905597.002004        0.0061
BFGS:   22 01:59:45 -1905597.002035        0.0067
BFGS:   23 02:00:19 -1905597.002074        0.0117
BFGS:   24 02:00:52 -1905597.002114        0.0122
BFGS:   25 02:01:27 -1905597.002147        0.0067
BFGS:   26 02:02:02 -1905597.002170        0.0043
BFGS:   27 02:02:36 -1905597.002192        0.0064
BFGS:   28 02:03:10 -1905597.002218        0.0096
BFGS:   29 02:03:44 -1905597.002245        0.0080
BFGS:   30 02:04:18 -1905597.002268        0.0040
BFGS:   31 02:04:52 -1905597.002287        0.0042
BFGS:   32 02:05:25 -1905597.002306        0.0078
BFGS:   33 02:05:59 -1905597.002327        0.0084
BFGS:   34 02:06:33 -1905597.002347        0.0047
BFGS:   35 02:07:06 -1905597.002363        0.0034
BFGS:   36 02:07:40 -1905597.002377        0.0056
BFGS:   37 02:08:13 -1905597.002393        0.0082
BFGS:   38 02:08:48 -1905597.002412        0.0074
BFGS:   39 02:09:22 -1905597.002429        0.0037
BFGS:   40 02:09:55 -1905597.002443        0.0029
BFGS:   41 02:10:29 -1905597.002455        0.0054
BFGS:   42 02:11:04 -1905597.002469        0.0066
BFGS:   43 02:11:38 -1905597.002483        0.0047
BFGS:   44 02:12:12 -1905597.002495        0.0028
BFGS:   45 02:12:47 -1905597.002506        0.0031
BFGS:   46 02:13:20 -1905597.002517        0.0048
BFGS:   47 02:13:55 -1905597.002529        0.0046
BFGS:   48 02:14:28 -1905597.002539        0.0038
BFGS:   49 02:15:02 -1905597.002548        0.0025
BFGS:   50 02:15:35 -1905597.002555        0.0028
BFGS:   51 02:16:09 -1905597.002564        0.0034
BFGS:   52 02:16:43 -1905597.002572        0.0042
BFGS:   53 02:17:16 -1905597.002580        0.0032
BFGS:   54 02:17:51 -1905597.002586        0.0016
BFGS:   55 02:18:24 -1905597.002592        0.0024
BFGS:   56 02:18:57 -1905597.002598        0.0029
BFGS:   57 02:19:31 -1905597.002604        0.0030
BFGS:   58 02:20:05 -1905597.002609        0.0018
BFGS:   59 02:20:39 -1905597.002613        0.0016
BFGS:   60 02:21:13 -1905597.002617        0.0020
BFGS:   61 02:21:47 -1905597.002621        0.0027
BFGS:   62 02:22:21 -1905597.002626        0.0024
BFGS:   63 02:22:55 -1905597.002629        0.0017
BFGS:   64 02:23:31 -1905597.002632        0.0013
BFGS:   65 02:24:06 -1905597.002634        0.0022
BFGS:   66 02:24:41 -1905597.002637        0.0024
BFGS:   67 02:25:16 -1905597.002640        0.0020
BFGS:   68 02:25:50 -1905597.002642        0.0011
BFGS:   69 02:26:25 -1905597.002644        0.0016
BFGS:   70 02:26:59 -1905597.002646        0.0019
BFGS:   71 02:27:32 -1905597.002648        0.0020
BFGS:   72 02:28:06 -1905597.002649        0.0014
BFGS:   73 02:28:41 -1905597.002651        0.0008
34 34 186 70 116
Combined bilayer energy = -1905597.0026506968
Energy cost per unit length : 0.08636865918411829
Prev_energy - Current_energy = 0.0004420473046442275
      Step     Time          Energy         fmax
BFGS:    0 02:28:41 -1905597.002651        0.1167
BFGS:    1 02:29:14 -1905597.003328        0.0764
BFGS:    2 02:29:47 -1905597.004027        0.0288
BFGS:    3 02:30:22 -1905597.004229        0.0295
BFGS:    4 02:30:57 -1905597.005048        0.0409
BFGS:    5 02:31:31 -1905597.005368        0.0291
BFGS:    6 02:32:06 -1905597.005535        0.0139
BFGS:    7 02:32:41 -1905597.005632        0.0124
BFGS:    8 02:33:17 -1905597.005785        0.0208
BFGS:    9 02:33:52 -1905597.005942        0.0224
BFGS:   10 02:34:28 -1905597.006068        0.0120
BFGS:   11 02:35:03 -1905597.006147        0.0109
BFGS:   12 02:35:38 -1905597.006217        0.0104
BFGS:   13 02:36:14 -1905597.006295        0.0146
BFGS:   14 02:36:48 -1905597.006373        0.0145
BFGS:   15 02:37:23 -1905597.006435        0.0104
slurmstepd: error: *** JOB 861010 ON gpu015 CANCELLED AT 2024-09-24T02:37:50 DUE TO TIME LIMIT ***
