Starting calculations for AP-MoSe2/MoSe2
      Step     Time          Energy         fmax
BFGS:    0 16:10:29   -12377.233439        0.0083
BFGS:    1 16:10:30   -12377.233445        0.0047
BFGS:    2 16:10:36   -12377.233447        0.0015
BFGS:    3 16:10:36   -12377.233448        0.0014
BFGS:    4 16:10:36   -12377.233448        0.0011
BFGS:    5 16:10:36   -12377.233448        0.0015
BFGS:    6 16:10:36   -12377.233449        0.0027
BFGS:    7 16:10:36   -12377.233450        0.0038
BFGS:    8 16:10:36   -12377.233453        0.0050
BFGS:    9 16:10:36   -12377.233457        0.0047
BFGS:   10 16:10:36   -12377.233460        0.0025
BFGS:   11 16:10:36   -12377.233461        0.0006
      Step     Time          Energy         fmax
BFGS:    0 16:10:36   -12377.271238        0.0440
BFGS:    1 16:10:36   -12377.271379        0.0285
BFGS:    2 16:10:36   -12377.271455        0.0095
BFGS:    3 16:10:36   -12377.271467        0.0100
BFGS:    4 16:10:36   -12377.271483        0.0056
BFGS:    5 16:10:36   -12377.271487        0.0069
BFGS:    6 16:10:36   -12377.271501        0.0116
BFGS:    7 16:10:36   -12377.271527        0.0165
BFGS:    8 16:10:36   -12377.271587        0.0223
BFGS:    9 16:10:36   -12377.271680        0.0259
BFGS:   10 16:10:36   -12377.271766        0.0195
BFGS:   11 16:10:36   -12377.271800        0.0067
BFGS:   12 16:10:37   -12377.271804        0.0006
MM' and 2H energies : -12377.233461224085 , -12377.271804439435
      Step     Time          Energy         fmax
BFGS:    0 16:10:43 -2302166.677160        0.4562
BFGS:    1 16:11:13 -2302167.102198        0.3078
BFGS:    2 16:11:44 -2302167.533040        0.1407
BFGS:    3 16:12:15 -2302167.568456        0.1181
BFGS:    4 16:12:46 -2302167.625459        0.0582
BFGS:    5 16:13:17 -2302167.629443        0.0541
BFGS:    6 16:13:49 -2302167.635136        0.0579
BFGS:    7 16:14:20 -2302167.640354        0.0560
BFGS:    8 16:14:53 -2302167.648040        0.0427
BFGS:    9 16:15:25 -2302167.655041        0.0461
BFGS:   10 16:15:56 -2302167.662094        0.0551
BFGS:   11 16:16:29 -2302167.670298        0.0666
BFGS:   12 16:17:01 -2302167.683207        0.0733
BFGS:   13 16:17:33 -2302167.702765        0.0903
BFGS:   14 16:18:04 -2302167.726049        0.0990
BFGS:   15 16:18:35 -2302167.744267        0.0925
BFGS:   16 16:19:06 -2302167.754379        0.0743
BFGS:   17 16:19:37 -2302167.760728        0.0650
BFGS:   18 16:20:09 -2302167.767146        0.0584
BFGS:   19 16:20:42 -2302167.774777        0.0685
BFGS:   20 16:21:14 -2302167.783305        0.0577
BFGS:   21 16:21:47 -2302167.791474        0.0466
BFGS:   22 16:22:19 -2302167.798025        0.0423
BFGS:   23 16:22:51 -2302167.802840        0.0397
BFGS:   24 16:23:23 -2302167.806748        0.0389
BFGS:   25 16:23:55 -2302167.810474        0.0381
BFGS:   26 16:24:28 -2302167.814142        0.0331
BFGS:   27 16:25:00 -2302167.817707        0.0328
BFGS:   28 16:25:32 -2302167.821414        0.0411
BFGS:   29 16:26:04 -2302167.825489        0.0379
BFGS:   30 16:26:36 -2302167.829507        0.0345
BFGS:   31 16:27:08 -2302167.832782        0.0309
BFGS:   32 16:27:40 -2302167.835471        0.0356
BFGS:   33 16:28:13 -2302167.838410        0.0383
BFGS:   34 16:28:45 -2302167.842162        0.0384
BFGS:   35 16:29:17 -2302167.846355        0.0440
BFGS:   36 16:29:50 -2302167.850335        0.0428
BFGS:   37 16:30:23 -2302167.854337        0.0465
BFGS:   38 16:30:56 -2302167.859280        0.0458
BFGS:   39 16:31:27 -2302167.865237        0.0400
BFGS:   40 16:32:00 -2302167.870665        0.0468
BFGS:   41 16:32:32 -2302167.874627        0.0475
BFGS:   42 16:33:04 -2302167.878352        0.0484
BFGS:   43 16:33:36 -2302167.884003        0.0466
BFGS:   44 16:34:08 -2302167.892763        0.0640
BFGS:   45 16:34:39 -2302167.902843        0.0694
BFGS:   46 16:35:10 -2302167.910503        0.0568
BFGS:   47 16:35:42 -2302167.915531        0.0597
BFGS:   48 16:36:14 -2302167.920455        0.0563
BFGS:   49 16:36:45 -2302167.927403        0.0773
BFGS:   50 16:37:18 -2302167.936053        0.0957
BFGS:   51 16:37:49 -2302167.944115        0.0739
BFGS:   52 16:38:21 -2302167.950156        0.0559
BFGS:   53 16:38:52 -2302167.955159        0.0483
BFGS:   54 16:39:24 -2302167.960564        0.0730
BFGS:   55 16:39:56 -2302167.966815        0.0913
BFGS:   56 16:40:29 -2302167.973186        0.0735
BFGS:   57 16:41:01 -2302167.978563        0.0443
BFGS:   58 16:41:33 -2302167.982641        0.0450
BFGS:   59 16:42:04 -2302167.986089        0.0457
BFGS:   60 16:42:35 -2302167.989728        0.0502
BFGS:   61 16:43:09 -2302167.993765        0.0382
BFGS:   62 16:43:41 -2302167.997598        0.0338
BFGS:   63 16:44:13 -2302168.000709        0.0373
BFGS:   64 16:44:45 -2302168.003482        0.0337
BFGS:   65 16:45:17 -2302168.006642        0.0308
BFGS:   66 16:45:49 -2302168.010155        0.0298
BFGS:   67 16:46:22 -2302168.013099        0.0374
BFGS:   68 16:46:52 -2302168.015122        0.0374
BFGS:   69 16:47:25 -2302168.016936        0.0295
BFGS:   70 16:47:58 -2302168.019400        0.0241
BFGS:   71 16:48:31 -2302168.022631        0.0256
BFGS:   72 16:49:04 -2302168.025820        0.0472
BFGS:   73 16:49:35 -2302168.028254        0.0561
BFGS:   74 16:50:07 -2302168.030309        0.0506
BFGS:   75 16:50:39 -2302168.032734        0.0334
BFGS:   76 16:51:11 -2302168.035743        0.0371
BFGS:   77 16:51:42 -2302168.038841        0.0326
BFGS:   78 16:52:14 -2302168.041552        0.0450
BFGS:   79 16:52:46 -2302168.044078        0.0519
BFGS:   80 16:53:18 -2302168.046969        0.0492
BFGS:   81 16:53:49 -2302168.050499        0.0534
BFGS:   82 16:54:21 -2302168.054427        0.0489
BFGS:   83 16:54:53 -2302168.058259        0.0320
BFGS:   84 16:55:25 -2302168.061774        0.0310
BFGS:   85 16:55:57 -2302168.065239        0.0389
BFGS:   86 16:56:30 -2302168.069127        0.0538
BFGS:   87 16:57:01 -2302168.073649        0.0511
BFGS:   88 16:57:32 -2302168.078448        0.0453
BFGS:   89 16:58:05 -2302168.083023        0.0440
BFGS:   90 16:58:36 -2302168.087500        0.0420
BFGS:   91 16:59:09 -2302168.092514        0.0542
BFGS:   92 16:59:40 -2302168.098265        0.0511
BFGS:   93 17:00:12 -2302168.103942        0.0420
BFGS:   94 17:00:45 -2302168.108815        0.0493
BFGS:   95 17:01:18 -2302168.113464        0.0484
BFGS:   96 17:01:49 -2302168.119090        0.0414
BFGS:   97 17:02:22 -2302168.125773        0.0385
BFGS:   98 17:02:55 -2302168.131882        0.0371
BFGS:   99 17:03:27 -2302168.136430        0.0398
BFGS:  100 17:03:59 -2302168.140472        0.0396
BFGS:  101 17:04:31 -2302168.145501        0.0357
BFGS:  102 17:05:03 -2302168.151518        0.0369
BFGS:  103 17:05:35 -2302168.156918        0.0440
BFGS:  104 17:06:07 -2302168.160884        0.0410
BFGS:  105 17:06:41 -2302168.164370        0.0306
BFGS:  106 17:07:13 -2302168.168404        0.0324
BFGS:  107 17:07:45 -2302168.172726        0.0458
BFGS:  108 17:08:18 -2302168.176454        0.0424
BFGS:  109 17:08:50 -2302168.179598        0.0428
BFGS:  110 17:09:23 -2302168.183062        0.0405
BFGS:  111 17:09:55 -2302168.187533        0.0438
BFGS:  112 17:10:26 -2302168.192632        0.0592
BFGS:  113 17:10:57 -2302168.197340        0.0495
BFGS:  114 17:11:28 -2302168.201308        0.0444
BFGS:  115 17:12:01 -2302168.205149        0.0406
BFGS:  116 17:12:33 -2302168.209568        0.0526
BFGS:  117 17:13:06 -2302168.214670        0.0658
BFGS:  118 17:13:39 -2302168.219819        0.0511
BFGS:  119 17:14:12 -2302168.224153        0.0349
BFGS:  120 17:14:45 -2302168.227502        0.0395
BFGS:  121 17:15:18 -2302168.230435        0.0512
BFGS:  122 17:15:48 -2302168.233524        0.0542
BFGS:  123 17:16:21 -2302168.236736        0.0376
BFGS:  124 17:16:53 -2302168.239545        0.0273
BFGS:  125 17:17:26 -2302168.241802        0.0331
BFGS:  126 17:17:58 -2302168.243998        0.0393
BFGS:  127 17:18:29 -2302168.246789        0.0358
BFGS:  128 17:19:00 -2302168.250038        0.0295
BFGS:  129 17:19:33 -2302168.252730        0.0296
BFGS:  130 17:20:06 -2302168.254742        0.0243
BFGS:  131 17:20:38 -2302168.256697        0.0257
BFGS:  132 17:21:10 -2302168.259151        0.0294
BFGS:  133 17:21:42 -2302168.261838        0.0387
BFGS:  134 17:22:15 -2302168.264046        0.0376
BFGS:  135 17:22:47 -2302168.265627        0.0373
BFGS:  136 17:23:20 -2302168.267038        0.0297
BFGS:  137 17:23:52 -2302168.268611        0.0278
BFGS:  138 17:24:23 -2302168.270237        0.0337
BFGS:  139 17:24:55 -2302168.271685        0.0260
BFGS:  140 17:25:27 -2302168.272962        0.0303
BFGS:  141 17:25:59 -2302168.274279        0.0308
BFGS:  142 17:26:30 -2302168.275774        0.0367
BFGS:  143 17:27:03 -2302168.277345        0.0379
BFGS:  144 17:27:35 -2302168.278727        0.0266
BFGS:  145 17:28:09 -2302168.279782        0.0182
BFGS:  146 17:28:41 -2302168.280628        0.0176
BFGS:  147 17:29:15 -2302168.281473        0.0241
BFGS:  148 17:29:47 -2302168.282423        0.0241
BFGS:  149 17:30:19 -2302168.283392        0.0249
BFGS:  150 17:30:52 -2302168.284227        0.0273
BFGS:  151 17:31:23 -2302168.284940        0.0234
BFGS:  152 17:31:54 -2302168.285679        0.0206
BFGS:  153 17:32:25 -2302168.286494        0.0222
BFGS:  154 17:32:57 -2302168.287236        0.0155
BFGS:  155 17:33:30 -2302168.287789        0.0196
BFGS:  156 17:34:03 -2302168.288256        0.0201
BFGS:  157 17:34:36 -2302168.288797        0.0163
BFGS:  158 17:35:06 -2302168.289419        0.0172
BFGS:  159 17:35:38 -2302168.289956        0.0115
BFGS:  160 17:36:10 -2302168.290331        0.0104
BFGS:  161 17:36:44 -2302168.290651        0.0106
BFGS:  162 17:37:16 -2302168.291043        0.0166
BFGS:  163 17:37:49 -2302168.291506        0.0184
BFGS:  164 17:38:22 -2302168.291936        0.0144
BFGS:  165 17:38:54 -2302168.292269        0.0104
BFGS:  166 17:39:26 -2302168.292552        0.0097
BFGS:  167 17:39:58 -2302168.292847        0.0136
BFGS:  168 17:40:31 -2302168.293157        0.0163
BFGS:  169 17:41:02 -2302168.293453        0.0136
BFGS:  170 17:41:34 -2302168.293722        0.0092
BFGS:  171 17:42:05 -2302168.293981        0.0084
BFGS:  172 17:42:36 -2302168.294256        0.0129
BFGS:  173 17:43:09 -2302168.294560        0.0156
BFGS:  174 17:43:42 -2302168.294882        0.0137
BFGS:  175 17:44:14 -2302168.295178        0.0113
BFGS:  176 17:44:47 -2302168.295426        0.0093
BFGS:  177 17:45:20 -2302168.295655        0.0142
BFGS:  178 17:45:53 -2302168.295925        0.0173
BFGS:  179 17:46:26 -2302168.296257        0.0156
BFGS:  180 17:46:58 -2302168.296606        0.0109
BFGS:  181 17:47:30 -2302168.296915        0.0109
BFGS:  182 17:48:03 -2302168.297204        0.0109
BFGS:  183 17:48:35 -2302168.297534        0.0126
BFGS:  184 17:49:06 -2302168.297912        0.0113
BFGS:  185 17:49:38 -2302168.298267        0.0102
BFGS:  186 17:50:11 -2302168.298569        0.0101
BFGS:  187 17:50:44 -2302168.298881        0.0107
BFGS:  188 17:51:17 -2302168.299283        0.0132
BFGS:  189 17:51:48 -2302168.299760        0.0137
BFGS:  190 17:52:21 -2302168.300205        0.0132
BFGS:  191 17:52:53 -2302168.300567        0.0104
BFGS:  192 17:53:24 -2302168.300919        0.0095
BFGS:  193 17:53:57 -2302168.301347        0.0151
BFGS:  194 17:54:30 -2302168.301848        0.0191
BFGS:  195 17:55:01 -2302168.302342        0.0157
BFGS:  196 17:55:33 -2302168.302793        0.0149
BFGS:  197 17:56:05 -2302168.303253        0.0122
BFGS:  198 17:56:37 -2302168.303790        0.0189
BFGS:  199 17:57:11 -2302168.304407        0.0254
BFGS:  200 17:57:43 -2302168.305040        0.0228
BFGS:  201 17:58:17 -2302168.305629        0.0166
BFGS:  202 17:58:49 -2302168.306196        0.0176
BFGS:  203 17:59:20 -2302168.306821        0.0225
BFGS:  204 17:59:52 -2302168.307588        0.0302
BFGS:  205 18:00:24 -2302168.308487        0.0287
BFGS:  206 18:00:57 -2302168.309375        0.0169
BFGS:  207 18:01:30 -2302168.310129        0.0151
BFGS:  208 18:02:03 -2302168.310815        0.0202
BFGS:  209 18:02:34 -2302168.311588        0.0290
BFGS:  210 18:03:06 -2302168.312485        0.0284
BFGS:  211 18:03:39 -2302168.313341        0.0174
BFGS:  212 18:04:10 -2302168.314016        0.0135
BFGS:  213 18:04:42 -2302168.314598        0.0146
BFGS:  214 18:05:13 -2302168.315237        0.0173
BFGS:  215 18:05:46 -2302168.315925        0.0162
BFGS:  216 18:06:18 -2302168.316514        0.0126
BFGS:  217 18:06:50 -2302168.316975        0.0103
BFGS:  218 18:07:22 -2302168.317435        0.0164
BFGS:  219 18:07:55 -2302168.318014        0.0199
BFGS:  220 18:08:27 -2302168.318670        0.0185
BFGS:  221 18:08:59 -2302168.319262        0.0168
BFGS:  222 18:09:31 -2302168.319760        0.0133
BFGS:  223 18:10:03 -2302168.320278        0.0190
BFGS:  224 18:10:35 -2302168.320934        0.0245
BFGS:  225 18:11:06 -2302168.321722        0.0231
BFGS:  226 18:11:38 -2302168.322534        0.0213
BFGS:  227 18:12:09 -2302168.323290        0.0158
BFGS:  228 18:12:42 -2302168.324024        0.0132
BFGS:  229 18:13:14 -2302168.324808        0.0206
BFGS:  230 18:13:46 -2302168.325664        0.0285
BFGS:  231 18:14:18 -2302168.326538        0.0242
BFGS:  232 18:14:51 -2302168.327344        0.0135
BFGS:  233 18:15:24 -2302168.328066        0.0147
BFGS:  234 18:15:56 -2302168.328792        0.0266
BFGS:  235 18:16:28 -2302168.329634        0.0346
BFGS:  236 18:17:00 -2302168.330592        0.0303
BFGS:  237 18:17:32 -2302168.331500        0.0150
BFGS:  238 18:18:05 -2302168.332245        0.0173
BFGS:  239 18:18:37 -2302168.332941        0.0195
BFGS:  240 18:19:10 -2302168.333790        0.0265
BFGS:  241 18:19:43 -2302168.334838        0.0242
BFGS:  242 18:20:14 -2302168.335875        0.0143
BFGS:  243 18:20:46 -2302168.336717        0.0156
BFGS:  244 18:21:19 -2302168.337466        0.0144
BFGS:  245 18:21:52 -2302168.338316        0.0170
BFGS:  246 18:22:24 -2302168.339246        0.0158
BFGS:  247 18:22:57 -2302168.340040        0.0173
BFGS:  248 18:23:28 -2302168.340640        0.0128
BFGS:  249 18:24:01 -2302168.341217        0.0158
BFGS:  250 18:24:34 -2302168.341941        0.0196
BFGS:  251 18:25:06 -2302168.342775        0.0223
BFGS:  252 18:25:39 -2302168.343537        0.0215
BFGS:  253 18:26:10 -2302168.344146        0.0143
BFGS:  254 18:26:43 -2302168.344708        0.0118
BFGS:  255 18:27:17 -2302168.345341        0.0163
BFGS:  256 18:27:49 -2302168.346044        0.0234
BFGS:  257 18:28:20 -2302168.346727        0.0199
BFGS:  258 18:28:51 -2302168.347324        0.0106
BFGS:  259 18:29:23 -2302168.347865        0.0109
BFGS:  260 18:29:55 -2302168.348420        0.0180
BFGS:  261 18:30:26 -2302168.349028        0.0213
BFGS:  262 18:30:59 -2302168.349649        0.0180
BFGS:  263 18:31:31 -2302168.350202        0.0102
BFGS:  264 18:32:04 -2302168.350683        0.0129
BFGS:  265 18:32:36 -2302168.351192        0.0200
BFGS:  266 18:33:07 -2302168.351834        0.0219
BFGS:  267 18:33:40 -2302168.352587        0.0193
BFGS:  268 18:34:11 -2302168.353277        0.0124
BFGS:  269 18:34:44 -2302168.353817        0.0109
BFGS:  270 18:35:16 -2302168.354326        0.0151
BFGS:  271 18:35:48 -2302168.354965        0.0183
BFGS:  272 18:36:21 -2302168.355728        0.0154
BFGS:  273 18:36:53 -2302168.356442        0.0126
BFGS:  274 18:37:26 -2302168.357022        0.0146
BFGS:  275 18:37:58 -2302168.357590        0.0146
BFGS:  276 18:38:30 -2302168.358304        0.0156
BFGS:  277 18:39:04 -2302168.359141        0.0155
BFGS:  278 18:39:35 -2302168.359929        0.0147
BFGS:  279 18:40:07 -2302168.360606        0.0123
BFGS:  280 18:40:39 -2302168.361308        0.0160
BFGS:  281 18:41:10 -2302168.362169        0.0234
BFGS:  282 18:41:44 -2302168.363124        0.0242
BFGS:  283 18:42:15 -2302168.363975        0.0179
BFGS:  284 18:42:47 -2302168.364666        0.0120
BFGS:  285 18:43:19 -2302168.365332        0.0129
BFGS:  286 18:43:52 -2302168.366107        0.0186
BFGS:  287 18:44:24 -2302168.366980        0.0241
BFGS:  288 18:44:57 -2302168.367824        0.0202
BFGS:  289 18:45:30 -2302168.368556        0.0146
BFGS:  290 18:46:03 -2302168.369228        0.0126
BFGS:  291 18:46:36 -2302168.369940        0.0230
BFGS:  292 18:47:08 -2302168.370726        0.0284
BFGS:  293 18:47:41 -2302168.371492        0.0238
BFGS:  294 18:48:12 -2302168.372129        0.0126
BFGS:  295 18:48:44 -2302168.372664        0.0112
BFGS:  296 18:49:16 -2302168.373236        0.0164
BFGS:  297 18:49:49 -2302168.373951        0.0216
BFGS:  298 18:50:23 -2302168.374750        0.0191
BFGS:  299 18:50:56 -2302168.375466        0.0105
BFGS:  300 18:51:28 -2302168.376057        0.0116
BFGS:  301 18:52:01 -2302168.376671        0.0158
BFGS:  302 18:52:34 -2302168.377462        0.0196
BFGS:  303 18:53:07 -2302168.378399        0.0180
BFGS:  304 18:53:38 -2302168.379299        0.0144
BFGS:  305 18:54:09 -2302168.380080        0.0128
BFGS:  306 18:54:40 -2302168.380875        0.0148
BFGS:  307 18:55:13 -2302168.381830        0.0203
BFGS:  308 18:55:45 -2302168.382897        0.0201
BFGS:  309 18:56:17 -2302168.383895        0.0165
BFGS:  310 18:56:49 -2302168.384775        0.0143
BFGS:  311 18:57:21 -2302168.385674        0.0179
BFGS:  312 18:57:52 -2302168.386703        0.0223
BFGS:  313 18:58:25 -2302168.387776        0.0224
BFGS:  314 18:58:57 -2302168.388700        0.0200
BFGS:  315 18:59:30 -2302168.389420        0.0116
BFGS:  316 19:00:01 -2302168.390050        0.0135
BFGS:  317 19:00:33 -2302168.390704        0.0162
BFGS:  318 19:01:05 -2302168.391393        0.0156
BFGS:  319 19:01:36 -2302168.392045        0.0120
BFGS:  320 19:02:08 -2302168.392601        0.0091
BFGS:  321 19:02:41 -2302168.393093        0.0106
BFGS:  322 19:03:13 -2302168.393601        0.0159
BFGS:  323 19:03:45 -2302168.394165        0.0180
BFGS:  324 19:04:17 -2302168.394729        0.0132
BFGS:  325 19:04:48 -2302168.395223        0.0098
BFGS:  326 19:05:20 -2302168.395674        0.0111
BFGS:  327 19:05:52 -2302168.396182        0.0148
BFGS:  328 19:06:24 -2302168.396803        0.0196
BFGS:  329 19:06:56 -2302168.397451        0.0172
BFGS:  330 19:07:29 -2302168.397993        0.0111
BFGS:  331 19:08:01 -2302168.398441        0.0106
BFGS:  332 19:08:33 -2302168.398912        0.0122
BFGS:  333 19:09:06 -2302168.399479        0.0173
BFGS:  334 19:09:39 -2302168.400074        0.0158
BFGS:  335 19:10:10 -2302168.400580        0.0109
BFGS:  336 19:10:44 -2302168.400998        0.0092
BFGS:  337 19:11:16 -2302168.401431        0.0114
BFGS:  338 19:11:48 -2302168.401944        0.0165
BFGS:  339 19:12:20 -2302168.402493        0.0149
BFGS:  340 19:12:52 -2302168.402987        0.0103
BFGS:  341 19:13:25 -2302168.403416        0.0099
BFGS:  342 19:13:56 -2302168.403860        0.0121
BFGS:  343 19:14:28 -2302168.404383        0.0165
BFGS:  344 19:15:00 -2302168.404952        0.0153
BFGS:  345 19:15:32 -2302168.405463        0.0109
BFGS:  346 19:16:03 -2302168.405876        0.0080
BFGS:  347 19:16:36 -2302168.406254        0.0125
BFGS:  348 19:17:08 -2302168.406669        0.0156
BFGS:  349 19:17:42 -2302168.407110        0.0135
BFGS:  350 19:18:14 -2302168.407506        0.0105
BFGS:  351 19:18:47 -2302168.407830        0.0076
BFGS:  352 19:19:18 -2302168.408132        0.0098
BFGS:  353 19:19:50 -2302168.408471        0.0137
BFGS:  354 19:20:23 -2302168.408843        0.0127
BFGS:  355 19:20:55 -2302168.409190        0.0093
BFGS:  356 19:21:27 -2302168.409489        0.0085
BFGS:  357 19:21:58 -2302168.409788        0.0094
BFGS:  358 19:22:31 -2302168.410143        0.0135
BFGS:  359 19:23:02 -2302168.410552        0.0131
BFGS:  360 19:23:33 -2302168.410944        0.0100
BFGS:  361 19:24:06 -2302168.411262        0.0087
BFGS:  362 19:24:40 -2302168.411540        0.0084
BFGS:  363 19:25:12 -2302168.411847        0.0101
BFGS:  364 19:25:43 -2302168.412215        0.0120
BFGS:  365 19:26:15 -2302168.412612        0.0110
BFGS:  366 19:26:48 -2302168.412976        0.0084
BFGS:  367 19:27:21 -2302168.413306        0.0083
BFGS:  368 19:27:54 -2302168.413663        0.0118
BFGS:  369 19:28:26 -2302168.414090        0.0142
BFGS:  370 19:28:59 -2302168.414557        0.0131
BFGS:  371 19:29:30 -2302168.414988        0.0097
BFGS:  372 19:30:03 -2302168.415374        0.0085
BFGS:  373 19:30:35 -2302168.415793        0.0111
BFGS:  374 19:31:07 -2302168.416308        0.0140
BFGS:  375 19:31:42 -2302168.416870        0.0145
BFGS:  376 19:32:14 -2302168.417354        0.0092
BFGS:  377 19:32:45 -2302168.417741        0.0080
BFGS:  378 19:33:18 -2302168.418129        0.0099
BFGS:  379 19:33:52 -2302168.418612        0.0162
BFGS:  380 19:34:25 -2302168.419165        0.0179
BFGS:  381 19:34:57 -2302168.419686        0.0125
BFGS:  382 19:35:30 -2302168.420139        0.0094
BFGS:  383 19:36:03 -2302168.420606        0.0102
BFGS:  384 19:36:35 -2302168.421171        0.0194
BFGS:  385 19:37:07 -2302168.421813        0.0226
BFGS:  386 19:37:39 -2302168.422420        0.0166
BFGS:  387 19:38:11 -2302168.422941        0.0101
BFGS:  388 19:38:43 -2302168.423443        0.0108
BFGS:  389 19:39:16 -2302168.424020        0.0196
BFGS:  390 19:39:48 -2302168.424684        0.0240
BFGS:  391 19:40:19 -2302168.425355        0.0186
BFGS:  392 19:40:51 -2302168.425956        0.0113
BFGS:  393 19:41:21 -2302168.426517        0.0114
BFGS:  394 19:41:53 -2302168.427149        0.0193
BFGS:  395 19:42:26 -2302168.427933        0.0240
BFGS:  396 19:42:58 -2302168.428828        0.0192
BFGS:  397 19:43:31 -2302168.429683        0.0113
BFGS:  398 19:44:04 -2302168.430428        0.0108
BFGS:  399 19:44:37 -2302168.431161        0.0184
BFGS:  400 19:45:08 -2302168.432005        0.0217
BFGS:  401 19:45:41 -2302168.432926        0.0165
BFGS:  402 19:46:14 -2302168.433764        0.0120
BFGS:  403 19:46:46 -2302168.434476        0.0118
BFGS:  404 19:47:18 -2302168.435214        0.0188
BFGS:  405 19:47:50 -2302168.436139        0.0220
BFGS:  406 19:48:23 -2302168.437208        0.0189
BFGS:  407 19:48:56 -2302168.438196        0.0151
BFGS:  408 19:49:28 -2302168.438999        0.0122
BFGS:  409 19:50:01 -2302168.439766        0.0152
BFGS:  410 19:50:33 -2302168.440687        0.0186
BFGS:  411 19:51:05 -2302168.441764        0.0199
BFGS:  412 19:51:36 -2302168.442828        0.0173
BFGS:  413 19:52:08 -2302168.443780        0.0129
BFGS:  414 19:52:41 -2302168.444732        0.0124
BFGS:  415 19:53:13 -2302168.445853        0.0209
BFGS:  416 19:53:44 -2302168.447162        0.0246
BFGS:  417 19:54:17 -2302168.448490        0.0210
BFGS:  418 19:54:50 -2302168.449694        0.0168
BFGS:  419 19:55:22 -2302168.450860        0.0141
BFGS:  420 19:55:56 -2302168.452204        0.0227
BFGS:  421 19:56:28 -2302168.453827        0.0310
BFGS:  422 19:57:01 -2302168.455532        0.0285
BFGS:  423 19:57:33 -2302168.456988        0.0162
BFGS:  424 19:58:07 -2302168.458150        0.0134
BFGS:  425 19:58:40 -2302168.459275        0.0206
BFGS:  426 19:59:13 -2302168.460589        0.0293
BFGS:  427 19:59:45 -2302168.462021        0.0276
BFGS:  428 20:00:18 -2302168.463284        0.0154
BFGS:  429 20:00:50 -2302168.464294        0.0126
BFGS:  430 20:01:22 -2302168.465263        0.0194
BFGS:  431 20:01:56 -2302168.466419        0.0247
BFGS:  432 20:02:31 -2302168.467726        0.0252
BFGS:  433 20:03:05 -2302168.468935        0.0163
BFGS:  434 20:03:37 -2302168.469955        0.0128
BFGS:  435 20:04:10 -2302168.470987        0.0179
BFGS:  436 20:04:42 -2302168.472285        0.0245
BFGS:  437 20:05:15 -2302168.473841        0.0249
BFGS:  438 20:05:48 -2302168.475359        0.0182
BFGS:  439 20:06:21 -2302168.476630        0.0142
BFGS:  440 20:06:52 -2302168.477811        0.0153
BFGS:  441 20:07:25 -2302168.479189        0.0244
BFGS:  442 20:07:56 -2302168.480833        0.0305
BFGS:  443 20:08:28 -2302168.482502        0.0260
BFGS:  444 20:09:02 -2302168.483949        0.0171
BFGS:  445 20:09:33 -2302168.485259        0.0154
BFGS:  446 20:10:05 -2302168.486702        0.0246
BFGS:  447 20:10:38 -2302168.488383        0.0315
BFGS:  448 20:11:11 -2302168.490094        0.0265
BFGS:  449 20:11:43 -2302168.491576        0.0182
BFGS:  450 20:12:16 -2302168.492890        0.0158
BFGS:  451 20:12:48 -2302168.494323        0.0231
BFGS:  452 20:13:20 -2302168.496031        0.0303
BFGS:  453 20:13:55 -2302168.497809        0.0246
BFGS:  454 20:14:27 -2302168.499322        0.0136
BFGS:  455 20:14:58 -2302168.500561        0.0140
BFGS:  456 20:15:31 -2302168.501811        0.0229
BFGS:  457 20:16:03 -2302168.503257        0.0291
BFGS:  458 20:16:35 -2302168.504743        0.0263
BFGS:  459 20:17:08 -2302168.505974        0.0137
BFGS:  460 20:17:40 -2302168.506929        0.0122
BFGS:  461 20:18:11 -2302168.507827        0.0180
BFGS:  462 20:18:43 -2302168.508812        0.0248
BFGS:  463 20:19:14 -2302168.509795        0.0216
BFGS:  464 20:19:45 -2302168.510618        0.0102
BFGS:  465 20:20:19 -2302168.511289        0.0106
BFGS:  466 20:20:51 -2302168.511955        0.0148
BFGS:  467 20:21:23 -2302168.512711        0.0203
BFGS:  468 20:21:54 -2302168.513493        0.0178
BFGS:  469 20:22:27 -2302168.514151        0.0093
BFGS:  470 20:22:58 -2302168.514658        0.0100
BFGS:  471 20:23:30 -2302168.515126        0.0109
BFGS:  472 20:24:03 -2302168.515652        0.0136
BFGS:  473 20:24:35 -2302168.516218        0.0122
BFGS:  474 20:25:07 -2302168.516725        0.0081
BFGS:  475 20:25:38 -2302168.517138        0.0072
BFGS:  476 20:26:10 -2302168.517531        0.0100
BFGS:  477 20:26:43 -2302168.517983        0.0133
BFGS:  478 20:27:14 -2302168.518476        0.0116
BFGS:  479 20:27:46 -2302168.518917        0.0091
BFGS:  480 20:28:19 -2302168.519275        0.0074
BFGS:  481 20:28:51 -2302168.519624        0.0092
BFGS:  482 20:29:24 -2302168.520040        0.0124
BFGS:  483 20:29:56 -2302168.520508        0.0141
BFGS:  484 20:30:29 -2302168.520935        0.0122
BFGS:  485 20:31:02 -2302168.521270        0.0065
BFGS:  486 20:31:33 -2302168.521564        0.0063
BFGS:  487 20:32:05 -2302168.521879        0.0096
BFGS:  488 20:32:37 -2302168.522214        0.0116
BFGS:  489 20:33:08 -2302168.522524        0.0099
BFGS:  490 20:33:40 -2302168.522784        0.0053
BFGS:  491 20:34:12 -2302168.523016        0.0061
BFGS:  492 20:34:45 -2302168.523255        0.0096
BFGS:  493 20:35:18 -2302168.523497        0.0107
BFGS:  494 20:35:51 -2302168.523712        0.0081
BFGS:  495 20:36:23 -2302168.523880        0.0051
BFGS:  496 20:36:54 -2302168.524022        0.0059
BFGS:  497 20:37:25 -2302168.524167        0.0083
BFGS:  498 20:37:58 -2302168.524325        0.0089
BFGS:  499 20:38:29 -2302168.524476        0.0067
BFGS:  500 20:39:01 -2302168.524600        0.0042
BFGS:  501 20:39:33 -2302168.524709        0.0042
BFGS:  502 20:40:05 -2302168.524830        0.0065
BFGS:  503 20:40:38 -2302168.524980        0.0080
BFGS:  504 20:41:09 -2302168.525138        0.0063
BFGS:  505 20:41:43 -2302168.525277        0.0048
BFGS:  506 20:42:14 -2302168.525403        0.0047
BFGS:  507 20:42:46 -2302168.525547        0.0072
BFGS:  508 20:43:19 -2302168.525731        0.0096
BFGS:  509 20:43:51 -2302168.525936        0.0088
BFGS:  510 20:44:22 -2302168.526124        0.0072
BFGS:  511 20:44:55 -2302168.526292        0.0051
BFGS:  512 20:45:26 -2302168.526472        0.0067
BFGS:  513 20:45:58 -2302168.526691        0.0097
BFGS:  514 20:46:31 -2302168.526931        0.0112
BFGS:  515 20:47:02 -2302168.527146        0.0089
BFGS:  516 20:47:34 -2302168.527326        0.0058
BFGS:  517 20:48:08 -2302168.527497        0.0064
BFGS:  518 20:48:40 -2302168.527683        0.0092
BFGS:  519 20:49:12 -2302168.527876        0.0109
BFGS:  520 20:49:45 -2302168.528046        0.0076
BFGS:  521 20:50:17 -2302168.528181        0.0041
BFGS:  522 20:50:49 -2302168.528302        0.0057
BFGS:  523 20:51:22 -2302168.528431        0.0091
BFGS:  524 20:51:56 -2302168.528569        0.0096
BFGS:  525 20:52:29 -2302168.528696        0.0059
BFGS:  526 20:53:01 -2302168.528798        0.0035
BFGS:  527 20:53:34 -2302168.528890        0.0046
BFGS:  528 20:54:06 -2302168.528994        0.0078
BFGS:  529 20:54:39 -2302168.529114        0.0080
BFGS:  530 20:55:11 -2302168.529229        0.0051
BFGS:  531 20:55:43 -2302168.529320        0.0038
BFGS:  532 20:56:15 -2302168.529396        0.0041
BFGS:  533 20:56:48 -2302168.529478        0.0064
BFGS:  534 20:57:20 -2302168.529572        0.0062
BFGS:  535 20:57:53 -2302168.529662        0.0051
BFGS:  536 20:58:25 -2302168.529735        0.0033
BFGS:  537 20:58:57 -2302168.529799        0.0033
BFGS:  538 20:59:29 -2302168.529871        0.0051
BFGS:  539 21:00:01 -2302168.529955        0.0053
BFGS:  540 21:00:34 -2302168.530038        0.0050
BFGS:  541 21:01:06 -2302168.530105        0.0030
BFGS:  542 21:01:39 -2302168.530163        0.0030
BFGS:  543 21:02:12 -2302168.530225        0.0042
BFGS:  544 21:02:44 -2302168.530295        0.0048
BFGS:  545 21:03:16 -2302168.530362        0.0040
BFGS:  546 21:03:47 -2302168.530417        0.0027
BFGS:  547 21:04:20 -2302168.530461        0.0024
BFGS:  548 21:04:51 -2302168.530505        0.0041
BFGS:  549 21:05:24 -2302168.530553        0.0048
BFGS:  550 21:05:55 -2302168.530600        0.0038
BFGS:  551 21:06:28 -2302168.530638        0.0024
BFGS:  552 21:07:00 -2302168.530669        0.0022
BFGS:  553 21:07:32 -2302168.530700        0.0034
BFGS:  554 21:08:05 -2302168.530736        0.0041
BFGS:  555 21:08:38 -2302168.530772        0.0040
BFGS:  556 21:09:10 -2302168.530804        0.0024
BFGS:  557 21:09:42 -2302168.530829        0.0019
BFGS:  558 21:10:13 -2302168.530854        0.0027
BFGS:  559 21:10:46 -2302168.530884        0.0036
BFGS:  560 21:11:17 -2302168.530916        0.0033
BFGS:  561 21:11:49 -2302168.530945        0.0021
BFGS:  562 21:12:21 -2302168.530969        0.0022
BFGS:  563 21:12:53 -2302168.530992        0.0027
BFGS:  564 21:13:25 -2302168.531019        0.0040
BFGS:  565 21:13:57 -2302168.531049        0.0038
BFGS:  566 21:14:29 -2302168.531076        0.0025
BFGS:  567 21:15:01 -2302168.531098        0.0018
BFGS:  568 21:15:34 -2302168.531118        0.0025
BFGS:  569 21:16:07 -2302168.531142        0.0036
BFGS:  570 21:16:38 -2302168.531170        0.0037
BFGS:  571 21:17:09 -2302168.531199        0.0033
BFGS:  572 21:17:41 -2302168.531224        0.0022
BFGS:  573 21:18:13 -2302168.531247        0.0021
BFGS:  574 21:18:46 -2302168.531274        0.0030
BFGS:  575 21:19:19 -2302168.531306        0.0039
BFGS:  576 21:19:50 -2302168.531337        0.0035
BFGS:  577 21:20:22 -2302168.531362        0.0024
BFGS:  578 21:20:53 -2302168.531385        0.0021
BFGS:  579 21:21:24 -2302168.531409        0.0035
BFGS:  580 21:21:55 -2302168.531436        0.0044
BFGS:  581 21:22:26 -2302168.531464        0.0035
BFGS:  582 21:22:58 -2302168.531487        0.0021
BFGS:  583 21:23:30 -2302168.531507        0.0021
BFGS:  584 21:24:02 -2302168.531530        0.0035
BFGS:  585 21:24:34 -2302168.531556        0.0042
BFGS:  586 21:25:06 -2302168.531583        0.0032
BFGS:  587 21:25:38 -2302168.531606        0.0017
BFGS:  588 21:26:11 -2302168.531626        0.0018
BFGS:  589 21:26:44 -2302168.531646        0.0032
BFGS:  590 21:27:15 -2302168.531669        0.0037
BFGS:  591 21:27:47 -2302168.531692        0.0032
BFGS:  592 21:28:19 -2302168.531712        0.0017
BFGS:  593 21:28:51 -2302168.531727        0.0017
BFGS:  594 21:29:23 -2302168.531742        0.0024
BFGS:  595 21:29:55 -2302168.531758        0.0030
BFGS:  596 21:30:26 -2302168.531775        0.0025
BFGS:  597 21:30:58 -2302168.531789        0.0015
BFGS:  598 21:31:31 -2302168.531802        0.0015
BFGS:  599 21:32:02 -2302168.531813        0.0020
BFGS:  600 21:32:35 -2302168.531827        0.0025
BFGS:  601 21:33:06 -2302168.531841        0.0021
BFGS:  602 21:33:38 -2302168.531855        0.0014
BFGS:  603 21:34:10 -2302168.531865        0.0012
BFGS:  604 21:34:42 -2302168.531875        0.0014
BFGS:  605 21:35:13 -2302168.531886        0.0018
BFGS:  606 21:35:46 -2302168.531898        0.0019
BFGS:  607 21:36:18 -2302168.531909        0.0014
BFGS:  608 21:36:51 -2302168.531917        0.0011
BFGS:  609 21:37:23 -2302168.531925        0.0011
BFGS:  610 21:37:56 -2302168.531934        0.0016
BFGS:  611 21:38:29 -2302168.531944        0.0019
BFGS:  612 21:39:01 -2302168.531953        0.0014
BFGS:  613 21:39:34 -2302168.531961        0.0013
BFGS:  614 21:40:05 -2302168.531968        0.0013
BFGS:  615 21:40:37 -2302168.531975        0.0016
BFGS:  616 21:41:10 -2302168.531984        0.0016
BFGS:  617 21:41:42 -2302168.531992        0.0013
BFGS:  618 21:42:13 -2302168.531998        0.0009
39 39 186 80 106
Combined bilayer energy = -2302168.531998149
Energy cost per unit length : 0.08308079574095643
Prev_energy - Current_energy = 0.0
      Step     Time          Energy         fmax
BFGS:    0 21:42:14 -2302168.531998        0.3433
BFGS:    1 21:42:45 -2302168.538014        0.2480
BFGS:    2 21:43:18 -2302168.546435        0.0939
BFGS:    3 21:43:49 -2302168.548393        0.0961
BFGS:    4 21:44:21 -2302168.558137        0.1286
BFGS:    5 21:44:52 -2302168.561947        0.0965
BFGS:    6 21:45:25 -2302168.563775        0.0438
BFGS:    7 21:45:57 -2302168.564647        0.0394
BFGS:    8 21:46:29 -2302168.566057        0.0552
BFGS:    9 21:47:01 -2302168.567575        0.0665
BFGS:   10 21:47:33 -2302168.568892        0.0432
BFGS:   11 21:48:05 -2302168.569756        0.0321
BFGS:   12 21:48:37 -2302168.570473        0.0302
BFGS:   13 21:49:08 -2302168.571202        0.0396
BFGS:   14 21:49:40 -2302168.571900        0.0465
BFGS:   15 21:50:14 -2302168.572467        0.0435
BFGS:   16 21:50:46 -2302168.572918        0.0257
BFGS:   17 21:51:17 -2302168.573332        0.0274
BFGS:   18 21:51:50 -2302168.573761        0.0253
BFGS:   19 21:52:23 -2302168.574208        0.0400
BFGS:   20 21:52:54 -2302168.574629        0.0376
BFGS:   21 21:53:27 -2302168.574949        0.0231
BFGS:   22 21:53:59 -2302168.575166        0.0133
BFGS:   23 21:54:30 -2302168.575357        0.0141
BFGS:   24 21:55:01 -2302168.575601        0.0229
BFGS:   25 21:55:33 -2302168.575905        0.0279
BFGS:   26 21:56:04 -2302168.576181        0.0225
BFGS:   27 21:56:37 -2302168.576359        0.0112
BFGS:   28 21:57:09 -2302168.576485        0.0100
BFGS:   29 21:57:42 -2302168.576626        0.0189
BFGS:   30 21:58:15 -2302168.576792        0.0215
BFGS:   31 21:58:48 -2302168.576940        0.0132
BFGS:   32 21:59:21 -2302168.577053        0.0106
BFGS:   33 21:59:53 -2302168.577158        0.0128
BFGS:   34 22:00:26 -2302168.577282        0.0193
BFGS:   35 22:00:57 -2302168.577412        0.0176
BFGS:   36 22:01:29 -2302168.577515        0.0085
BFGS:   37 22:02:00 -2302168.577586        0.0073
BFGS:   38 22:02:33 -2302168.577649        0.0103
BFGS:   39 22:03:05 -2302168.577723        0.0123
BFGS:   40 22:03:37 -2302168.577805        0.0149
BFGS:   41 22:04:10 -2302168.577882        0.0126
BFGS:   42 22:04:42 -2302168.577947        0.0077
BFGS:   43 22:05:14 -2302168.578001        0.0080
BFGS:   44 22:05:47 -2302168.578052        0.0109
BFGS:   45 22:06:19 -2302168.578104        0.0132
BFGS:   46 22:06:50 -2302168.578154        0.0101
BFGS:   47 22:07:23 -2302168.578197        0.0075
BFGS:   48 22:07:55 -2302168.578234        0.0048
BFGS:   49 22:08:26 -2302168.578270        0.0079
BFGS:   50 22:08:58 -2302168.578311        0.0091
BFGS:   51 22:09:30 -2302168.578353        0.0088
BFGS:   52 22:10:02 -2302168.578385        0.0058
BFGS:   53 22:10:34 -2302168.578410        0.0040
BFGS:   54 22:11:05 -2302168.578435        0.0063
BFGS:   55 22:11:39 -2302168.578464        0.0090
BFGS:   56 22:12:12 -2302168.578494        0.0076
BFGS:   57 22:12:44 -2302168.578516        0.0033
BFGS:   58 22:13:16 -2302168.578534        0.0035
BFGS:   59 22:13:47 -2302168.578553        0.0069
BFGS:   60 22:14:19 -2302168.578576        0.0082
BFGS:   61 22:14:50 -2302168.578596        0.0053
BFGS:   62 22:15:21 -2302168.578611        0.0032
BFGS:   63 22:15:53 -2302168.578624        0.0039
BFGS:   64 22:16:26 -2302168.578640        0.0065
BFGS:   65 22:16:57 -2302168.578657        0.0061
BFGS:   66 22:17:29 -2302168.578672        0.0045
BFGS:   67 22:18:02 -2302168.578683        0.0035
BFGS:   68 22:18:34 -2302168.578692        0.0036
BFGS:   69 22:19:06 -2302168.578702        0.0042
BFGS:   70 22:19:38 -2302168.578713        0.0042
BFGS:   71 22:20:11 -2302168.578724        0.0038
BFGS:   72 22:20:43 -2302168.578734        0.0027
BFGS:   73 22:21:16 -2302168.578742        0.0032
BFGS:   74 22:21:49 -2302168.578749        0.0022
BFGS:   75 22:22:23 -2302168.578756        0.0028
BFGS:   76 22:22:55 -2302168.578763        0.0024
BFGS:   77 22:23:27 -2302168.578770        0.0030
BFGS:   78 22:23:59 -2302168.578776        0.0020
BFGS:   79 22:24:30 -2302168.578781        0.0027
BFGS:   80 22:25:03 -2302168.578787        0.0027
BFGS:   81 22:25:35 -2302168.578793        0.0032
BFGS:   82 22:26:08 -2302168.578799        0.0024
BFGS:   83 22:26:41 -2302168.578802        0.0015
BFGS:   84 22:27:13 -2302168.578806        0.0020
BFGS:   85 22:27:46 -2302168.578810        0.0027
BFGS:   86 22:28:18 -2302168.578814        0.0028
BFGS:   87 22:28:50 -2302168.578818        0.0014
BFGS:   88 22:29:22 -2302168.578821        0.0012
BFGS:   89 22:29:53 -2302168.578824        0.0020
BFGS:   90 22:30:25 -2302168.578828        0.0027
BFGS:   91 22:30:55 -2302168.578831        0.0020
BFGS:   92 22:31:27 -2302168.578833        0.0016
BFGS:   93 22:31:59 -2302168.578835        0.0014
BFGS:   94 22:32:31 -2302168.578838        0.0020
BFGS:   95 22:33:02 -2302168.578840        0.0021
BFGS:   96 22:33:35 -2302168.578843        0.0020
BFGS:   97 22:34:07 -2302168.578845        0.0014
BFGS:   98 22:34:40 -2302168.578846        0.0014
BFGS:   99 22:35:12 -2302168.578848        0.0013
BFGS:  100 22:35:45 -2302168.578850        0.0016
BFGS:  101 22:36:16 -2302168.578851        0.0016
BFGS:  102 22:36:50 -2302168.578853        0.0015
BFGS:  103 22:37:20 -2302168.578854        0.0011
BFGS:  104 22:37:53 -2302168.578855        0.0011
BFGS:  105 22:38:25 -2302168.578857        0.0014
BFGS:  106 22:38:57 -2302168.578858        0.0016
BFGS:  107 22:39:29 -2302168.578859        0.0014
BFGS:  108 22:40:03 -2302168.578860        0.0007
39 39 186 80 106
Combined bilayer energy = -2302168.5788601674
Energy cost per unit length : 0.07900899646551057
Prev_energy - Current_energy = 0.0040717992754458615
      Step     Time          Energy         fmax
BFGS:    0 22:40:03 -2302168.578860        0.2750
BFGS:    1 22:40:33 -2302168.583021        0.1986
BFGS:    2 22:41:05 -2302168.588734        0.0766
BFGS:    3 22:41:38 -2302168.590060        0.0784
BFGS:    4 22:42:09 -2302168.597119        0.1088
BFGS:    5 22:42:40 -2302168.599928        0.0845
BFGS:    6 22:43:14 -2302168.601259        0.0402
BFGS:    7 22:43:46 -2302168.601880        0.0357
BFGS:    8 22:44:19 -2302168.602947        0.0489
BFGS:    9 22:44:53 -2302168.604222        0.0659
BFGS:   10 22:45:27 -2302168.605396        0.0471
BFGS:   11 22:46:00 -2302168.606107        0.0260
BFGS:   12 22:46:31 -2302168.606606        0.0241
BFGS:   13 22:47:03 -2302168.607121        0.0349
BFGS:   14 22:47:35 -2302168.607687        0.0354
BFGS:   15 22:48:07 -2302168.608201        0.0399
BFGS:   16 22:48:39 -2302168.608616        0.0307
BFGS:   17 22:49:11 -2302168.608984        0.0239
BFGS:   18 22:49:44 -2302168.609372        0.0271
BFGS:   19 22:50:17 -2302168.609794        0.0342
BFGS:   20 22:50:49 -2302168.610196        0.0398
BFGS:   21 22:51:21 -2302168.610504        0.0274
BFGS:   22 22:51:52 -2302168.610717        0.0145
BFGS:   23 22:52:23 -2302168.610907        0.0183
BFGS:   24 22:52:55 -2302168.611157        0.0278
BFGS:   25 22:53:27 -2302168.611493        0.0352
BFGS:   26 22:53:58 -2302168.611832        0.0263
BFGS:   27 22:54:30 -2302168.612068        0.0122
BFGS:   28 22:55:03 -2302168.612223        0.0133
BFGS:   29 22:55:34 -2302168.612383        0.0191
BFGS:   30 22:56:07 -2302168.612592        0.0222
BFGS:   31 22:56:39 -2302168.612813        0.0188
BFGS:   32 22:57:11 -2302168.612994        0.0126
BFGS:   33 22:57:43 -2302168.613146        0.0130
BFGS:   34 22:58:15 -2302168.613319        0.0216
BFGS:   35 22:58:47 -2302168.613527        0.0223
BFGS:   36 22:59:19 -2302168.613723        0.0146
BFGS:   37 22:59:52 -2302168.613868        0.0114
BFGS:   38 23:00:24 -2302168.613985        0.0110
BFGS:   39 23:00:56 -2302168.614117        0.0174
BFGS:   40 23:01:30 -2302168.614278        0.0184
BFGS:   41 23:02:04 -2302168.614447        0.0182
BFGS:   42 23:02:35 -2302168.614597        0.0147
BFGS:   43 23:03:07 -2302168.614729        0.0120
BFGS:   44 23:03:39 -2302168.614855        0.0119
BFGS:   45 23:04:11 -2302168.614988        0.0160
BFGS:   46 23:04:43 -2302168.615127        0.0185
BFGS:   47 23:05:15 -2302168.615259        0.0132
BFGS:   48 23:05:48 -2302168.615377        0.0112
BFGS:   49 23:06:20 -2302168.615487        0.0106
BFGS:   50 23:06:53 -2302168.615605        0.0149
BFGS:   51 23:07:25 -2302168.615739        0.0154
BFGS:   52 23:07:58 -2302168.615872        0.0136
BFGS:   53 23:08:29 -2302168.615983        0.0085
BFGS:   54 23:09:01 -2302168.616079        0.0097
BFGS:   55 23:09:33 -2302168.616186        0.0130
BFGS:   56 23:10:05 -2302168.616315        0.0170
BFGS:   57 23:10:37 -2302168.616442        0.0147
BFGS:   58 23:11:10 -2302168.616542        0.0074
BFGS:   59 23:11:43 -2302168.616627        0.0090
BFGS:   60 23:12:14 -2302168.616725        0.0143
BFGS:   61 23:12:47 -2302168.616843        0.0184
BFGS:   62 23:13:19 -2302168.616958        0.0143
BFGS:   63 23:13:52 -2302168.617052        0.0071
BFGS:   64 23:14:24 -2302168.617139        0.0090
BFGS:   65 23:14:58 -2302168.617239        0.0150
BFGS:   66 23:15:30 -2302168.617350        0.0163
BFGS:   67 23:16:02 -2302168.617450        0.0109
BFGS:   68 23:16:35 -2302168.617530        0.0074
BFGS:   69 23:17:07 -2302168.617603        0.0094
BFGS:   70 23:17:39 -2302168.617687        0.0132
BFGS:   71 23:18:11 -2302168.617785        0.0131
BFGS:   72 23:18:43 -2302168.617887        0.0126
BFGS:   73 23:19:16 -2302168.617978        0.0086
BFGS:   74 23:19:49 -2302168.618053        0.0092
BFGS:   75 23:20:20 -2302168.618121        0.0104
BFGS:   76 23:20:53 -2302168.618192        0.0111
BFGS:   77 23:21:26 -2302168.618270        0.0116
BFGS:   78 23:21:58 -2302168.618347        0.0103
BFGS:   79 23:22:29 -2302168.618416        0.0084
BFGS:   80 23:23:03 -2302168.618479        0.0090
BFGS:   81 23:23:34 -2302168.618548        0.0123
BFGS:   82 23:24:06 -2302168.618624        0.0131
BFGS:   83 23:24:38 -2302168.618690        0.0090
BFGS:   84 23:25:10 -2302168.618739        0.0043
BFGS:   85 23:25:42 -2302168.618784        0.0064
BFGS:   86 23:26:15 -2302168.618839        0.0111
BFGS:   87 23:26:47 -2302168.618903        0.0115
BFGS:   88 23:27:19 -2302168.618959        0.0063
BFGS:   89 23:27:51 -2302168.619001        0.0046
BFGS:   90 23:28:22 -2302168.619040        0.0070
BFGS:   91 23:28:56 -2302168.619086        0.0100
BFGS:   92 23:29:28 -2302168.619133        0.0079
BFGS:   93 23:30:00 -2302168.619169        0.0060
BFGS:   94 23:30:32 -2302168.619199        0.0044
BFGS:   95 23:31:03 -2302168.619230        0.0080
BFGS:   96 23:31:33 -2302168.619267        0.0085
BFGS:   97 23:32:04 -2302168.619302        0.0070
BFGS:   98 23:32:36 -2302168.619329        0.0055
BFGS:   99 23:33:09 -2302168.619350        0.0047
BFGS:  100 23:33:40 -2302168.619371        0.0060
BFGS:  101 23:34:13 -2302168.619396        0.0060
BFGS:  102 23:34:43 -2302168.619420        0.0068
BFGS:  103 23:35:13 -2302168.619442        0.0045
BFGS:  104 23:35:46 -2302168.619459        0.0040
BFGS:  105 23:36:16 -2302168.619474        0.0035
BFGS:  106 23:36:48 -2302168.619489        0.0052
BFGS:  107 23:37:20 -2302168.619505        0.0047
BFGS:  108 23:37:53 -2302168.619520        0.0043
BFGS:  109 23:38:27 -2302168.619532        0.0030
BFGS:  110 23:39:01 -2302168.619543        0.0040
BFGS:  111 23:39:34 -2302168.619554        0.0044
BFGS:  112 23:40:11 -2302168.619566        0.0049
BFGS:  113 23:40:44 -2302168.619578        0.0040
BFGS:  114 23:41:18 -2302168.619585        0.0017
BFGS:  115 23:41:52 -2302168.619592        0.0024
BFGS:  116 23:42:26 -2302168.619599        0.0039
BFGS:  117 23:42:58 -2302168.619608        0.0046
BFGS:  118 23:43:32 -2302168.619616        0.0031
BFGS:  119 23:44:06 -2302168.619622        0.0017
BFGS:  120 23:44:41 -2302168.619627        0.0021
BFGS:  121 23:45:16 -2302168.619633        0.0034
BFGS:  122 23:45:48 -2302168.619639        0.0031
BFGS:  123 23:46:24 -2302168.619643        0.0021
BFGS:  124 23:46:58 -2302168.619647        0.0012
BFGS:  125 23:47:33 -2302168.619651        0.0024
BFGS:  126 23:48:07 -2302168.619655        0.0028
BFGS:  127 23:48:39 -2302168.619660        0.0028
BFGS:  128 23:49:15 -2302168.619664        0.0024
BFGS:  129 23:49:47 -2302168.619667        0.0014
BFGS:  130 23:50:23 -2302168.619669        0.0018
BFGS:  131 23:50:55 -2302168.619672        0.0017
BFGS:  132 23:51:28 -2302168.619675        0.0022
BFGS:  133 23:52:03 -2302168.619678        0.0017
BFGS:  134 23:52:38 -2302168.619680        0.0015
BFGS:  135 23:53:12 -2302168.619682        0.0011
BFGS:  136 23:53:48 -2302168.619684        0.0014
BFGS:  137 23:54:22 -2302168.619687        0.0014
BFGS:  138 23:54:55 -2302168.619689        0.0016
BFGS:  139 23:55:30 -2302168.619691        0.0011
BFGS:  140 23:56:05 -2302168.619692        0.0010
38 38 186 78 108
Combined bilayer energy = -2302168.619692009
Energy cost per unit length : 0.08212436997298288
Prev_energy - Current_energy = 0.003115373507472305
      Step     Time          Energy         fmax
BFGS:    0 23:56:05 -2302168.619692        0.2908
BFGS:    1 23:56:36 -2302168.624220        0.2091
BFGS:    2 23:57:07 -2302168.630362        0.0790
BFGS:    3 23:57:40 -2302168.631785        0.0809
BFGS:    4 23:58:09 -2302168.639130        0.1099
BFGS:    5 23:58:39 -2302168.641989        0.0835
BFGS:    6 23:59:10 -2302168.643364        0.0408
BFGS:    7 23:59:41 -2302168.644034        0.0357
BFGS:    8 00:00:13 -2302168.645167        0.0501
BFGS:    9 00:00:47 -2302168.646448        0.0640
BFGS:   10 00:01:18 -2302168.647578        0.0444
BFGS:   11 00:01:50 -2302168.648271        0.0271
BFGS:   12 00:02:24 -2302168.648790        0.0234
BFGS:   13 00:02:56 -2302168.649318        0.0346
BFGS:   14 00:03:28 -2302168.649859        0.0386
BFGS:   15 00:04:02 -2302168.650333        0.0388
BFGS:   16 00:04:37 -2302168.650724        0.0266
BFGS:   17 00:05:10 -2302168.651081        0.0248
BFGS:   18 00:05:45 -2302168.651445        0.0220
BFGS:   19 00:06:20 -2302168.651816        0.0326
BFGS:   20 00:06:55 -2302168.652156        0.0331
BFGS:   21 00:07:31 -2302168.652415        0.0203
BFGS:   22 00:08:02 -2302168.652595        0.0124
BFGS:   23 00:08:35 -2302168.652755        0.0149
BFGS:   24 00:09:10 -2302168.652962        0.0211
BFGS:   25 00:09:46 -2302168.653225        0.0256
BFGS:   26 00:10:19 -2302168.653472        0.0217
BFGS:   27 00:10:51 -2302168.653634        0.0107
BFGS:   28 00:11:25 -2302168.653741        0.0103
BFGS:   29 00:11:57 -2302168.653858        0.0168
BFGS:   30 00:12:29 -2302168.654001        0.0211
BFGS:   31 00:13:04 -2302168.654138        0.0148
BFGS:   32 00:13:37 -2302168.654242        0.0111
BFGS:   33 00:14:10 -2302168.654332        0.0110
BFGS:   34 00:14:46 -2302168.654437        0.0173
BFGS:   35 00:15:21 -2302168.654555        0.0181
BFGS:   36 00:15:55 -2302168.654655        0.0107
BFGS:   37 00:16:28 -2302168.654725        0.0070
BFGS:   38 00:17:02 -2302168.654781        0.0082
BFGS:   39 00:17:37 -2302168.654844        0.0112
BFGS:   40 00:18:11 -2302168.654917        0.0135
BFGS:   41 00:18:45 -2302168.654991        0.0134
BFGS:   42 00:19:20 -2302168.655054        0.0080
BFGS:   43 00:19:53 -2302168.655104        0.0074
BFGS:   44 00:20:29 -2302168.655150        0.0087
BFGS:   45 00:21:02 -2302168.655198        0.0126
BFGS:   46 00:21:35 -2302168.655247        0.0116
BFGS:   47 00:22:09 -2302168.655292        0.0078
BFGS:   48 00:22:42 -2302168.655328        0.0052
BFGS:   49 00:23:17 -2302168.655359        0.0062
BFGS:   50 00:23:53 -2302168.655394        0.0087
BFGS:   51 00:24:28 -2302168.655434        0.0090
BFGS:   52 00:25:02 -2302168.655470        0.0071
BFGS:   53 00:25:35 -2302168.655495        0.0038
BFGS:   54 00:26:08 -2302168.655518        0.0046
BFGS:   55 00:26:42 -2302168.655546        0.0082
BFGS:   56 00:27:17 -2302168.655576        0.0087
BFGS:   57 00:27:50 -2302168.655601        0.0048
BFGS:   58 00:28:24 -2302168.655620        0.0029
BFGS:   59 00:28:59 -2302168.655638        0.0054
BFGS:   60 00:29:33 -2302168.655659        0.0079
BFGS:   61 00:30:08 -2302168.655681        0.0067
BFGS:   62 00:30:42 -2302168.655698        0.0035
BFGS:   63 00:31:16 -2302168.655713        0.0029
BFGS:   64 00:31:50 -2302168.655728        0.0057
BFGS:   65 00:32:26 -2302168.655745        0.0065
BFGS:   66 00:33:03 -2302168.655761        0.0047
BFGS:   67 00:33:37 -2302168.655773        0.0041
BFGS:   68 00:34:11 -2302168.655783        0.0030
BFGS:   69 00:34:44 -2302168.655794        0.0043
BFGS:   70 00:35:18 -2302168.655805        0.0039
BFGS:   71 00:35:51 -2302168.655818        0.0045
BFGS:   72 00:36:26 -2302168.655829        0.0035
BFGS:   73 00:37:00 -2302168.655838        0.0031
BFGS:   74 00:37:35 -2302168.655846        0.0025
BFGS:   75 00:38:10 -2302168.655853        0.0027
BFGS:   76 00:38:43 -2302168.655861        0.0029
BFGS:   77 00:39:16 -2302168.655869        0.0031
BFGS:   78 00:39:49 -2302168.655875        0.0027
BFGS:   79 00:40:23 -2302168.655881        0.0022
BFGS:   80 00:40:57 -2302168.655887        0.0028
BFGS:   81 00:41:32 -2302168.655894        0.0031
BFGS:   82 00:42:06 -2302168.655900        0.0029
BFGS:   83 00:42:39 -2302168.655905        0.0013
BFGS:   84 00:43:12 -2302168.655909        0.0019
BFGS:   85 00:43:43 -2302168.655913        0.0026
BFGS:   86 00:44:16 -2302168.655918        0.0030
BFGS:   87 00:44:51 -2302168.655923        0.0021
BFGS:   88 00:45:25 -2302168.655926        0.0013
BFGS:   89 00:46:00 -2302168.655929        0.0016
BFGS:   90 00:46:34 -2302168.655933        0.0024
BFGS:   91 00:47:09 -2302168.655936        0.0023
BFGS:   92 00:47:43 -2302168.655939        0.0020
BFGS:   93 00:48:13 -2302168.655942        0.0013
BFGS:   94 00:48:48 -2302168.655944        0.0019
BFGS:   95 00:49:22 -2302168.655947        0.0021
BFGS:   96 00:49:56 -2302168.655950        0.0022
BFGS:   97 00:50:28 -2302168.655952        0.0018
BFGS:   98 00:51:02 -2302168.655954        0.0015
BFGS:   99 00:51:35 -2302168.655956        0.0014
BFGS:  100 00:52:10 -2302168.655958        0.0015
BFGS:  101 00:52:45 -2302168.655959        0.0019
BFGS:  102 00:53:17 -2302168.655961        0.0016
BFGS:  103 00:53:49 -2302168.655963        0.0014
BFGS:  104 00:54:20 -2302168.655964        0.0008
38 38 186 78 108
Combined bilayer energy = -2302168.655964325
Energy cost per unit length : 0.07897270053238661
Prev_energy - Current_energy = 0.0031516694405962636
      Step     Time          Energy         fmax
BFGS:    0 00:54:21 -2302168.655964        0.2513
BFGS:    1 00:54:54 -2302168.659415        0.1814
BFGS:    2 00:55:28 -2302168.664128        0.0693
BFGS:    3 00:56:04 -2302168.665207        0.0708
BFGS:    4 00:56:39 -2302168.670927        0.0966
BFGS:    5 00:57:14 -2302168.673140        0.0739
BFGS:    6 00:57:50 -2302168.674187        0.0353
BFGS:    7 00:58:26 -2302168.674693        0.0315
BFGS:    8 00:59:01 -2302168.675578        0.0451
BFGS:    9 00:59:36 -2302168.676619        0.0593
BFGS:   10 01:00:12 -2302168.677565        0.0412
BFGS:   11 01:00:47 -2302168.678136        0.0237
BFGS:   12 01:01:23 -2302168.678545        0.0215
BFGS:   13 01:01:59 -2302168.678972        0.0321
BFGS:   14 01:02:34 -2302168.679438        0.0321
BFGS:   15 01:03:09 -2302168.679857        0.0356
BFGS:   16 01:03:45 -2302168.680194        0.0271
BFGS:   17 01:04:22 -2302168.680495        0.0221
BFGS:   18 01:04:59 -2302168.680817        0.0250
BFGS:   19 01:05:35 -2302168.681169        0.0312
BFGS:   20 01:06:11 -2302168.681504        0.0358
BFGS:   21 01:06:48 -2302168.681760        0.0243
BFGS:   22 01:07:25 -2302168.681936        0.0131
BFGS:   23 01:08:01 -2302168.682095        0.0167
BFGS:   24 01:08:38 -2302168.682303        0.0252
BFGS:   25 01:09:15 -2302168.682580        0.0312
BFGS:   26 01:09:52 -2302168.682857        0.0225
BFGS:   27 01:10:28 -2302168.683050        0.0112
BFGS:   28 01:11:05 -2302168.683182        0.0123
BFGS:   29 01:11:45 -2302168.683320        0.0180
BFGS:   30 01:12:21 -2302168.683496        0.0199
BFGS:   31 01:12:59 -2302168.683675        0.0161
BFGS:   32 01:13:36 -2302168.683819        0.0110
BFGS:   33 01:14:14 -2302168.683943        0.0129
BFGS:   34 01:14:51 -2302168.684090        0.0204
BFGS:   35 01:15:32 -2302168.684266        0.0203
BFGS:   36 01:16:10 -2302168.684427        0.0124
BFGS:   37 01:16:49 -2302168.684543        0.0099
BFGS:   38 01:17:28 -2302168.684639        0.0104
BFGS:   39 01:18:04 -2302168.684750        0.0162
BFGS:   40 01:18:43 -2302168.684884        0.0165
BFGS:   41 01:19:22 -2302168.685020        0.0159
BFGS:   42 01:20:02 -2302168.685138        0.0123
BFGS:   43 01:20:41 -2302168.685242        0.0112
BFGS:   44 01:21:19 -2302168.685347        0.0110
BFGS:   45 01:21:58 -2302168.685457        0.0150
BFGS:   46 01:22:38 -2302168.685569        0.0162
BFGS:   47 01:23:17 -2302168.685672        0.0108
BFGS:   48 01:23:55 -2302168.685763        0.0097
BFGS:   49 01:24:34 -2302168.685851        0.0103
BFGS:   50 01:25:12 -2302168.685946        0.0138
BFGS:   51 01:25:52 -2302168.686053        0.0134
BFGS:   52 01:26:30 -2302168.686156        0.0117
BFGS:   53 01:27:07 -2302168.686240        0.0074
BFGS:   54 01:27:45 -2302168.686314        0.0094
BFGS:   55 01:28:24 -2302168.686399        0.0118
BFGS:   56 01:29:01 -2302168.686498        0.0151
BFGS:   57 01:29:38 -2302168.686593        0.0124
BFGS:   58 01:30:17 -2302168.686666        0.0062
BFGS:   59 01:30:56 -2302168.686730        0.0083
BFGS:   60 01:31:34 -2302168.686806        0.0133
BFGS:   61 01:32:13 -2302168.686893        0.0161
BFGS:   62 01:32:53 -2302168.686975        0.0117
BFGS:   63 01:33:32 -2302168.687041        0.0056
BFGS:   64 01:34:10 -2302168.687104        0.0084
BFGS:   65 01:34:52 -2302168.687177        0.0136
BFGS:   66 01:35:30 -2302168.687257        0.0140
BFGS:   67 01:36:08 -2302168.687326        0.0087
BFGS:   68 01:36:47 -2302168.687382        0.0060
BFGS:   69 01:37:26 -2302168.687433        0.0083
BFGS:   70 01:38:05 -2302168.687493        0.0114
BFGS:   71 01:38:46 -2302168.687562        0.0110
BFGS:   72 01:39:24 -2302168.687633        0.0106
BFGS:   73 01:40:03 -2302168.687696        0.0072
BFGS:   74 01:40:42 -2302168.687748        0.0081
BFGS:   75 01:41:21 -2302168.687796        0.0089
BFGS:   76 01:42:03 -2302168.687845        0.0091
BFGS:   77 01:42:42 -2302168.687898        0.0095
BFGS:   78 01:43:22 -2302168.687950        0.0083
BFGS:   79 01:44:01 -2302168.687994        0.0069
BFGS:   80 01:44:40 -2302168.688036        0.0075
BFGS:   81 01:45:19 -2302168.688082        0.0101
BFGS:   82 01:45:59 -2302168.688132        0.0104
BFGS:   83 01:46:38 -2302168.688173        0.0068
BFGS:   84 01:47:18 -2302168.688203        0.0037
BFGS:   85 01:47:57 -2302168.688231        0.0054
BFGS:   86 01:48:36 -2302168.688266        0.0089
BFGS:   87 01:49:16 -2302168.688305        0.0087
BFGS:   88 01:49:55 -2302168.688337        0.0042
BFGS:   89 01:50:36 -2302168.688361        0.0035
BFGS:   90 01:51:17 -2302168.688384        0.0058
BFGS:   91 01:51:56 -2302168.688411        0.0077
BFGS:   92 01:52:35 -2302168.688438        0.0056
BFGS:   93 01:53:15 -2302168.688458        0.0043
BFGS:   94 01:53:55 -2302168.688474        0.0037
BFGS:   95 01:54:35 -2302168.688492        0.0062
BFGS:   96 01:55:16 -2302168.688513        0.0061
BFGS:   97 01:55:56 -2302168.688532        0.0051
BFGS:   98 01:56:35 -2302168.688546        0.0036
BFGS:   99 01:57:14 -2302168.688557        0.0037
BFGS:  100 01:57:53 -2302168.688569        0.0043
BFGS:  101 01:58:32 -2302168.688582        0.0044
BFGS:  102 01:59:12 -2302168.688595        0.0045
BFGS:  103 01:59:52 -2302168.688606        0.0027
BFGS:  104 02:00:32 -2302168.688615        0.0029
BFGS:  105 02:01:12 -2302168.688623        0.0029
BFGS:  106 02:01:51 -2302168.688631        0.0037
BFGS:  107 02:02:32 -2302168.688639        0.0029
BFGS:  108 02:03:13 -2302168.688647        0.0030
BFGS:  109 02:03:54 -2302168.688653        0.0020
BFGS:  110 02:04:34 -2302168.688659        0.0030
BFGS:  111 02:05:14 -2302168.688665        0.0030
BFGS:  112 02:05:54 -2302168.688671        0.0035
BFGS:  113 02:06:36 -2302168.688677        0.0025
BFGS:  114 02:07:18 -2302168.688680        0.0014
BFGS:  115 02:08:00 -2302168.688684        0.0018
BFGS:  116 02:08:42 -2302168.688688        0.0030
BFGS:  117 02:09:24 -2302168.688693        0.0031
BFGS:  118 02:10:04 -2302168.688696        0.0016
BFGS:  119 02:10:45 -2302168.688699        0.0013
BFGS:  120 02:11:27 -2302168.688702        0.0019
BFGS:  121 02:12:08 -2302168.688705        0.0026
BFGS:  122 02:12:48 -2302168.688708        0.0019
BFGS:  123 02:13:29 -2302168.688710        0.0013
BFGS:  124 02:14:10 -2302168.688712        0.0011
BFGS:  125 02:14:50 -2302168.688714        0.0019
BFGS:  126 02:15:31 -2302168.688717        0.0020
BFGS:  127 02:16:11 -2302168.688719        0.0021
BFGS:  128 02:16:52 -2302168.688721        0.0015
BFGS:  129 02:17:33 -2302168.688722        0.0012
BFGS:  130 02:18:14 -2302168.688724        0.0013
BFGS:  131 02:18:55 -2302168.688725        0.0015
BFGS:  132 02:19:36 -2302168.688727        0.0016
BFGS:  133 02:20:17 -2302168.688728        0.0010
BFGS:  134 02:20:57 -2302168.688729        0.0010
BFGS:  135 02:21:38 -2302168.688730        0.0008
38 37 186 77 109
Combined bilayer energy = -2302168.6887303907
Energy cost per unit length : 0.07945729416051098
Prev_energy - Current_energy = 0.00048459362812436346
