Starting calculations for AP-MoS2/MoS2
      Step     Time          Energy         fmax
BFGS:    0 12:24:47   -10245.137635        0.0190
BFGS:    1 12:24:47   -10245.137656        0.0074
BFGS:    2 12:24:54   -10245.137660        0.0023
BFGS:    3 12:24:54   -10245.137660        0.0019
BFGS:    4 12:24:54   -10245.137661        0.0011
BFGS:    5 12:24:54   -10245.137661        0.0011
BFGS:    6 12:24:54   -10245.137662        0.0017
BFGS:    7 12:24:54   -10245.137663        0.0026
BFGS:    8 12:24:54   -10245.137665        0.0036
BFGS:    9 12:24:54   -10245.137667        0.0032
BFGS:   10 12:24:54   -10245.137669        0.0013
BFGS:   11 12:24:54   -10245.137669        0.0002
      Step     Time          Energy         fmax
BFGS:    0 12:24:54   -10245.157705        0.0367
BFGS:    1 12:24:54   -10245.157808        0.0208
BFGS:    2 12:24:54   -10245.157844        0.0059
BFGS:    3 12:24:54   -10245.157850        0.0062
BFGS:    4 12:24:54   -10245.157855        0.0030
BFGS:    5 12:24:54   -10245.157856        0.0030
BFGS:    6 12:24:54   -10245.157859        0.0051
BFGS:    7 12:24:54   -10245.157864        0.0074
BFGS:    8 12:24:54   -10245.157877        0.0103
BFGS:    9 12:24:54   -10245.157896        0.0134
BFGS:   10 12:24:54   -10245.157915        0.0103
BFGS:   11 12:24:54   -10245.157923        0.0037
BFGS:   12 12:24:54   -10245.157924        0.0004
MM' and 2H energies : -10245.137668853778 , -10245.157923630046
      Step     Time          Energy         fmax
BFGS:    0 12:25:01 -1905596.786097        0.0009
/home/p/phrrpq/.local/lib/python3.10/site-packages/ase/io/extxyz.py:1000: UserWarning: write_xyz() overwriting array "forces" present in atoms.arrays with stored results from calculator
  warnings.warn('write_xyz() overwriting array "{0}" present '
39 39 186 80 106
Combined bilayer energy = -1905596.7860965442
Energy cost per unit length : 0.08763761988995755
Prev_energy - Current_energy = 0.0
      Step     Time          Energy         fmax
BFGS:    0 12:25:02 -1905596.786097        0.1686
BFGS:    1 12:25:24 -1905596.787460        0.1104
BFGS:    2 12:25:47 -1905596.788846        0.0420
BFGS:    3 12:26:10 -1905596.789238        0.0429
BFGS:    4 12:26:34 -1905596.790864        0.0592
BFGS:    5 12:26:58 -1905596.791498        0.0427
BFGS:    6 12:27:22 -1905596.791816        0.0197
BFGS:    7 12:27:46 -1905596.791994        0.0171
BFGS:    8 12:28:10 -1905596.792282        0.0297
BFGS:    9 12:28:34 -1905596.792582        0.0328
BFGS:   10 12:28:57 -1905596.792821        0.0178
BFGS:   11 12:29:22 -1905596.792967        0.0137
BFGS:   12 12:29:46 -1905596.793092        0.0144
BFGS:   13 12:30:10 -1905596.793236        0.0207
BFGS:   14 12:30:33 -1905596.793379        0.0187
BFGS:   15 12:30:58 -1905596.793490        0.0143
BFGS:   16 12:31:23 -1905596.793575        0.0103
BFGS:   17 12:31:48 -1905596.793662        0.0144
BFGS:   18 12:32:12 -1905596.793764        0.0165
BFGS:   19 12:32:37 -1905596.793860        0.0190
BFGS:   20 12:33:00 -1905596.793932        0.0127
BFGS:   21 12:33:26 -1905596.793985        0.0082
BFGS:   22 12:33:49 -1905596.794041        0.0090
BFGS:   23 12:34:14 -1905596.794113        0.0165
BFGS:   24 12:34:39 -1905596.794189        0.0176
BFGS:   25 12:35:04 -1905596.794250        0.0100
BFGS:   26 12:35:29 -1905596.794293        0.0065
BFGS:   27 12:35:55 -1905596.794334        0.0089
BFGS:   28 12:36:20 -1905596.794385        0.0143
BFGS:   29 12:36:45 -1905596.794442        0.0129
BFGS:   30 12:37:09 -1905596.794491        0.0061
BFGS:   31 12:37:34 -1905596.794531        0.0058
BFGS:   32 12:38:00 -1905596.794570        0.0110
BFGS:   33 12:38:25 -1905596.794615        0.0131
BFGS:   34 12:38:51 -1905596.794660        0.0086
BFGS:   35 12:39:17 -1905596.794698        0.0056
BFGS:   36 12:39:42 -1905596.794730        0.0076
BFGS:   37 12:40:07 -1905596.794767        0.0124
BFGS:   38 12:40:33 -1905596.794811        0.0124
BFGS:   39 12:40:58 -1905596.794854        0.0069
BFGS:   40 12:41:23 -1905596.794888        0.0054
BFGS:   41 12:41:49 -1905596.794917        0.0077
BFGS:   42 12:42:15 -1905596.794950        0.0108
BFGS:   43 12:42:40 -1905596.794990        0.0094
BFGS:   44 12:43:07 -1905596.795027        0.0053
BFGS:   45 12:43:33 -1905596.795058        0.0042
BFGS:   46 12:43:59 -1905596.795087        0.0072
BFGS:   47 12:44:25 -1905596.795122        0.0084
BFGS:   48 12:44:51 -1905596.795158        0.0079
BFGS:   49 12:45:17 -1905596.795191        0.0065
BFGS:   50 12:45:44 -1905596.795219        0.0039
BFGS:   51 12:46:10 -1905596.795247        0.0059
BFGS:   52 12:46:37 -1905596.795280        0.0082
BFGS:   53 12:47:02 -1905596.795315        0.0082
BFGS:   54 12:47:28 -1905596.795346        0.0057
BFGS:   55 12:47:55 -1905596.795373        0.0043
BFGS:   56 12:48:20 -1905596.795401        0.0055
BFGS:   57 12:48:47 -1905596.795432        0.0073
BFGS:   58 12:49:14 -1905596.795464        0.0068
BFGS:   59 12:49:41 -1905596.795492        0.0037
BFGS:   60 12:50:07 -1905596.795517        0.0038
BFGS:   61 12:50:34 -1905596.795546        0.0068
BFGS:   62 12:51:00 -1905596.795580        0.0085
BFGS:   63 12:51:26 -1905596.795614        0.0063
BFGS:   64 12:51:52 -1905596.795642        0.0037
BFGS:   65 12:52:19 -1905596.795667        0.0046
BFGS:   66 12:52:46 -1905596.795694        0.0081
BFGS:   67 12:53:12 -1905596.795727        0.0082
BFGS:   68 12:53:39 -1905596.795759        0.0063
BFGS:   69 12:54:06 -1905596.795785        0.0041
BFGS:   70 12:54:34 -1905596.795809        0.0058
BFGS:   71 12:55:00 -1905596.795836        0.0081
BFGS:   72 12:55:24 -1905596.795866        0.0074
BFGS:   73 12:55:49 -1905596.795893        0.0047
BFGS:   74 12:56:15 -1905596.795915        0.0039
BFGS:   75 12:56:41 -1905596.795936        0.0056
BFGS:   76 12:57:07 -1905596.795961        0.0073
BFGS:   77 12:57:31 -1905596.795986        0.0064
BFGS:   78 12:57:57 -1905596.796008        0.0031
BFGS:   79 12:58:22 -1905596.796025        0.0031
BFGS:   80 12:58:48 -1905596.796044        0.0059
BFGS:   81 12:59:14 -1905596.796065        0.0070
BFGS:   82 12:59:40 -1905596.796084        0.0045
BFGS:   83 13:00:06 -1905596.796100        0.0025
BFGS:   84 13:00:31 -1905596.796113        0.0036
BFGS:   85 13:00:56 -1905596.796128        0.0058
BFGS:   86 13:01:23 -1905596.796145        0.0054
BFGS:   87 13:01:49 -1905596.796159        0.0033
BFGS:   88 13:02:15 -1905596.796170        0.0024
BFGS:   89 13:02:40 -1905596.796180        0.0035
BFGS:   90 13:03:07 -1905596.796191        0.0043
BFGS:   91 13:03:32 -1905596.796203        0.0042
BFGS:   92 13:03:58 -1905596.796212        0.0029
BFGS:   93 13:04:23 -1905596.796220        0.0021
BFGS:   94 13:04:48 -1905596.796227        0.0030
BFGS:   95 13:05:14 -1905596.796236        0.0041
BFGS:   96 13:05:40 -1905596.796244        0.0038
BFGS:   97 13:06:06 -1905596.796250        0.0020
BFGS:   98 13:06:32 -1905596.796255        0.0019
BFGS:   99 13:06:58 -1905596.796260        0.0028
BFGS:  100 13:07:24 -1905596.796266        0.0037
BFGS:  101 13:07:50 -1905596.796271        0.0028
BFGS:  102 13:08:16 -1905596.796275        0.0016
BFGS:  103 13:08:43 -1905596.796278        0.0013
BFGS:  104 13:09:09 -1905596.796282        0.0025
BFGS:  105 13:09:34 -1905596.796286        0.0025
BFGS:  106 13:09:59 -1905596.796289        0.0016
BFGS:  107 13:10:25 -1905596.796292        0.0013
BFGS:  108 13:10:51 -1905596.796294        0.0016
BFGS:  109 13:11:16 -1905596.796297        0.0021
BFGS:  110 13:11:42 -1905596.796299        0.0018
BFGS:  111 13:12:08 -1905596.796302        0.0013
BFGS:  112 13:12:34 -1905596.796303        0.0010
BFGS:  113 13:12:59 -1905596.796305        0.0016
BFGS:  114 13:13:25 -1905596.796307        0.0017
BFGS:  115 13:13:51 -1905596.796308        0.0015
BFGS:  116 13:14:16 -1905596.796310        0.0009
39 38 186 79 107
Combined bilayer energy = -1905596.796309821
Energy cost per unit length : 0.08854736665609683
Prev_energy - Current_energy = 0.00090974676613928
      Step     Time          Energy         fmax
BFGS:    0 13:14:16 -1905596.796310        0.1817
BFGS:    1 13:14:39 -1905596.797848        0.1189
BFGS:    2 13:15:02 -1905596.799430        0.0443
BFGS:    3 13:15:26 -1905596.799883        0.0453
BFGS:    4 13:15:51 -1905596.801717        0.0633
BFGS:    5 13:16:16 -1905596.802427        0.0450
BFGS:    6 13:16:41 -1905596.802784        0.0209
BFGS:    7 13:17:06 -1905596.802984        0.0185
BFGS:    8 13:17:30 -1905596.803304        0.0310
BFGS:    9 13:17:54 -1905596.803632        0.0337
BFGS:   10 13:18:18 -1905596.803891        0.0181
BFGS:   11 13:18:43 -1905596.804048        0.0146
BFGS:   12 13:19:08 -1905596.804182        0.0146
BFGS:   13 13:19:32 -1905596.804331        0.0205
BFGS:   14 13:19:57 -1905596.804477        0.0206
BFGS:   15 13:20:21 -1905596.804591        0.0147
BFGS:   16 13:20:45 -1905596.804678        0.0115
BFGS:   17 13:21:10 -1905596.804763        0.0129
BFGS:   18 13:21:34 -1905596.804858        0.0174
BFGS:   19 13:21:57 -1905596.804946        0.0185
BFGS:   20 13:22:21 -1905596.805011        0.0113
BFGS:   21 13:22:45 -1905596.805060        0.0076
BFGS:   22 13:23:10 -1905596.805109        0.0084
BFGS:   23 13:23:34 -1905596.805168        0.0149
BFGS:   24 13:23:59 -1905596.805229        0.0143
BFGS:   25 13:24:23 -1905596.805275        0.0072
BFGS:   26 13:24:48 -1905596.805307        0.0051
BFGS:   27 13:25:12 -1905596.805336        0.0075
BFGS:   28 13:25:36 -1905596.805372        0.0104
BFGS:   29 13:26:00 -1905596.805410        0.0081
BFGS:   30 13:26:24 -1905596.805440        0.0053
BFGS:   31 13:26:49 -1905596.805463        0.0045
BFGS:   32 13:27:13 -1905596.805485        0.0073
BFGS:   33 13:27:38 -1905596.805510        0.0077
BFGS:   34 13:28:02 -1905596.805534        0.0063
BFGS:   35 13:28:26 -1905596.805551        0.0037
BFGS:   36 13:28:51 -1905596.805565        0.0051
BFGS:   37 13:29:15 -1905596.805582        0.0065
BFGS:   38 13:29:39 -1905596.805601        0.0074
BFGS:   39 13:30:03 -1905596.805618        0.0045
BFGS:   40 13:30:28 -1905596.805630        0.0026
BFGS:   41 13:30:53 -1905596.805641        0.0041
BFGS:   42 13:31:18 -1905596.805653        0.0060
BFGS:   43 13:31:43 -1905596.805666        0.0053
BFGS:   44 13:32:08 -1905596.805678        0.0028
BFGS:   45 13:32:32 -1905596.805686        0.0023
BFGS:   46 13:32:56 -1905596.805695        0.0040
BFGS:   47 13:33:21 -1905596.805705        0.0046
BFGS:   48 13:33:45 -1905596.805714        0.0041
BFGS:   49 13:34:08 -1905596.805721        0.0026
BFGS:   50 13:34:32 -1905596.805727        0.0024
BFGS:   51 13:34:58 -1905596.805734        0.0034
BFGS:   52 13:35:22 -1905596.805741        0.0038
BFGS:   53 13:35:47 -1905596.805747        0.0035
BFGS:   54 13:36:11 -1905596.805752        0.0016
BFGS:   55 13:36:36 -1905596.805757        0.0023
BFGS:   56 13:37:00 -1905596.805761        0.0024
BFGS:   57 13:37:25 -1905596.805766        0.0030
BFGS:   58 13:37:50 -1905596.805771        0.0020
BFGS:   59 13:38:13 -1905596.805774        0.0015
BFGS:   60 13:38:38 -1905596.805777        0.0017
BFGS:   61 13:39:02 -1905596.805781        0.0027
BFGS:   62 13:39:27 -1905596.805785        0.0023
BFGS:   63 13:39:51 -1905596.805788        0.0015
BFGS:   64 13:40:15 -1905596.805790        0.0010
39 38 186 79 107
Combined bilayer energy = -1905596.8057902646
Energy cost per unit length : 0.08768845080867081
Prev_energy - Current_energy = 0.00085891584742602
      Step     Time          Energy         fmax
BFGS:    0 13:40:16 -1905596.805790        0.1576
BFGS:    1 13:40:38 -1905596.806974        0.1033
BFGS:    2 13:41:02 -1905596.808174        0.0393
BFGS:    3 13:41:27 -1905596.808514        0.0401
BFGS:    4 13:41:52 -1905596.809926        0.0554
BFGS:    5 13:42:17 -1905596.810477        0.0400
BFGS:    6 13:42:42 -1905596.810755        0.0181
BFGS:    7 13:43:08 -1905596.810910        0.0159
BFGS:    8 13:43:34 -1905596.811162        0.0278
BFGS:    9 13:44:00 -1905596.811426        0.0309
BFGS:   10 13:44:25 -1905596.811636        0.0169
BFGS:   11 13:44:50 -1905596.811764        0.0125
BFGS:   12 13:45:16 -1905596.811874        0.0135
BFGS:   13 13:45:41 -1905596.812001        0.0195
BFGS:   14 13:46:07 -1905596.812128        0.0174
BFGS:   15 13:46:33 -1905596.812227        0.0133
BFGS:   16 13:47:00 -1905596.812302        0.0095
BFGS:   17 13:47:25 -1905596.812379        0.0136
BFGS:   18 13:47:52 -1905596.812469        0.0154
BFGS:   19 13:48:17 -1905596.812556        0.0179
BFGS:   20 13:48:43 -1905596.812621        0.0121
BFGS:   21 13:49:09 -1905596.812669        0.0077
BFGS:   22 13:49:34 -1905596.812719        0.0086
BFGS:   23 13:50:00 -1905596.812782        0.0154
BFGS:   24 13:50:27 -1905596.812851        0.0166
BFGS:   25 13:50:52 -1905596.812907        0.0096
BFGS:   26 13:51:18 -1905596.812947        0.0059
BFGS:   27 13:51:44 -1905596.812984        0.0082
BFGS:   28 13:52:11 -1905596.813029        0.0131
BFGS:   29 13:52:37 -1905596.813079        0.0116
BFGS:   30 13:53:03 -1905596.813124        0.0060
BFGS:   31 13:53:29 -1905596.813161        0.0059
BFGS:   32 13:53:56 -1905596.813197        0.0106
BFGS:   33 13:54:23 -1905596.813238        0.0120
BFGS:   34 13:54:49 -1905596.813278        0.0073
BFGS:   35 13:55:15 -1905596.813311        0.0052
BFGS:   36 13:55:40 -1905596.813341        0.0080
BFGS:   37 13:56:07 -1905596.813376        0.0123
BFGS:   38 13:56:33 -1905596.813416        0.0115
BFGS:   39 13:56:59 -1905596.813454        0.0059
BFGS:   40 13:57:25 -1905596.813483        0.0045
BFGS:   41 13:57:51 -1905596.813511        0.0083
BFGS:   42 13:58:17 -1905596.813542        0.0108
BFGS:   43 13:58:43 -1905596.813577        0.0085
BFGS:   44 13:59:10 -1905596.813609        0.0046
BFGS:   45 13:59:36 -1905596.813637        0.0042
BFGS:   46 14:00:02 -1905596.813664        0.0079
BFGS:   47 14:00:28 -1905596.813696        0.0085
BFGS:   48 14:00:54 -1905596.813729        0.0070
BFGS:   49 14:01:20 -1905596.813756        0.0054
BFGS:   50 14:01:46 -1905596.813780        0.0045
BFGS:   51 14:02:12 -1905596.813806        0.0065
BFGS:   52 14:02:39 -1905596.813837        0.0079
BFGS:   53 14:03:06 -1905596.813867        0.0073
BFGS:   54 14:03:32 -1905596.813893        0.0045
BFGS:   55 14:03:58 -1905596.813915        0.0046
BFGS:   56 14:04:25 -1905596.813941        0.0055
BFGS:   57 14:04:50 -1905596.813970        0.0072
BFGS:   58 14:05:16 -1905596.813999        0.0062
BFGS:   59 14:05:42 -1905596.814022        0.0034
BFGS:   60 14:06:08 -1905596.814045        0.0039
BFGS:   61 14:06:34 -1905596.814071        0.0069
BFGS:   62 14:07:02 -1905596.814101        0.0082
BFGS:   63 14:07:28 -1905596.814130        0.0056
BFGS:   64 14:07:55 -1905596.814153        0.0035
BFGS:   65 14:08:21 -1905596.814173        0.0046
BFGS:   66 14:08:47 -1905596.814196        0.0078
BFGS:   67 14:09:13 -1905596.814224        0.0077
BFGS:   68 14:09:39 -1905596.814250        0.0057
BFGS:   69 14:10:05 -1905596.814271        0.0039
BFGS:   70 14:10:31 -1905596.814290        0.0053
BFGS:   71 14:10:57 -1905596.814311        0.0072
BFGS:   72 14:11:24 -1905596.814335        0.0067
BFGS:   73 14:11:50 -1905596.814356        0.0042
BFGS:   74 14:12:16 -1905596.814373        0.0037
BFGS:   75 14:12:42 -1905596.814389        0.0049
BFGS:   76 14:13:08 -1905596.814407        0.0065
BFGS:   77 14:13:34 -1905596.814427        0.0056
BFGS:   78 14:14:00 -1905596.814443        0.0027
BFGS:   79 14:14:25 -1905596.814456        0.0029
BFGS:   80 14:14:51 -1905596.814469        0.0052
BFGS:   81 14:15:18 -1905596.814484        0.0060
BFGS:   82 14:15:44 -1905596.814499        0.0038
BFGS:   83 14:16:10 -1905596.814510        0.0022
BFGS:   84 14:16:36 -1905596.814519        0.0032
BFGS:   85 14:17:02 -1905596.814530        0.0050
BFGS:   86 14:17:27 -1905596.814541        0.0045
BFGS:   87 14:17:53 -1905596.814552        0.0027
BFGS:   88 14:18:19 -1905596.814559        0.0018
BFGS:   89 14:18:45 -1905596.814566        0.0030
BFGS:   90 14:19:11 -1905596.814574        0.0036
BFGS:   91 14:19:37 -1905596.814582        0.0034
BFGS:   92 14:20:02 -1905596.814588        0.0023
BFGS:   93 14:20:29 -1905596.814593        0.0018
BFGS:   94 14:20:55 -1905596.814599        0.0026
BFGS:   95 14:21:20 -1905596.814604        0.0035
BFGS:   96 14:21:47 -1905596.814609        0.0031
BFGS:   97 14:22:13 -1905596.814614        0.0015
BFGS:   98 14:22:39 -1905596.814617        0.0016
BFGS:   99 14:23:05 -1905596.814620        0.0024
BFGS:  100 14:23:31 -1905596.814624        0.0030
BFGS:  101 14:23:56 -1905596.814628        0.0022
BFGS:  102 14:24:22 -1905596.814630        0.0013
BFGS:  103 14:24:47 -1905596.814633        0.0012
BFGS:  104 14:25:12 -1905596.814635        0.0021
BFGS:  105 14:25:38 -1905596.814638        0.0020
BFGS:  106 14:26:04 -1905596.814640        0.0013
BFGS:  107 14:26:31 -1905596.814641        0.0010
38 38 186 78 108
Combined bilayer energy = -1905596.8146414668
Energy cost per unit length : 0.0887215997849229
Prev_energy - Current_energy = 0.0010331489762520907
      Step     Time          Energy         fmax
BFGS:    0 14:26:31 -1905596.814641        0.1697
BFGS:    1 14:26:54 -1905596.815981        0.1110
BFGS:    2 14:27:18 -1905596.817354        0.0414
BFGS:    3 14:27:43 -1905596.817746        0.0423
BFGS:    4 14:28:07 -1905596.819339        0.0588
BFGS:    5 14:28:32 -1905596.819955        0.0418
BFGS:    6 14:28:56 -1905596.820266        0.0197
BFGS:    7 14:29:21 -1905596.820442        0.0174
BFGS:    8 14:29:45 -1905596.820722        0.0289
BFGS:    9 14:30:09 -1905596.821010        0.0315
BFGS:   10 14:30:34 -1905596.821240        0.0170
BFGS:   11 14:30:59 -1905596.821379        0.0141
BFGS:   12 14:31:24 -1905596.821498        0.0136
BFGS:   13 14:31:49 -1905596.821629        0.0191
BFGS:   14 14:32:14 -1905596.821758        0.0195
BFGS:   15 14:32:39 -1905596.821859        0.0139
BFGS:   16 14:33:03 -1905596.821937        0.0111
BFGS:   17 14:33:28 -1905596.822014        0.0122
BFGS:   18 14:33:52 -1905596.822099        0.0166
BFGS:   19 14:34:17 -1905596.822179        0.0175
BFGS:   20 14:34:41 -1905596.822237        0.0106
BFGS:   21 14:35:06 -1905596.822280        0.0072
BFGS:   22 14:35:31 -1905596.822325        0.0080
BFGS:   23 14:35:56 -1905596.822379        0.0142
BFGS:   24 14:36:21 -1905596.822434        0.0137
BFGS:   25 14:36:46 -1905596.822477        0.0070
BFGS:   26 14:37:10 -1905596.822506        0.0049
BFGS:   27 14:37:34 -1905596.822533        0.0070
BFGS:   28 14:37:59 -1905596.822566        0.0098
BFGS:   29 14:38:23 -1905596.822600        0.0079
BFGS:   30 14:38:48 -1905596.822629        0.0051
BFGS:   31 14:39:11 -1905596.822651        0.0044
BFGS:   32 14:39:35 -1905596.822673        0.0071
BFGS:   33 14:40:00 -1905596.822699        0.0079
BFGS:   34 14:40:25 -1905596.822723        0.0066
BFGS:   35 14:40:49 -1905596.822742        0.0038
BFGS:   36 14:41:13 -1905596.822758        0.0053
BFGS:   37 14:41:37 -1905596.822776        0.0068
BFGS:   38 14:42:02 -1905596.822797        0.0078
BFGS:   39 14:42:28 -1905596.822816        0.0048
BFGS:   40 14:42:52 -1905596.822830        0.0027
BFGS:   41 14:43:16 -1905596.822841        0.0043
BFGS:   42 14:43:42 -1905596.822855        0.0063
BFGS:   43 14:44:07 -1905596.822869        0.0057
BFGS:   44 14:44:31 -1905596.822882        0.0029
BFGS:   45 14:44:55 -1905596.822891        0.0025
BFGS:   46 14:45:19 -1905596.822901        0.0042
BFGS:   47 14:45:44 -1905596.822911        0.0049
BFGS:   48 14:46:08 -1905596.822921        0.0042
BFGS:   49 14:46:33 -1905596.822929        0.0027
BFGS:   50 14:46:58 -1905596.822936        0.0026
BFGS:   51 14:47:22 -1905596.822943        0.0037
BFGS:   52 14:47:47 -1905596.822950        0.0039
BFGS:   53 14:48:11 -1905596.822957        0.0035
BFGS:   54 14:48:36 -1905596.822963        0.0016
BFGS:   55 14:49:00 -1905596.822968        0.0025
BFGS:   56 14:49:25 -1905596.822973        0.0026
BFGS:   57 14:49:49 -1905596.822978        0.0031
BFGS:   58 14:50:13 -1905596.822983        0.0020
BFGS:   59 14:50:38 -1905596.822986        0.0016
BFGS:   60 14:51:02 -1905596.822990        0.0018
BFGS:   61 14:51:26 -1905596.822994        0.0028
BFGS:   62 14:51:51 -1905596.822998        0.0023
BFGS:   63 14:52:15 -1905596.823001        0.0016
BFGS:   64 14:52:40 -1905596.823003        0.0011
BFGS:   65 14:53:04 -1905596.823006        0.0023
BFGS:   66 14:53:28 -1905596.823009        0.0026
BFGS:   67 14:53:53 -1905596.823012        0.0019
BFGS:   68 14:54:18 -1905596.823014        0.0012
BFGS:   69 14:54:42 -1905596.823016        0.0014
BFGS:   70 14:55:06 -1905596.823018        0.0022
BFGS:   71 14:55:31 -1905596.823020        0.0020
BFGS:   72 14:55:55 -1905596.823022        0.0015
BFGS:   73 14:56:19 -1905596.823024        0.0010
BFGS:   74 14:56:44 -1905596.823025        0.0013
BFGS:   75 14:57:08 -1905596.823027        0.0018
BFGS:   76 14:57:32 -1905596.823028        0.0017
BFGS:   77 14:57:56 -1905596.823030        0.0010
38 38 186 78 108
Combined bilayer energy = -1905596.8230297826
Energy cost per unit length : 0.0879616292909556
Prev_energy - Current_energy = 0.0007599704939672963
      Step     Time          Energy         fmax
BFGS:    0 14:57:57 -1905596.823030        0.1494
BFGS:    1 14:58:19 -1905596.824085        0.0979
BFGS:    2 14:58:43 -1905596.825156        0.0372
BFGS:    3 14:59:09 -1905596.825458        0.0380
BFGS:    4 14:59:34 -1905596.826722        0.0527
BFGS:    5 14:59:59 -1905596.827216        0.0381
BFGS:    6 15:00:25 -1905596.827467        0.0175
BFGS:    7 15:00:50 -1905596.827607        0.0152
BFGS:    8 15:01:15 -1905596.827833        0.0264
BFGS:    9 15:01:42 -1905596.828069        0.0293
BFGS:   10 15:02:07 -1905596.828258        0.0159
BFGS:   11 15:02:33 -1905596.828374        0.0120
BFGS:   12 15:02:58 -1905596.828475        0.0130
BFGS:   13 15:03:23 -1905596.828590        0.0186
BFGS:   14 15:03:48 -1905596.828705        0.0167
BFGS:   15 15:04:13 -1905596.828794        0.0128
BFGS:   16 15:04:40 -1905596.828863        0.0089
BFGS:   17 15:05:05 -1905596.828934        0.0132
BFGS:   18 15:05:30 -1905596.829017        0.0148
BFGS:   19 15:05:55 -1905596.829097        0.0172
BFGS:   20 15:06:21 -1905596.829156        0.0115
BFGS:   21 15:06:46 -1905596.829200        0.0075
BFGS:   22 15:07:12 -1905596.829246        0.0084
BFGS:   23 15:07:36 -1905596.829305        0.0149
BFGS:   24 15:08:01 -1905596.829368        0.0160
BFGS:   25 15:08:27 -1905596.829419        0.0092
BFGS:   26 15:08:53 -1905596.829456        0.0056
BFGS:   27 15:09:18 -1905596.829490        0.0081
BFGS:   28 15:09:44 -1905596.829533        0.0130
BFGS:   29 15:10:09 -1905596.829579        0.0116
BFGS:   30 15:10:34 -1905596.829621        0.0056
BFGS:   31 15:10:59 -1905596.829654        0.0058
BFGS:   32 15:11:24 -1905596.829688        0.0103
BFGS:   33 15:11:49 -1905596.829726        0.0121
BFGS:   34 15:12:14 -1905596.829764        0.0078
BFGS:   35 15:12:38 -1905596.829795        0.0050
BFGS:   36 15:13:04 -1905596.829822        0.0072
BFGS:   37 15:13:28 -1905596.829853        0.0116
BFGS:   38 15:13:52 -1905596.829890        0.0115
BFGS:   39 15:14:17 -1905596.829925        0.0061
BFGS:   40 15:14:41 -1905596.829953        0.0048
BFGS:   41 15:15:05 -1905596.829977        0.0073
BFGS:   42 15:15:30 -1905596.830005        0.0101
BFGS:   43 15:15:54 -1905596.830037        0.0085
BFGS:   44 15:16:19 -1905596.830067        0.0046
BFGS:   45 15:16:44 -1905596.830092        0.0043
BFGS:   46 15:17:09 -1905596.830116        0.0069
BFGS:   47 15:17:33 -1905596.830144        0.0079
BFGS:   48 15:17:58 -1905596.830174        0.0070
BFGS:   49 15:18:23 -1905596.830199        0.0055
BFGS:   50 15:18:48 -1905596.830221        0.0038
BFGS:   51 15:19:13 -1905596.830243        0.0057
BFGS:   52 15:19:37 -1905596.830270        0.0075
BFGS:   53 15:20:01 -1905596.830298        0.0074
BFGS:   54 15:20:26 -1905596.830323        0.0050
BFGS:   55 15:20:51 -1905596.830345        0.0042
BFGS:   56 15:21:15 -1905596.830369        0.0050
BFGS:   57 15:21:40 -1905596.830395        0.0067
BFGS:   58 15:22:06 -1905596.830422        0.0061
BFGS:   59 15:22:31 -1905596.830444        0.0035
BFGS:   60 15:22:55 -1905596.830465        0.0036
BFGS:   61 15:23:19 -1905596.830488        0.0062
BFGS:   62 15:23:44 -1905596.830514        0.0074
BFGS:   63 15:24:08 -1905596.830540        0.0053
BFGS:   64 15:24:33 -1905596.830560        0.0034
BFGS:   65 15:24:57 -1905596.830577        0.0042
BFGS:   66 15:25:21 -1905596.830597        0.0070
BFGS:   67 15:25:46 -1905596.830620        0.0068
BFGS:   68 15:26:11 -1905596.830642        0.0050
BFGS:   69 15:26:36 -1905596.830659        0.0036
BFGS:   70 15:27:01 -1905596.830675        0.0050
BFGS:   71 15:27:27 -1905596.830692        0.0065
BFGS:   72 15:27:52 -1905596.830711        0.0058
BFGS:   73 15:28:16 -1905596.830727        0.0034
BFGS:   74 15:28:41 -1905596.830740        0.0032
BFGS:   75 15:29:04 -1905596.830753        0.0045
BFGS:   76 15:29:29 -1905596.830768        0.0057
BFGS:   77 15:29:53 -1905596.830783        0.0046
BFGS:   78 15:30:18 -1905596.830795        0.0022
BFGS:   79 15:30:43 -1905596.830804        0.0024
BFGS:   80 15:31:07 -1905596.830815        0.0047
BFGS:   81 15:31:32 -1905596.830826        0.0051
BFGS:   82 15:31:56 -1905596.830837        0.0029
BFGS:   83 15:32:21 -1905596.830845        0.0019
BFGS:   84 15:32:45 -1905596.830852        0.0030
BFGS:   85 15:33:10 -1905596.830859        0.0043
BFGS:   86 15:33:34 -1905596.830868        0.0036
BFGS:   87 15:33:59 -1905596.830875        0.0022
BFGS:   88 15:34:23 -1905596.830880        0.0016
BFGS:   89 15:34:47 -1905596.830885        0.0027
BFGS:   90 15:35:11 -1905596.830891        0.0031
BFGS:   91 15:35:35 -1905596.830896        0.0029
BFGS:   92 15:35:59 -1905596.830901        0.0019
BFGS:   93 15:36:23 -1905596.830904        0.0015
BFGS:   94 15:36:48 -1905596.830908        0.0023
BFGS:   95 15:37:12 -1905596.830912        0.0029
BFGS:   96 15:37:38 -1905596.830916        0.0025
BFGS:   97 15:38:02 -1905596.830918        0.0011
BFGS:   98 15:38:27 -1905596.830921        0.0013
BFGS:   99 15:38:52 -1905596.830923        0.0021
BFGS:  100 15:39:16 -1905596.830926        0.0025
BFGS:  101 15:39:40 -1905596.830928        0.0017
BFGS:  102 15:40:05 -1905596.830930        0.0011
BFGS:  103 15:40:30 -1905596.830931        0.0011
BFGS:  104 15:40:55 -1905596.830933        0.0018
BFGS:  105 15:41:20 -1905596.830935        0.0016
BFGS:  106 15:41:44 -1905596.830936        0.0011
BFGS:  107 15:42:08 -1905596.830937        0.0008
38 38 186 78 108
Combined bilayer energy = -1905596.8309373476
Energy cost per unit length : 0.08724521419456938
Prev_energy - Current_energy = 0.0007164150963862304
      Step     Time          Energy         fmax
BFGS:    0 15:42:08 -1905596.830937        0.1616
BFGS:    1 15:42:31 -1905596.832146        0.1058
BFGS:    2 15:42:55 -1905596.833382        0.0393
BFGS:    3 15:43:19 -1905596.833734        0.0402
BFGS:    4 15:43:43 -1905596.835166        0.0558
BFGS:    5 15:44:08 -1905596.835718        0.0396
BFGS:    6 15:44:32 -1905596.835997        0.0187
BFGS:    7 15:44:57 -1905596.836156        0.0166
BFGS:    8 15:45:21 -1905596.836410        0.0276
BFGS:    9 15:45:46 -1905596.836669        0.0299
BFGS:   10 15:46:10 -1905596.836875        0.0161
BFGS:   11 15:46:34 -1905596.837000        0.0135
BFGS:   12 15:46:59 -1905596.837108        0.0131
BFGS:   13 15:47:24 -1905596.837227        0.0184
BFGS:   14 15:47:48 -1905596.837344        0.0185
BFGS:   15 15:48:13 -1905596.837436        0.0132
BFGS:   16 15:48:37 -1905596.837507        0.0107
BFGS:   17 15:49:01 -1905596.837577        0.0118
BFGS:   18 15:49:26 -1905596.837655        0.0158
BFGS:   19 15:49:50 -1905596.837727        0.0167
BFGS:   20 15:50:15 -1905596.837781        0.0101
BFGS:   21 15:50:39 -1905596.837821        0.0069
BFGS:   22 15:51:03 -1905596.837862        0.0077
BFGS:   23 15:51:27 -1905596.837912        0.0136
BFGS:   24 15:51:52 -1905596.837963        0.0130
BFGS:   25 15:52:16 -1905596.838002        0.0067
BFGS:   26 15:52:40 -1905596.838029        0.0047
BFGS:   27 15:53:04 -1905596.838054        0.0068
BFGS:   28 15:53:29 -1905596.838085        0.0095
BFGS:   29 15:53:53 -1905596.838117        0.0077
BFGS:   30 15:54:17 -1905596.838143        0.0049
BFGS:   31 15:54:41 -1905596.838163        0.0042
BFGS:   32 15:55:06 -1905596.838183        0.0067
BFGS:   33 15:55:30 -1905596.838205        0.0073
BFGS:   34 15:55:55 -1905596.838225        0.0060
BFGS:   35 15:56:20 -1905596.838241        0.0035
BFGS:   36 15:56:44 -1905596.838254        0.0048
BFGS:   37 15:57:09 -1905596.838269        0.0063
BFGS:   38 15:57:33 -1905596.838286        0.0072
BFGS:   39 15:57:57 -1905596.838302        0.0044
BFGS:   40 15:58:21 -1905596.838313        0.0024
BFGS:   41 15:58:46 -1905596.838322        0.0039
BFGS:   42 15:59:10 -1905596.838334        0.0058
BFGS:   43 15:59:35 -1905596.838346        0.0053
BFGS:   44 16:00:00 -1905596.838357        0.0026
BFGS:   45 16:00:24 -1905596.838365        0.0024
BFGS:   46 16:00:49 -1905596.838373        0.0039
BFGS:   47 16:01:13 -1905596.838382        0.0046
BFGS:   48 16:01:39 -1905596.838391        0.0039
BFGS:   49 16:02:04 -1905596.838398        0.0025
BFGS:   50 16:02:28 -1905596.838403        0.0023
BFGS:   51 16:02:52 -1905596.838409        0.0034
BFGS:   52 16:03:17 -1905596.838416        0.0036
BFGS:   53 16:03:42 -1905596.838422        0.0034
BFGS:   54 16:04:07 -1905596.838427        0.0017
BFGS:   55 16:04:31 -1905596.838431        0.0023
BFGS:   56 16:04:55 -1905596.838436        0.0025
BFGS:   57 16:05:20 -1905596.838441        0.0029
BFGS:   58 16:05:45 -1905596.838445        0.0019
BFGS:   59 16:06:09 -1905596.838448        0.0015
BFGS:   60 16:06:33 -1905596.838451        0.0017
BFGS:   61 16:06:58 -1905596.838455        0.0026
BFGS:   62 16:07:22 -1905596.838458        0.0023
BFGS:   63 16:07:46 -1905596.838461        0.0015
BFGS:   64 16:08:11 -1905596.838463        0.0010
BFGS:   65 16:08:35 -1905596.838466        0.0021
BFGS:   66 16:09:00 -1905596.838468        0.0025
BFGS:   67 16:09:25 -1905596.838471        0.0019
BFGS:   68 16:09:49 -1905596.838473        0.0012
BFGS:   69 16:10:14 -1905596.838475        0.0012
BFGS:   70 16:10:39 -1905596.838476        0.0020
BFGS:   71 16:11:03 -1905596.838478        0.0020
BFGS:   72 16:11:27 -1905596.838480        0.0015
BFGS:   73 16:11:52 -1905596.838482        0.0010
38 38 186 78 108
Combined bilayer energy = -1905596.8384816297
Energy cost per unit length : 0.08656171205244717
Prev_energy - Current_energy = 0.0006835021421222054
      Step     Time          Energy         fmax
BFGS:    0 16:11:52 -1905596.838482        0.1422
BFGS:    1 16:12:14 -1905596.839436        0.0933
BFGS:    2 16:12:39 -1905596.840416        0.0357
BFGS:    3 16:13:04 -1905596.840696        0.0365
BFGS:    4 16:13:28 -1905596.841856        0.0508
BFGS:    5 16:13:52 -1905596.842311        0.0367
BFGS:    6 16:14:17 -1905596.842541        0.0167
BFGS:    7 16:14:41 -1905596.842669        0.0146
BFGS:    8 16:15:06 -1905596.842877        0.0255
BFGS:    9 16:15:30 -1905596.843095        0.0285
BFGS:   10 16:15:55 -1905596.843270        0.0157
BFGS:   11 16:16:19 -1905596.843378        0.0118
BFGS:   12 16:16:43 -1905596.843471        0.0124
BFGS:   13 16:17:08 -1905596.843577        0.0180
BFGS:   14 16:17:32 -1905596.843683        0.0159
BFGS:   15 16:17:56 -1905596.843766        0.0123
BFGS:   16 16:18:20 -1905596.843830        0.0089
BFGS:   17 16:18:44 -1905596.843896        0.0128
BFGS:   18 16:19:08 -1905596.843973        0.0141
BFGS:   19 16:19:33 -1905596.844047        0.0165
BFGS:   20 16:19:58 -1905596.844102        0.0112
BFGS:   21 16:20:22 -1905596.844143        0.0072
BFGS:   22 16:20:46 -1905596.844186        0.0083
BFGS:   23 16:21:09 -1905596.844241        0.0141
BFGS:   24 16:21:34 -1905596.844300        0.0154
BFGS:   25 16:21:59 -1905596.844348        0.0090
BFGS:   26 16:22:23 -1905596.844382        0.0057
BFGS:   27 16:22:47 -1905596.844415        0.0076
BFGS:   28 16:23:11 -1905596.844454        0.0122
BFGS:   29 16:23:35 -1905596.844497        0.0110
BFGS:   30 16:24:00 -1905596.844535        0.0054
BFGS:   31 16:24:24 -1905596.844567        0.0054
BFGS:   32 16:24:49 -1905596.844598        0.0099
BFGS:   33 16:25:14 -1905596.844634        0.0115
BFGS:   34 16:25:38 -1905596.844668        0.0072
BFGS:   35 16:26:03 -1905596.844697        0.0047
BFGS:   36 16:26:28 -1905596.844722        0.0071
BFGS:   37 16:26:53 -1905596.844751        0.0114
BFGS:   38 16:27:18 -1905596.844786        0.0110
BFGS:   39 16:27:43 -1905596.844818        0.0055
BFGS:   40 16:28:07 -1905596.844843        0.0043
BFGS:   41 16:28:31 -1905596.844866        0.0073
BFGS:   42 16:28:55 -1905596.844892        0.0098
BFGS:   43 16:29:21 -1905596.844921        0.0080
BFGS:   44 16:29:45 -1905596.844948        0.0042
BFGS:   45 16:30:09 -1905596.844970        0.0039
BFGS:   46 16:30:34 -1905596.844993        0.0070
BFGS:   47 16:30:58 -1905596.845019        0.0078
BFGS:   48 16:31:24 -1905596.845045        0.0063
BFGS:   49 16:31:48 -1905596.845067        0.0049
BFGS:   50 16:32:13 -1905596.845086        0.0040
BFGS:   51 16:32:38 -1905596.845107        0.0059
BFGS:   52 16:33:02 -1905596.845132        0.0071
BFGS:   53 16:33:27 -1905596.845156        0.0066
BFGS:   54 16:33:52 -1905596.845177        0.0041
BFGS:   55 16:34:17 -1905596.845197        0.0043
BFGS:   56 16:34:41 -1905596.845218        0.0048
BFGS:   57 16:35:06 -1905596.845241        0.0063
BFGS:   58 16:35:30 -1905596.845264        0.0052
BFGS:   59 16:35:55 -1905596.845282        0.0030
BFGS:   60 16:36:19 -1905596.845300        0.0036
BFGS:   61 16:36:43 -1905596.845320        0.0059
BFGS:   62 16:37:08 -1905596.845343        0.0067
BFGS:   63 16:37:33 -1905596.845363        0.0047
BFGS:   64 16:37:57 -1905596.845380        0.0031
BFGS:   65 16:38:23 -1905596.845394        0.0042
BFGS:   66 16:38:47 -1905596.845411        0.0065
BFGS:   67 16:39:12 -1905596.845430        0.0060
BFGS:   68 16:39:36 -1905596.845447        0.0043
BFGS:   69 16:40:01 -1905596.845461        0.0032
BFGS:   70 16:40:26 -1905596.845473        0.0047
BFGS:   71 16:40:50 -1905596.845488        0.0059
BFGS:   72 16:41:15 -1905596.845503        0.0052
BFGS:   73 16:41:39 -1905596.845516        0.0029
BFGS:   74 16:42:04 -1905596.845526        0.0029
BFGS:   75 16:42:29 -1905596.845536        0.0041
BFGS:   76 16:42:53 -1905596.845548        0.0053
BFGS:   77 16:43:19 -1905596.845559        0.0041
BFGS:   78 16:43:43 -1905596.845568        0.0019
BFGS:   79 16:44:08 -1905596.845576        0.0022
BFGS:   80 16:44:33 -1905596.845584        0.0043
BFGS:   81 16:44:57 -1905596.845592        0.0046
BFGS:   82 16:45:22 -1905596.845600        0.0025
BFGS:   83 16:45:48 -1905596.845607        0.0016
BFGS:   84 16:46:13 -1905596.845612        0.0027
BFGS:   85 16:46:37 -1905596.845618        0.0038
BFGS:   86 16:47:02 -1905596.845624        0.0032
BFGS:   87 16:47:26 -1905596.845629        0.0020
BFGS:   88 16:47:50 -1905596.845633        0.0014
BFGS:   89 16:48:15 -1905596.845637        0.0024
BFGS:   90 16:48:40 -1905596.845641        0.0027
BFGS:   91 16:49:06 -1905596.845645        0.0025
BFGS:   92 16:49:30 -1905596.845649        0.0016
BFGS:   93 16:49:55 -1905596.845651        0.0014
BFGS:   94 16:50:20 -1905596.845654        0.0020
BFGS:   95 16:50:45 -1905596.845657        0.0025
BFGS:   96 16:51:10 -1905596.845660        0.0021
BFGS:   97 16:51:35 -1905596.845662        0.0010
BFGS:   98 16:51:59 -1905596.845664        0.0012
BFGS:   99 16:52:23 -1905596.845665        0.0019
BFGS:  100 16:52:47 -1905596.845667        0.0021
BFGS:  101 16:53:12 -1905596.845669        0.0014
BFGS:  102 16:53:36 -1905596.845670        0.0009
38 37 186 77 109
Combined bilayer energy = -1905596.8456703734
Energy cost per unit length : 0.0877454776075621
Prev_energy - Current_energy = 0.0011837655551149295
      Step     Time          Energy         fmax
BFGS:    0 16:53:36 -1905596.845670        0.1529
BFGS:    1 16:53:59 -1905596.846750        0.1000
BFGS:    2 16:54:23 -1905596.847860        0.0373
BFGS:    3 16:54:48 -1905596.848179        0.0382
BFGS:    4 16:55:12 -1905596.849469        0.0533
BFGS:    5 16:55:37 -1905596.849971        0.0379
BFGS:    6 16:56:02 -1905596.850227        0.0177
BFGS:    7 16:56:27 -1905596.850373        0.0157
BFGS:    8 16:56:51 -1905596.850603        0.0263
BFGS:    9 16:57:15 -1905596.850837        0.0282
BFGS:   10 16:57:40 -1905596.851022        0.0149
BFGS:   11 16:58:04 -1905596.851137        0.0126
BFGS:   12 16:58:29 -1905596.851238        0.0130
BFGS:   13 16:58:53 -1905596.851349        0.0178
BFGS:   14 16:59:17 -1905596.851458        0.0177
BFGS:   15 16:59:41 -1905596.851542        0.0126
BFGS:   16 17:00:06 -1905596.851606        0.0098
BFGS:   17 17:00:30 -1905596.851671        0.0115
BFGS:   18 17:00:54 -1905596.851743        0.0151
BFGS:   19 17:01:18 -1905596.851811        0.0161
BFGS:   20 17:01:43 -1905596.851862        0.0099
BFGS:   21 17:02:07 -1905596.851899        0.0067
BFGS:   22 17:02:32 -1905596.851937        0.0073
BFGS:   23 17:02:57 -1905596.851984        0.0129
BFGS:   24 17:03:22 -1905596.852032        0.0124
BFGS:   25 17:03:47 -1905596.852068        0.0064
BFGS:   26 17:04:11 -1905596.852094        0.0046
BFGS:   27 17:04:36 -1905596.852119        0.0067
BFGS:   28 17:05:00 -1905596.852148        0.0092
BFGS:   29 17:05:25 -1905596.852179        0.0074
BFGS:   30 17:05:49 -1905596.852203        0.0049
BFGS:   31 17:06:14 -1905596.852222        0.0041
BFGS:   32 17:06:40 -1905596.852241        0.0067
BFGS:   33 17:07:05 -1905596.852263        0.0073
BFGS:   34 17:07:30 -1905596.852283        0.0058
BFGS:   35 17:07:54 -1905596.852298        0.0036
BFGS:   36 17:08:19 -1905596.852311        0.0049
BFGS:   37 17:08:43 -1905596.852327        0.0065
BFGS:   38 17:09:07 -1905596.852345        0.0074
BFGS:   39 17:09:32 -1905596.852361        0.0045
BFGS:   40 17:09:56 -1905596.852372        0.0024
BFGS:   41 17:10:21 -1905596.852382        0.0039
BFGS:   42 17:10:45 -1905596.852394        0.0059
BFGS:   43 17:11:09 -1905596.852406        0.0054
BFGS:   44 17:11:33 -1905596.852417        0.0027
BFGS:   45 17:11:57 -1905596.852426        0.0025
BFGS:   46 17:12:22 -1905596.852434        0.0040
BFGS:   47 17:12:46 -1905596.852443        0.0047
BFGS:   48 17:13:10 -1905596.852452        0.0039
BFGS:   49 17:13:35 -1905596.852459        0.0026
BFGS:   50 17:13:59 -1905596.852465        0.0024
BFGS:   51 17:14:24 -1905596.852471        0.0035
BFGS:   52 17:14:49 -1905596.852478        0.0037
BFGS:   53 17:15:14 -1905596.852485        0.0034
BFGS:   54 17:15:38 -1905596.852490        0.0017
BFGS:   55 17:16:04 -1905596.852494        0.0024
BFGS:   56 17:16:28 -1905596.852499        0.0025
BFGS:   57 17:16:52 -1905596.852503        0.0028
BFGS:   58 17:17:17 -1905596.852508        0.0019
BFGS:   59 17:17:41 -1905596.852511        0.0016
BFGS:   60 17:18:05 -1905596.852514        0.0018
BFGS:   61 17:18:29 -1905596.852518        0.0026
BFGS:   62 17:18:53 -1905596.852521        0.0022
BFGS:   63 17:19:17 -1905596.852524        0.0014
BFGS:   64 17:19:43 -1905596.852527        0.0011
BFGS:   65 17:20:07 -1905596.852529        0.0021
BFGS:   66 17:20:32 -1905596.852531        0.0024
BFGS:   67 17:20:56 -1905596.852534        0.0018
BFGS:   68 17:21:20 -1905596.852536        0.0011
BFGS:   69 17:21:45 -1905596.852538        0.0013
BFGS:   70 17:22:10 -1905596.852540        0.0020
BFGS:   71 17:22:34 -1905596.852542        0.0019
BFGS:   72 17:22:58 -1905596.852543        0.0014
BFGS:   73 17:23:23 -1905596.852545        0.0010
38 37 186 77 109
Combined bilayer energy = -1905596.8525447734
Energy cost per unit length : 0.08712266589687631
Prev_energy - Current_energy = 0.0006228117106857889
      Step     Time          Energy         fmax
BFGS:    0 17:23:23 -1905596.852545        0.1374
BFGS:    1 17:23:46 -1905596.853431        0.0901
BFGS:    2 17:24:10 -1905596.854342        0.0345
BFGS:    3 17:24:35 -1905596.854602        0.0353
BFGS:    4 17:24:59 -1905596.855677        0.0489
BFGS:    5 17:25:23 -1905596.856098        0.0352
BFGS:    6 17:25:48 -1905596.856310        0.0159
BFGS:    7 17:26:13 -1905596.856429        0.0140
BFGS:    8 17:26:38 -1905596.856623        0.0246
BFGS:    9 17:27:02 -1905596.856825        0.0273
BFGS:   10 17:27:26 -1905596.856987        0.0149
BFGS:   11 17:27:49 -1905596.857087        0.0116
BFGS:   12 17:28:13 -1905596.857175        0.0121
BFGS:   13 17:28:38 -1905596.857275        0.0175
BFGS:   14 17:29:01 -1905596.857374        0.0154
BFGS:   15 17:29:25 -1905596.857451        0.0118
BFGS:   16 17:29:51 -1905596.857511        0.0086
BFGS:   17 17:30:16 -1905596.857573        0.0125
BFGS:   18 17:30:41 -1905596.857645        0.0138
BFGS:   19 17:31:05 -1905596.857715        0.0160
BFGS:   20 17:31:29 -1905596.857767        0.0108
BFGS:   21 17:31:56 -1905596.857806        0.0071
BFGS:   22 17:32:21 -1905596.857846        0.0082
BFGS:   23 17:32:45 -1905596.857897        0.0138
BFGS:   24 17:33:09 -1905596.857953        0.0149
BFGS:   25 17:33:33 -1905596.857998        0.0086
BFGS:   26 17:33:58 -1905596.858030        0.0054
BFGS:   27 17:34:23 -1905596.858061        0.0074
BFGS:   28 17:34:48 -1905596.858097        0.0119
BFGS:   29 17:35:13 -1905596.858138        0.0105
BFGS:   30 17:35:37 -1905596.858174        0.0052
BFGS:   31 17:36:02 -1905596.858203        0.0053
BFGS:   32 17:36:27 -1905596.858233        0.0097
BFGS:   33 17:36:51 -1905596.858266        0.0111
BFGS:   34 17:37:16 -1905596.858298        0.0069
BFGS:   35 17:37:40 -1905596.858325        0.0045
BFGS:   36 17:38:04 -1905596.858348        0.0070
BFGS:   37 17:38:29 -1905596.858376        0.0110
BFGS:   38 17:38:53 -1905596.858407        0.0104
BFGS:   39 17:39:17 -1905596.858437        0.0052
BFGS:   40 17:39:41 -1905596.858460        0.0040
BFGS:   41 17:40:06 -1905596.858481        0.0071
BFGS:   42 17:40:30 -1905596.858505        0.0094
BFGS:   43 17:40:55 -1905596.858532        0.0075
BFGS:   44 17:41:19 -1905596.858556        0.0039
BFGS:   45 17:41:43 -1905596.858576        0.0037
BFGS:   46 17:42:08 -1905596.858597        0.0067
BFGS:   47 17:42:32 -1905596.858621        0.0073
BFGS:   48 17:42:57 -1905596.858644        0.0058
BFGS:   49 17:43:21 -1905596.858664        0.0045
BFGS:   50 17:43:45 -1905596.858682        0.0040
BFGS:   51 17:44:10 -1905596.858702        0.0059
BFGS:   52 17:44:35 -1905596.858725        0.0068
BFGS:   53 17:44:59 -1905596.858747        0.0062
BFGS:   54 17:45:23 -1905596.858767        0.0036
BFGS:   55 17:45:47 -1905596.858784        0.0043
BFGS:   56 17:46:12 -1905596.858804        0.0047
BFGS:   57 17:46:37 -1905596.858825        0.0059
BFGS:   58 17:47:02 -1905596.858845        0.0046
BFGS:   59 17:47:27 -1905596.858861        0.0029
BFGS:   60 17:47:52 -1905596.858877        0.0035
BFGS:   61 17:48:16 -1905596.858894        0.0056
BFGS:   62 17:48:41 -1905596.858914        0.0060
BFGS:   63 17:49:06 -1905596.858931        0.0042
BFGS:   64 17:49:30 -1905596.858945        0.0027
BFGS:   65 17:49:56 -1905596.858958        0.0041
BFGS:   66 17:50:20 -1905596.858973        0.0060
BFGS:   67 17:50:45 -1905596.858988        0.0052
BFGS:   68 17:51:09 -1905596.859002        0.0037
BFGS:   69 17:51:34 -1905596.859013        0.0031
BFGS:   70 17:51:59 -1905596.859024        0.0045
BFGS:   71 17:52:24 -1905596.859036        0.0053
BFGS:   72 17:52:48 -1905596.859048        0.0045
BFGS:   73 17:53:12 -1905596.859058        0.0022
BFGS:   74 17:53:37 -1905596.859066        0.0027
BFGS:   75 17:54:01 -1905596.859075        0.0038
BFGS:   76 17:54:25 -1905596.859084        0.0048
BFGS:   77 17:54:50 -1905596.859093        0.0034
BFGS:   78 17:55:14 -1905596.859100        0.0017
BFGS:   79 17:55:39 -1905596.859106        0.0023
BFGS:   80 17:56:03 -1905596.859112        0.0041
BFGS:   81 17:56:27 -1905596.859119        0.0040
BFGS:   82 17:56:52 -1905596.859125        0.0020
BFGS:   83 17:57:16 -1905596.859130        0.0014
BFGS:   84 17:57:41 -1905596.859134        0.0026
BFGS:   85 17:58:06 -1905596.859139        0.0035
BFGS:   86 17:58:32 -1905596.859143        0.0027
BFGS:   87 17:58:56 -1905596.859147        0.0016
BFGS:   88 17:59:21 -1905596.859150        0.0013
BFGS:   89 17:59:45 -1905596.859153        0.0022
BFGS:   90 18:00:10 -1905596.859156        0.0024
BFGS:   91 18:00:34 -1905596.859159        0.0021
BFGS:   92 18:00:58 -1905596.859162        0.0013
BFGS:   93 18:01:22 -1905596.859164        0.0013
BFGS:   94 18:01:45 -1905596.859166        0.0018
BFGS:   95 18:02:10 -1905596.859168        0.0023
BFGS:   96 18:02:34 -1905596.859170        0.0017
BFGS:   97 18:02:58 -1905596.859172        0.0010
37 37 186 76 110
Combined bilayer energy = -1905596.8591716592
Energy cost per unit length : 0.08835733504006263
Prev_energy - Current_energy = 0.0012346691431863177
      Step     Time          Energy         fmax
BFGS:    0 18:02:58 -1905596.859172        0.1464
BFGS:    1 18:03:21 -1905596.860165        0.0959
BFGS:    2 18:03:45 -1905596.861190        0.0360
BFGS:    3 18:04:10 -1905596.861484        0.0367
BFGS:    4 18:04:34 -1905596.862680        0.0513
BFGS:    5 18:04:58 -1905596.863144        0.0364
BFGS:    6 18:05:22 -1905596.863380        0.0172
BFGS:    7 18:05:47 -1905596.863513        0.0151
BFGS:    8 18:06:12 -1905596.863727        0.0254
BFGS:    9 18:06:36 -1905596.863947        0.0278
BFGS:   10 18:07:00 -1905596.864123        0.0152
BFGS:   11 18:07:24 -1905596.864231        0.0122
BFGS:   12 18:07:48 -1905596.864322        0.0119
BFGS:   13 18:08:12 -1905596.864423        0.0170
BFGS:   14 18:08:36 -1905596.864525        0.0173
BFGS:   15 18:09:01 -1905596.864605        0.0124
BFGS:   16 18:09:25 -1905596.864666        0.0099
BFGS:   17 18:09:50 -1905596.864727        0.0108
BFGS:   18 18:10:14 -1905596.864794        0.0146
BFGS:   19 18:10:38 -1905596.864858        0.0156
BFGS:   20 18:11:03 -1905596.864905        0.0097
BFGS:   21 18:11:27 -1905596.864941        0.0065
BFGS:   22 18:11:50 -1905596.864978        0.0071
BFGS:   23 18:12:15 -1905596.865022        0.0125
BFGS:   24 18:12:39 -1905596.865067        0.0121
BFGS:   25 18:13:04 -1905596.865103        0.0065
BFGS:   26 18:13:28 -1905596.865127        0.0045
BFGS:   27 18:13:52 -1905596.865151        0.0064
BFGS:   28 18:14:17 -1905596.865179        0.0089
BFGS:   29 18:14:42 -1905596.865208        0.0074
BFGS:   30 18:15:06 -1905596.865233        0.0048
BFGS:   31 18:15:30 -1905596.865251        0.0041
BFGS:   32 18:15:54 -1905596.865270        0.0064
BFGS:   33 18:16:18 -1905596.865290        0.0071
BFGS:   34 18:16:43 -1905596.865310        0.0058
BFGS:   35 18:17:07 -1905596.865325        0.0035
BFGS:   36 18:17:32 -1905596.865338        0.0049
BFGS:   37 18:17:56 -1905596.865353        0.0064
BFGS:   38 18:18:21 -1905596.865371        0.0073
BFGS:   39 18:18:46 -1905596.865386        0.0045
BFGS:   40 18:19:10 -1905596.865398        0.0025
BFGS:   41 18:19:34 -1905596.865408        0.0040
BFGS:   42 18:19:59 -1905596.865419        0.0059
BFGS:   43 18:20:23 -1905596.865432        0.0054
BFGS:   44 18:20:48 -1905596.865443        0.0027
BFGS:   45 18:21:12 -1905596.865451        0.0025
BFGS:   46 18:21:37 -1905596.865460        0.0041
BFGS:   47 18:22:02 -1905596.865469        0.0048
BFGS:   48 18:22:26 -1905596.865478        0.0037
BFGS:   49 18:22:51 -1905596.865485        0.0024
BFGS:   50 18:23:15 -1905596.865491        0.0025
BFGS:   51 18:23:39 -1905596.865497        0.0037
BFGS:   52 18:24:04 -1905596.865504        0.0036
BFGS:   53 18:24:29 -1905596.865511        0.0033
BFGS:   54 18:24:53 -1905596.865516        0.0016
BFGS:   55 18:25:17 -1905596.865520        0.0025
BFGS:   56 18:25:42 -1905596.865525        0.0027
BFGS:   57 18:26:07 -1905596.865530        0.0028
BFGS:   58 18:26:31 -1905596.865534        0.0019
BFGS:   59 18:26:55 -1905596.865537        0.0016
BFGS:   60 18:27:20 -1905596.865541        0.0019
BFGS:   61 18:27:45 -1905596.865544        0.0026
BFGS:   62 18:28:10 -1905596.865548        0.0023
BFGS:   63 18:28:33 -1905596.865551        0.0014
BFGS:   64 18:28:58 -1905596.865553        0.0011
BFGS:   65 18:29:23 -1905596.865555        0.0021
BFGS:   66 18:29:47 -1905596.865558        0.0025
BFGS:   67 18:30:11 -1905596.865561        0.0018
BFGS:   68 18:30:36 -1905596.865563        0.0012
BFGS:   69 18:31:02 -1905596.865565        0.0013
BFGS:   70 18:31:26 -1905596.865566        0.0020
BFGS:   71 18:31:51 -1905596.865568        0.0019
BFGS:   72 18:32:16 -1905596.865570        0.0015
BFGS:   73 18:32:40 -1905596.865571        0.0010
37 37 186 76 110
Combined bilayer energy = -1905596.865571487
Energy cost per unit length : 0.08777751897250592
Prev_energy - Current_energy = 0.0005798160675567071
      Step     Time          Energy         fmax
BFGS:    0 18:32:40 -1905596.865571        0.1327
BFGS:    1 18:33:03 -1905596.866397        0.0871
BFGS:    2 18:33:27 -1905596.867248        0.0333
BFGS:    3 18:33:51 -1905596.867491        0.0341
BFGS:    4 18:34:15 -1905596.868501        0.0475
BFGS:    5 18:34:39 -1905596.868897        0.0343
BFGS:    6 18:35:04 -1905596.869097        0.0154
BFGS:    7 18:35:28 -1905596.869210        0.0135
BFGS:    8 18:35:52 -1905596.869392        0.0238
BFGS:    9 18:36:16 -1905596.869583        0.0265
BFGS:   10 18:36:41 -1905596.869736        0.0145
BFGS:   11 18:37:06 -1905596.869831        0.0113
BFGS:   12 18:37:30 -1905596.869913        0.0118
BFGS:   13 18:37:54 -1905596.870008        0.0171
BFGS:   14 18:38:19 -1905596.870103        0.0150
BFGS:   15 18:38:43 -1905596.870176        0.0115
BFGS:   16 18:39:08 -1905596.870232        0.0084
BFGS:   17 18:39:33 -1905596.870291        0.0122
BFGS:   18 18:39:57 -1905596.870360        0.0134
BFGS:   19 18:40:21 -1905596.870427        0.0156
BFGS:   20 18:40:46 -1905596.870476        0.0106
BFGS:   21 18:41:10 -1905596.870513        0.0069
BFGS:   22 18:41:35 -1905596.870551        0.0080
BFGS:   23 18:41:59 -1905596.870600        0.0133
BFGS:   24 18:42:23 -1905596.870652        0.0145
BFGS:   25 18:42:47 -1905596.870695        0.0084
BFGS:   26 18:43:11 -1905596.870726        0.0054
BFGS:   27 18:43:36 -1905596.870755        0.0072
BFGS:   28 18:44:00 -1905596.870790        0.0115
BFGS:   29 18:44:25 -1905596.870828        0.0102
BFGS:   30 18:44:49 -1905596.870862        0.0050
BFGS:   31 18:45:14 -1905596.870890        0.0051
BFGS:   32 18:45:39 -1905596.870918        0.0094
BFGS:   33 18:46:03 -1905596.870949        0.0108
BFGS:   34 18:46:27 -1905596.870980        0.0067
BFGS:   35 18:46:52 -1905596.871005        0.0043
BFGS:   36 18:47:16 -1905596.871027        0.0067
BFGS:   37 18:47:40 -1905596.871052        0.0105
BFGS:   38 18:48:05 -1905596.871082        0.0100
BFGS:   39 18:48:29 -1905596.871109        0.0050
BFGS:   40 18:48:53 -1905596.871131        0.0039
BFGS:   41 18:49:17 -1905596.871150        0.0069
BFGS:   42 18:49:42 -1905596.871173        0.0090
BFGS:   43 18:50:06 -1905596.871197        0.0071
BFGS:   44 18:50:31 -1905596.871219        0.0038
BFGS:   45 18:50:56 -1905596.871238        0.0035
BFGS:   46 18:51:20 -1905596.871257        0.0065
BFGS:   47 18:51:44 -1905596.871279        0.0071
BFGS:   48 18:52:09 -1905596.871301        0.0057
BFGS:   49 18:52:34 -1905596.871321        0.0045
BFGS:   50 18:52:58 -1905596.871338        0.0039
BFGS:   51 18:53:22 -1905596.871357        0.0056
BFGS:   52 18:53:46 -1905596.871379        0.0066
BFGS:   53 18:54:10 -1905596.871399        0.0059
BFGS:   54 18:54:35 -1905596.871417        0.0034
BFGS:   55 18:54:59 -1905596.871433        0.0041
BFGS:   56 18:55:24 -1905596.871451        0.0045
BFGS:   57 18:55:48 -1905596.871471        0.0056
BFGS:   58 18:56:13 -1905596.871488        0.0043
BFGS:   59 18:56:38 -1905596.871503        0.0027
BFGS:   60 18:57:03 -1905596.871517        0.0033
BFGS:   61 18:57:27 -1905596.871532        0.0053
BFGS:   62 18:57:52 -1905596.871549        0.0056
BFGS:   63 18:58:17 -1905596.871565        0.0039
BFGS:   64 18:58:42 -1905596.871576        0.0026
BFGS:   65 18:59:06 -1905596.871587        0.0039
BFGS:   66 18:59:31 -1905596.871600        0.0055
BFGS:   67 18:59:55 -1905596.871613        0.0048
BFGS:   68 19:00:19 -1905596.871625        0.0034
BFGS:   69 19:00:44 -1905596.871634        0.0028
BFGS:   70 19:01:09 -1905596.871643        0.0041
BFGS:   71 19:01:34 -1905596.871653        0.0048
BFGS:   72 19:01:58 -1905596.871663        0.0041
BFGS:   73 19:02:23 -1905596.871671        0.0020
BFGS:   74 19:02:47 -1905596.871678        0.0024
BFGS:   75 19:03:12 -1905596.871684        0.0034
BFGS:   76 19:03:36 -1905596.871692        0.0043
BFGS:   77 19:04:01 -1905596.871699        0.0030
BFGS:   78 19:04:25 -1905596.871705        0.0015
BFGS:   79 19:04:50 -1905596.871709        0.0021
BFGS:   80 19:05:15 -1905596.871715        0.0036
BFGS:   81 19:05:39 -1905596.871720        0.0035
BFGS:   82 19:06:04 -1905596.871725        0.0017
BFGS:   83 19:06:28 -1905596.871728        0.0013
BFGS:   84 19:06:52 -1905596.871732        0.0023
BFGS:   85 19:07:17 -1905596.871735        0.0030
BFGS:   86 19:07:41 -1905596.871739        0.0022
BFGS:   87 19:08:05 -1905596.871742        0.0014
BFGS:   88 19:08:30 -1905596.871744        0.0012
BFGS:   89 19:08:54 -1905596.871747        0.0019
BFGS:   90 19:09:19 -1905596.871749        0.0021
BFGS:   91 19:09:43 -1905596.871751        0.0018
BFGS:   92 19:10:07 -1905596.871753        0.0011
BFGS:   93 19:10:32 -1905596.871755        0.0012
BFGS:   94 19:10:56 -1905596.871756        0.0016
BFGS:   95 19:11:20 -1905596.871758        0.0019
BFGS:   96 19:11:45 -1905596.871760        0.0014
BFGS:   97 19:12:09 -1905596.871761        0.0008
37 37 186 76 110
Combined bilayer energy = -1905596.8717607022
Energy cost per unit length : 0.08721678412757634
Prev_energy - Current_energy = 0.0005607348449295779
      Step     Time          Energy         fmax
BFGS:    0 19:12:10 -1905596.871761        0.1412
BFGS:    1 19:12:32 -1905596.872686        0.0924
BFGS:    2 19:12:56 -1905596.873639        0.0347
BFGS:    3 19:13:20 -1905596.873913        0.0354
BFGS:    4 19:13:45 -1905596.875028        0.0494
BFGS:    5 19:14:09 -1905596.875460        0.0352
BFGS:    6 19:14:34 -1905596.875681        0.0166
BFGS:    7 19:14:59 -1905596.875806        0.0146
BFGS:    8 19:15:24 -1905596.876005        0.0245
BFGS:    9 19:15:49 -1905596.876212        0.0268
BFGS:   10 19:16:13 -1905596.876376        0.0147
BFGS:   11 19:16:39 -1905596.876478        0.0118
BFGS:   12 19:17:03 -1905596.876564        0.0116
BFGS:   13 19:17:27 -1905596.876659        0.0165
BFGS:   14 19:17:53 -1905596.876755        0.0167
BFGS:   15 19:18:17 -1905596.876831        0.0120
BFGS:   16 19:18:42 -1905596.876889        0.0096
BFGS:   17 19:19:06 -1905596.876947        0.0105
BFGS:   18 19:19:31 -1905596.877011        0.0142
BFGS:   19 19:19:56 -1905596.877071        0.0152
BFGS:   20 19:20:21 -1905596.877116        0.0094
BFGS:   21 19:20:46 -1905596.877151        0.0064
BFGS:   22 19:21:10 -1905596.877185        0.0069
BFGS:   23 19:21:35 -1905596.877228        0.0122
BFGS:   24 19:22:00 -1905596.877272        0.0119
BFGS:   25 19:22:25 -1905596.877306        0.0064
BFGS:   26 19:22:49 -1905596.877330        0.0044
BFGS:   27 19:23:13 -1905596.877352        0.0062
BFGS:   28 19:23:38 -1905596.877379        0.0087
BFGS:   29 19:24:03 -1905596.877408        0.0074
BFGS:   30 19:24:27 -1905596.877432        0.0048
BFGS:   31 19:24:51 -1905596.877450        0.0040
BFGS:   32 19:25:15 -1905596.877468        0.0063
BFGS:   33 19:25:40 -1905596.877488        0.0071
BFGS:   34 19:26:05 -1905596.877508        0.0058
BFGS:   35 19:26:29 -1905596.877522        0.0035
BFGS:   36 19:26:53 -1905596.877535        0.0047
BFGS:   37 19:27:17 -1905596.877550        0.0064
BFGS:   38 19:27:42 -1905596.877568        0.0074
BFGS:   39 19:28:06 -1905596.877583        0.0046
BFGS:   40 19:28:30 -1905596.877595        0.0024
BFGS:   41 19:28:55 -1905596.877605        0.0039
BFGS:   42 19:29:19 -1905596.877617        0.0060
BFGS:   43 19:29:45 -1905596.877629        0.0055
BFGS:   44 19:30:09 -1905596.877640        0.0027
BFGS:   45 19:30:34 -1905596.877649        0.0025
BFGS:   46 19:30:59 -1905596.877657        0.0041
BFGS:   47 19:31:23 -1905596.877667        0.0048
BFGS:   48 19:31:48 -1905596.877676        0.0038
BFGS:   49 19:32:12 -1905596.877683        0.0025
BFGS:   50 19:32:37 -1905596.877689        0.0025
BFGS:   51 19:33:01 -1905596.877696        0.0037
BFGS:   52 19:33:26 -1905596.877703        0.0037
BFGS:   53 19:33:50 -1905596.877709        0.0033
BFGS:   54 19:34:15 -1905596.877714        0.0017
BFGS:   55 19:34:40 -1905596.877719        0.0025
BFGS:   56 19:35:04 -1905596.877724        0.0027
BFGS:   57 19:35:29 -1905596.877729        0.0028
BFGS:   58 19:35:53 -1905596.877733        0.0019
BFGS:   59 19:36:17 -1905596.877736        0.0016
BFGS:   60 19:36:42 -1905596.877740        0.0019
BFGS:   61 19:37:07 -1905596.877743        0.0026
BFGS:   62 19:37:32 -1905596.877747        0.0023
BFGS:   63 19:37:56 -1905596.877750        0.0015
BFGS:   64 19:38:20 -1905596.877753        0.0011
BFGS:   65 19:38:45 -1905596.877755        0.0021
BFGS:   66 19:39:10 -1905596.877757        0.0025
BFGS:   67 19:39:34 -1905596.877760        0.0018
BFGS:   68 19:39:59 -1905596.877762        0.0012
BFGS:   69 19:40:24 -1905596.877764        0.0013
BFGS:   70 19:40:48 -1905596.877766        0.0020
BFGS:   71 19:41:13 -1905596.877768        0.0020
BFGS:   72 19:41:37 -1905596.877769        0.0015
BFGS:   73 19:42:02 -1905596.877771        0.0010
37 37 186 76 110
Combined bilayer energy = -1905596.8777709205
Energy cost per unit length : 0.08667226617238559
Prev_energy - Current_energy = 0.0005445179551907542
      Step     Time          Energy         fmax
BFGS:    0 19:42:02 -1905596.877771        0.1292
BFGS:    1 19:42:25 -1905596.878554        0.0848
BFGS:    2 19:42:48 -1905596.879362        0.0324
BFGS:    3 19:43:12 -1905596.879593        0.0332
BFGS:    4 19:43:37 -1905596.880551        0.0462
BFGS:    5 19:44:01 -1905596.880927        0.0334
BFGS:    6 19:44:26 -1905596.881118        0.0150
BFGS:    7 19:44:51 -1905596.881225        0.0132
BFGS:    8 19:45:15 -1905596.881398        0.0232
BFGS:    9 19:45:40 -1905596.881580        0.0259
BFGS:   10 19:46:05 -1905596.881726        0.0142
BFGS:   11 19:46:30 -1905596.881816        0.0111
BFGS:   12 19:46:54 -1905596.881895        0.0115
BFGS:   13 19:47:20 -1905596.881986        0.0166
BFGS:   14 19:47:44 -1905596.882076        0.0146
BFGS:   15 19:48:08 -1905596.882146        0.0112
BFGS:   16 19:48:34 -1905596.882200        0.0083
BFGS:   17 19:48:58 -1905596.882256        0.0119
BFGS:   18 19:49:23 -1905596.882322        0.0130
BFGS:   19 19:49:47 -1905596.882386        0.0152
BFGS:   20 19:50:12 -1905596.882433        0.0103
BFGS:   21 19:50:36 -1905596.882468        0.0067
BFGS:   22 19:51:01 -1905596.882505        0.0079
BFGS:   23 19:51:26 -1905596.882551        0.0130
BFGS:   24 19:51:51 -1905596.882601        0.0141
BFGS:   25 19:52:15 -1905596.882642        0.0082
BFGS:   26 19:52:40 -1905596.882672        0.0052
BFGS:   27 19:53:04 -1905596.882699        0.0070
BFGS:   28 19:53:29 -1905596.882732        0.0112
BFGS:   29 19:53:54 -1905596.882769        0.0099
BFGS:   30 19:54:19 -1905596.882801        0.0049
BFGS:   31 19:54:44 -1905596.882827        0.0049
BFGS:   32 19:55:08 -1905596.882853        0.0091
BFGS:   33 19:55:34 -1905596.882883        0.0104
BFGS:   34 19:55:58 -1905596.882912        0.0065
BFGS:   35 19:56:23 -1905596.882935        0.0042
BFGS:   36 19:56:47 -1905596.882956        0.0065
BFGS:   37 19:57:12 -1905596.882980        0.0102
BFGS:   38 19:57:36 -1905596.883008        0.0097
BFGS:   39 19:58:00 -1905596.883033        0.0048
BFGS:   40 19:58:24 -1905596.883054        0.0038
BFGS:   41 19:58:48 -1905596.883072        0.0067
BFGS:   42 19:59:13 -1905596.883092        0.0087
BFGS:   43 19:59:37 -1905596.883115        0.0068
BFGS:   44 20:00:02 -1905596.883135        0.0036
BFGS:   45 20:00:27 -1905596.883153        0.0035
BFGS:   46 20:00:52 -1905596.883170        0.0063
BFGS:   47 20:01:16 -1905596.883191        0.0068
BFGS:   48 20:01:41 -1905596.883211        0.0055
BFGS:   49 20:02:06 -1905596.883228        0.0042
BFGS:   50 20:02:31 -1905596.883244        0.0037
BFGS:   51 20:02:55 -1905596.883261        0.0054
BFGS:   52 20:03:20 -1905596.883280        0.0062
BFGS:   53 20:03:44 -1905596.883299        0.0055
BFGS:   54 20:04:09 -1905596.883315        0.0032
BFGS:   55 20:04:33 -1905596.883329        0.0038
BFGS:   56 20:04:57 -1905596.883345        0.0042
BFGS:   57 20:05:21 -1905596.883362        0.0053
BFGS:   58 20:05:46 -1905596.883377        0.0040
BFGS:   59 20:06:10 -1905596.883390        0.0026
BFGS:   60 20:06:35 -1905596.883402        0.0030
BFGS:   61 20:07:00 -1905596.883415        0.0049
BFGS:   62 20:07:24 -1905596.883430        0.0051
BFGS:   63 20:07:49 -1905596.883443        0.0036
BFGS:   64 20:08:14 -1905596.883453        0.0023
BFGS:   65 20:08:37 -1905596.883462        0.0036
BFGS:   66 20:09:02 -1905596.883473        0.0051
BFGS:   67 20:09:26 -1905596.883484        0.0044
BFGS:   68 20:09:51 -1905596.883494        0.0030
BFGS:   69 20:10:15 -1905596.883501        0.0026
BFGS:   70 20:10:41 -1905596.883509        0.0038
BFGS:   71 20:11:05 -1905596.883517        0.0043
BFGS:   72 20:11:29 -1905596.883526        0.0037
BFGS:   73 20:11:54 -1905596.883532        0.0017
BFGS:   74 20:12:18 -1905596.883538        0.0022
BFGS:   75 20:12:43 -1905596.883543        0.0032
BFGS:   76 20:13:08 -1905596.883549        0.0039
BFGS:   77 20:13:32 -1905596.883555        0.0026
BFGS:   78 20:13:57 -1905596.883560        0.0014
BFGS:   79 20:14:21 -1905596.883564        0.0020
BFGS:   80 20:14:45 -1905596.883568        0.0033
BFGS:   81 20:15:09 -1905596.883572        0.0031
BFGS:   82 20:15:33 -1905596.883576        0.0015
BFGS:   83 20:15:57 -1905596.883579        0.0011
BFGS:   84 20:16:22 -1905596.883581        0.0022
BFGS:   85 20:16:48 -1905596.883584        0.0027
BFGS:   86 20:17:12 -1905596.883587        0.0019
BFGS:   87 20:17:36 -1905596.883590        0.0012
BFGS:   88 20:18:01 -1905596.883592        0.0010
BFGS:   89 20:18:25 -1905596.883593        0.0017
BFGS:   90 20:18:50 -1905596.883595        0.0019
BFGS:   91 20:19:14 -1905596.883597        0.0016
BFGS:   92 20:19:39 -1905596.883599        0.0009
37 37 186 76 110
Combined bilayer energy = -1905596.883598759
Energy cost per unit length : 0.08614427158388697
Prev_energy - Current_energy = 0.0005279945884986148
      Step     Time          Energy         fmax
BFGS:    0 20:19:39 -1905596.883599        0.1371
BFGS:    1 20:20:02 -1905596.884472        0.0896
BFGS:    2 20:20:26 -1905596.885362        0.0332
BFGS:    3 20:20:50 -1905596.885616        0.0340
BFGS:    4 20:21:15 -1905596.886652        0.0473
BFGS:    5 20:21:40 -1905596.887054        0.0337
BFGS:    6 20:22:04 -1905596.887263        0.0160
BFGS:    7 20:22:28 -1905596.887383        0.0143
BFGS:    8 20:22:53 -1905596.887571        0.0235
BFGS:    9 20:23:17 -1905596.887761        0.0251
BFGS:   10 20:23:43 -1905596.887912        0.0134
BFGS:   11 20:24:07 -1905596.888008        0.0120
BFGS:   12 20:24:31 -1905596.888092        0.0119
BFGS:   13 20:24:56 -1905596.888184        0.0161
BFGS:   14 20:25:20 -1905596.888274        0.0160
BFGS:   15 20:25:44 -1905596.888344        0.0113
BFGS:   16 20:26:09 -1905596.888399        0.0093
BFGS:   17 20:26:33 -1905596.888455        0.0106
BFGS:   18 20:26:57 -1905596.888517        0.0139
BFGS:   19 20:27:21 -1905596.888575        0.0147
BFGS:   20 20:27:46 -1905596.888618        0.0089
BFGS:   21 20:28:11 -1905596.888650        0.0062
BFGS:   22 20:28:35 -1905596.888684        0.0068
BFGS:   23 20:28:59 -1905596.888725        0.0119
BFGS:   24 20:29:24 -1905596.888767        0.0115
BFGS:   25 20:29:48 -1905596.888800        0.0061
BFGS:   26 20:30:13 -1905596.888823        0.0043
BFGS:   27 20:30:37 -1905596.888845        0.0062
BFGS:   28 20:31:01 -1905596.888871        0.0086
BFGS:   29 20:31:26 -1905596.888900        0.0073
BFGS:   30 20:31:51 -1905596.888923        0.0048
BFGS:   31 20:32:16 -1905596.888940        0.0040
BFGS:   32 20:32:40 -1905596.888958        0.0062
BFGS:   33 20:33:04 -1905596.888978        0.0072
BFGS:   34 20:33:28 -1905596.888997        0.0059
BFGS:   35 20:33:53 -1905596.889012        0.0036
BFGS:   36 20:34:17 -1905596.889024        0.0046
BFGS:   37 20:34:41 -1905596.889039        0.0064
BFGS:   38 20:35:05 -1905596.889057        0.0074
BFGS:   39 20:35:29 -1905596.889073        0.0047
BFGS:   40 20:35:54 -1905596.889084        0.0023
BFGS:   41 20:36:18 -1905596.889094        0.0037
BFGS:   42 20:36:43 -1905596.889106        0.0059
BFGS:   43 20:37:07 -1905596.889119        0.0056
BFGS:   44 20:37:32 -1905596.889130        0.0027
BFGS:   45 20:37:57 -1905596.889139        0.0025
BFGS:   46 20:38:22 -1905596.889147        0.0040
BFGS:   47 20:38:47 -1905596.889157        0.0048
BFGS:   48 20:39:11 -1905596.889166        0.0039
BFGS:   49 20:39:35 -1905596.889174        0.0027
BFGS:   50 20:39:59 -1905596.889180        0.0024
BFGS:   51 20:40:24 -1905596.889186        0.0036
BFGS:   52 20:40:49 -1905596.889193        0.0037
BFGS:   53 20:41:13 -1905596.889200        0.0034
BFGS:   54 20:41:38 -1905596.889205        0.0018
BFGS:   55 20:42:03 -1905596.889210        0.0025
BFGS:   56 20:42:28 -1905596.889215        0.0026
BFGS:   57 20:42:53 -1905596.889220        0.0028
BFGS:   58 20:43:17 -1905596.889224        0.0019
BFGS:   59 20:43:42 -1905596.889228        0.0017
BFGS:   60 20:44:06 -1905596.889231        0.0019
BFGS:   61 20:44:31 -1905596.889235        0.0026
BFGS:   62 20:44:55 -1905596.889239        0.0022
BFGS:   63 20:45:19 -1905596.889242        0.0014
BFGS:   64 20:45:44 -1905596.889244        0.0011
BFGS:   65 20:46:09 -1905596.889247        0.0022
BFGS:   66 20:46:33 -1905596.889249        0.0025
BFGS:   67 20:46:57 -1905596.889252        0.0017
BFGS:   68 20:47:21 -1905596.889254        0.0012
BFGS:   69 20:47:46 -1905596.889256        0.0013
BFGS:   70 20:48:11 -1905596.889258        0.0021
BFGS:   71 20:48:35 -1905596.889260        0.0020
BFGS:   72 20:48:59 -1905596.889262        0.0014
BFGS:   73 20:49:24 -1905596.889263        0.0010
37 37 186 76 110
Combined bilayer energy = -1905596.8892630567
Energy cost per unit length : 0.08563109359194866
Prev_energy - Current_energy = 0.0005131779919383128
      Step     Time          Energy         fmax
BFGS:    0 20:49:24 -1905596.889263        0.1264
BFGS:    1 20:49:47 -1905596.890016        0.0830
BFGS:    2 20:50:10 -1905596.890790        0.0318
BFGS:    3 20:50:34 -1905596.891011        0.0325
BFGS:    4 20:50:58 -1905596.891928        0.0451
BFGS:    5 20:51:22 -1905596.892287        0.0326
BFGS:    6 20:51:46 -1905596.892469        0.0148
BFGS:    7 20:52:11 -1905596.892571        0.0130
BFGS:    8 20:52:35 -1905596.892737        0.0228
BFGS:    9 20:53:00 -1905596.892911        0.0253
BFGS:   10 20:53:24 -1905596.893052        0.0139
BFGS:   11 20:53:49 -1905596.893139        0.0109
BFGS:   12 20:54:12 -1905596.893215        0.0112
BFGS:   13 20:54:36 -1905596.893301        0.0163
BFGS:   14 20:55:00 -1905596.893388        0.0142
BFGS:   15 20:55:25 -1905596.893455        0.0110
BFGS:   16 20:55:49 -1905596.893507        0.0081
BFGS:   17 20:56:14 -1905596.893561        0.0116
BFGS:   18 20:56:38 -1905596.893624        0.0127
BFGS:   19 20:57:03 -1905596.893685        0.0148
BFGS:   20 20:57:27 -1905596.893731        0.0101
BFGS:   21 20:57:51 -1905596.893764        0.0066
BFGS:   22 20:58:16 -1905596.893799        0.0077
BFGS:   23 20:58:41 -1905596.893844        0.0127
BFGS:   24 20:59:05 -1905596.893892        0.0138
BFGS:   25 20:59:30 -1905596.893931        0.0081
BFGS:   26 20:59:54 -1905596.893960        0.0049
BFGS:   27 21:00:19 -1905596.893986        0.0067
BFGS:   28 21:00:43 -1905596.894017        0.0109
BFGS:   29 21:01:08 -1905596.894052        0.0097
BFGS:   30 21:01:32 -1905596.894082        0.0047
BFGS:   31 21:01:57 -1905596.894108        0.0049
BFGS:   32 21:02:23 -1905596.894133        0.0088
BFGS:   33 21:02:47 -1905596.894161        0.0101
BFGS:   34 21:03:12 -1905596.894188        0.0063
BFGS:   35 21:03:37 -1905596.894210        0.0040
BFGS:   36 21:04:01 -1905596.894229        0.0063
BFGS:   37 21:04:26 -1905596.894252        0.0099
BFGS:   38 21:04:49 -1905596.894278        0.0095
BFGS:   39 21:05:13 -1905596.894302        0.0046
BFGS:   40 21:05:37 -1905596.894321        0.0035
BFGS:   41 21:06:03 -1905596.894338        0.0063
BFGS:   42 21:06:27 -1905596.894357        0.0083
BFGS:   43 21:06:52 -1905596.894378        0.0066
BFGS:   44 21:07:16 -1905596.894397        0.0035
BFGS:   45 21:07:41 -1905596.894413        0.0034
BFGS:   46 21:08:05 -1905596.894431        0.0062
BFGS:   47 21:08:29 -1905596.894450        0.0067
BFGS:   48 21:08:54 -1905596.894470        0.0054
BFGS:   49 21:09:19 -1905596.894487        0.0041
BFGS:   50 21:09:44 -1905596.894501        0.0036
BFGS:   51 21:10:09 -1905596.894517        0.0052
BFGS:   52 21:10:33 -1905596.894535        0.0061
BFGS:   53 21:10:58 -1905596.894553        0.0054
BFGS:   54 21:11:23 -1905596.894567        0.0031
BFGS:   55 21:11:47 -1905596.894580        0.0037
BFGS:   56 21:12:11 -1905596.894595        0.0041
BFGS:   57 21:12:36 -1905596.894610        0.0051
BFGS:   58 21:13:01 -1905596.894624        0.0037
BFGS:   59 21:13:26 -1905596.894635        0.0025
BFGS:   60 21:13:50 -1905596.894646        0.0029
BFGS:   61 21:14:15 -1905596.894658        0.0046
BFGS:   62 21:14:40 -1905596.894671        0.0047
BFGS:   63 21:15:04 -1905596.894682        0.0033
BFGS:   64 21:15:28 -1905596.894691        0.0021
BFGS:   65 21:15:53 -1905596.894699        0.0034
BFGS:   66 21:16:17 -1905596.894708        0.0047
BFGS:   67 21:16:42 -1905596.894718        0.0040
BFGS:   68 21:17:07 -1905596.894726        0.0027
BFGS:   69 21:17:32 -1905596.894733        0.0025
BFGS:   70 21:17:57 -1905596.894739        0.0035
BFGS:   71 21:18:21 -1905596.894746        0.0039
BFGS:   72 21:18:46 -1905596.894753        0.0033
BFGS:   73 21:19:10 -1905596.894758        0.0015
BFGS:   74 21:19:35 -1905596.894763        0.0021
BFGS:   75 21:20:00 -1905596.894768        0.0030
BFGS:   76 21:20:24 -1905596.894773        0.0035
BFGS:   77 21:20:48 -1905596.894778        0.0023
BFGS:   78 21:21:13 -1905596.894781        0.0012
BFGS:   79 21:21:38 -1905596.894784        0.0019
BFGS:   80 21:22:02 -1905596.894788        0.0030
BFGS:   81 21:22:26 -1905596.894791        0.0028
BFGS:   82 21:22:51 -1905596.894794        0.0013
BFGS:   83 21:23:15 -1905596.894797        0.0010
37 36 186 75 111
Combined bilayer energy = -1905596.894796584
Energy cost per unit length : 0.08696481959228806
Prev_energy - Current_energy = 0.0013337260003394025
      Step     Time          Energy         fmax
BFGS:    0 21:23:16 -1905596.894797        0.1323
BFGS:    1 21:23:38 -1905596.895613        0.0866
BFGS:    2 21:24:02 -1905596.896457        0.0325
BFGS:    3 21:24:27 -1905596.896699        0.0332
BFGS:    4 21:24:51 -1905596.897679        0.0460
BFGS:    5 21:25:15 -1905596.898059        0.0325
BFGS:    6 21:25:39 -1905596.898255        0.0157
BFGS:    7 21:26:04 -1905596.898369        0.0139
BFGS:    8 21:26:29 -1905596.898549        0.0231
BFGS:    9 21:26:54 -1905596.898731        0.0245
BFGS:   10 21:27:18 -1905596.898875        0.0132
BFGS:   11 21:27:43 -1905596.898965        0.0119
BFGS:   12 21:28:07 -1905596.899045        0.0116
BFGS:   13 21:28:32 -1905596.899134        0.0159
BFGS:   14 21:28:56 -1905596.899220        0.0157
BFGS:   15 21:29:20 -1905596.899287        0.0111
BFGS:   16 21:29:45 -1905596.899340        0.0093
BFGS:   17 21:30:09 -1905596.899393        0.0104
BFGS:   18 21:30:33 -1905596.899453        0.0136
BFGS:   19 21:30:58 -1905596.899508        0.0144
BFGS:   20 21:31:23 -1905596.899550        0.0087
BFGS:   21 21:31:47 -1905596.899581        0.0061
BFGS:   22 21:32:11 -1905596.899614        0.0068
BFGS:   23 21:32:36 -1905596.899654        0.0117
BFGS:   24 21:33:01 -1905596.899695        0.0112
BFGS:   25 21:33:26 -1905596.899726        0.0059
BFGS:   26 21:33:51 -1905596.899749        0.0042
BFGS:   27 21:34:16 -1905596.899770        0.0062
BFGS:   28 21:34:41 -1905596.899797        0.0085
BFGS:   29 21:35:06 -1905596.899824        0.0070
BFGS:   30 21:35:31 -1905596.899847        0.0048
BFGS:   31 21:35:56 -1905596.899864        0.0041
BFGS:   32 21:36:22 -1905596.899881        0.0063
BFGS:   33 21:36:47 -1905596.899902        0.0072
BFGS:   34 21:37:13 -1905596.899921        0.0057
BFGS:   35 21:37:37 -1905596.899935        0.0035
BFGS:   36 21:38:02 -1905596.899948        0.0047
BFGS:   37 21:38:27 -1905596.899962        0.0065
BFGS:   38 21:38:51 -1905596.899980        0.0075
BFGS:   39 21:39:15 -1905596.899996        0.0047
BFGS:   40 21:39:40 -1905596.900008        0.0024
BFGS:   41 21:40:04 -1905596.900018        0.0039
BFGS:   42 21:40:29 -1905596.900030        0.0060
BFGS:   43 21:40:54 -1905596.900043        0.0055
BFGS:   44 21:41:20 -1905596.900054        0.0028
BFGS:   45 21:41:45 -1905596.900063        0.0027
BFGS:   46 21:42:10 -1905596.900072        0.0042
BFGS:   47 21:42:34 -1905596.900082        0.0049
BFGS:   48 21:42:59 -1905596.900092        0.0037
BFGS:   49 21:43:23 -1905596.900099        0.0025
BFGS:   50 21:43:48 -1905596.900106        0.0026
BFGS:   51 21:44:12 -1905596.900112        0.0039
BFGS:   52 21:44:37 -1905596.900120        0.0037
BFGS:   53 21:45:02 -1905596.900127        0.0032
BFGS:   54 21:45:26 -1905596.900132        0.0016
BFGS:   55 21:45:50 -1905596.900137        0.0027
BFGS:   56 21:46:15 -1905596.900142        0.0029
BFGS:   57 21:46:39 -1905596.900147        0.0027
BFGS:   58 21:47:03 -1905596.900152        0.0017
BFGS:   59 21:47:28 -1905596.900155        0.0017
BFGS:   60 21:47:52 -1905596.900159        0.0021
BFGS:   61 21:48:16 -1905596.900163        0.0026
BFGS:   62 21:48:40 -1905596.900167        0.0022
BFGS:   63 21:49:05 -1905596.900170        0.0014
BFGS:   64 21:49:29 -1905596.900173        0.0012
BFGS:   65 21:49:54 -1905596.900175        0.0023
BFGS:   66 21:50:19 -1905596.900178        0.0025
BFGS:   67 21:50:43 -1905596.900181        0.0017
BFGS:   68 21:51:07 -1905596.900183        0.0011
BFGS:   69 21:51:31 -1905596.900185        0.0014
BFGS:   70 21:51:54 -1905596.900187        0.0021
BFGS:   71 21:52:18 -1905596.900189        0.0020
BFGS:   72 21:52:43 -1905596.900190        0.0014
BFGS:   73 21:53:07 -1905596.900192        0.0010
37 36 186 75 111
Combined bilayer energy = -1905596.9001918852
Energy cost per unit length : 0.0864760123295759
Prev_energy - Current_energy = 0.0004888072627121653
      Step     Time          Energy         fmax
BFGS:    0 21:53:07 -1905596.900192        0.1241
BFGS:    1 21:53:31 -1905596.900916        0.0815
BFGS:    2 21:53:55 -1905596.901663        0.0311
BFGS:    3 21:54:20 -1905596.901876        0.0318
BFGS:    4 21:54:44 -1905596.902758        0.0442
BFGS:    5 21:55:09 -1905596.903103        0.0318
BFGS:    6 21:55:33 -1905596.903278        0.0144
BFGS:    7 21:55:58 -1905596.903378        0.0127
BFGS:    8 21:56:23 -1905596.903538        0.0223
BFGS:    9 21:56:47 -1905596.903706        0.0247
BFGS:   10 21:57:12 -1905596.903841        0.0134
BFGS:   11 21:57:36 -1905596.903925        0.0108
BFGS:   12 21:58:01 -1905596.903999        0.0112
BFGS:   13 21:58:25 -1905596.904083        0.0160
BFGS:   14 21:58:49 -1905596.904167        0.0140
BFGS:   15 21:59:14 -1905596.904231        0.0107
BFGS:   16 21:59:39 -1905596.904281        0.0080
BFGS:   17 22:00:04 -1905596.904333        0.0115
BFGS:   18 22:00:28 -1905596.904395        0.0126
BFGS:   19 22:00:53 -1905596.904454        0.0146
BFGS:   20 22:01:17 -1905596.904498        0.0098
BFGS:   21 22:01:43 -1905596.904531        0.0065
BFGS:   22 22:02:08 -1905596.904564        0.0076
BFGS:   23 22:02:33 -1905596.904607        0.0125
BFGS:   24 22:02:58 -1905596.904654        0.0134
BFGS:   25 22:03:23 -1905596.904691        0.0078
BFGS:   26 22:03:47 -1905596.904719        0.0049
BFGS:   27 22:04:12 -1905596.904744        0.0067
BFGS:   28 22:04:36 -1905596.904774        0.0106
BFGS:   29 22:05:01 -1905596.904807        0.0093
BFGS:   30 22:05:25 -1905596.904836        0.0046
BFGS:   31 22:05:50 -1905596.904860        0.0047
BFGS:   32 22:06:14 -1905596.904884        0.0088
BFGS:   33 22:06:40 -1905596.904911        0.0099
BFGS:   34 22:07:04 -1905596.904937        0.0060
BFGS:   35 22:07:29 -1905596.904958        0.0039
BFGS:   36 22:07:53 -1905596.904976        0.0062
BFGS:   37 22:08:18 -1905596.904997        0.0096
BFGS:   38 22:08:43 -1905596.905022        0.0089
BFGS:   39 22:09:08 -1905596.905044        0.0044
BFGS:   40 22:09:33 -1905596.905062        0.0035
BFGS:   41 22:09:57 -1905596.905079        0.0065
BFGS:   42 22:10:21 -1905596.905099        0.0085
BFGS:   43 22:10:46 -1905596.905121        0.0068
BFGS:   44 22:11:11 -1905596.905141        0.0035
BFGS:   45 22:11:35 -1905596.905158        0.0035
BFGS:   46 22:12:00 -1905596.905176        0.0063
BFGS:   47 22:12:24 -1905596.905196        0.0068
BFGS:   48 22:12:49 -1905596.905216        0.0053
BFGS:   49 22:13:13 -1905596.905232        0.0040
BFGS:   50 22:13:38 -1905596.905247        0.0037
BFGS:   51 22:14:02 -1905596.905263        0.0053
BFGS:   52 22:14:27 -1905596.905280        0.0059
BFGS:   53 22:14:51 -1905596.905297        0.0052
BFGS:   54 22:15:15 -1905596.905311        0.0028
BFGS:   55 22:15:40 -1905596.905323        0.0037
BFGS:   56 22:16:05 -1905596.905337        0.0039
BFGS:   57 22:16:29 -1905596.905351        0.0048
BFGS:   58 22:16:54 -1905596.905364        0.0035
BFGS:   59 22:17:18 -1905596.905375        0.0024
BFGS:   60 22:17:43 -1905596.905384        0.0028
BFGS:   61 22:18:08 -1905596.905395        0.0044
BFGS:   62 22:18:32 -1905596.905407        0.0044
BFGS:   63 22:18:56 -1905596.905417        0.0031
BFGS:   64 22:19:19 -1905596.905425        0.0021
BFGS:   65 22:19:43 -1905596.905432        0.0033
BFGS:   66 22:20:07 -1905596.905440        0.0044
BFGS:   67 22:20:32 -1905596.905448        0.0038
BFGS:   68 22:20:56 -1905596.905455        0.0025
BFGS:   69 22:21:21 -1905596.905461        0.0024
BFGS:   70 22:21:45 -1905596.905466        0.0033
BFGS:   71 22:22:10 -1905596.905473        0.0035
BFGS:   72 22:22:34 -1905596.905478        0.0030
BFGS:   73 22:22:58 -1905596.905483        0.0014
BFGS:   74 22:23:23 -1905596.905487        0.0019
BFGS:   75 22:23:47 -1905596.905491        0.0028
BFGS:   76 22:24:11 -1905596.905495        0.0032
BFGS:   77 22:24:36 -1905596.905499        0.0020
BFGS:   78 22:25:00 -1905596.905502        0.0011
BFGS:   79 22:25:25 -1905596.905504        0.0018
BFGS:   80 22:25:49 -1905596.905507        0.0028
BFGS:   81 22:26:14 -1905596.905510        0.0025
BFGS:   82 22:26:39 -1905596.905513        0.0011
BFGS:   83 22:27:04 -1905596.905515        0.0008
37 36 186 75 111
Combined bilayer energy = -1905596.9055145055
Energy cost per unit length : 0.08599378985994616
Prev_energy - Current_energy = 0.00048222246962974225
      Step     Time          Energy         fmax
BFGS:    0 22:27:04 -1905596.905515        0.1294
BFGS:    1 22:27:26 -1905596.906298        0.0847
BFGS:    2 22:27:50 -1905596.907107        0.0318
BFGS:    3 22:28:14 -1905596.907339        0.0324
BFGS:    4 22:28:39 -1905596.908279        0.0449
BFGS:    5 22:29:04 -1905596.908644        0.0319
BFGS:    6 22:29:28 -1905596.908833        0.0153
BFGS:    7 22:29:53 -1905596.908943        0.0136
BFGS:    8 22:30:17 -1905596.909116        0.0226
BFGS:    9 22:30:42 -1905596.909291        0.0240
BFGS:   10 22:31:06 -1905596.909430        0.0130
BFGS:   11 22:31:30 -1905596.909517        0.0117
BFGS:   12 22:31:54 -1905596.909595        0.0114
BFGS:   13 22:32:18 -1905596.909681        0.0156
BFGS:   14 22:32:43 -1905596.909764        0.0154
BFGS:   15 22:33:07 -1905596.909829        0.0109
BFGS:   16 22:33:32 -1905596.909880        0.0092
BFGS:   17 22:33:56 -1905596.909932        0.0103
BFGS:   18 22:34:20 -1905596.909990        0.0134
BFGS:   19 22:34:46 -1905596.910045        0.0142
BFGS:   20 22:35:10 -1905596.910085        0.0086
BFGS:   21 22:35:34 -1905596.910116        0.0060
BFGS:   22 22:35:59 -1905596.910148        0.0067
BFGS:   23 22:36:24 -1905596.910187        0.0116
BFGS:   24 22:36:49 -1905596.910228        0.0111
BFGS:   25 22:37:13 -1905596.910259        0.0059
BFGS:   26 22:37:38 -1905596.910281        0.0042
BFGS:   27 22:38:03 -1905596.910302        0.0061
BFGS:   28 22:38:27 -1905596.910328        0.0084
BFGS:   29 22:38:52 -1905596.910356        0.0071
BFGS:   30 22:39:16 -1905596.910378        0.0048
BFGS:   31 22:39:42 -1905596.910396        0.0041
BFGS:   32 22:40:06 -1905596.910413        0.0063
BFGS:   33 22:40:31 -1905596.910433        0.0072
BFGS:   34 22:40:56 -1905596.910452        0.0058
BFGS:   35 22:41:19 -1905596.910467        0.0036
BFGS:   36 22:41:43 -1905596.910480        0.0047
BFGS:   37 22:42:08 -1905596.910495        0.0065
BFGS:   38 22:42:32 -1905596.910513        0.0076
BFGS:   39 22:42:56 -1905596.910529        0.0049
BFGS:   40 22:43:20 -1905596.910542        0.0024
BFGS:   41 22:43:45 -1905596.910552        0.0039
BFGS:   42 22:44:10 -1905596.910564        0.0061
BFGS:   43 22:44:34 -1905596.910577        0.0057
BFGS:   44 22:44:58 -1905596.910589        0.0030
BFGS:   45 22:45:22 -1905596.910599        0.0028
BFGS:   46 22:45:47 -1905596.910608        0.0042
BFGS:   47 22:46:11 -1905596.910618        0.0050
BFGS:   48 22:46:36 -1905596.910628        0.0038
BFGS:   49 22:47:00 -1905596.910636        0.0026
BFGS:   50 22:47:24 -1905596.910643        0.0026
BFGS:   51 22:47:49 -1905596.910650        0.0039
BFGS:   52 22:48:13 -1905596.910657        0.0038
BFGS:   53 22:48:38 -1905596.910665        0.0034
BFGS:   54 22:49:02 -1905596.910670        0.0018
BFGS:   55 22:49:26 -1905596.910676        0.0027
BFGS:   56 22:49:50 -1905596.910681        0.0029
BFGS:   57 22:50:15 -1905596.910686        0.0028
BFGS:   58 22:50:39 -1905596.910691        0.0019
BFGS:   59 22:51:05 -1905596.910695        0.0018
BFGS:   60 22:51:29 -1905596.910699        0.0021
BFGS:   61 22:51:54 -1905596.910703        0.0027
BFGS:   62 22:52:18 -1905596.910707        0.0023
BFGS:   63 22:52:43 -1905596.910710        0.0015
BFGS:   64 22:53:07 -1905596.910713        0.0012
BFGS:   65 22:53:31 -1905596.910716        0.0022
BFGS:   66 22:53:56 -1905596.910719        0.0025
BFGS:   67 22:54:21 -1905596.910721        0.0018
BFGS:   68 22:54:45 -1905596.910724        0.0012
BFGS:   69 22:55:10 -1905596.910726        0.0014
BFGS:   70 22:55:35 -1905596.910728        0.0022
BFGS:   71 22:55:59 -1905596.910730        0.0020
BFGS:   72 22:56:23 -1905596.910732        0.0015
BFGS:   73 22:56:49 -1905596.910733        0.0010
36 36 186 74 112
Combined bilayer energy = -1905596.9107333038
Energy cost per unit length : 0.08735602990310287
Prev_energy - Current_energy = 0.001362240043156715
      Step     Time          Energy         fmax
BFGS:    0 22:56:49 -1905596.910733        0.1223
BFGS:    1 22:57:12 -1905596.911439        0.0803
BFGS:    2 22:57:35 -1905596.912167        0.0307
BFGS:    3 22:57:58 -1905596.912374        0.0314
BFGS:    4 22:58:23 -1905596.913234        0.0435
BFGS:    5 22:58:47 -1905596.913570        0.0313
BFGS:    6 22:59:12 -1905596.913741        0.0142
BFGS:    7 22:59:36 -1905596.913838        0.0125
BFGS:    8 23:00:01 -1905596.913994        0.0220
BFGS:    9 23:00:25 -1905596.914158        0.0243
BFGS:   10 23:00:49 -1905596.914289        0.0132
BFGS:   11 23:01:13 -1905596.914371        0.0106
BFGS:   12 23:01:38 -1905596.914443        0.0110
BFGS:   13 23:02:02 -1905596.914525        0.0158
BFGS:   14 23:02:27 -1905596.914607        0.0138
BFGS:   15 23:02:51 -1905596.914669        0.0105
BFGS:   16 23:03:16 -1905596.914718        0.0079
BFGS:   17 23:03:41 -1905596.914769        0.0114
BFGS:   18 23:04:06 -1905596.914828        0.0124
BFGS:   19 23:04:31 -1905596.914886        0.0143
BFGS:   20 23:04:56 -1905596.914929        0.0097
BFGS:   21 23:05:20 -1905596.914960        0.0064
BFGS:   22 23:05:45 -1905596.914993        0.0074
BFGS:   23 23:06:09 -1905596.915034        0.0122
BFGS:   24 23:06:34 -1905596.915079        0.0131
BFGS:   25 23:06:58 -1905596.915116        0.0075
BFGS:   26 23:07:23 -1905596.915142        0.0048
BFGS:   27 23:07:47 -1905596.915166        0.0066
BFGS:   28 23:08:12 -1905596.915196        0.0104
BFGS:   29 23:08:37 -1905596.915227        0.0090
BFGS:   30 23:09:01 -1905596.915255        0.0045
BFGS:   31 23:09:25 -1905596.915278        0.0046
BFGS:   32 23:09:49 -1905596.915301        0.0086
BFGS:   33 23:10:13 -1905596.915327        0.0096
BFGS:   34 23:10:37 -1905596.915351        0.0057
BFGS:   35 23:11:01 -1905596.915371        0.0038
BFGS:   36 23:11:25 -1905596.915388        0.0062
BFGS:   37 23:11:49 -1905596.915408        0.0093
BFGS:   38 23:12:14 -1905596.915431        0.0086
BFGS:   39 23:12:39 -1905596.915453        0.0042
BFGS:   40 23:13:03 -1905596.915470        0.0034
BFGS:   41 23:13:27 -1905596.915486        0.0064
BFGS:   42 23:13:52 -1905596.915504        0.0082
BFGS:   43 23:14:16 -1905596.915524        0.0063
BFGS:   44 23:14:41 -1905596.915543        0.0033
BFGS:   45 23:15:05 -1905596.915558        0.0033
BFGS:   46 23:15:29 -1905596.915575        0.0061
BFGS:   47 23:15:54 -1905596.915593        0.0064
BFGS:   48 23:16:19 -1905596.915611        0.0050
BFGS:   49 23:16:44 -1905596.915626        0.0037
BFGS:   50 23:17:09 -1905596.915639        0.0036
BFGS:   51 23:17:33 -1905596.915654        0.0050
BFGS:   52 23:17:58 -1905596.915670        0.0057
BFGS:   53 23:18:23 -1905596.915685        0.0048
BFGS:   54 23:18:48 -1905596.915697        0.0025
BFGS:   55 23:19:12 -1905596.915708        0.0035
BFGS:   56 23:19:37 -1905596.915720        0.0038
BFGS:   57 23:20:03 -1905596.915733        0.0045
BFGS:   58 23:20:28 -1905596.915744        0.0031
BFGS:   59 23:20:51 -1905596.915753        0.0023
BFGS:   60 23:21:16 -1905596.915762        0.0026
BFGS:   61 23:21:43 -1905596.915771        0.0042
BFGS:   62 23:22:08 -1905596.915782        0.0041
BFGS:   63 23:22:33 -1905596.915790        0.0029
BFGS:   64 23:22:57 -1905596.915797        0.0019
BFGS:   65 23:23:21 -1905596.915803        0.0031
BFGS:   66 23:23:46 -1905596.915810        0.0041
BFGS:   67 23:24:10 -1905596.915817        0.0035
BFGS:   68 23:24:34 -1905596.915823        0.0022
BFGS:   69 23:24:58 -1905596.915828        0.0023
BFGS:   70 23:25:22 -1905596.915833        0.0030
BFGS:   71 23:25:47 -1905596.915838        0.0033
BFGS:   72 23:26:12 -1905596.915843        0.0027
BFGS:   73 23:26:36 -1905596.915847        0.0013
BFGS:   74 23:27:01 -1905596.915850        0.0018
BFGS:   75 23:27:26 -1905596.915854        0.0027
BFGS:   76 23:27:50 -1905596.915857        0.0030
BFGS:   77 23:28:14 -1905596.915861        0.0017
BFGS:   78 23:28:40 -1905596.915863        0.0010
36 36 186 74 112
Combined bilayer energy = -1905596.915863066
Energy cost per unit length : 0.08689128010034622
Prev_energy - Current_energy = 0.00046474980275665323
      Step     Time          Energy         fmax
BFGS:    0 23:28:40 -1905596.915863        0.1274
BFGS:    1 23:29:03 -1905596.916624        0.0832
BFGS:    2 23:29:27 -1905596.917395        0.0307
BFGS:    3 23:29:51 -1905596.917613        0.0314
BFGS:    4 23:30:16 -1905596.918515        0.0440
BFGS:    5 23:30:41 -1905596.918867        0.0315
BFGS:    6 23:31:05 -1905596.919050        0.0148
BFGS:    7 23:31:30 -1905596.919155        0.0132
BFGS:    8 23:31:54 -1905596.919319        0.0218
BFGS:    9 23:32:19 -1905596.919487        0.0236
BFGS:   10 23:32:43 -1905596.919621        0.0127
BFGS:   11 23:33:07 -1905596.919706        0.0106
BFGS:   12 23:33:31 -1905596.919780        0.0109
BFGS:   13 23:33:56 -1905596.919862        0.0151
BFGS:   14 23:34:21 -1905596.919943        0.0151
BFGS:   15 23:34:45 -1905596.920007        0.0108
BFGS:   16 23:35:10 -1905596.920057        0.0085
BFGS:   17 23:35:34 -1905596.920107        0.0098
BFGS:   18 23:35:58 -1905596.920162        0.0130
BFGS:   19 23:36:24 -1905596.920215        0.0138
BFGS:   20 23:36:48 -1905596.920256        0.0085
BFGS:   21 23:37:13 -1905596.920286        0.0060
BFGS:   22 23:37:38 -1905596.920317        0.0063
BFGS:   23 23:38:03 -1905596.920355        0.0111
BFGS:   24 23:38:27 -1905596.920394        0.0107
BFGS:   25 23:38:51 -1905596.920425        0.0061
BFGS:   26 23:39:15 -1905596.920448        0.0041
BFGS:   27 23:39:39 -1905596.920469        0.0058
BFGS:   28 23:40:03 -1905596.920494        0.0080
BFGS:   29 23:40:27 -1905596.920521        0.0072
BFGS:   30 23:40:51 -1905596.920544        0.0045
BFGS:   31 23:41:15 -1905596.920561        0.0037
BFGS:   32 23:41:41 -1905596.920579        0.0061
BFGS:   33 23:42:06 -1905596.920598        0.0071
BFGS:   34 23:42:30 -1905596.920617        0.0057
BFGS:   35 23:42:55 -1905596.920632        0.0034
BFGS:   36 23:43:19 -1905596.920645        0.0048
BFGS:   37 23:43:44 -1905596.920661        0.0065
BFGS:   38 23:44:08 -1905596.920679        0.0074
BFGS:   39 23:44:32 -1905596.920695        0.0045
BFGS:   40 23:44:58 -1905596.920707        0.0026
BFGS:   41 23:45:22 -1905596.920718        0.0041
BFGS:   42 23:45:47 -1905596.920731        0.0062
BFGS:   43 23:46:11 -1905596.920745        0.0056
BFGS:   44 23:46:36 -1905596.920757        0.0026
BFGS:   45 23:47:00 -1905596.920766        0.0024
BFGS:   46 23:47:24 -1905596.920776        0.0045
BFGS:   47 23:47:49 -1905596.920787        0.0052
BFGS:   48 23:48:13 -1905596.920797        0.0038
BFGS:   49 23:48:38 -1905596.920806        0.0026
BFGS:   50 23:49:02 -1905596.920813        0.0028
BFGS:   51 23:49:27 -1905596.920820        0.0041
BFGS:   52 23:49:51 -1905596.920828        0.0039
BFGS:   53 23:50:16 -1905596.920836        0.0034
BFGS:   54 23:50:41 -1905596.920842        0.0017
BFGS:   55 23:51:05 -1905596.920847        0.0028
BFGS:   56 23:51:29 -1905596.920853        0.0030
BFGS:   57 23:51:54 -1905596.920859        0.0030
BFGS:   58 23:52:18 -1905596.920864        0.0019
BFGS:   59 23:52:42 -1905596.920868        0.0018
BFGS:   60 23:53:06 -1905596.920872        0.0021
BFGS:   61 23:53:30 -1905596.920876        0.0029
BFGS:   62 23:53:55 -1905596.920881        0.0025
BFGS:   63 23:54:19 -1905596.920884        0.0015
BFGS:   64 23:54:44 -1905596.920887        0.0012
BFGS:   65 23:55:08 -1905596.920890        0.0023
BFGS:   66 23:55:32 -1905596.920893        0.0027
BFGS:   67 23:55:57 -1905596.920896        0.0018
BFGS:   68 23:56:21 -1905596.920898        0.0013
BFGS:   69 23:56:46 -1905596.920901        0.0015
BFGS:   70 23:57:10 -1905596.920903        0.0022
BFGS:   71 23:57:34 -1905596.920905        0.0021
BFGS:   72 23:57:59 -1905596.920907        0.0015
BFGS:   73 23:58:22 -1905596.920909        0.0011
BFGS:   74 23:58:47 -1905596.920910        0.0013
BFGS:   75 23:59:11 -1905596.920912        0.0017
BFGS:   76 23:59:37 -1905596.920913        0.0016
BFGS:   77 00:00:00 -1905596.920915        0.0010
36 36 186 74 112
Combined bilayer energy = -1905596.920914696
Energy cost per unit length : 0.08643360898917733
Prev_energy - Current_energy = 0.00045767111116888637
      Step     Time          Energy         fmax
BFGS:    0 00:00:01 -1905596.920915        0.1212
BFGS:    1 00:00:24 -1905596.921610        0.0795
BFGS:    2 00:00:48 -1905596.922318        0.0301
BFGS:    3 00:01:12 -1905596.922516        0.0307
BFGS:    4 00:01:37 -1905596.923354        0.0427
BFGS:    5 00:02:01 -1905596.923681        0.0309
BFGS:    6 00:02:26 -1905596.923848        0.0141
BFGS:    7 00:02:51 -1905596.923942        0.0123
BFGS:    8 00:03:15 -1905596.924094        0.0215
BFGS:    9 00:03:40 -1905596.924253        0.0237
BFGS:   10 00:04:03 -1905596.924380        0.0128
BFGS:   11 00:04:28 -1905596.924460        0.0099
BFGS:   12 00:04:52 -1905596.924530        0.0108
BFGS:   13 00:05:17 -1905596.924610        0.0154
BFGS:   14 00:05:42 -1905596.924689        0.0137
BFGS:   15 00:06:07 -1905596.924751        0.0104
BFGS:   16 00:06:31 -1905596.924798        0.0074
BFGS:   17 00:06:56 -1905596.924848        0.0111
BFGS:   18 00:07:21 -1905596.924906        0.0122
BFGS:   19 00:07:45 -1905596.924962        0.0141
BFGS:   20 00:08:10 -1905596.925003        0.0094
BFGS:   21 00:08:34 -1905596.925034        0.0063
BFGS:   22 00:08:59 -1905596.925066        0.0072
BFGS:   23 00:09:23 -1905596.925106        0.0121
BFGS:   24 00:09:47 -1905596.925150        0.0129
BFGS:   25 00:10:11 -1905596.925185        0.0073
BFGS:   26 00:10:36 -1905596.925211        0.0047
BFGS:   27 00:11:00 -1905596.925234        0.0066
BFGS:   28 00:11:25 -1905596.925262        0.0103
BFGS:   29 00:11:49 -1905596.925293        0.0089
BFGS:   30 00:12:14 -1905596.925320        0.0045
BFGS:   31 00:12:38 -1905596.925342        0.0046
BFGS:   32 00:13:03 -1905596.925364        0.0084
BFGS:   33 00:13:28 -1905596.925388        0.0093
BFGS:   34 00:13:52 -1905596.925412        0.0056
BFGS:   35 00:14:17 -1905596.925430        0.0038
BFGS:   36 00:14:41 -1905596.925447        0.0060
BFGS:   37 00:15:06 -1905596.925466        0.0092
BFGS:   38 00:15:31 -1905596.925489        0.0086
BFGS:   39 00:15:55 -1905596.925511        0.0044
BFGS:   40 00:16:19 -1905596.925529        0.0036
BFGS:   41 00:16:44 -1905596.925545        0.0063
BFGS:   42 00:17:08 -1905596.925563        0.0082
BFGS:   43 00:17:33 -1905596.925584        0.0065
BFGS:   44 00:17:58 -1905596.925602        0.0034
BFGS:   45 00:18:23 -1905596.925618        0.0031
BFGS:   46 00:18:47 -1905596.925633        0.0057
BFGS:   47 00:19:12 -1905596.925651        0.0063
BFGS:   48 00:19:36 -1905596.925669        0.0053
BFGS:   49 00:20:02 -1905596.925684        0.0039
BFGS:   50 00:20:26 -1905596.925696        0.0032
BFGS:   51 00:20:51 -1905596.925709        0.0045
BFGS:   52 00:21:16 -1905596.925724        0.0056
BFGS:   53 00:21:40 -1905596.925738        0.0049
BFGS:   54 00:22:05 -1905596.925750        0.0028
BFGS:   55 00:22:30 -1905596.925761        0.0031
BFGS:   56 00:22:54 -1905596.925772        0.0036
BFGS:   57 00:23:18 -1905596.925783        0.0044
BFGS:   58 00:23:42 -1905596.925794        0.0032
slurmstepd: error: *** JOB 857353 ON gpu021 CANCELLED AT 2024-09-21T00:24:00 DUE TO TIME LIMIT ***
