Starting calculations for AP-WS2/WS2
      Step     Time          Energy         fmax
BFGS:    0 14:38:11   -11331.186919        0.0383
BFGS:    1 14:38:12   -11331.186996        0.0248
BFGS:    2 14:38:18   -11331.187053        0.0172
BFGS:    3 14:38:18   -11331.187081        0.0193
BFGS:    4 14:38:18   -11331.187138        0.0160
BFGS:    5 14:38:18   -11331.187199        0.0259
BFGS:    6 14:38:18   -11331.187335        0.0401
BFGS:    7 14:38:18   -11331.187583        0.0524
BFGS:    8 14:38:18   -11331.187972        0.0532
BFGS:    9 14:38:18   -11331.188307        0.0326
BFGS:   10 14:38:18   -11331.188418        0.0117
BFGS:   11 14:38:18   -11331.188431        0.0018
BFGS:   12 14:38:18   -11331.188432        0.0001
      Step     Time          Energy         fmax
BFGS:    0 14:38:18   -11331.210339        0.0366
BFGS:    1 14:38:18   -11331.210400        0.0153
BFGS:    2 14:38:18   -11331.210414        0.0067
BFGS:    3 14:38:18   -11331.210420        0.0077
BFGS:    4 14:38:18   -11331.210462        0.0162
BFGS:    5 14:38:18   -11331.210525        0.0247
BFGS:    6 14:38:18   -11331.210643        0.0323
BFGS:    7 14:38:18   -11331.210770        0.0299
BFGS:    8 14:38:18   -11331.210857        0.0172
BFGS:    9 14:38:18   -11331.210891        0.0101
BFGS:   10 14:38:18   -11331.210902        0.0053
BFGS:   11 14:38:18   -11331.210904        0.0024
BFGS:   12 14:38:18   -11331.210904        0.0005
MM' and 2H energies : -11331.188432229417 , -11331.210904485179
      Step     Time          Energy         fmax
BFGS:    0 14:38:25 -2107602.578225        0.0009
/home/p/phrrpq/.local/lib/python3.10/site-packages/ase/io/extxyz.py:1000: UserWarning: write_xyz() overwriting array "forces" present in atoms.arrays with stored results from calculator
  warnings.warn('write_xyz() overwriting array "{0}" present '
37 37 186 76 110
Combined bilayer energy = -2107602.5782248997
Energy cost per unit length : 0.08523169999718011
Prev_energy - Current_energy = 0.0
      Step     Time          Energy         fmax
BFGS:    0 14:38:26 -2107602.578225        0.1452
BFGS:    1 14:38:56 -2107602.579237        0.0935
BFGS:    2 14:39:28 -2107602.580262        0.0385
BFGS:    3 14:40:00 -2107602.580595        0.0396
BFGS:    4 14:40:34 -2107602.581850        0.0544
BFGS:    5 14:41:06 -2107602.582367        0.0395
BFGS:    6 14:41:37 -2107602.582627        0.0167
BFGS:    7 14:42:10 -2107602.582771        0.0155
BFGS:    8 14:42:42 -2107602.583001        0.0263
BFGS:    9 14:43:13 -2107602.583242        0.0294
BFGS:   10 14:43:46 -2107602.583438        0.0161
BFGS:   11 14:44:18 -2107602.583562        0.0134
BFGS:   12 14:44:51 -2107602.583672        0.0134
BFGS:   13 14:45:23 -2107602.583796        0.0189
BFGS:   14 14:45:55 -2107602.583911        0.0150
BFGS:   15 14:46:29 -2107602.583997        0.0098
BFGS:   16 14:47:02 -2107602.584068        0.0098
BFGS:   17 14:47:35 -2107602.584151        0.0155
BFGS:   18 14:48:06 -2107602.584246        0.0152
BFGS:   19 14:48:38 -2107602.584327        0.0144
BFGS:   20 14:49:09 -2107602.584380        0.0078
BFGS:   21 14:49:42 -2107602.584425        0.0092
BFGS:   22 14:50:14 -2107602.584481        0.0115
BFGS:   23 14:50:47 -2107602.584549        0.0147
BFGS:   24 14:51:19 -2107602.584612        0.0127
BFGS:   25 14:51:52 -2107602.584656        0.0064
BFGS:   26 14:52:24 -2107602.584693        0.0069
BFGS:   27 14:52:55 -2107602.584734        0.0100
BFGS:   28 14:53:28 -2107602.584782        0.0123
BFGS:   29 14:54:00 -2107602.584826        0.0079
BFGS:   30 14:54:34 -2107602.584862        0.0065
BFGS:   31 14:55:07 -2107602.584895        0.0075
BFGS:   32 14:55:39 -2107602.584933        0.0119
BFGS:   33 14:56:13 -2107602.584973        0.0104
BFGS:   34 14:56:47 -2107602.585006        0.0059
BFGS:   35 14:57:19 -2107602.585033        0.0045
BFGS:   36 14:57:51 -2107602.585061        0.0104
BFGS:   37 14:58:24 -2107602.585095        0.0126
BFGS:   38 14:58:56 -2107602.585130        0.0089
BFGS:   39 14:59:29 -2107602.585158        0.0048
BFGS:   40 15:00:02 -2107602.585181        0.0060
BFGS:   41 15:00:34 -2107602.585205        0.0103
BFGS:   42 15:01:05 -2107602.585233        0.0104
BFGS:   43 15:01:38 -2107602.585260        0.0056
BFGS:   44 15:02:10 -2107602.585283        0.0039
BFGS:   45 15:02:41 -2107602.585304        0.0068
BFGS:   46 15:03:15 -2107602.585329        0.0094
BFGS:   47 15:03:48 -2107602.585354        0.0076
BFGS:   48 15:04:20 -2107602.585376        0.0037
BFGS:   49 15:04:52 -2107602.585396        0.0034
BFGS:   50 15:05:25 -2107602.585416        0.0071
BFGS:   51 15:05:58 -2107602.585441        0.0079
BFGS:   52 15:06:31 -2107602.585464        0.0050
BFGS:   53 15:07:05 -2107602.585483        0.0030
BFGS:   54 15:07:37 -2107602.585501        0.0046
BFGS:   55 15:08:09 -2107602.585520        0.0068
BFGS:   56 15:08:40 -2107602.585541        0.0057
BFGS:   57 15:09:13 -2107602.585560        0.0033
BFGS:   58 15:09:46 -2107602.585575        0.0030
BFGS:   59 15:10:19 -2107602.585590        0.0053
BFGS:   60 15:10:52 -2107602.585608        0.0058
BFGS:   61 15:11:24 -2107602.585626        0.0048
BFGS:   62 15:11:56 -2107602.585640        0.0023
BFGS:   63 15:12:29 -2107602.585651        0.0031
BFGS:   64 15:13:01 -2107602.585664        0.0045
BFGS:   65 15:13:32 -2107602.585678        0.0052
BFGS:   66 15:14:06 -2107602.585692        0.0036
BFGS:   67 15:14:38 -2107602.585703        0.0023
BFGS:   68 15:15:09 -2107602.585711        0.0028
BFGS:   69 15:15:42 -2107602.585721        0.0046
BFGS:   70 15:16:15 -2107602.585732        0.0046
BFGS:   71 15:16:48 -2107602.585742        0.0024
BFGS:   72 15:17:22 -2107602.585749        0.0023
BFGS:   73 15:17:53 -2107602.585756        0.0031
BFGS:   74 15:18:26 -2107602.585764        0.0044
BFGS:   75 15:18:58 -2107602.585772        0.0036
BFGS:   76 15:19:30 -2107602.585778        0.0019
BFGS:   77 15:20:01 -2107602.585783        0.0019
BFGS:   78 15:20:34 -2107602.585788        0.0029
BFGS:   79 15:21:05 -2107602.585794        0.0034
BFGS:   80 15:21:38 -2107602.585800        0.0022
BFGS:   81 15:22:11 -2107602.585804        0.0013
BFGS:   82 15:22:44 -2107602.585807        0.0016
BFGS:   83 15:23:16 -2107602.585811        0.0025
BFGS:   84 15:23:49 -2107602.585815        0.0025
BFGS:   85 15:24:23 -2107602.585818        0.0016
BFGS:   86 15:24:56 -2107602.585821        0.0011
BFGS:   87 15:25:27 -2107602.585824        0.0016
BFGS:   88 15:25:58 -2107602.585826        0.0022
BFGS:   89 15:26:30 -2107602.585829        0.0019
BFGS:   90 15:27:02 -2107602.585831        0.0009
37 36 186 75 111
Combined bilayer energy = -2107602.5858310335
Energy cost per unit length : 0.0865766111030034
Prev_energy - Current_energy = 0.0013449111058232849
      Step     Time          Energy         fmax
BFGS:    0 15:27:02 -2107602.585831        0.1513
BFGS:    1 15:27:33 -2107602.586925        0.0971
BFGS:    2 15:28:06 -2107602.588024        0.0389
BFGS:    3 15:28:39 -2107602.588380        0.0401
BFGS:    4 15:29:12 -2107602.589709        0.0552
BFGS:    5 15:29:43 -2107602.590256        0.0399
BFGS:    6 15:30:16 -2107602.590534        0.0175
BFGS:    7 15:30:47 -2107602.590690        0.0168
BFGS:    8 15:31:20 -2107602.590934        0.0264
BFGS:    9 15:31:52 -2107602.591187        0.0291
BFGS:   10 15:32:25 -2107602.591390        0.0164
BFGS:   11 15:32:57 -2107602.591519        0.0146
BFGS:   12 15:33:30 -2107602.591633        0.0133
BFGS:   13 15:34:02 -2107602.591758        0.0186
BFGS:   14 15:34:34 -2107602.591873        0.0160
BFGS:   15 15:35:07 -2107602.591961        0.0117
BFGS:   16 15:35:39 -2107602.592034        0.0114
BFGS:   17 15:36:10 -2107602.592115        0.0141
BFGS:   18 15:36:43 -2107602.592205        0.0156
BFGS:   19 15:37:15 -2107602.592279        0.0138
BFGS:   20 15:37:45 -2107602.592329        0.0067
BFGS:   21 15:38:18 -2107602.592372        0.0081
BFGS:   22 15:38:49 -2107602.592424        0.0099
BFGS:   23 15:39:22 -2107602.592486        0.0136
BFGS:   24 15:39:55 -2107602.592540        0.0106
BFGS:   25 15:40:27 -2107602.592578        0.0053
BFGS:   26 15:40:59 -2107602.592608        0.0055
BFGS:   27 15:41:30 -2107602.592644        0.0087
BFGS:   28 15:42:02 -2107602.592684        0.0097
BFGS:   29 15:42:34 -2107602.592721        0.0060
BFGS:   30 15:43:07 -2107602.592749        0.0057
BFGS:   31 15:43:40 -2107602.592774        0.0061
BFGS:   32 15:44:13 -2107602.592802        0.0085
BFGS:   33 15:44:46 -2107602.592832        0.0071
BFGS:   34 15:45:17 -2107602.592856        0.0043
BFGS:   35 15:45:49 -2107602.592875        0.0042
BFGS:   36 15:46:22 -2107602.592894        0.0073
BFGS:   37 15:46:56 -2107602.592918        0.0080
BFGS:   38 15:47:28 -2107602.592941        0.0070
BFGS:   39 15:48:02 -2107602.592959        0.0030
BFGS:   40 15:48:34 -2107602.592973        0.0045
BFGS:   41 15:49:07 -2107602.592989        0.0064
BFGS:   42 15:49:40 -2107602.593008        0.0079
BFGS:   43 15:50:11 -2107602.593026        0.0056
BFGS:   44 15:50:42 -2107602.593040        0.0029
BFGS:   45 15:51:15 -2107602.593053        0.0039
BFGS:   46 15:51:49 -2107602.593067        0.0066
BFGS:   47 15:52:22 -2107602.593083        0.0065
BFGS:   48 15:52:55 -2107602.593096        0.0031
BFGS:   49 15:53:27 -2107602.593106        0.0026
BFGS:   50 15:54:01 -2107602.593116        0.0048
BFGS:   51 15:54:33 -2107602.593129        0.0063
BFGS:   52 15:55:05 -2107602.593140        0.0045
BFGS:   53 15:55:37 -2107602.593150        0.0019
BFGS:   54 15:56:09 -2107602.593158        0.0029
BFGS:   55 15:56:42 -2107602.593166        0.0051
BFGS:   56 15:57:14 -2107602.593175        0.0048
BFGS:   57 15:57:46 -2107602.593183        0.0023
BFGS:   58 15:58:17 -2107602.593190        0.0018
BFGS:   59 15:58:49 -2107602.593196        0.0040
BFGS:   60 15:59:20 -2107602.593204        0.0048
BFGS:   61 15:59:53 -2107602.593210        0.0032
BFGS:   62 16:00:25 -2107602.593216        0.0014
BFGS:   63 16:00:57 -2107602.593220        0.0023
BFGS:   64 16:01:30 -2107602.593225        0.0038
BFGS:   65 16:02:01 -2107602.593231        0.0036
BFGS:   66 16:02:33 -2107602.593236        0.0017
BFGS:   67 16:03:05 -2107602.593240        0.0014
BFGS:   68 16:03:38 -2107602.593243        0.0024
BFGS:   69 16:04:11 -2107602.593247        0.0029
BFGS:   70 16:04:42 -2107602.593251        0.0023
BFGS:   71 16:05:13 -2107602.593254        0.0014
BFGS:   72 16:05:45 -2107602.593257        0.0014
BFGS:   73 16:06:17 -2107602.593260        0.0022
BFGS:   74 16:06:50 -2107602.593263        0.0025
BFGS:   75 16:07:22 -2107602.593265        0.0017
BFGS:   76 16:07:55 -2107602.593268        0.0013
BFGS:   77 16:08:28 -2107602.593270        0.0015
BFGS:   78 16:09:00 -2107602.593272        0.0019
BFGS:   79 16:09:33 -2107602.593274        0.0018
BFGS:   80 16:10:06 -2107602.593276        0.0010
BFGS:   81 16:10:38 -2107602.593278        0.0011
BFGS:   82 16:11:11 -2107602.593279        0.0012
BFGS:   83 16:11:43 -2107602.593281        0.0015
BFGS:   84 16:12:16 -2107602.593282        0.0014
BFGS:   85 16:12:48 -2107602.593284        0.0008
37 36 186 75 111
Combined bilayer energy = -2107602.5932837976
Energy cost per unit length : 0.08590237303938458
Prev_energy - Current_energy = 0.0006742380636188122
      Step     Time          Energy         fmax
BFGS:    0 16:12:49 -2107602.593284        0.1421
BFGS:    1 16:13:19 -2107602.594254        0.0914
BFGS:    2 16:13:51 -2107602.595234        0.0376
BFGS:    3 16:14:22 -2107602.595552        0.0387
BFGS:    4 16:14:53 -2107602.596758        0.0534
BFGS:    5 16:15:25 -2107602.597260        0.0391
BFGS:    6 16:15:57 -2107602.597513        0.0163
BFGS:    7 16:16:30 -2107602.597653        0.0150
BFGS:    8 16:17:02 -2107602.597873        0.0256
BFGS:    9 16:17:34 -2107602.598105        0.0287
BFGS:   10 16:18:06 -2107602.598293        0.0157
BFGS:   11 16:18:38 -2107602.598413        0.0127
BFGS:   12 16:19:10 -2107602.598521        0.0133
BFGS:   13 16:19:43 -2107602.598641        0.0186
BFGS:   14 16:20:15 -2107602.598753        0.0147
BFGS:   15 16:20:47 -2107602.598836        0.0094
BFGS:   16 16:21:19 -2107602.598905        0.0092
BFGS:   17 16:21:51 -2107602.598985        0.0153
BFGS:   18 16:22:23 -2107602.599077        0.0149
BFGS:   19 16:22:55 -2107602.599155        0.0140
BFGS:   20 16:23:30 -2107602.599207        0.0075
BFGS:   21 16:24:03 -2107602.599251        0.0091
BFGS:   22 16:24:35 -2107602.599304        0.0112
BFGS:   23 16:25:08 -2107602.599370        0.0143
BFGS:   24 16:25:40 -2107602.599430        0.0122
BFGS:   25 16:26:11 -2107602.599474        0.0067
BFGS:   26 16:26:42 -2107602.599509        0.0068
BFGS:   27 16:27:15 -2107602.599549        0.0099
BFGS:   28 16:27:48 -2107602.599594        0.0118
BFGS:   29 16:28:20 -2107602.599637        0.0074
BFGS:   30 16:28:53 -2107602.599671        0.0067
BFGS:   31 16:29:26 -2107602.599703        0.0078
BFGS:   32 16:29:59 -2107602.599740        0.0118
BFGS:   33 16:30:31 -2107602.599778        0.0101
BFGS:   34 16:31:04 -2107602.599809        0.0055
BFGS:   35 16:31:37 -2107602.599834        0.0047
BFGS:   36 16:32:10 -2107602.599861        0.0104
BFGS:   37 16:32:43 -2107602.599893        0.0125
BFGS:   38 16:33:16 -2107602.599926        0.0087
BFGS:   39 16:33:49 -2107602.599953        0.0043
BFGS:   40 16:34:21 -2107602.599974        0.0059
BFGS:   41 16:34:54 -2107602.599997        0.0100
BFGS:   42 16:35:27 -2107602.600023        0.0102
BFGS:   43 16:36:00 -2107602.600049        0.0056
BFGS:   44 16:36:33 -2107602.600071        0.0042
BFGS:   45 16:37:05 -2107602.600091        0.0067
BFGS:   46 16:37:37 -2107602.600115        0.0095
BFGS:   47 16:38:09 -2107602.600141        0.0079
BFGS:   48 16:38:41 -2107602.600163        0.0038
BFGS:   49 16:39:12 -2107602.600181        0.0037
BFGS:   50 16:39:46 -2107602.600200        0.0068
BFGS:   51 16:40:19 -2107602.600223        0.0078
BFGS:   52 16:40:51 -2107602.600245        0.0052
BFGS:   53 16:41:23 -2107602.600264        0.0031
BFGS:   54 16:41:56 -2107602.600280        0.0041
BFGS:   55 16:42:29 -2107602.600297        0.0063
BFGS:   56 16:43:02 -2107602.600317        0.0055
BFGS:   57 16:43:35 -2107602.600334        0.0034
BFGS:   58 16:44:07 -2107602.600348        0.0032
BFGS:   59 16:44:39 -2107602.600361        0.0048
BFGS:   60 16:45:11 -2107602.600377        0.0054
BFGS:   61 16:45:44 -2107602.600393        0.0047
BFGS:   62 16:46:17 -2107602.600406        0.0024
BFGS:   63 16:46:49 -2107602.600416        0.0027
BFGS:   64 16:47:21 -2107602.600426        0.0040
BFGS:   65 16:47:53 -2107602.600439        0.0048
BFGS:   66 16:48:25 -2107602.600451        0.0035
BFGS:   67 16:48:57 -2107602.600460        0.0023
BFGS:   68 16:49:28 -2107602.600468        0.0024
BFGS:   69 16:50:01 -2107602.600476        0.0043
BFGS:   70 16:50:33 -2107602.600485        0.0044
BFGS:   71 16:51:05 -2107602.600494        0.0025
BFGS:   72 16:51:39 -2107602.600500        0.0023
BFGS:   73 16:52:10 -2107602.600506        0.0027
BFGS:   74 16:52:43 -2107602.600512        0.0040
BFGS:   75 16:53:16 -2107602.600519        0.0035
BFGS:   76 16:53:48 -2107602.600524        0.0020
BFGS:   77 16:54:20 -2107602.600528        0.0020
BFGS:   78 16:54:52 -2107602.600533        0.0026
BFGS:   79 16:55:23 -2107602.600537        0.0031
BFGS:   80 16:55:55 -2107602.600542        0.0021
BFGS:   81 16:56:27 -2107602.600545        0.0013
BFGS:   82 16:56:58 -2107602.600548        0.0013
BFGS:   83 16:57:30 -2107602.600551        0.0021
BFGS:   84 16:58:04 -2107602.600554        0.0022
BFGS:   85 16:58:36 -2107602.600557        0.0015
BFGS:   86 16:59:08 -2107602.600559        0.0009
36 36 186 74 112
Combined bilayer energy = -2107602.6005594027
Energy cost per unit length : 0.0872771864998157
Prev_energy - Current_energy = 0.0013748134604311124
      Step     Time          Energy         fmax
BFGS:    0 16:59:08 -2107602.600559        0.1476
BFGS:    1 16:59:40 -2107602.601597        0.0948
BFGS:    2 17:00:11 -2107602.602644        0.0380
BFGS:    3 17:00:43 -2107602.602986        0.0391
BFGS:    4 17:01:15 -2107602.604254        0.0544
BFGS:    5 17:01:48 -2107602.604777        0.0392
BFGS:    6 17:02:19 -2107602.605044        0.0169
BFGS:    7 17:02:52 -2107602.605194        0.0161
BFGS:    8 17:03:25 -2107602.605427        0.0260
BFGS:    9 17:03:58 -2107602.605668        0.0286
BFGS:   10 17:04:29 -2107602.605861        0.0155
BFGS:   11 17:05:02 -2107602.605983        0.0133
BFGS:   12 17:05:35 -2107602.606093        0.0133
BFGS:   13 17:06:07 -2107602.606214        0.0185
BFGS:   14 17:06:39 -2107602.606327        0.0156
BFGS:   15 17:07:12 -2107602.606411        0.0106
BFGS:   16 17:07:44 -2107602.606481        0.0103
BFGS:   17 17:08:17 -2107602.606558        0.0139
BFGS:   18 17:08:48 -2107602.606644        0.0150
BFGS:   19 17:09:20 -2107602.606716        0.0135
BFGS:   20 17:09:52 -2107602.606766        0.0067
BFGS:   21 17:10:24 -2107602.606808        0.0081
BFGS:   22 17:10:57 -2107602.606859        0.0097
BFGS:   23 17:11:30 -2107602.606917        0.0129
BFGS:   24 17:12:02 -2107602.606970        0.0100
BFGS:   25 17:12:35 -2107602.607007        0.0053
BFGS:   26 17:13:07 -2107602.607038        0.0055
BFGS:   27 17:13:40 -2107602.607073        0.0085
BFGS:   28 17:14:12 -2107602.607112        0.0091
BFGS:   29 17:14:45 -2107602.607147        0.0057
BFGS:   30 17:15:19 -2107602.607174        0.0057
BFGS:   31 17:15:52 -2107602.607200        0.0065
BFGS:   32 17:16:24 -2107602.607229        0.0085
BFGS:   33 17:16:57 -2107602.607258        0.0067
BFGS:   34 17:17:30 -2107602.607281        0.0040
BFGS:   35 17:18:02 -2107602.607300        0.0047
BFGS:   36 17:18:35 -2107602.607320        0.0077
BFGS:   37 17:19:08 -2107602.607344        0.0078
BFGS:   38 17:19:40 -2107602.607367        0.0065
BFGS:   39 17:20:13 -2107602.607384        0.0029
BFGS:   40 17:20:46 -2107602.607398        0.0048
BFGS:   41 17:21:18 -2107602.607414        0.0065
BFGS:   42 17:21:50 -2107602.607433        0.0074
BFGS:   43 17:22:22 -2107602.607449        0.0048
BFGS:   44 17:22:55 -2107602.607463        0.0028
BFGS:   45 17:23:27 -2107602.607476        0.0042
BFGS:   46 17:24:00 -2107602.607491        0.0067
BFGS:   47 17:24:32 -2107602.607506        0.0059
BFGS:   48 17:25:04 -2107602.607518        0.0023
BFGS:   49 17:25:38 -2107602.607528        0.0024
BFGS:   50 17:26:11 -2107602.607540        0.0053
BFGS:   51 17:26:44 -2107602.607552        0.0062
BFGS:   52 17:27:18 -2107602.607564        0.0039
BFGS:   53 17:27:52 -2107602.607573        0.0018
BFGS:   54 17:28:25 -2107602.607581        0.0036
BFGS:   55 17:29:00 -2107602.607591        0.0055
BFGS:   56 17:29:33 -2107602.607600        0.0045
BFGS:   57 17:30:06 -2107602.607608        0.0019
BFGS:   58 17:30:37 -2107602.607614        0.0020
BFGS:   59 17:31:10 -2107602.607621        0.0045
BFGS:   60 17:31:42 -2107602.607629        0.0051
BFGS:   61 17:32:15 -2107602.607636        0.0030
BFGS:   62 17:32:47 -2107602.607641        0.0015
BFGS:   63 17:33:19 -2107602.607646        0.0027
BFGS:   64 17:33:53 -2107602.607651        0.0041
BFGS:   65 17:34:25 -2107602.607657        0.0037
BFGS:   66 17:34:58 -2107602.607662        0.0016
BFGS:   67 17:35:30 -2107602.607666        0.0013
BFGS:   68 17:36:03 -2107602.607670        0.0026
BFGS:   69 17:36:35 -2107602.607674        0.0031
BFGS:   70 17:37:08 -2107602.607678        0.0023
BFGS:   71 17:37:41 -2107602.607682        0.0012
BFGS:   72 17:38:13 -2107602.607684        0.0016
BFGS:   73 17:38:46 -2107602.607687        0.0023
BFGS:   74 17:39:19 -2107602.607691        0.0026
BFGS:   75 17:39:53 -2107602.607693        0.0017
BFGS:   76 17:40:25 -2107602.607696        0.0010
BFGS:   77 17:40:57 -2107602.607698        0.0016
BFGS:   78 17:41:30 -2107602.607700        0.0020
BFGS:   79 17:42:03 -2107602.607703        0.0018
BFGS:   80 17:42:37 -2107602.607705        0.0010
36 36 186 74 112
Combined bilayer energy = -2107602.607704533
Energy cost per unit length : 0.08663077952745465
Prev_energy - Current_energy = 0.0006464069723610411
      Step     Time          Energy         fmax
BFGS:    0 17:42:37 -2107602.607705        0.1407
BFGS:    1 17:43:07 -2107602.608658        0.0906
BFGS:    2 17:43:39 -2107602.609620        0.0372
BFGS:    3 17:44:11 -2107602.609932        0.0382
BFGS:    4 17:44:43 -2107602.611109        0.0524
BFGS:    5 17:45:15 -2107602.611594        0.0381
BFGS:    6 17:45:48 -2107602.611837        0.0162
BFGS:    7 17:46:21 -2107602.611973        0.0151
BFGS:    8 17:46:55 -2107602.612189        0.0254
BFGS:    9 17:47:26 -2107602.612417        0.0284
BFGS:   10 17:47:58 -2107602.612600        0.0155
BFGS:   11 17:48:29 -2107602.612717        0.0131
BFGS:   12 17:49:03 -2107602.612821        0.0130
BFGS:   13 17:49:34 -2107602.612938        0.0183
BFGS:   14 17:50:07 -2107602.613047        0.0146
BFGS:   15 17:50:39 -2107602.613127        0.0095
BFGS:   16 17:51:11 -2107602.613195        0.0096
BFGS:   17 17:51:43 -2107602.613273        0.0150
BFGS:   18 17:52:15 -2107602.613363        0.0146
BFGS:   19 17:52:47 -2107602.613438        0.0139
BFGS:   20 17:53:19 -2107602.613489        0.0076
BFGS:   21 17:53:53 -2107602.613531        0.0089
BFGS:   22 17:54:25 -2107602.613583        0.0111
BFGS:   23 17:54:56 -2107602.613647        0.0143
BFGS:   24 17:55:29 -2107602.613706        0.0123
BFGS:   25 17:56:00 -2107602.613747        0.0059
BFGS:   26 17:56:33 -2107602.613781        0.0065
BFGS:   27 17:57:06 -2107602.613819        0.0098
BFGS:   28 17:57:39 -2107602.613864        0.0120
BFGS:   29 17:58:12 -2107602.613905        0.0078
BFGS:   30 17:58:45 -2107602.613938        0.0061
BFGS:   31 17:59:20 -2107602.613968        0.0071
BFGS:   32 17:59:53 -2107602.614003        0.0114
BFGS:   33 18:00:27 -2107602.614039        0.0102
BFGS:   34 18:00:59 -2107602.614069        0.0056
BFGS:   35 18:01:32 -2107602.614093        0.0041
BFGS:   36 18:02:04 -2107602.614118        0.0097
BFGS:   37 18:02:37 -2107602.614149        0.0120
BFGS:   38 18:03:09 -2107602.614180        0.0086
BFGS:   39 18:03:42 -2107602.614204        0.0043
BFGS:   40 18:04:15 -2107602.614224        0.0054
BFGS:   41 18:04:47 -2107602.614246        0.0096
BFGS:   42 18:05:19 -2107602.614272        0.0101
BFGS:   43 18:05:52 -2107602.614297        0.0059
BFGS:   44 18:06:24 -2107602.614319        0.0038
BFGS:   45 18:06:57 -2107602.614339        0.0062
BFGS:   46 18:07:31 -2107602.614362        0.0090
BFGS:   47 18:08:04 -2107602.614386        0.0077
BFGS:   48 18:08:36 -2107602.614407        0.0037
BFGS:   49 18:09:09 -2107602.614425        0.0032
BFGS:   50 18:09:41 -2107602.614443        0.0063
BFGS:   51 18:10:12 -2107602.614463        0.0073
BFGS:   52 18:10:44 -2107602.614484        0.0048
BFGS:   53 18:11:17 -2107602.614501        0.0030
BFGS:   54 18:11:50 -2107602.614516        0.0039
BFGS:   55 18:12:22 -2107602.614533        0.0059
BFGS:   56 18:12:55 -2107602.614550        0.0051
BFGS:   57 18:13:26 -2107602.614565        0.0031
BFGS:   58 18:13:58 -2107602.614578        0.0027
BFGS:   59 18:14:28 -2107602.614590        0.0046
BFGS:   60 18:15:00 -2107602.614604        0.0051
BFGS:   61 18:15:31 -2107602.614618        0.0042
BFGS:   62 18:16:03 -2107602.614630        0.0019
BFGS:   63 18:16:37 -2107602.614638        0.0027
BFGS:   64 18:17:11 -2107602.614648        0.0039
BFGS:   65 18:17:44 -2107602.614659        0.0044
BFGS:   66 18:18:18 -2107602.614669        0.0030
BFGS:   67 18:18:51 -2107602.614677        0.0019
BFGS:   68 18:19:25 -2107602.614684        0.0025
BFGS:   69 18:19:58 -2107602.614691        0.0040
BFGS:   70 18:20:29 -2107602.614699        0.0038
BFGS:   71 18:21:04 -2107602.614706        0.0019
BFGS:   72 18:21:36 -2107602.614711        0.0019
BFGS:   73 18:22:07 -2107602.614716        0.0027
BFGS:   74 18:22:38 -2107602.614722        0.0037
BFGS:   75 18:23:11 -2107602.614727        0.0029
BFGS:   76 18:23:45 -2107602.614732        0.0015
BFGS:   77 18:24:17 -2107602.614735        0.0015
BFGS:   78 18:24:50 -2107602.614739        0.0025
BFGS:   79 18:25:24 -2107602.614743        0.0028
BFGS:   80 18:25:56 -2107602.614747        0.0017
BFGS:   81 18:26:29 -2107602.614749        0.0011
BFGS:   82 18:27:00 -2107602.614752        0.0013
BFGS:   83 18:27:34 -2107602.614754        0.0020
BFGS:   84 18:28:06 -2107602.614757        0.0020
BFGS:   85 18:28:39 -2107602.614759        0.0012
BFGS:   86 18:29:11 -2107602.614761        0.0009
36 36 186 74 112
Combined bilayer energy = -2107602.614760956
Energy cost per unit length : 0.08599239772374294
Prev_energy - Current_energy = 0.0006383818037117156
      Step     Time          Energy         fmax
BFGS:    0 18:29:11 -2107602.614761        0.1437
BFGS:    1 18:29:42 -2107602.615753        0.0923
BFGS:    2 18:30:14 -2107602.616757        0.0371
BFGS:    3 18:30:46 -2107602.617086        0.0382
BFGS:    4 18:31:18 -2107602.618310        0.0533
BFGS:    5 18:31:52 -2107602.618818        0.0386
BFGS:    6 18:32:25 -2107602.619077        0.0165
BFGS:    7 18:32:55 -2107602.619221        0.0157
BFGS:    8 18:33:27 -2107602.619445        0.0253
BFGS:    9 18:34:00 -2107602.619678        0.0280
BFGS:   10 18:34:32 -2107602.619865        0.0154
BFGS:   11 18:35:05 -2107602.619985        0.0132
BFGS:   12 18:35:39 -2107602.620092        0.0129
BFGS:   13 18:36:12 -2107602.620209        0.0181
BFGS:   14 18:36:45 -2107602.620319        0.0154
BFGS:   15 18:37:16 -2107602.620401        0.0105
BFGS:   16 18:37:49 -2107602.620469        0.0103
BFGS:   17 18:38:23 -2107602.620545        0.0136
BFGS:   18 18:38:55 -2107602.620629        0.0150
BFGS:   19 18:39:27 -2107602.620700        0.0134
BFGS:   20 18:39:59 -2107602.620749        0.0067
BFGS:   21 18:40:32 -2107602.620791        0.0080
BFGS:   22 18:41:04 -2107602.620840        0.0096
BFGS:   23 18:41:36 -2107602.620899        0.0129
BFGS:   24 18:42:10 -2107602.620950        0.0101
BFGS:   25 18:42:43 -2107602.620987        0.0053
BFGS:   26 18:43:16 -2107602.621018        0.0056
BFGS:   27 18:43:48 -2107602.621053        0.0084
BFGS:   28 18:44:20 -2107602.621092        0.0091
BFGS:   29 18:44:53 -2107602.621128        0.0058
BFGS:   30 18:45:24 -2107602.621155        0.0057
BFGS:   31 18:45:56 -2107602.621181        0.0064
BFGS:   32 18:46:29 -2107602.621210        0.0085
BFGS:   33 18:47:02 -2107602.621240        0.0070
BFGS:   34 18:47:34 -2107602.621264        0.0042
BFGS:   35 18:48:05 -2107602.621282        0.0044
BFGS:   36 18:48:38 -2107602.621302        0.0076
BFGS:   37 18:49:12 -2107602.621327        0.0080
BFGS:   38 18:49:44 -2107602.621351        0.0070
BFGS:   39 18:50:16 -2107602.621369        0.0031
BFGS:   40 18:50:49 -2107602.621385        0.0049
BFGS:   41 18:51:21 -2107602.621402        0.0067
BFGS:   42 18:51:55 -2107602.621422        0.0081
BFGS:   43 18:52:27 -2107602.621441        0.0056
BFGS:   44 18:52:59 -2107602.621457        0.0031
BFGS:   45 18:53:31 -2107602.621471        0.0042
BFGS:   46 18:54:02 -2107602.621487        0.0070
BFGS:   47 18:54:35 -2107602.621504        0.0067
BFGS:   48 18:55:07 -2107602.621518        0.0030
BFGS:   49 18:55:41 -2107602.621529        0.0027
BFGS:   50 18:56:13 -2107602.621541        0.0052
BFGS:   51 18:56:47 -2107602.621555        0.0067
BFGS:   52 18:57:20 -2107602.621568        0.0047
BFGS:   53 18:57:52 -2107602.621578        0.0021
BFGS:   54 18:58:24 -2107602.621587        0.0033
BFGS:   55 18:58:57 -2107602.621597        0.0056
BFGS:   56 18:59:30 -2107602.621608        0.0052
BFGS:   57 19:00:02 -2107602.621617        0.0023
BFGS:   58 19:00:35 -2107602.621624        0.0020
BFGS:   59 19:01:08 -2107602.621631        0.0044
BFGS:   60 19:01:40 -2107602.621640        0.0054
BFGS:   61 19:02:13 -2107602.621648        0.0036
BFGS:   62 19:02:45 -2107602.621654        0.0015
BFGS:   63 19:03:18 -2107602.621659        0.0024
BFGS:   64 19:03:50 -2107602.621665        0.0042
BFGS:   65 19:04:24 -2107602.621672        0.0041
BFGS:   66 19:04:55 -2107602.621677        0.0021
BFGS:   67 19:05:27 -2107602.621682        0.0013
BFGS:   68 19:05:59 -2107602.621686        0.0025
BFGS:   69 19:06:31 -2107602.621690        0.0032
BFGS:   70 19:07:05 -2107602.621695        0.0027
BFGS:   71 19:07:37 -2107602.621699        0.0014
BFGS:   72 19:08:09 -2107602.621702        0.0014
BFGS:   73 19:08:41 -2107602.621705        0.0022
BFGS:   74 19:09:12 -2107602.621709        0.0027
BFGS:   75 19:09:45 -2107602.621712        0.0020
BFGS:   76 19:10:19 -2107602.621714        0.0012
BFGS:   77 19:10:51 -2107602.621717        0.0015
BFGS:   78 19:11:24 -2107602.621719        0.0020
BFGS:   79 19:11:57 -2107602.621722        0.0020
BFGS:   80 19:12:29 -2107602.621724        0.0012
BFGS:   81 19:13:02 -2107602.621726        0.0010
BFGS:   82 19:13:35 -2107602.621728        0.0013
BFGS:   83 19:14:09 -2107602.621730        0.0016
BFGS:   84 19:14:43 -2107602.621732        0.0015
BFGS:   85 19:15:16 -2107602.621733        0.0008
36 36 186 74 112
Combined bilayer energy = -2107602.6217330624
Energy cost per unit length : 0.08536164386817213
Prev_energy - Current_energy = 0.0006307538555708064
      Step     Time          Energy         fmax
BFGS:    0 19:15:16 -2107602.621733        0.1393
BFGS:    1 19:15:46 -2107602.622667        0.0896
BFGS:    2 19:16:19 -2107602.623610        0.0367
BFGS:    3 19:16:51 -2107602.623916        0.0378
BFGS:    4 19:17:24 -2107602.625072        0.0521
BFGS:    5 19:17:56 -2107602.625551        0.0379
BFGS:    6 19:18:30 -2107602.625793        0.0158
BFGS:    7 19:19:02 -2107602.625927        0.0147
BFGS:    8 19:19:34 -2107602.626139        0.0250
BFGS:    9 19:20:06 -2107602.626361        0.0278
BFGS:   10 19:20:39 -2107602.626540        0.0150
BFGS:   11 19:21:11 -2107602.626654        0.0124
BFGS:   12 19:21:43 -2107602.626758        0.0132
BFGS:   13 19:22:17 -2107602.626874        0.0182
BFGS:   14 19:22:52 -2107602.626982        0.0143
BFGS:   15 19:23:23 -2107602.627061        0.0090
BFGS:   16 19:23:56 -2107602.627126        0.0089
BFGS:   17 19:24:27 -2107602.627203        0.0150
BFGS:   18 19:25:00 -2107602.627291        0.0145
BFGS:   19 19:25:32 -2107602.627365        0.0136
BFGS:   20 19:26:05 -2107602.627415        0.0073
BFGS:   21 19:26:38 -2107602.627456        0.0090
BFGS:   22 19:27:10 -2107602.627507        0.0109
BFGS:   23 19:27:42 -2107602.627569        0.0137
BFGS:   24 19:28:13 -2107602.627625        0.0115
BFGS:   25 19:28:46 -2107602.627666        0.0065
BFGS:   26 19:29:19 -2107602.627700        0.0066
BFGS:   27 19:29:53 -2107602.627737        0.0096
BFGS:   28 19:30:26 -2107602.627780        0.0112
BFGS:   29 19:30:59 -2107602.627819        0.0067
BFGS:   30 19:31:31 -2107602.627851        0.0064
BFGS:   31 19:32:04 -2107602.627881        0.0076
BFGS:   32 19:32:38 -2107602.627915        0.0113
BFGS:   33 19:33:11 -2107602.627949        0.0093
BFGS:   34 19:33:43 -2107602.627977        0.0051
BFGS:   35 19:34:14 -2107602.628000        0.0048
BFGS:   36 19:34:47 -2107602.628025        0.0101
BFGS:   37 19:35:19 -2107602.628055        0.0116
BFGS:   38 19:35:52 -2107602.628084        0.0076
BFGS:   39 19:36:24 -2107602.628107        0.0038
BFGS:   40 19:36:56 -2107602.628126        0.0060
BFGS:   41 19:37:29 -2107602.628147        0.0097
BFGS:   42 19:38:01 -2107602.628171        0.0094
BFGS:   43 19:38:33 -2107602.628195        0.0047
BFGS:   44 19:39:04 -2107602.628214        0.0040
BFGS:   45 19:39:35 -2107602.628233        0.0067
BFGS:   46 19:40:07 -2107602.628255        0.0089
BFGS:   47 19:40:41 -2107602.628278        0.0069
BFGS:   48 19:41:14 -2107602.628296        0.0031
BFGS:   49 19:41:48 -2107602.628312        0.0032
BFGS:   50 19:42:20 -2107602.628329        0.0066
BFGS:   51 19:42:52 -2107602.628349        0.0070
BFGS:   52 19:43:25 -2107602.628367        0.0043
BFGS:   53 19:43:56 -2107602.628383        0.0027
BFGS:   54 19:44:28 -2107602.628396        0.0042
BFGS:   55 19:45:00 -2107602.628411        0.0058
BFGS:   56 19:45:33 -2107602.628427        0.0048
BFGS:   57 19:46:05 -2107602.628440        0.0026
BFGS:   58 19:46:36 -2107602.628451        0.0027
BFGS:   59 19:47:08 -2107602.628462        0.0046
BFGS:   60 19:47:41 -2107602.628475        0.0049
BFGS:   61 19:48:13 -2107602.628488        0.0038
BFGS:   62 19:48:45 -2107602.628497        0.0021
BFGS:   63 19:49:18 -2107602.628505        0.0026
BFGS:   64 19:49:51 -2107602.628513        0.0038
BFGS:   65 19:50:23 -2107602.628523        0.0041
BFGS:   66 19:50:55 -2107602.628532        0.0026
BFGS:   67 19:51:27 -2107602.628539        0.0018
BFGS:   68 19:51:59 -2107602.628545        0.0025
BFGS:   69 19:52:32 -2107602.628551        0.0039
BFGS:   70 19:53:03 -2107602.628558        0.0036
BFGS:   71 19:53:36 -2107602.628564        0.0018
BFGS:   72 19:54:09 -2107602.628568        0.0018
BFGS:   73 19:54:42 -2107602.628573        0.0027
BFGS:   74 19:55:15 -2107602.628577        0.0035
BFGS:   75 19:55:48 -2107602.628582        0.0026
BFGS:   76 19:56:20 -2107602.628586        0.0014
BFGS:   77 19:56:54 -2107602.628589        0.0014
BFGS:   78 19:57:26 -2107602.628592        0.0024
BFGS:   79 19:57:58 -2107602.628595        0.0025
BFGS:   80 19:58:30 -2107602.628598        0.0015
BFGS:   81 19:59:02 -2107602.628601        0.0009
36 36 186 74 112
Combined bilayer energy = -2107602.628600704
Energy cost per unit length : 0.08474034077696657
Prev_energy - Current_energy = 0.0006213030912055606
      Step     Time          Energy         fmax
BFGS:    0 19:59:02 -2107602.628601        0.1419
BFGS:    1 19:59:34 -2107602.629573        0.0912
BFGS:    2 20:00:08 -2107602.630558        0.0369
BFGS:    3 20:00:40 -2107602.630879        0.0378
BFGS:    4 20:01:12 -2107602.632069        0.0520
BFGS:    5 20:01:45 -2107602.632556        0.0374
BFGS:    6 20:02:18 -2107602.632804        0.0165
BFGS:    7 20:02:50 -2107602.632945        0.0158
BFGS:    8 20:03:22 -2107602.633166        0.0252
BFGS:    9 20:03:55 -2107602.633396        0.0277
BFGS:   10 20:04:28 -2107602.633580        0.0155
BFGS:   11 20:05:00 -2107602.633696        0.0138
BFGS:   12 20:05:32 -2107602.633800        0.0126
BFGS:   13 20:06:04 -2107602.633914        0.0178
BFGS:   14 20:06:36 -2107602.634021        0.0154
BFGS:   15 20:07:09 -2107602.634102        0.0112
BFGS:   16 20:07:42 -2107602.634169        0.0110
BFGS:   17 20:08:14 -2107602.634244        0.0134
BFGS:   18 20:08:45 -2107602.634327        0.0149
BFGS:   19 20:09:17 -2107602.634396        0.0134
BFGS:   20 20:09:51 -2107602.634444        0.0066
BFGS:   21 20:10:23 -2107602.634485        0.0078
BFGS:   22 20:10:55 -2107602.634534        0.0095
BFGS:   23 20:11:30 -2107602.634593        0.0131
BFGS:   24 20:12:01 -2107602.634645        0.0103
BFGS:   25 20:12:33 -2107602.634681        0.0052
BFGS:   26 20:13:07 -2107602.634711        0.0054
BFGS:   27 20:13:40 -2107602.634745        0.0084
BFGS:   28 20:14:12 -2107602.634785        0.0095
BFGS:   29 20:14:45 -2107602.634821        0.0060
BFGS:   30 20:15:18 -2107602.634849        0.0058
BFGS:   31 20:15:50 -2107602.634874        0.0060
BFGS:   32 20:16:22 -2107602.634903        0.0084
BFGS:   33 20:16:53 -2107602.634933        0.0071
BFGS:   34 20:17:26 -2107602.634957        0.0044
BFGS:   35 20:17:59 -2107602.634976        0.0042
BFGS:   36 20:18:32 -2107602.634996        0.0074
BFGS:   37 20:19:05 -2107602.635021        0.0081
BFGS:   38 20:19:37 -2107602.635045        0.0072
BFGS:   39 20:20:08 -2107602.635064        0.0031
BFGS:   40 20:20:40 -2107602.635079        0.0045
BFGS:   41 20:21:12 -2107602.635095        0.0064
BFGS:   42 20:21:44 -2107602.635114        0.0079
BFGS:   43 20:22:17 -2107602.635133        0.0058
BFGS:   44 20:22:50 -2107602.635149        0.0029
BFGS:   45 20:23:22 -2107602.635163        0.0041
BFGS:   46 20:23:55 -2107602.635178        0.0067
BFGS:   47 20:24:28 -2107602.635195        0.0066
BFGS:   48 20:25:00 -2107602.635209        0.0031
BFGS:   49 20:25:31 -2107602.635220        0.0029
BFGS:   50 20:26:04 -2107602.635232        0.0051
BFGS:   51 20:26:36 -2107602.635246        0.0066
BFGS:   52 20:27:09 -2107602.635260        0.0046
BFGS:   53 20:27:41 -2107602.635270        0.0021
BFGS:   54 20:28:15 -2107602.635280        0.0033
BFGS:   55 20:28:47 -2107602.635290        0.0056
BFGS:   56 20:29:19 -2107602.635301        0.0051
BFGS:   57 20:29:51 -2107602.635310        0.0023
BFGS:   58 20:30:23 -2107602.635318        0.0021
BFGS:   59 20:30:56 -2107602.635326        0.0045
BFGS:   60 20:31:28 -2107602.635335        0.0054
BFGS:   61 20:32:01 -2107602.635343        0.0035
BFGS:   62 20:32:33 -2107602.635350        0.0015
BFGS:   63 20:33:07 -2107602.635355        0.0026
BFGS:   64 20:33:39 -2107602.635361        0.0044
BFGS:   65 20:34:12 -2107602.635368        0.0042
BFGS:   66 20:34:42 -2107602.635374        0.0020
BFGS:   67 20:35:16 -2107602.635379        0.0016
BFGS:   68 20:35:47 -2107602.635383        0.0028
BFGS:   69 20:36:19 -2107602.635388        0.0034
BFGS:   70 20:36:53 -2107602.635393        0.0026
BFGS:   71 20:37:23 -2107602.635397        0.0015
BFGS:   72 20:37:55 -2107602.635401        0.0016
BFGS:   73 20:38:27 -2107602.635404        0.0025
BFGS:   74 20:39:00 -2107602.635408        0.0029
BFGS:   75 20:39:32 -2107602.635411        0.0020
BFGS:   76 20:40:05 -2107602.635414        0.0013
BFGS:   77 20:40:36 -2107602.635417        0.0017
BFGS:   78 20:41:09 -2107602.635419        0.0021
BFGS:   79 20:41:42 -2107602.635422        0.0021
BFGS:   80 20:42:15 -2107602.635425        0.0012
BFGS:   81 20:42:46 -2107602.635427        0.0011
BFGS:   82 20:43:18 -2107602.635429        0.0014
BFGS:   83 20:43:49 -2107602.635431        0.0017
BFGS:   84 20:44:21 -2107602.635433        0.0017
BFGS:   85 20:44:53 -2107602.635435        0.0008
36 35 186 73 113
Combined bilayer energy = -2107602.635434553
Energy cost per unit length : 0.08615511909027711
Prev_energy - Current_energy = 0.0014147783133105357
      Step     Time          Energy         fmax
BFGS:    0 20:44:53 -2107602.635435        0.1377
BFGS:    1 20:45:23 -2107602.636354        0.0886
BFGS:    2 20:45:55 -2107602.637282        0.0363
BFGS:    3 20:46:28 -2107602.637584        0.0374
BFGS:    4 20:46:59 -2107602.638725        0.0517
BFGS:    5 20:47:30 -2107602.639199        0.0377
BFGS:    6 20:48:02 -2107602.639439        0.0157
BFGS:    7 20:48:35 -2107602.639573        0.0146
BFGS:    8 20:49:07 -2107602.639783        0.0248
BFGS:    9 20:49:38 -2107602.640003        0.0275
BFGS:   10 20:50:09 -2107602.640180        0.0149
BFGS:   11 20:50:42 -2107602.640294        0.0124
BFGS:   12 20:51:12 -2107602.640398        0.0131
BFGS:   13 20:51:44 -2107602.640513        0.0181
BFGS:   14 20:52:16 -2107602.640619        0.0142
BFGS:   15 20:52:48 -2107602.640697        0.0089
BFGS:   16 20:53:20 -2107602.640762        0.0089
BFGS:   17 20:53:51 -2107602.640839        0.0150
BFGS:   18 20:54:23 -2107602.640926        0.0144
BFGS:   19 20:54:55 -2107602.640999        0.0135
BFGS:   20 20:55:28 -2107602.641049        0.0072
BFGS:   21 20:55:59 -2107602.641089        0.0089
BFGS:   22 20:56:31 -2107602.641140        0.0108
BFGS:   23 20:57:04 -2107602.641201        0.0136
BFGS:   24 20:57:37 -2107602.641256        0.0114
BFGS:   25 20:58:09 -2107602.641296        0.0065
BFGS:   26 20:58:43 -2107602.641329        0.0066
BFGS:   27 20:59:16 -2107602.641366        0.0095
BFGS:   28 20:59:49 -2107602.641408        0.0111
BFGS:   29 21:00:23 -2107602.641446        0.0066
BFGS:   30 21:00:57 -2107602.641477        0.0063
BFGS:   31 21:01:29 -2107602.641506        0.0075
BFGS:   32 21:02:02 -2107602.641539        0.0112
BFGS:   33 21:02:33 -2107602.641573        0.0093
BFGS:   34 21:03:05 -2107602.641601        0.0052
BFGS:   35 21:03:37 -2107602.641622        0.0046
BFGS:   36 21:04:10 -2107602.641646        0.0098
BFGS:   37 21:04:43 -2107602.641674        0.0114
BFGS:   38 21:05:15 -2107602.641703        0.0076
BFGS:   39 21:05:47 -2107602.641725        0.0040
BFGS:   40 21:06:19 -2107602.641745        0.0059
BFGS:   41 21:06:52 -2107602.641766        0.0098
BFGS:   42 21:07:25 -2107602.641791        0.0097
BFGS:   43 21:07:57 -2107602.641815        0.0051
BFGS:   44 21:08:30 -2107602.641835        0.0039
BFGS:   45 21:09:02 -2107602.641853        0.0064
BFGS:   46 21:09:35 -2107602.641875        0.0088
BFGS:   47 21:10:07 -2107602.641897        0.0070
BFGS:   48 21:10:41 -2107602.641915        0.0033
BFGS:   49 21:11:13 -2107602.641931        0.0033
BFGS:   50 21:11:45 -2107602.641947        0.0062
BFGS:   51 21:12:17 -2107602.641966        0.0069
BFGS:   52 21:12:49 -2107602.641984        0.0044
BFGS:   53 21:13:22 -2107602.641998        0.0027
BFGS:   54 21:13:54 -2107602.642010        0.0039
BFGS:   55 21:14:26 -2107602.642024        0.0055
BFGS:   56 21:14:58 -2107602.642039        0.0047
BFGS:   57 21:15:31 -2107602.642052        0.0027
BFGS:   58 21:16:03 -2107602.642062        0.0027
BFGS:   59 21:16:35 -2107602.642072        0.0042
BFGS:   60 21:17:07 -2107602.642084        0.0047
BFGS:   61 21:17:40 -2107602.642095        0.0038
BFGS:   62 21:18:12 -2107602.642104        0.0021
BFGS:   63 21:18:44 -2107602.642111        0.0024
BFGS:   64 21:19:16 -2107602.642118        0.0035
BFGS:   65 21:19:48 -2107602.642127        0.0040
BFGS:   66 21:20:19 -2107602.642135        0.0027
BFGS:   67 21:20:52 -2107602.642141        0.0017
BFGS:   68 21:21:25 -2107602.642147        0.0023
BFGS:   69 21:21:56 -2107602.642152        0.0036
BFGS:   70 21:22:29 -2107602.642158        0.0035
BFGS:   71 21:23:01 -2107602.642163        0.0018
BFGS:   72 21:23:33 -2107602.642167        0.0018
BFGS:   73 21:24:06 -2107602.642171        0.0023
BFGS:   74 21:24:39 -2107602.642175        0.0032
BFGS:   75 21:25:11 -2107602.642179        0.0026
BFGS:   76 21:25:45 -2107602.642183        0.0015
BFGS:   77 21:26:18 -2107602.642185        0.0015
BFGS:   78 21:26:50 -2107602.642188        0.0021
BFGS:   79 21:27:23 -2107602.642191        0.0023
BFGS:   80 21:27:56 -2107602.642193        0.0015
BFGS:   81 21:28:29 -2107602.642195        0.0010
36 35 186 73 113
Combined bilayer energy = -2107602.642195447
Energy cost per unit length : 0.08554347327260343
Prev_energy - Current_energy = 0.0006116458176736728
      Step     Time          Energy         fmax
BFGS:    0 21:28:29 -2107602.642195        0.1400
BFGS:    1 21:29:00 -2107602.643147        0.0899
BFGS:    2 21:29:33 -2107602.644109        0.0364
BFGS:    3 21:30:06 -2107602.644424        0.0373
BFGS:    4 21:30:39 -2107602.645588        0.0514
BFGS:    5 21:31:10 -2107602.646066        0.0370
BFGS:    6 21:31:42 -2107602.646310        0.0163
BFGS:    7 21:32:15 -2107602.646448        0.0156
BFGS:    8 21:32:48 -2107602.646664        0.0249
BFGS:    9 21:33:20 -2107602.646890        0.0275
BFGS:   10 21:33:53 -2107602.647072        0.0153
BFGS:   11 21:34:25 -2107602.647187        0.0137
BFGS:   12 21:34:57 -2107602.647288        0.0125
BFGS:   13 21:35:28 -2107602.647400        0.0177
BFGS:   14 21:36:00 -2107602.647506        0.0153
BFGS:   15 21:36:33 -2107602.647587        0.0111
BFGS:   16 21:37:03 -2107602.647653        0.0110
BFGS:   17 21:37:35 -2107602.647728        0.0132
BFGS:   18 21:38:06 -2107602.647810        0.0148
BFGS:   19 21:38:39 -2107602.647879        0.0133
BFGS:   20 21:39:11 -2107602.647927        0.0066
BFGS:   21 21:39:42 -2107602.647967        0.0078
BFGS:   22 21:40:16 -2107602.648017        0.0095
BFGS:   23 21:40:48 -2107602.648075        0.0131
BFGS:   24 21:41:20 -2107602.648127        0.0103
BFGS:   25 21:41:53 -2107602.648164        0.0053
BFGS:   26 21:42:25 -2107602.648194        0.0054
BFGS:   27 21:42:57 -2107602.648228        0.0084
BFGS:   28 21:43:29 -2107602.648268        0.0094
BFGS:   29 21:44:01 -2107602.648304        0.0061
BFGS:   30 21:44:33 -2107602.648333        0.0058
BFGS:   31 21:45:07 -2107602.648358        0.0060
BFGS:   32 21:45:39 -2107602.648387        0.0084
BFGS:   33 21:46:11 -2107602.648418        0.0072
BFGS:   34 21:46:45 -2107602.648443        0.0045
BFGS:   35 21:47:16 -2107602.648463        0.0043
BFGS:   36 21:47:48 -2107602.648483        0.0075
BFGS:   37 21:48:20 -2107602.648509        0.0081
BFGS:   38 21:48:53 -2107602.648534        0.0073
BFGS:   39 21:49:25 -2107602.648553        0.0033
BFGS:   40 21:49:57 -2107602.648569        0.0046
BFGS:   41 21:50:29 -2107602.648585        0.0065
BFGS:   42 21:51:01 -2107602.648606        0.0081
BFGS:   43 21:51:33 -2107602.648625        0.0059
BFGS:   44 21:52:05 -2107602.648642        0.0030
BFGS:   45 21:52:37 -2107602.648657        0.0043
BFGS:   46 21:53:08 -2107602.648673        0.0069
BFGS:   47 21:53:40 -2107602.648691        0.0068
BFGS:   48 21:54:11 -2107602.648706        0.0032
BFGS:   49 21:54:45 -2107602.648718        0.0030
BFGS:   50 21:55:17 -2107602.648731        0.0053
BFGS:   51 21:55:51 -2107602.648746        0.0069
BFGS:   52 21:56:22 -2107602.648761        0.0048
BFGS:   53 21:56:55 -2107602.648772        0.0022
BFGS:   54 21:57:27 -2107602.648782        0.0035
BFGS:   55 21:57:59 -2107602.648794        0.0059
BFGS:   56 21:58:31 -2107602.648806        0.0054
BFGS:   57 21:59:05 -2107602.648816        0.0024
BFGS:   58 21:59:38 -2107602.648824        0.0022
BFGS:   59 22:00:10 -2107602.648833        0.0047
BFGS:   60 22:00:42 -2107602.648843        0.0057
BFGS:   61 22:01:15 -2107602.648852        0.0038
BFGS:   62 22:01:48 -2107602.648859        0.0016
BFGS:   63 22:02:20 -2107602.648865        0.0027
BFGS:   64 22:02:50 -2107602.648872        0.0046
BFGS:   65 22:03:22 -2107602.648880        0.0044
BFGS:   66 22:03:54 -2107602.648887        0.0022
BFGS:   67 22:04:25 -2107602.648892        0.0017
BFGS:   68 22:04:59 -2107602.648897        0.0029
BFGS:   69 22:05:31 -2107602.648902        0.0036
BFGS:   70 22:06:03 -2107602.648908        0.0028
BFGS:   71 22:06:35 -2107602.648912        0.0015
BFGS:   72 22:07:07 -2107602.648916        0.0016
BFGS:   73 22:07:38 -2107602.648920        0.0026
BFGS:   74 22:08:09 -2107602.648924        0.0031
BFGS:   75 22:08:43 -2107602.648928        0.0022
BFGS:   76 22:09:14 -2107602.648931        0.0013
BFGS:   77 22:09:46 -2107602.648934        0.0018
BFGS:   78 22:10:18 -2107602.648937        0.0022
BFGS:   79 22:10:49 -2107602.648940        0.0023
BFGS:   80 22:11:21 -2107602.648943        0.0013
BFGS:   81 22:11:52 -2107602.648945        0.0011
BFGS:   82 22:12:24 -2107602.648947        0.0015
BFGS:   83 22:12:56 -2107602.648950        0.0018
BFGS:   84 22:13:27 -2107602.648952        0.0018
BFGS:   85 22:13:58 -2107602.648954        0.0009
35 35 186 72 114
Combined bilayer energy = -2107602.6489539146
Energy cost per unit length : 0.08696507121201591
Prev_energy - Current_energy = 0.001421597939412475
      Step     Time          Energy         fmax
BFGS:    0 22:13:58 -2107602.648954        0.1373
BFGS:    1 22:14:28 -2107602.649872        0.0884
BFGS:    2 22:14:59 -2107602.650799        0.0362
BFGS:    3 22:15:29 -2107602.651101        0.0373
BFGS:    4 22:15:59 -2107602.652240        0.0515
BFGS:    5 22:16:32 -2107602.652713        0.0375
BFGS:    6 22:17:04 -2107602.652953        0.0157
BFGS:    7 22:17:38 -2107602.653087        0.0146
BFGS:    8 22:18:12 -2107602.653296        0.0247
BFGS:    9 22:18:46 -2107602.653515        0.0273
BFGS:   10 22:19:21 -2107602.653692        0.0148
BFGS:   11 22:19:51 -2107602.653806        0.0124
BFGS:   12 22:20:23 -2107602.653909        0.0131
BFGS:   13 22:20:58 -2107602.654024        0.0180
BFGS:   14 22:21:32 -2107602.654130        0.0141
BFGS:   15 22:22:05 -2107602.654208        0.0089
BFGS:   16 22:22:40 -2107602.654272        0.0089
BFGS:   17 22:23:15 -2107602.654348        0.0149
BFGS:   18 22:23:49 -2107602.654435        0.0144
BFGS:   19 22:24:22 -2107602.654507        0.0134
BFGS:   20 22:24:58 -2107602.654556        0.0071
BFGS:   21 22:25:32 -2107602.654597        0.0088
BFGS:   22 22:26:07 -2107602.654647        0.0107
BFGS:   23 22:26:40 -2107602.654707        0.0134
BFGS:   24 22:27:15 -2107602.654761        0.0112
BFGS:   25 22:27:50 -2107602.654800        0.0064
BFGS:   26 22:28:24 -2107602.654833        0.0065
BFGS:   27 22:28:57 -2107602.654870        0.0094
BFGS:   28 22:29:33 -2107602.654911        0.0109
BFGS:   29 22:30:07 -2107602.654948        0.0064
BFGS:   30 22:30:42 -2107602.654978        0.0061
BFGS:   31 22:31:16 -2107602.655006        0.0075
BFGS:   32 22:31:48 -2107602.655039        0.0110
BFGS:   33 22:32:21 -2107602.655071        0.0090
BFGS:   34 22:32:54 -2107602.655098        0.0050
BFGS:   35 22:33:31 -2107602.655119        0.0047
BFGS:   36 22:34:04 -2107602.655142        0.0097
BFGS:   37 22:34:38 -2107602.655169        0.0111
BFGS:   38 22:35:12 -2107602.655196        0.0072
BFGS:   39 22:35:47 -2107602.655218        0.0038
BFGS:   40 22:36:22 -2107602.655237        0.0060
BFGS:   41 22:36:55 -2107602.655257        0.0095
BFGS:   42 22:37:31 -2107602.655281        0.0092
BFGS:   43 22:38:05 -2107602.655303        0.0046
BFGS:   44 22:38:39 -2107602.655321        0.0037
BFGS:   45 22:39:14 -2107602.655339        0.0064
BFGS:   46 22:39:47 -2107602.655359        0.0084
BFGS:   47 22:40:19 -2107602.655380        0.0065
BFGS:   48 22:40:53 -2107602.655397        0.0030
BFGS:   49 22:41:28 -2107602.655411        0.0031
BFGS:   50 22:42:03 -2107602.655426        0.0061
BFGS:   51 22:42:36 -2107602.655444        0.0065
BFGS:   52 22:43:11 -2107602.655460        0.0040
BFGS:   53 22:43:44 -2107602.655473        0.0025
BFGS:   54 22:44:15 -2107602.655484        0.0039
BFGS:   55 22:44:51 -2107602.655497        0.0053
BFGS:   56 22:45:26 -2107602.655511        0.0044
BFGS:   57 22:46:01 -2107602.655522        0.0025
BFGS:   58 22:46:34 -2107602.655531        0.0025
BFGS:   59 22:47:07 -2107602.655540        0.0041
BFGS:   60 22:47:39 -2107602.655551        0.0045
BFGS:   61 22:48:13 -2107602.655561        0.0035
BFGS:   62 22:48:47 -2107602.655569        0.0020
BFGS:   63 22:49:21 -2107602.655575        0.0023
BFGS:   64 22:49:56 -2107602.655582        0.0034
BFGS:   65 22:50:31 -2107602.655589        0.0037
BFGS:   66 22:51:06 -2107602.655597        0.0023
BFGS:   67 22:51:38 -2107602.655602        0.0016
BFGS:   68 22:52:11 -2107602.655606        0.0023
BFGS:   69 22:52:45 -2107602.655611        0.0035
BFGS:   70 22:53:19 -2107602.655617        0.0032
BFGS:   71 22:53:51 -2107602.655621        0.0016
BFGS:   72 22:54:24 -2107602.655625        0.0016
BFGS:   73 22:54:58 -2107602.655628        0.0023
BFGS:   74 22:55:33 -2107602.655632        0.0030
BFGS:   75 22:56:08 -2107602.655635        0.0023
BFGS:   76 22:56:42 -2107602.655638        0.0013
BFGS:   77 22:57:16 -2107602.655640        0.0013
BFGS:   78 22:57:48 -2107602.655643        0.0020
BFGS:   79 22:58:24 -2107602.655645        0.0022
BFGS:   80 22:58:58 -2107602.655648        0.0013
BFGS:   81 22:59:30 -2107602.655649        0.0008
35 35 186 72 114
Combined bilayer energy = -2107602.655649326
Energy cost per unit length : 0.08635934949441193
Prev_energy - Current_energy = 0.0006057217176039797
      Step     Time          Energy         fmax
BFGS:    0 22:59:30 -2107602.655649        0.1385
BFGS:    1 23:00:01 -2107602.656586        0.0890
BFGS:    2 23:00:34 -2107602.657532        0.0360
BFGS:    3 23:01:05 -2107602.657841        0.0369
BFGS:    4 23:01:37 -2107602.658987        0.0508
BFGS:    5 23:02:10 -2107602.659457        0.0366
BFGS:    6 23:02:44 -2107602.659698        0.0161
BFGS:    7 23:03:17 -2107602.659834        0.0155
BFGS:    8 23:03:50 -2107602.660048        0.0246
BFGS:    9 23:04:25 -2107602.660270        0.0272
BFGS:   10 23:04:59 -2107602.660449        0.0152
BFGS:   11 23:05:32 -2107602.660563        0.0136
BFGS:   12 23:06:04 -2107602.660664        0.0124
BFGS:   13 23:06:36 -2107602.660775        0.0175
BFGS:   14 23:07:09 -2107602.660880        0.0152
BFGS:   15 23:07:41 -2107602.660959        0.0111
BFGS:   16 23:08:14 -2107602.661026        0.0110
BFGS:   17 23:08:48 -2107602.661100        0.0132
BFGS:   18 23:09:22 -2107602.661181        0.0148
BFGS:   19 23:09:55 -2107602.661250        0.0132
BFGS:   20 23:10:29 -2107602.661298        0.0066
BFGS:   21 23:11:03 -2107602.661339        0.0077
BFGS:   22 23:11:37 -2107602.661388        0.0094
BFGS:   23 23:12:08 -2107602.661446        0.0131
BFGS:   24 23:12:41 -2107602.661499        0.0104
BFGS:   25 23:13:14 -2107602.661536        0.0053
BFGS:   26 23:13:47 -2107602.661566        0.0054
BFGS:   27 23:14:20 -2107602.661601        0.0084
BFGS:   28 23:14:53 -2107602.661641        0.0095
BFGS:   29 23:15:26 -2107602.661678        0.0061
BFGS:   30 23:16:00 -2107602.661706        0.0059
BFGS:   31 23:16:34 -2107602.661732        0.0060
BFGS:   32 23:17:09 -2107602.661762        0.0084
BFGS:   33 23:17:43 -2107602.661793        0.0072
BFGS:   34 23:18:18 -2107602.661819        0.0046
BFGS:   35 23:18:50 -2107602.661839        0.0044
BFGS:   36 23:19:22 -2107602.661860        0.0075
BFGS:   37 23:19:57 -2107602.661886        0.0082
BFGS:   38 23:20:31 -2107602.661912        0.0074
BFGS:   39 23:21:03 -2107602.661933        0.0033
BFGS:   40 23:21:37 -2107602.661948        0.0046
BFGS:   41 23:22:13 -2107602.661966        0.0066
BFGS:   42 23:22:48 -2107602.661987        0.0083
BFGS:   43 23:23:22 -2107602.662008        0.0062
BFGS:   44 23:23:55 -2107602.662025        0.0031
BFGS:   45 23:24:28 -2107602.662041        0.0043
BFGS:   46 23:25:02 -2107602.662058        0.0071
BFGS:   47 23:25:37 -2107602.662077        0.0071
BFGS:   48 23:26:12 -2107602.662093        0.0035
BFGS:   49 23:26:46 -2107602.662107        0.0031
BFGS:   50 23:27:19 -2107602.662121        0.0054
BFGS:   51 23:27:53 -2107602.662137        0.0072
BFGS:   52 23:28:28 -2107602.662153        0.0052
BFGS:   53 23:29:03 -2107602.662165        0.0023
BFGS:   54 23:29:37 -2107602.662176        0.0034
BFGS:   55 23:30:09 -2107602.662189        0.0061
BFGS:   56 23:30:41 -2107602.662202        0.0058
BFGS:   57 23:31:15 -2107602.662213        0.0026
BFGS:   58 23:31:51 -2107602.662222        0.0023
BFGS:   59 23:32:26 -2107602.662232        0.0048
BFGS:   60 23:33:02 -2107602.662243        0.0060
BFGS:   61 23:33:37 -2107602.662253        0.0042
BFGS:   62 23:34:14 -2107602.662261        0.0017
BFGS:   63 23:34:50 -2107602.662268        0.0027
BFGS:   64 23:35:28 -2107602.662275        0.0048
BFGS:   65 23:36:02 -2107602.662284        0.0048
BFGS:   66 23:36:38 -2107602.662292        0.0025
BFGS:   67 23:37:13 -2107602.662298        0.0018
BFGS:   68 23:37:49 -2107602.662303        0.0029
BFGS:   69 23:38:24 -2107602.662309        0.0038
BFGS:   70 23:39:01 -2107602.662315        0.0030
BFGS:   71 23:39:36 -2107602.662321        0.0016
BFGS:   72 23:40:12 -2107602.662325        0.0016
BFGS:   73 23:40:49 -2107602.662329        0.0027
BFGS:   74 23:41:25 -2107602.662334        0.0033
BFGS:   75 23:42:03 -2107602.662339        0.0024
BFGS:   76 23:42:40 -2107602.662342        0.0014
BFGS:   77 23:43:16 -2107602.662345        0.0018
BFGS:   78 23:43:53 -2107602.662349        0.0023
BFGS:   79 23:44:30 -2107602.662352        0.0024
BFGS:   80 23:45:09 -2107602.662356        0.0014
BFGS:   81 23:45:47 -2107602.662358        0.0012
BFGS:   82 23:46:25 -2107602.662360        0.0016
BFGS:   83 23:47:03 -2107602.662363        0.0019
BFGS:   84 23:47:41 -2107602.662366        0.0019
BFGS:   85 23:48:19 -2107602.662368        0.0010
BFGS:   86 23:48:57 -2107602.662370        0.0009
35 35 186 72 114
Combined bilayer energy = -2107602.6623696615
Energy cost per unit length : 0.08575137290060542
Prev_energy - Current_energy = 0.000607976593806514
      Step     Time          Energy         fmax
BFGS:    0 23:48:57 -2107602.662370        0.1375
BFGS:    1 23:49:30 -2107602.663294        0.0885
BFGS:    2 23:50:06 -2107602.664227        0.0362
BFGS:    3 23:50:41 -2107602.664530        0.0373
BFGS:    4 23:51:17 -2107602.665675        0.0515
BFGS:    5 23:51:53 -2107602.666152        0.0375
BFGS:    6 23:52:29 -2107602.666393        0.0157
BFGS:    7 23:53:06 -2107602.666527        0.0146
BFGS:    8 23:53:44 -2107602.666738        0.0247
BFGS:    9 23:54:20 -2107602.666958        0.0274
BFGS:   10 23:54:56 -2107602.667136        0.0149
BFGS:   11 23:55:31 -2107602.667251        0.0123
BFGS:   12 23:56:07 -2107602.667354        0.0130
BFGS:   13 23:56:44 -2107602.667469        0.0179
BFGS:   14 23:57:19 -2107602.667575        0.0141
BFGS:   15 23:57:54 -2107602.667653        0.0089
BFGS:   16 23:58:29 -2107602.667718        0.0090
BFGS:   17 23:59:04 -2107602.667794        0.0148
BFGS:   18 23:59:40 -2107602.667880        0.0143
BFGS:   19 00:00:16 -2107602.667953        0.0134
BFGS:   20 00:00:51 -2107602.668002        0.0071
BFGS:   21 00:01:27 -2107602.668042        0.0088
BFGS:   22 00:02:02 -2107602.668092        0.0106
BFGS:   23 00:02:36 -2107602.668152        0.0134
BFGS:   24 00:03:12 -2107602.668206        0.0112
BFGS:   25 00:03:48 -2107602.668245        0.0063
BFGS:   26 00:04:24 -2107602.668277        0.0064
BFGS:   27 00:05:01 -2107602.668314        0.0094
BFGS:   28 00:05:37 -2107602.668354        0.0108
BFGS:   29 00:06:13 -2107602.668391        0.0064
BFGS:   30 00:06:49 -2107602.668420        0.0060
BFGS:   31 00:07:24 -2107602.668448        0.0075
BFGS:   32 00:08:00 -2107602.668480        0.0109
BFGS:   33 00:08:37 -2107602.668512        0.0088
BFGS:   34 00:09:13 -2107602.668538        0.0050
BFGS:   35 00:09:49 -2107602.668559        0.0046
BFGS:   36 00:10:23 -2107602.668581        0.0095
BFGS:   37 00:10:59 -2107602.668608        0.0109
BFGS:   38 00:11:34 -2107602.668634        0.0070
BFGS:   39 00:12:09 -2107602.668655        0.0038
BFGS:   40 00:12:45 -2107602.668673        0.0059
BFGS:   41 00:13:21 -2107602.668693        0.0094
BFGS:   42 00:13:56 -2107602.668716        0.0091
BFGS:   43 00:14:34 -2107602.668737        0.0045
BFGS:   44 00:15:09 -2107602.668754        0.0036
BFGS:   45 00:15:45 -2107602.668771        0.0062
BFGS:   46 00:16:19 -2107602.668790        0.0082
BFGS:   47 00:16:56 -2107602.668809        0.0064
BFGS:   48 00:17:32 -2107602.668826        0.0030
BFGS:   49 00:18:08 -2107602.668839        0.0029
BFGS:   50 00:18:43 -2107602.668853        0.0058
BFGS:   51 00:19:19 -2107602.668869        0.0061
BFGS:   52 00:19:54 -2107602.668884        0.0039
BFGS:   53 00:20:30 -2107602.668896        0.0024
BFGS:   54 00:21:06 -2107602.668907        0.0036
BFGS:   55 00:21:41 -2107602.668918        0.0050
BFGS:   56 00:22:16 -2107602.668931        0.0043
BFGS:   57 00:22:52 -2107602.668941        0.0024
BFGS:   58 00:23:27 -2107602.668949        0.0023
BFGS:   59 00:24:03 -2107602.668958        0.0038
BFGS:   60 00:24:38 -2107602.668967        0.0043
BFGS:   61 00:25:16 -2107602.668977        0.0033
BFGS:   62 00:25:51 -2107602.668984        0.0019
BFGS:   63 00:26:27 -2107602.668989        0.0022
BFGS:   64 00:27:03 -2107602.668995        0.0032
BFGS:   65 00:27:38 -2107602.669002        0.0035
BFGS:   66 00:28:13 -2107602.669009        0.0022
BFGS:   67 00:28:48 -2107602.669013        0.0015
BFGS:   68 00:29:24 -2107602.669017        0.0022
BFGS:   69 00:30:00 -2107602.669022        0.0033
BFGS:   70 00:30:36 -2107602.669027        0.0030
BFGS:   71 00:31:12 -2107602.669031        0.0016
BFGS:   72 00:31:47 -2107602.669034        0.0015
BFGS:   73 00:32:23 -2107602.669037        0.0022
BFGS:   74 00:32:58 -2107602.669040        0.0028
BFGS:   75 00:33:33 -2107602.669043        0.0021
BFGS:   76 00:34:09 -2107602.669045        0.0012
BFGS:   77 00:34:43 -2107602.669047        0.0012
BFGS:   78 00:35:21 -2107602.669050        0.0019
BFGS:   79 00:35:56 -2107602.669052        0.0020
BFGS:   80 00:36:30 -2107602.669054        0.0012
BFGS:   81 00:37:06 -2107602.669055        0.0007
35 35 186 72 114
Combined bilayer energy = -2107602.669055406
Energy cost per unit length : 0.08514652570845849
Prev_energy - Current_energy = 0.000604847192146929
      Step     Time          Energy         fmax
BFGS:    0 00:37:06 -2107602.669055        0.1371
BFGS:    1 00:37:40 -2107602.669981        0.0881
BFGS:    2 00:38:17 -2107602.670918        0.0357
BFGS:    3 00:38:52 -2107602.671224        0.0366
BFGS:    4 00:39:29 -2107602.672362        0.0505
BFGS:    5 00:40:06 -2107602.672831        0.0365
BFGS:    6 00:40:43 -2107602.673071        0.0160
BFGS:    7 00:41:21 -2107602.673206        0.0153
BFGS:    8 00:41:58 -2107602.673417        0.0243
BFGS:    9 00:42:35 -2107602.673638        0.0269
BFGS:   10 00:43:12 -2107602.673816        0.0151
BFGS:   11 00:43:49 -2107602.673929        0.0136
BFGS:   12 00:44:27 -2107602.674029        0.0123
BFGS:   13 00:45:04 -2107602.674140        0.0174
BFGS:   14 00:45:42 -2107602.674245        0.0151
BFGS:   15 00:46:20 -2107602.674325        0.0110
BFGS:   16 00:46:56 -2107602.674391        0.0110
BFGS:   17 00:47:35 -2107602.674465        0.0131
BFGS:   18 00:48:11 -2107602.674546        0.0148
BFGS:   19 00:48:49 -2107602.674616        0.0132
BFGS:   20 00:49:26 -2107602.674663        0.0066
BFGS:   21 00:50:02 -2107602.674704        0.0077
BFGS:   22 00:50:36 -2107602.674754        0.0094
BFGS:   23 00:51:11 -2107602.674813        0.0131
BFGS:   24 00:51:45 -2107602.674866        0.0104
BFGS:   25 00:52:19 -2107602.674903        0.0053
BFGS:   26 00:52:56 -2107602.674933        0.0055
BFGS:   27 00:53:31 -2107602.674969        0.0084
BFGS:   28 00:54:04 -2107602.675010        0.0096
BFGS:   29 00:54:38 -2107602.675047        0.0062
BFGS:   30 00:55:12 -2107602.675076        0.0060
BFGS:   31 00:55:45 -2107602.675103        0.0060
BFGS:   32 00:56:18 -2107602.675133        0.0085
BFGS:   33 00:56:52 -2107602.675165        0.0073
BFGS:   34 00:57:25 -2107602.675192        0.0047
BFGS:   35 00:58:01 -2107602.675212        0.0044
BFGS:   36 00:58:34 -2107602.675234        0.0076
BFGS:   37 00:59:08 -2107602.675261        0.0084
BFGS:   38 00:59:44 -2107602.675288        0.0076
BFGS:   39 01:00:18 -2107602.675309        0.0034
BFGS:   40 01:00:51 -2107602.675326        0.0047
BFGS:   41 01:01:25 -2107602.675344        0.0067
BFGS:   42 01:02:00 -2107602.675366        0.0085
BFGS:   43 01:02:34 -2107602.675388        0.0064
BFGS:   44 01:03:08 -2107602.675406        0.0031
BFGS:   45 01:03:42 -2107602.675422        0.0043
BFGS:   46 01:04:16 -2107602.675441        0.0073
BFGS:   47 01:04:50 -2107602.675461        0.0074
BFGS:   48 01:05:23 -2107602.675478        0.0038
BFGS:   49 01:05:57 -2107602.675492        0.0032
BFGS:   50 01:06:31 -2107602.675507        0.0054
BFGS:   51 01:07:06 -2107602.675525        0.0075
BFGS:   52 01:07:40 -2107602.675542        0.0056
BFGS:   53 01:08:15 -2107602.675556        0.0024
BFGS:   54 01:08:50 -2107602.675568        0.0034
BFGS:   55 01:09:25 -2107602.675581        0.0062
BFGS:   56 01:09:59 -2107602.675596        0.0062
BFGS:   57 01:10:34 -2107602.675608        0.0029
BFGS:   58 01:11:07 -2107602.675619        0.0024
BFGS:   59 01:11:43 -2107602.675629        0.0049
BFGS:   60 01:12:18 -2107602.675641        0.0063
BFGS:   61 01:12:53 -2107602.675653        0.0046
BFGS:   62 01:13:27 -2107602.675662        0.0017
BFGS:   63 01:14:02 -2107602.675669        0.0027
BFGS:   64 01:14:37 -2107602.675678        0.0050
BFGS:   65 01:15:11 -2107602.675687        0.0051
BFGS:   66 01:15:45 -2107602.675696        0.0029
BFGS:   67 01:16:21 -2107602.675703        0.0018
BFGS:   68 01:16:56 -2107602.675709        0.0030
BFGS:   69 01:17:30 -2107602.675716        0.0040
BFGS:   70 01:18:04 -2107602.675723        0.0033
BFGS:   71 01:18:38 -2107602.675729        0.0016
BFGS:   72 01:19:12 -2107602.675734        0.0017
BFGS:   73 01:19:46 -2107602.675739        0.0029
BFGS:   74 01:20:20 -2107602.675744        0.0035
BFGS:   75 01:20:55 -2107602.675750        0.0027
BFGS:   76 01:21:30 -2107602.675754        0.0015
BFGS:   77 01:22:04 -2107602.675757        0.0019
BFGS:   78 01:22:39 -2107602.675761        0.0025
BFGS:   79 01:23:14 -2107602.675765        0.0026
BFGS:   80 01:23:48 -2107602.675769        0.0016
BFGS:   81 01:24:22 -2107602.675772        0.0013
BFGS:   82 01:24:57 -2107602.675775        0.0017
BFGS:   83 01:25:33 -2107602.675778        0.0020
BFGS:   84 01:26:08 -2107602.675781        0.0021
BFGS:   85 01:26:42 -2107602.675783        0.0011
BFGS:   86 01:27:16 -2107602.675785        0.0010
BFGS:   87 01:27:53 -2107602.675787        0.0015
BFGS:   88 01:28:29 -2107602.675790        0.0019
BFGS:   89 01:29:03 -2107602.675792        0.0015
BFGS:   90 01:29:37 -2107602.675794        0.0009
35 35 186 72 114
Combined bilayer energy = -2107602.6757936627
Energy cost per unit length : 0.08453692783654539
Prev_energy - Current_energy = 0.0006095978719131007
      Step     Time          Energy         fmax
BFGS:    0 01:29:37 -2107602.675794        0.1388
BFGS:    1 01:30:11 -2107602.676742        0.0893
BFGS:    2 01:30:45 -2107602.677694        0.0365
BFGS:    3 01:31:19 -2107602.678000        0.0374
BFGS:    4 01:31:53 -2107602.679163        0.0513
BFGS:    5 01:32:28 -2107602.679643        0.0373
BFGS:    6 01:33:03 -2107602.679886        0.0160
BFGS:    7 01:33:38 -2107602.680023        0.0149
BFGS:    8 01:34:13 -2107602.680238        0.0247
BFGS:    9 01:34:48 -2107602.680462        0.0274
BFGS:   10 01:35:22 -2107602.680643        0.0148
BFGS:   11 01:35:57 -2107602.680759        0.0134
BFGS:   12 01:36:31 -2107602.680864        0.0130
BFGS:   13 01:37:05 -2107602.680980        0.0179
BFGS:   14 01:37:41 -2107602.681087        0.0144
BFGS:   15 01:38:16 -2107602.681166        0.0096
BFGS:   16 01:38:50 -2107602.681231        0.0098
BFGS:   17 01:39:24 -2107602.681309        0.0147
BFGS:   18 01:39:59 -2107602.681397        0.0146
BFGS:   19 01:40:34 -2107602.681470        0.0136
BFGS:   20 01:41:08 -2107602.681519        0.0072
BFGS:   21 01:41:43 -2107602.681559        0.0086
BFGS:   22 01:42:17 -2107602.681609        0.0104
BFGS:   23 01:42:53 -2107602.681670        0.0139
BFGS:   24 01:43:28 -2107602.681725        0.0117
BFGS:   25 01:44:03 -2107602.681764        0.0056
BFGS:   26 01:44:37 -2107602.681795        0.0061
BFGS:   27 01:45:12 -2107602.681831        0.0093
BFGS:   28 01:45:47 -2107602.681871        0.0112
BFGS:   29 01:46:22 -2107602.681909        0.0070
BFGS:   30 01:46:59 -2107602.681938        0.0056
BFGS:   31 01:47:35 -2107602.681966        0.0069
BFGS:   32 01:48:09 -2107602.681997        0.0106
BFGS:   33 01:48:45 -2107602.682029        0.0090
BFGS:   34 01:49:19 -2107602.682054        0.0051
BFGS:   35 01:49:54 -2107602.682075        0.0042
BFGS:   36 01:50:28 -2107602.682097        0.0091
BFGS:   37 01:51:04 -2107602.682123        0.0107
BFGS:   38 01:51:39 -2107602.682149        0.0072
BFGS:   39 01:52:13 -2107602.682169        0.0040
BFGS:   40 01:52:50 -2107602.682187        0.0054
BFGS:   41 01:53:25 -2107602.682205        0.0089
BFGS:   42 01:53:59 -2107602.682227        0.0089
BFGS:   43 01:54:33 -2107602.682248        0.0046
BFGS:   44 01:55:08 -2107602.682265        0.0036
BFGS:   45 01:55:41 -2107602.682281        0.0058
BFGS:   46 01:56:16 -2107602.682299        0.0078
BFGS:   47 01:56:51 -2107602.682317        0.0061
BFGS:   48 01:57:25 -2107602.682332        0.0029
BFGS:   49 01:57:59 -2107602.682345        0.0029
BFGS:   50 01:58:33 -2107602.682358        0.0054
BFGS:   51 01:59:09 -2107602.682373        0.0058
BFGS:   52 01:59:44 -2107602.682387        0.0039
BFGS:   53 02:00:18 -2107602.682398        0.0022
BFGS:   54 02:00:51 -2107602.682408        0.0034
BFGS:   55 02:01:26 -2107602.682419        0.0046
BFGS:   56 02:01:59 -2107602.682430        0.0041
BFGS:   57 02:02:33 -2107602.682440        0.0024
BFGS:   58 02:03:08 -2107602.682448        0.0021
BFGS:   59 02:03:43 -2107602.682455        0.0035
BFGS:   60 02:04:17 -2107602.682464        0.0040
BFGS:   61 02:04:53 -2107602.682472        0.0031
BFGS:   62 02:05:26 -2107602.682479        0.0017
BFGS:   63 02:06:00 -2107602.682484        0.0022
BFGS:   64 02:06:34 -2107602.682490        0.0031
BFGS:   65 02:07:09 -2107602.682496        0.0032
BFGS:   66 02:07:42 -2107602.682501        0.0019
BFGS:   67 02:08:17 -2107602.682506        0.0016
BFGS:   68 02:08:52 -2107602.682509        0.0021
BFGS:   69 02:09:28 -2107602.682514        0.0031
BFGS:   70 02:10:02 -2107602.682518        0.0027
BFGS:   71 02:10:38 -2107602.682521        0.0016
BFGS:   72 02:11:11 -2107602.682524        0.0015
BFGS:   73 02:11:45 -2107602.682527        0.0022
BFGS:   74 02:12:21 -2107602.682530        0.0027
BFGS:   75 02:12:56 -2107602.682533        0.0019
BFGS:   76 02:13:30 -2107602.682535        0.0012
BFGS:   77 02:14:04 -2107602.682536        0.0011
BFGS:   78 02:14:38 -2107602.682538        0.0019
BFGS:   79 02:15:13 -2107602.682541        0.0019
BFGS:   80 02:15:48 -2107602.682542        0.0011
BFGS:   81 02:16:22 -2107602.682544        0.0007
35 34 186 71 115
Combined bilayer energy = -2107602.6825435157
Energy cost per unit length : 0.0859593051353179
Prev_energy - Current_energy = 0.0014223772987725092
      Step     Time          Energy         fmax
BFGS:    0 02:16:22 -2107602.682544        0.1362
BFGS:    1 02:16:56 -2107602.683465        0.0875
BFGS:    2 02:17:31 -2107602.684398        0.0355
BFGS:    3 02:18:06 -2107602.684703        0.0365
BFGS:    4 02:18:41 -2107602.685840        0.0504
BFGS:    5 02:19:16 -2107602.686311        0.0365
BFGS:    6 02:19:50 -2107602.686551        0.0161
BFGS:    7 02:20:23 -2107602.686686        0.0152
BFGS:    8 02:20:58 -2107602.686898        0.0242
BFGS:    9 02:21:34 -2107602.687119        0.0269
BFGS:   10 02:22:08 -2107602.687299        0.0153
BFGS:   11 02:22:44 -2107602.687413        0.0138
BFGS:   12 02:23:19 -2107602.687514        0.0121
BFGS:   13 02:23:56 -2107602.687625        0.0173
BFGS:   14 02:24:32 -2107602.687730        0.0151
BFGS:   15 02:25:08 -2107602.687810        0.0111
BFGS:   16 02:25:43 -2107602.687877        0.0111
BFGS:   17 02:26:18 -2107602.687952        0.0131
BFGS:   18 02:26:54 -2107602.688035        0.0149
BFGS:   19 02:27:32 -2107602.688105        0.0133
BFGS:   20 02:28:07 -2107602.688154        0.0066
BFGS:   21 02:28:44 -2107602.688194        0.0076
BFGS:   22 02:29:20 -2107602.688244        0.0094
BFGS:   23 02:29:55 -2107602.688304        0.0133
BFGS:   24 02:30:30 -2107602.688359        0.0107
BFGS:   25 02:31:05 -2107602.688397        0.0054
BFGS:   26 02:31:39 -2107602.688428        0.0055
BFGS:   27 02:32:15 -2107602.688464        0.0084
BFGS:   28 02:32:51 -2107602.688505        0.0097
BFGS:   29 02:33:27 -2107602.688544        0.0064
BFGS:   30 02:34:03 -2107602.688574        0.0062
BFGS:   31 02:34:40 -2107602.688601        0.0059
BFGS:   32 02:35:16 -2107602.688633        0.0086
BFGS:   33 02:35:51 -2107602.688666        0.0076
BFGS:   34 02:36:29 -2107602.688694        0.0049
BFGS:   35 02:37:04 -2107602.688715        0.0046
BFGS:   36 02:37:40 -2107602.688737        0.0075
slurmstepd: error: *** JOB 861011 ON gpu030 CANCELLED AT 2024-09-24T02:37:50 DUE TO TIME LIMIT ***
